2026-08-07T15:06:28Z temp_c=68
2026-08-07T15:06:33Z temp_c=68
2026-08-07T15:06:38Z temp_c=68
2026-08-07T15:06:43Z temp_c=67
2026-08-07T15:06:48Z temp_c=67
2026-08-07T15:06:54Z temp_c=66
2026-08-07T15:07:00Z temp_c=66
2026-08-07T15:07:05Z temp_c=65
2026-08-07T15:07:10Z temp_c=65
2026-08-07T15:07:15Z temp_c=65
2026-08-07T15:07:20Z temp_c=65
2026-08-07T15:07:25Z temp_c=64
2026-08-07T15:07:31Z temp_c=64
2026-08-07T15:07:36Z temp_c=64
2026-08-07T15:07:41Z temp_c=64
2026-08-07T15:07:46Z temp_c=63
2026-08-07T15:07:51Z temp_c=63
2026-08-07T15:07:56Z temp_c=63
2026-08-07T15:08:02Z temp_c=63
2026-08-07T15:08:07Z temp_c=62
2026-08-07T15:08:12Z temp_c=62
2026-08-07T15:08:17Z temp_c=62
2026-08-07T15:08:22Z temp_c=62
2026-08-07T15:08:27Z temp_c=62
2026-08-07T15:08:33Z temp_c=61
2026-08-07T15:08:38Z temp_c=61
2026-08-07T15:08:43Z temp_c=60
2026-08-07T15:08:45Z sample=60, 26.31, P0, 1492, 14001, 2775
2026-08-07T15:08:46Z sample=60, 27.58, P0, 1575, 14001, 8703
2026-08-07T15:08:47Z sample=61, 29.96, P0, 1582, 14001, 9221
2026-08-07T15:08:48Z sample=61, 30.64, P0, 1612, 14001, 10245
2026-08-07T15:08:49Z sample=61, 30.51, P0, 1657, 14001, 10757
2026-08-07T15:08:50Z sample=61, 31.25, P0, 1627, 14001, 11781
2026-08-07T15:08:51Z sample=62, 30.73, P0, 1657, 14001, 12805
2026-08-07T15:08:52Z sample=62, 30.70, P0, 1635, 14001, 13317
2026-08-07T15:08:53Z sample=62, 30.66, P0, 1650, 14001, 14341
2026-08-07T15:08:54Z sample=62, 31.27, P0, 1635, 14001, 15365
2026-08-07T15:08:55Z sample=62, 41.94, P0, 1695, 14001, 15879
2026-08-07T15:08:56Z sample=63, 49.73, P0, 1935, 14001, 15879
2026-08-07T15:08:57Z sample=63, 49.99, P0, 1897, 14001, 15879
2026-08-07T15:08:58Z sample=63, 29.48, P0, 1537, 14001, 15879
2026-08-07T15:08:59Z sample=62, 28.84, P0, 1560, 14001, 15879
2026-08-07T15:09:00Z sample=62, 29.36, P0, 1560, 14001, 15879
2026-08-07T15:09:01Z sample=62, 29.44, P0, 1560, 14001, 15879
2026-08-07T15:09:02Z sample=62, 29.89, P0, 1530, 14001, 15879
2026-08-07T15:09:04Z sample=63, 25.69, P0, 1560, 14001, 15879
2026-08-07T15:09:05Z sample=64, 45.65, P0, 1807, 14001, 15879
2026-08-07T15:09:06Z sample=64, 48.99, P0, 1920, 14001, 15879
2026-08-07T15:09:07Z sample=63, 34.40, P0, 1545, 14001, 15919
2026-08-07T15:09:08Z sample=63, 31.60, P0, 1597, 14001, 15919
2026-08-07T15:09:09Z sample=63, 33.54, P0, 1597, 14001, 15919
2026-08-07T15:09:10Z sample=63, 32.44, P0, 1560, 14001, 15919
2026-08-07T15:09:11Z sample=64, 46.59, P0, 1875, 14001, 15919
2026-08-07T15:09:13Z sample=65, 46.90, P0, 1905, 14001, 15919
2026-08-07T15:09:14Z sample=65, 39.01, P0, 1785, 14001, 15937
2026-08-07T15:09:15Z sample=64, 35.94, P0, 1972, 14001, 15915
2026-08-07T15:09:16Z sample=64, 36.19, P0, 1665, 14001, 15915
2026-08-07T15:09:17Z sample=64, 35.18, P0, 1597, 14001, 15915
2026-08-07T15:09:18Z sample=64, 35.50, P0, 1665, 14001, 15915
2026-08-07T15:09:19Z sample=64, 36.65, P0, 1612, 14001, 15915
2026-08-07T15:09:20Z sample=65, 44.98, P0, 1897, 14001, 15915
2026-08-07T15:09:21Z sample=65, 45.17, P0, 1920, 14001, 15915
2026-08-07T15:09:22Z sample=66, 44.97, P0, 1875, 14001, 15915
2026-08-07T15:09:23Z sample=66, 50.26, P0, 1905, 14001, 15915
2026-08-07T15:09:24Z sample=66, 46.70, P0, 1822, 14001, 15915
2026-08-07T15:09:25Z sample=65, 43.54, P0, 1875, 14001, 15915
2026-08-07T15:09:26Z sample=65, 34.62, P0, 1747, 14001, 15915
2026-08-07T15:09:27Z sample=65, 33.88, P0, 1605, 14001, 15915
2026-08-07T15:09:28Z sample=66, 34.21, P0, 1627, 14001, 15915
2026-08-07T15:09:29Z sample=65, 33.60, P0, 1597, 14001, 15915
2026-08-07T15:09:30Z sample=65, 38.85, P0, 1590, 14001, 15915
2026-08-07T15:09:31Z sample=66, 47.40, P0, 1837, 14001, 15915
2026-08-07T15:09:32Z sample=66, 48.75, P0, 1927, 14001, 15915
2026-08-07T15:09:33Z sample=66, 46.74, P0, 1852, 14001, 15915
2026-08-07T15:09:34Z sample=66, 48.65, P0, 1822, 14001, 15915
2026-08-07T15:09:35Z sample=66, 46.38, P0, 1785, 14001, 15915
2026-08-07T15:09:36Z sample=67, 49.03, P0, 1837, 14001, 15915
2026-08-07T15:09:38Z sample=67, 50.16, P0, 1905, 14001, 15915
2026-08-07T15:09:40Z sample=66, 45.31, P0, 1860, 14001, 15915
2026-08-07T15:09:41Z sample=67, 43.14, P0, 1957, 14001, 15915
2026-08-07T15:09:42Z sample=66, 34.60, P0, 1612, 14001, 15915
2026-08-07T15:09:43Z sample=66, 34.77, P0, 1620, 14001, 15915
2026-08-07T15:09:44Z sample=66, 34.49, P0, 1582, 14001, 15915
2026-08-07T15:09:45Z sample=66, 50.91, P0, 1567, 14001, 15915
2026-08-07T15:09:46Z sample=67, 50.17, P0, 1852, 14001, 15915
2026-08-07T15:09:47Z sample=67, 55.38, P0, 2017, 14001, 15915
2026-08-07T15:09:48Z sample=68, 51.69, P0, 1852, 14001, 15915
2026-08-07T15:09:49Z sample=67, 49.08, P0, 1957, 14001, 15915
2026-08-07T15:09:50Z sample=68, 50.83, P0, 1950, 14001, 15915
2026-08-07T15:09:51Z sample=68, 46.91, P0, 1777, 14001, 15915
2026-08-07T15:09:52Z sample=68, 47.88, P0, 1867, 14001, 15915
2026-08-07T15:09:53Z sample=67, 27.93, P0, 1950, 14001, 15915
2026-08-07T15:09:54Z sample=68, 33.29, P0, 1627, 14001, 15915
2026-08-07T15:09:55Z sample=67, 34.94, P0, 1612, 14001, 15915
2026-08-07T15:09:56Z sample=67, 34.09, P0, 1590, 14001, 15915
2026-08-07T15:09:57Z sample=67, 34.52, P0, 1635, 14001, 15915
2026-08-07T15:09:58Z sample=68, 48.26, P0, 1875, 14001, 15915
2026-08-07T15:09:59Z sample=68, 53.20, P0, 1897, 14001, 15915
2026-08-07T15:10:00Z sample=67, 49.05, P0, 1627, 14001, 15915
2026-08-07T15:10:02Z sample=67, 38.25, P0, 1597, 14001, 15915
2026-08-07T15:10:03Z sample=67, 34.97, P0, 1597, 14001, 15915
2026-08-07T15:10:04Z sample=67, 35.27, P0, 1597, 14001, 15915
2026-08-07T15:10:05Z sample=68, 46.43, P0, 1890, 14001, 15915
2026-08-07T15:10:06Z sample=68, 52.03, P0, 1845, 14001, 15915
2026-08-07T15:10:07Z sample=68, 37.70, P0, 1627, 14001, 15915
2026-08-07T15:10:08Z sample=67, 40.32, P0, 1620, 14001, 15915
2026-08-07T15:10:09Z sample=67, 31.92, P0, 1642, 14001, 15915
2026-08-07T15:10:10Z sample=67, 33.80, P0, 1597, 14001, 15915
2026-08-07T15:10:11Z sample=68, 53.40, P0, 1807, 14001, 15915
2026-08-07T15:10:13Z sample=69, 50.84, P0, 1882, 14001, 15915
2026-08-07T15:10:14Z sample=69, 55.62, P0, 1935, 14001, 15915
2026-08-07T15:10:15Z sample=69, 57.60, P0, 1965, 14001, 15915
2026-08-07T15:10:16Z sample=69, 41.99, P0, 1875, 14001, 15915
2026-08-07T15:10:17Z sample=69, 36.02, P0, 1687, 14001, 15915
2026-08-07T15:10:18Z sample=69, 35.72, P0, 1597, 14001, 15915
2026-08-07T15:10:19Z sample=68, 37.25, P0, 1612, 14001, 15915
2026-08-07T15:10:20Z sample=68, 39.40, P0, 1605, 14001, 15915
2026-08-07T15:10:21Z sample=69, 53.21, P0, 1837, 14001, 15915
2026-08-07T15:10:22Z sample=69, 52.17, P0, 2010, 14001, 15915
2026-08-07T15:10:24Z sample=70, 52.80, P0, 1927, 14001, 15915
2026-08-07T15:10:25Z sample=70, 57.99, P0, 1852, 14001, 15915
2026-08-07T15:10:26Z sample=70, 67.87, P0, 1927, 14001, 15915
2026-08-07T15:10:27Z sample=69, 55.00, P0, 1822, 14001, 15915
2026-08-07T15:10:28Z sample=70, 50.19, P0, 1942, 14001, 15915
