ds4: Linux cuda backend set oom_score_adj=1000
ds4: CUDA backend initialized on NVIDIA GeForce RTX 5080 Laptop GPU (sm_120) dev=0
ds4: cuda SSD streaming total expert budget 8.00 GiB = 3.38 GiB prefill headroom + 4.62 GiB dynamic cache (701 experts, 6.75 MiB each)
ds4: SSD streaming initial cuda model map restricted to token embedding (1 spans, 0.99 GiB tensor span)
ds4: CUDA host registration skipped: out of memory
ds4: CUDA preparing model tensor mappings
ds4: CUDA loading model tensors into device cache
ds4: CUDA startup model preparation covered 0.99 GiB of tensor spans in 0.423s
ds4: cuda backend initialized for graph diagnostics
ds4: memory: KV 1.70 GiB (raw 0.02 + compressed 1.68) + buffers 0.03 GiB + resident model 0.99 GiB + expert cache 4.62 GiB + prefill expert reserve 3.38 GiB = 10.71 GiB planned
ds4: memory detail: ctx=131072 prefill_cap=128 raw_kv_rows=256 compressed_kv_rows=32770 backend=cuda
0807 14:57:03 ds4-server: context buffers 1773.75 MiB (ctx=131072, backend=cuda, prefill_chunk=128, raw_kv_rows=256, compressed_kv_rows=32770)
ds4: CUDA lazy compressed KV enabled: initial_tokens=4096 ctx=131072
0807 14:57:04 ds4-server: listening on http://127.0.0.1:18080
0807 14:57:04 ds4-server: chat ctx=0..21:21 prompt start
ds4: DS4_CUDA_MMQ=0 - mmq prefill tier disabled
ds4: CUDA layer expert cache allocated 4.62 GiB (701 experts across 43 layers)
ds4: CUDA loading model tensors 7.66 GiB cached
0807 14:57:13 ds4-server: chat ctx=0..21:21 prompt done 9.418s
0807 14:57:16 ds4-server: chat ctx=21..32:11 gen=11 decoding chunk=3.81 t/s avg=3.81 t/s 2.885s
0807 14:57:16 ds4-server: chat ctx=0..21:21 gen=11 finish=stop 12.305s
0807 14:57:16 ds4-server: live kv cache miss live=32 prompt=20 common=2 reason=token-mismatch
0807 14:57:16 ds4-server: chat ctx=0..20:20 prompt start
0807 14:57:24 ds4-server: chat ctx=0..20:20 prompt done 6.121s
0807 14:57:26 ds4-server: chat ctx=20..27:7 gen=7 decoding chunk=3.55 t/s avg=3.55 t/s 1.973s
0807 14:57:26 ds4-server: chat ctx=0..20:20 gen=7 finish=stop 8.097s
0807 14:57:26 ds4-server: live kv cache miss live=27 prompt=24 common=2 reason=token-mismatch
0807 14:57:26 ds4-server: chat ctx=0..24:24 prompt start
0807 14:57:30 ds4-server: chat ctx=0..24:24 prompt done 4.542s
0807 14:57:33 ds4-server: chat ctx=24..32:8 gen=8 decoding chunk=3.19 t/s avg=3.19 t/s 2.510s
0807 14:57:33 ds4-server: chat ctx=0..24:24 gen=8 finish=stop 7.055s
0807 14:57:33 ds4-server: live kv cache miss live=32 prompt=42 common=2 reason=token-mismatch
0807 14:57:33 ds4-server: chat ctx=0..42:42 prompt start
0807 14:57:39 ds4-server: chat ctx=0..42:42 prompt done 6.172s
0807 14:57:45 ds4-server: chat ctx=42..64:22 gen=22 decoding chunk=3.65 t/s avg=3.65 t/s 6.026s
0807 14:57:45 ds4-server: chat ctx=0..42:42 gen=22 finish=stop 12.202s
0807 14:57:45 ds4-server: live kv cache miss live=64 prompt=29 common=2 reason=token-mismatch
0807 14:57:45 ds4-server: chat ctx=0..29:29 prompt start
0807 14:57:50 ds4-server: chat ctx=0..29:29 prompt done 4.938s
0807 14:58:00 ds4-server: chat ctx=29..61:32 gen=32 decoding chunk=3.59 t/s avg=3.59 t/s 8.906s
0807 14:58:00 ds4-server: chat ctx=0..29:29 gen=32 finish=length 13.847s
0807 14:58:00 ds4-server: live kv cache miss live=61 prompt=29 common=2 reason=token-mismatch
0807 14:58:00 ds4-server: chat ctx=0..29:29 prompt start
0807 14:58:04 ds4-server: chat ctx=0..29:29 prompt done 4.242s
0807 14:58:13 ds4-server: chat ctx=29..61:32 gen=32 decoding chunk=3.72 t/s avg=3.72 t/s 8.612s
0807 14:58:13 ds4-server: chat ctx=0..29:29 gen=32 finish=length 12.857s
0807 14:58:13 ds4-server: live kv cache miss live=61 prompt=32 common=2 reason=token-mismatch
0807 14:58:13 ds4-server: chat ctx=0..32:32 prompt start
0807 14:58:17 ds4-server: chat ctx=0..32:32 prompt done 4.584s
0807 14:58:20 ds4-server: chat ctx=32..40:8 gen=8 decoding chunk=3.51 t/s avg=3.51 t/s 2.282s
0807 14:58:20 ds4-server: chat ctx=0..32:32 gen=8 finish=stop 6.869s
0807 14:58:20 ds4-server: live kv cache miss live=40 prompt=24 common=2 reason=token-mismatch
0807 14:58:20 ds4-server: chat ctx=0..24:24 prompt start
0807 14:58:23 ds4-server: chat ctx=0..24:24 prompt done 3.816s
0807 14:58:27 ds4-server: chat ctx=24..33:9 gen=9 decoding chunk=3.91 t/s avg=3.91 t/s 2.305s
0807 14:58:27 ds4-server: chat ctx=0..24:24 gen=9 finish=stop 6.124s
0807 14:58:27 ds4-server: live kv cache miss live=33 prompt=21 common=2 reason=token-mismatch
0807 14:58:27 ds4-server: chat ctx=0..21:21 prompt start
0807 14:58:31 ds4-server: chat ctx=0..21:21 prompt done 4.130s
0807 14:58:36 ds4-server: chat ctx=21..41:20 gen=20 decoding chunk=4.17 t/s avg=4.17 t/s 4.799s
0807 14:58:36 ds4-server: chat ctx=0..21:21 gen=20 finish=stop 8.933s
0807 14:58:36 ds4-server: live kv cache miss live=41 prompt=26 common=2 reason=token-mismatch
0807 14:58:36 ds4-server: chat ctx=0..26:26 prompt start
0807 14:58:40 ds4-server: chat ctx=0..26:26 prompt done 4.509s
0807 14:58:49 ds4-server: chat ctx=26..58:32 gen=32 decoding chunk=3.86 t/s avg=3.86 t/s 8.289s
0807 14:58:49 ds4-server: chat ctx=0..26:26 gen=32 finish=length 12.801s
0807 14:58:49 ds4-server: shutdown requested, draining requests
