2026-08-07T12:54:42Z temp_c=66
2026-08-07T12:54:47Z temp_c=65
2026-08-07T12:54:52Z temp_c=65
2026-08-07T12:54:57Z temp_c=65
2026-08-07T12:55:02Z temp_c=65
2026-08-07T12:55:08Z temp_c=65
2026-08-07T12:55:13Z temp_c=64
2026-08-07T12:55:18Z temp_c=64
2026-08-07T12:55:23Z temp_c=64
2026-08-07T12:55:28Z temp_c=63
2026-08-07T12:55:33Z temp_c=63
2026-08-07T12:55:39Z temp_c=63
2026-08-07T12:55:44Z temp_c=63
2026-08-07T12:55:50Z temp_c=63
2026-08-07T12:55:55Z temp_c=62
2026-08-07T12:56:00Z temp_c=62
2026-08-07T12:56:05Z temp_c=62
2026-08-07T12:56:10Z temp_c=62
2026-08-07T12:56:16Z temp_c=62
2026-08-07T12:56:21Z temp_c=61
2026-08-07T12:56:26Z temp_c=61
2026-08-07T12:56:31Z temp_c=61
2026-08-07T12:56:36Z temp_c=61
2026-08-07T12:56:41Z temp_c=61
2026-08-07T12:56:47Z temp_c=61
2026-08-07T12:56:52Z temp_c=61
2026-08-07T12:56:57Z temp_c=61
2026-08-07T12:57:03Z temp_c=60
2026-08-07T12:57:04Z sample=60, 25.74, P0, 1590, 14001, 1531
2026-08-07T12:57:05Z sample=61, 27.52, P0, 1492, 14001, 7203
2026-08-07T12:57:06Z sample=61, 30.02, P0, 1627, 14001, 7977
2026-08-07T12:57:07Z sample=61, 30.75, P0, 1687, 14001, 9001
2026-08-07T12:57:08Z sample=61, 31.03, P0, 1665, 14001, 9769
2026-08-07T12:57:09Z sample=61, 31.31, P0, 1665, 14001, 10537
2026-08-07T12:57:10Z sample=62, 33.87, P0, 1620, 14001, 11305
2026-08-07T12:57:11Z sample=62, 35.42, P0, 1695, 14001, 12329
2026-08-07T12:57:12Z sample=62, 29.54, P0, 1605, 14001, 13097
2026-08-07T12:57:13Z sample=62, 27.90, P0, 1642, 14001, 14633
2026-08-07T12:57:14Z sample=63, 43.90, P0, 1912, 14001, 14635
2026-08-07T12:57:15Z sample=64, 49.86, P0, 1942, 14001, 14635
2026-08-07T12:57:16Z sample=63, 38.57, P0, 1830, 14001, 14635
2026-08-07T12:57:17Z sample=63, 28.50, P0, 1575, 14001, 14635
2026-08-07T12:57:19Z sample=63, 31.05, P0, 1567, 14001, 14635
2026-08-07T12:57:21Z sample=63, 25.35, P0, 1567, 14001, 14635
2026-08-07T12:57:22Z sample=63, 31.23, P0, 1560, 14001, 14635
2026-08-07T12:57:23Z sample=63, 29.44, P0, 1545, 14001, 14635
2026-08-07T12:57:24Z sample=63, 41.00, P0, 1635, 14001, 14635
2026-08-07T12:57:25Z sample=64, 53.02, P0, 1762, 14001, 14635
2026-08-07T12:57:26Z sample=64, 29.56, P0, 1882, 14001, 14675
2026-08-07T12:57:27Z sample=63, 32.37, P0, 1575, 14001, 14675
2026-08-07T12:57:28Z sample=64, 33.08, P0, 1567, 14001, 14675
2026-08-07T12:57:29Z sample=64, 32.50, P0, 1605, 14001, 14675
2026-08-07T12:57:30Z sample=64, 32.31, P0, 1582, 14001, 14675
2026-08-07T12:57:31Z sample=65, 45.82, P0, 1845, 14001, 14675
2026-08-07T12:57:32Z sample=65, 39.26, P0, 1837, 14001, 14675
2026-08-07T12:57:33Z sample=64, 26.19, P0, 1575, 14001, 15055
2026-08-07T12:57:34Z sample=64, 35.58, P0, 1552, 14001, 15055
2026-08-07T12:57:35Z sample=64, 32.65, P0, 1590, 14001, 15055
2026-08-07T12:57:36Z sample=64, 32.95, P0, 1590, 14001, 15055
2026-08-07T12:57:37Z sample=64, 27.11, P0, 1582, 14001, 15055
2026-08-07T12:57:39Z sample=66, 35.27, P0, 1537, 14001, 15055
2026-08-07T12:57:40Z sample=65, 47.11, P0, 1875, 14001, 15055
2026-08-07T12:57:41Z sample=66, 44.58, P0, 1942, 14001, 15055
2026-08-07T12:57:42Z sample=66, 54.80, P0, 1950, 14001, 15055
2026-08-07T12:57:43Z sample=66, 50.39, P0, 1890, 14001, 15055
2026-08-07T12:57:44Z sample=66, 56.08, P0, 1935, 14001, 15055
2026-08-07T12:57:45Z sample=67, 49.36, P0, 1905, 14001, 15055
2026-08-07T12:57:46Z sample=65, 34.42, P0, 1552, 14001, 15055
2026-08-07T12:57:47Z sample=65, 33.44, P0, 1575, 14001, 15055
2026-08-07T12:57:48Z sample=65, 33.09, P0, 1575, 14001, 15055
2026-08-07T12:57:49Z sample=66, 33.42, P0, 1612, 14001, 15055
2026-08-07T12:57:50Z sample=66, 54.68, P0, 1605, 14001, 15055
2026-08-07T12:57:51Z sample=67, 49.49, P0, 1867, 14001, 15055
2026-08-07T12:57:52Z sample=66, 52.67, P0, 1822, 14001, 15055
2026-08-07T12:57:54Z sample=67, 46.59, P0, 1837, 14001, 15055
2026-08-07T12:57:55Z sample=67, 47.72, P0, 1852, 14001, 15055
2026-08-07T12:57:56Z sample=67, 46.04, P0, 1860, 14001, 15055
2026-08-07T12:57:57Z sample=68, 56.67, P0, 1897, 14001, 15055
2026-08-07T12:57:59Z sample=67, 49.54, P0, 1875, 14001, 15055
2026-08-07T12:58:00Z sample=67, 46.89, P0, 1867, 14001, 15055
2026-08-07T12:58:01Z sample=67, 32.06, P0, 1695, 14001, 15055
2026-08-07T12:58:02Z sample=67, 36.16, P0, 1612, 14001, 15055
2026-08-07T12:58:03Z sample=66, 27.26, P0, 1612, 14001, 15055
2026-08-07T12:58:04Z sample=67, 33.90, P0, 1605, 14001, 15055
2026-08-07T12:58:05Z sample=67, 48.13, P0, 1897, 14001, 15055
2026-08-07T12:58:06Z sample=68, 50.52, P0, 1882, 14001, 15055
2026-08-07T12:58:07Z sample=68, 38.20, P0, 1867, 14001, 15055
2026-08-07T12:58:08Z sample=68, 58.16, P0, 1980, 14001, 15055
2026-08-07T12:58:09Z sample=68, 53.40, P0, 1905, 14001, 15055
2026-08-07T12:58:10Z sample=68, 50.65, P0, 1830, 14001, 15055
2026-08-07T12:58:11Z sample=68, 56.76, P0, 1890, 14001, 15055
2026-08-07T12:58:12Z sample=68, 53.40, P0, 1867, 14001, 15055
2026-08-07T12:58:13Z sample=69, 37.53, P0, 1912, 14001, 15055
2026-08-07T12:58:14Z sample=67, 34.35, P0, 1612, 14001, 15055
2026-08-07T12:58:15Z sample=68, 27.80, P0, 1612, 14001, 15055
2026-08-07T12:58:16Z sample=68, 44.52, P0, 1612, 14001, 15055
2026-08-07T12:58:17Z sample=68, 28.01, P0, 1612, 14001, 15055
2026-08-07T12:58:18Z sample=69, 47.27, P0, 1845, 14001, 15055
2026-08-07T12:58:19Z sample=69, 57.49, P0, 1897, 14001, 15055
2026-08-07T12:58:20Z sample=68, 27.25, P0, 1575, 14001, 15055
2026-08-07T12:58:22Z sample=68, 35.28, P0, 1620, 14001, 15055
2026-08-07T12:58:23Z sample=68, 34.88, P0, 1605, 14001, 15055
2026-08-07T12:58:24Z sample=68, 53.51, P0, 1612, 14001, 15055
2026-08-07T12:58:25Z sample=69, 50.71, P0, 1822, 14001, 15055
2026-08-07T12:58:27Z sample=69, 58.24, P0, 1822, 14001, 15055
2026-08-07T12:58:28Z sample=68, 34.50, P0, 1575, 14001, 15055
2026-08-07T12:58:29Z sample=69, 35.56, P0, 1627, 14001, 15055
2026-08-07T12:58:30Z sample=69, 35.14, P0, 1612, 14001, 15055
2026-08-07T12:58:31Z sample=69, 35.12, P0, 1567, 14001, 15055
2026-08-07T12:58:32Z sample=70, 47.81, P0, 1815, 14001, 15055
2026-08-07T12:58:33Z sample=70, 56.89, P0, 1905, 14001, 15055
2026-08-07T12:58:34Z sample=70, 64.57, P0, 1965, 14001, 15055
2026-08-07T12:58:35Z sample=70, 45.45, P0, 1882, 14001, 15055
2026-08-07T12:58:36Z sample=69, 28.25, P0, 1710, 14001, 15055
2026-08-07T12:58:37Z sample=69, 34.37, P0, 1575, 14001, 15055
2026-08-07T12:58:38Z sample=69, 34.49, P0, 1612, 14001, 15055
2026-08-07T12:58:39Z sample=70, 29.82, P0, 1567, 14001, 15055
2026-08-07T12:58:40Z sample=69, 34.23, P0, 1567, 14001, 15055
2026-08-07T12:58:42Z sample=70, 45.94, P0, 1882, 14001, 15055
2026-08-07T12:58:43Z sample=71, 54.32, P0, 1980, 14001, 15055
2026-08-07T12:58:44Z sample=71, 48.38, P0, 1920, 14001, 15055
2026-08-07T12:58:45Z sample=70, 56.98, P0, 1785, 14001, 15055
2026-08-07T12:58:46Z sample=71, 53.20, P0, 1890, 14001, 15055
2026-08-07T12:58:47Z sample=71, 50.23, P0, 1837, 14001, 15055
2026-08-07T12:58:48Z sample=71, 54.71, P0, 1942, 14001, 15055
