2026-08-07T11:47:15Z temp_c=74
2026-08-07T11:47:20Z temp_c=74
2026-08-07T11:47:25Z temp_c=74
2026-08-07T11:47:30Z temp_c=74
2026-08-07T11:47:35Z temp_c=73
2026-08-07T11:47:40Z temp_c=73
2026-08-07T11:47:46Z temp_c=73
2026-08-07T11:47:51Z temp_c=73
2026-08-07T11:47:57Z temp_c=73
2026-08-07T11:48:02Z temp_c=73
2026-08-07T11:48:07Z temp_c=72
2026-08-07T11:48:12Z temp_c=72
2026-08-07T11:48:18Z temp_c=72
2026-08-07T11:48:23Z temp_c=72
2026-08-07T11:48:28Z temp_c=72
2026-08-07T11:48:33Z temp_c=71
2026-08-07T11:48:38Z temp_c=71
2026-08-07T11:48:43Z temp_c=70
2026-08-07T11:48:49Z temp_c=70
2026-08-07T11:48:54Z temp_c=70
2026-08-07T11:48:59Z temp_c=70
2026-08-07T11:49:04Z temp_c=70
2026-08-07T11:49:09Z temp_c=69
2026-08-07T11:49:14Z temp_c=69
2026-08-07T11:49:20Z temp_c=69
2026-08-07T11:49:26Z temp_c=68
2026-08-07T11:49:31Z temp_c=68
2026-08-07T11:49:36Z temp_c=68
2026-08-07T11:49:41Z temp_c=68
2026-08-07T11:49:46Z temp_c=68
2026-08-07T11:49:51Z temp_c=68
2026-08-07T11:49:57Z temp_c=68
2026-08-07T11:50:02Z temp_c=68
2026-08-07T11:50:07Z temp_c=68
2026-08-07T11:50:12Z temp_c=67
2026-08-07T11:50:17Z temp_c=67
2026-08-07T11:50:22Z temp_c=67
2026-08-07T11:50:27Z temp_c=67
2026-08-07T11:50:33Z temp_c=67
2026-08-07T11:50:38Z temp_c=67
2026-08-07T11:50:43Z temp_c=66
2026-08-07T11:50:48Z temp_c=66
2026-08-07T11:50:53Z temp_c=66
2026-08-07T11:50:58Z temp_c=66
2026-08-07T11:51:05Z temp_c=66
2026-08-07T11:51:10Z temp_c=66
2026-08-07T11:51:15Z temp_c=66
2026-08-07T11:51:20Z temp_c=65
2026-08-07T11:51:21Z sample=66, 27.48, P0, 1657, 14001, 3391
2026-08-07T11:51:22Z sample=66, 28.37, P0, 1492, 14001, 8037
2026-08-07T11:51:23Z sample=66, 31.16, P0, 1612, 14001, 8811
2026-08-07T11:51:24Z sample=66, 31.49, P0, 1665, 14001, 9579
2026-08-07T11:51:25Z sample=67, 32.28, P0, 1657, 14001, 10603
2026-08-07T11:51:26Z sample=67, 31.89, P0, 1627, 14001, 11371
2026-08-07T11:51:27Z sample=67, 32.07, P0, 1665, 14001, 12139
2026-08-07T11:51:28Z sample=67, 31.89, P0, 1687, 14001, 12907
2026-08-07T11:51:29Z sample=67, 32.11, P0, 1665, 14001, 13931
2026-08-07T11:51:31Z sample=67, 32.60, P0, 1680, 14001, 14699
2026-08-07T11:51:32Z sample=68, 44.38, P0, 1897, 14001, 15469
2026-08-07T11:51:33Z sample=69, 54.12, P0, 1822, 14001, 15469
2026-08-07T11:51:34Z sample=69, 50.02, P0, 1815, 14001, 15469
2026-08-07T11:51:35Z sample=68, 34.44, P0, 1575, 14001, 15469
2026-08-07T11:51:37Z sample=68, 31.00, P0, 1552, 14001, 15469
2026-08-07T11:51:38Z sample=68, 30.73, P0, 1552, 14001, 15469
2026-08-07T11:51:39Z sample=68, 30.28, P0, 1545, 14001, 15469
2026-08-07T11:51:40Z sample=68, 31.31, P0, 1567, 14001, 15469
2026-08-07T11:51:41Z sample=68, 31.31, P0, 1560, 14001, 15469
2026-08-07T11:51:42Z sample=68, 46.67, P0, 1762, 14001, 15469
2026-08-07T11:51:43Z sample=70, 54.44, P0, 1815, 14001, 15469
2026-08-07T11:51:44Z sample=69, 27.41, P0, 1545, 14001, 15509
2026-08-07T11:51:45Z sample=69, 34.32, P0, 1567, 14001, 15509
2026-08-07T11:51:46Z sample=69, 34.46, P0, 1627, 14001, 15509
2026-08-07T11:51:47Z sample=69, 34.76, P0, 1605, 14001, 15509
2026-08-07T11:51:48Z sample=69, 36.42, P0, 1590, 14001, 15509
2026-08-07T11:51:49Z sample=70, 47.89, P0, 1860, 14001, 15509
2026-08-07T11:51:50Z sample=70, 46.27, P0, 1837, 14001, 15509
2026-08-07T11:51:51Z sample=70, 35.49, P0, 1500, 14001, 15825
2026-08-07T11:51:52Z sample=70, 33.20, P0, 1642, 14001, 15825
2026-08-07T11:51:54Z sample=70, 34.76, P0, 1590, 14001, 15825
2026-08-07T11:51:55Z sample=70, 34.30, P0, 1582, 14001, 15825
2026-08-07T11:51:56Z sample=70, 34.99, P0, 1582, 14001, 15825
2026-08-07T11:51:57Z sample=70, 34.44, P0, 1582, 14001, 15825
2026-08-07T11:51:58Z sample=71, 48.00, P0, 1860, 14001, 15825
2026-08-07T11:51:59Z sample=71, 54.80, P0, 1777, 14001, 15825
2026-08-07T11:52:00Z sample=71, 49.25, P0, 1792, 14001, 15825
2026-08-07T11:52:01Z sample=72, 48.33, P0, 1785, 14001, 15825
2026-08-07T11:52:02Z sample=72, 52.35, P0, 1920, 14001, 15825
2026-08-07T11:52:03Z sample=72, 44.03, P0, 1747, 14001, 15825
2026-08-07T11:52:04Z sample=72, 36.24, P0, 1852, 14001, 15825
2026-08-07T11:52:05Z sample=71, 33.73, P0, 1590, 14001, 15825
2026-08-07T11:52:06Z sample=71, 35.44, P0, 1620, 14001, 15825
2026-08-07T11:52:07Z sample=71, 35.12, P0, 1582, 14001, 15825
2026-08-07T11:52:08Z sample=71, 31.84, P0, 1605, 14001, 15825
2026-08-07T11:52:10Z sample=72, 53.37, P0, 1747, 14001, 15825
2026-08-07T11:52:11Z sample=73, 29.61, P0, 1792, 14001, 15825
2026-08-07T11:52:12Z sample=73, 50.29, P0, 1807, 14001, 15825
2026-08-07T11:52:13Z sample=72, 48.69, P0, 1837, 14001, 15825
2026-08-07T11:52:14Z sample=73, 50.31, P0, 1875, 14001, 15825
2026-08-07T11:52:15Z sample=73, 43.99, P0, 1830, 14001, 15825
2026-08-07T11:52:17Z sample=73, 48.08, P0, 1800, 14001, 15825
2026-08-07T11:52:18Z sample=73, 52.76, P0, 1897, 14001, 15825
2026-08-07T11:52:19Z sample=73, 47.35, P0, 1800, 14001, 15825
2026-08-07T11:52:20Z sample=73, 44.01, P0, 1830, 14001, 15825
2026-08-07T11:52:21Z sample=72, 35.64, P0, 1545, 14001, 15825
2026-08-07T11:52:22Z sample=72, 35.01, P0, 1575, 14001, 15825
2026-08-07T11:52:23Z sample=72, 35.51, P0, 1612, 14001, 15825
2026-08-07T11:52:24Z sample=72, 36.33, P0, 1582, 14001, 15825
2026-08-07T11:52:25Z sample=74, 48.82, P0, 1837, 14001, 15825
2026-08-07T11:52:26Z sample=73, 50.14, P0, 1875, 14001, 15825
2026-08-07T11:52:27Z sample=74, 51.76, P0, 1882, 14001, 15825
2026-08-07T11:52:28Z sample=73, 54.08, P0, 1740, 14001, 15825
2026-08-07T11:52:29Z sample=74, 50.02, P0, 1935, 14001, 15825
2026-08-07T11:52:30Z sample=74, 48.02, P0, 1905, 14001, 15825
2026-08-07T11:52:31Z sample=74, 45.28, P0, 1785, 14001, 15825
2026-08-07T11:52:32Z sample=74, 52.41, P0, 1972, 14001, 15825
2026-08-07T11:52:33Z sample=74, 46.59, P0, 1890, 14001, 15825
2026-08-07T11:52:34Z sample=73, 32.88, P0, 1545, 14001, 15825
2026-08-07T11:52:35Z sample=73, 36.29, P0, 1567, 14001, 15825
2026-08-07T11:52:36Z sample=73, 36.11, P0, 1567, 14001, 15825
2026-08-07T11:52:37Z sample=73, 36.63, P0, 1605, 14001, 15825
2026-08-07T11:52:38Z sample=74, 46.39, P0, 1695, 14001, 15825
2026-08-07T11:52:39Z sample=74, 48.20, P0, 1830, 14001, 15825
2026-08-07T11:52:41Z sample=75, 48.25, P0, 1845, 14001, 15825
2026-08-07T11:52:43Z sample=75, 35.74, P0, 1582, 14001, 15825
2026-08-07T11:52:44Z sample=73, 38.99, P0, 1605, 14001, 15825
2026-08-07T11:52:45Z sample=73, 36.30, P0, 1597, 14001, 15825
2026-08-07T11:52:46Z sample=73, 46.88, P0, 1672, 14001, 15825
2026-08-07T11:52:47Z sample=75, 49.89, P0, 1875, 14001, 15825
2026-08-07T11:52:48Z sample=75, 56.52, P0, 1867, 14001, 15825
2026-08-07T11:52:49Z sample=75, 35.92, P0, 1545, 14001, 15825
2026-08-07T11:52:50Z sample=74, 36.27, P0, 1605, 14001, 15825
2026-08-07T11:52:51Z sample=74, 34.81, P0, 1597, 14001, 15825
2026-08-07T11:52:52Z sample=74, 34.46, P0, 1597, 14001, 15825
2026-08-07T11:52:53Z sample=74, 51.06, P0, 1860, 14001, 15825
2026-08-07T11:52:54Z sample=75, 55.10, P0, 1815, 14001, 15825
2026-08-07T11:52:55Z sample=75, 59.76, P0, 1980, 14001, 15825
2026-08-07T11:52:56Z sample=75, 50.04, P0, 1920, 14001, 15825
2026-08-07T11:52:57Z sample=75, 29.26, P0, 1755, 14001, 15825
2026-08-07T11:52:58Z sample=74, 34.94, P0, 1582, 14001, 15825
2026-08-07T11:52:59Z sample=74, 29.49, P0, 1597, 14001, 15825
2026-08-07T11:53:00Z sample=74, 36.00, P0, 1612, 14001, 15825
2026-08-07T11:53:01Z sample=74, 35.93, P0, 1567, 14001, 15825
2026-08-07T11:53:03Z sample=75, 54.10, P0, 1860, 14001, 15825
2026-08-07T11:53:04Z sample=75, 47.80, P0, 1830, 14001, 15825
2026-08-07T11:53:05Z sample=75, 56.79, P0, 1950, 14001, 15825
2026-08-07T11:53:06Z sample=75, 45.08, P0, 1867, 14001, 15825
2026-08-07T11:53:07Z sample=75, 51.41, P0, 1837, 14001, 15825
2026-08-07T11:53:08Z sample=75, 49.63, P0, 1830, 14001, 15825
2026-08-07T11:53:09Z sample=75, 53.99, P0, 1777, 14001, 15825
2026-08-07T11:53:10Z sample=75, 52.38, P0, 1927, 14001, 15825
2026-08-07T11:53:11Z sample=76, 56.30, P0, 1972, 14001, 15825
