ds4: Linux cuda backend set oom_score_adj=1000
ds4: CUDA backend initialized on NVIDIA GeForce RTX 5080 Laptop GPU (sm_120) dev=0
ds4: cuda SSD streaming total expert budget 10.00 GiB = 3.38 GiB prefill headroom + 6.62 GiB dynamic cache (1005 experts, 6.75 MiB each)
ds4: SSD streaming initial cuda model map restricted to token embedding (1 spans, 0.99 GiB tensor span)
ds4: CUDA host registration skipped: out of memory
ds4: CUDA preparing model tensor mappings
ds4: CUDA loading model tensors into device cache
ds4: CUDA startup model preparation covered 0.99 GiB of tensor spans in 0.437s
ds4: cuda backend initialized for graph diagnostics
ds4: memory: KV 0.07 GiB (raw 0.02 + compressed 0.05) + buffers 0.00 GiB + resident model 0.99 GiB + expert cache 6.62 GiB + prefill expert reserve 3.38 GiB = 11.06 GiB planned
ds4: memory detail: ctx=4096 prefill_cap=128 raw_kv_rows=256 compressed_kv_rows=1026 backend=cuda
0806 13:51:08 ds4-server: context buffers 76.50 MiB (ctx=4096, backend=cuda, prefill_chunk=128, raw_kv_rows=256, compressed_kv_rows=1026)
0806 13:51:09 ds4-server: listening on http://127.0.0.1:18080
0806 13:51:09 ds4-server: chat ctx=0..21:21 prompt start
ds4: DS4_CUDA_MMQ=0 - mmq prefill tier disabled
ds4: CUDA layer expert cache allocated 6.62 GiB (1005 prefill experts, 1517 decode experts across 43 layers)
ds4: CUDA loading model tensors 7.99 GiB cached
ds4: CUDA layer expert cache expanded for decode 10.00 GiB (1005 -> 1517 experts)
0806 13:51:19 ds4-server: chat ctx=0..21:21 prompt done 10.407s
0806 13:51:25 ds4-server: chat ctx=21..32:11 gen=11 decoding chunk=1.92 t/s avg=1.92 t/s 5.744s
0806 13:51:25 ds4-server: chat ctx=0..21:21 gen=11 finish=stop 16.155s
0806 13:51:25 ds4-server: live kv cache miss live=32 prompt=20 common=2 reason=token-mismatch
0806 13:51:25 ds4-server: chat ctx=0..20:20 prompt start
ds4: CUDA layer expert cache expanded for decode 10.00 GiB (1005 -> 1517 experts)
0806 13:51:31 ds4-server: chat ctx=0..20:20 prompt done 7.982s
0806 13:51:35 ds4-server: chat ctx=20..27:7 gen=7 decoding chunk=1.49 t/s avg=1.49 t/s 4.708s
0806 13:51:35 ds4-server: chat ctx=0..20:20 gen=7 finish=stop 12.697s
0806 13:51:35 ds4-server: live kv cache miss live=27 prompt=24 common=2 reason=token-mismatch
0806 13:51:35 ds4-server: chat ctx=0..24:24 prompt start
ds4: CUDA layer expert cache expanded for decode 10.00 GiB (1005 -> 1517 experts)
0806 13:51:40 ds4-server: chat ctx=0..24:24 prompt done 5.170s
0806 13:51:44 ds4-server: chat ctx=24..32:8 gen=8 decoding chunk=2.23 t/s avg=2.23 t/s 3.592s
0806 13:51:44 ds4-server: chat ctx=0..24:24 gen=8 finish=stop 8.766s
0806 13:51:44 ds4-server: live kv cache miss live=32 prompt=42 common=2 reason=token-mismatch
0806 13:51:44 ds4-server: chat ctx=0..42:42 prompt start
ds4: CUDA layer expert cache expanded for decode 10.00 GiB (1005 -> 1517 experts)
0806 13:51:51 ds4-server: chat ctx=0..42:42 prompt done 6.907s
0806 13:51:56 ds4-server: chat ctx=42..64:22 gen=22 decoding chunk=2.88 t/s avg=2.88 t/s 7.632s
0806 13:51:56 ds4-server: chat ctx=0..42:42 gen=22 finish=stop 14.543s
0806 13:51:56 ds4-server: live kv cache miss live=64 prompt=29 common=2 reason=token-mismatch
0806 13:51:56 ds4-server: chat ctx=0..29:29 prompt start
ds4: CUDA layer expert cache expanded for decode 10.00 GiB (1005 -> 1517 experts)
0806 13:52:02 ds4-server: chat ctx=0..29:29 prompt done 6.024s
0806 13:52:13 ds4-server: chat ctx=29..61:32 gen=32 decoding chunk=2.81 t/s avg=2.81 t/s 11.406s
0806 13:52:13 ds4-server: chat ctx=0..29:29 gen=32 finish=length 17.433s
0806 13:52:13 ds4-server: live kv cache miss live=61 prompt=29 common=2 reason=token-mismatch
0806 13:52:13 ds4-server: chat ctx=0..29:29 prompt start
ds4: CUDA layer expert cache expanded for decode 10.00 GiB (1005 -> 1517 experts)
0806 13:52:19 ds4-server: chat ctx=0..29:29 prompt done 5.647s
0806 13:52:28 ds4-server: chat ctx=29..61:32 gen=32 decoding chunk=2.85 t/s avg=2.85 t/s 11.212s
0806 13:52:28 ds4-server: chat ctx=0..29:29 gen=32 finish=length 16.863s
0806 13:52:28 ds4-server: live kv cache miss live=61 prompt=32 common=2 reason=token-mismatch
0806 13:52:28 ds4-server: chat ctx=0..32:32 prompt start
ds4: CUDA layer expert cache expanded for decode 10.00 GiB (1005 -> 1517 experts)
0806 13:52:33 ds4-server: chat ctx=0..32:32 prompt done 5.714s
0806 13:52:37 ds4-server: chat ctx=32..40:8 gen=8 decoding chunk=2.47 t/s avg=2.47 t/s 3.235s
0806 13:52:37 ds4-server: chat ctx=0..32:32 gen=8 finish=stop 8.952s
0806 13:52:37 ds4-server: live kv cache miss live=40 prompt=24 common=2 reason=token-mismatch
0806 13:52:37 ds4-server: chat ctx=0..24:24 prompt start
ds4: CUDA layer expert cache expanded for decode 10.00 GiB (1005 -> 1517 experts)
0806 13:52:42 ds4-server: chat ctx=0..24:24 prompt done 4.975s
0806 13:52:45 ds4-server: chat ctx=24..33:9 gen=9 decoding chunk=2.54 t/s avg=2.54 t/s 3.544s
0806 13:52:45 ds4-server: chat ctx=0..24:24 gen=9 finish=stop 8.522s
0806 13:52:45 ds4-server: live kv cache miss live=33 prompt=21 common=2 reason=token-mismatch
0806 13:52:45 ds4-server: chat ctx=0..21:21 prompt start
ds4: CUDA layer expert cache expanded for decode 10.00 GiB (1005 -> 1517 experts)
0806 13:52:50 ds4-server: chat ctx=0..21:21 prompt done 5.086s
0806 13:52:55 ds4-server: chat ctx=21..41:20 gen=20 decoding chunk=2.58 t/s avg=2.58 t/s 7.746s
0806 13:52:55 ds4-server: chat ctx=0..21:21 gen=20 finish=stop 12.837s
0806 13:52:55 ds4-server: live kv cache miss live=41 prompt=26 common=2 reason=token-mismatch
0806 13:52:55 ds4-server: chat ctx=0..26:26 prompt start
ds4: CUDA layer expert cache expanded for decode 10.00 GiB (1005 -> 1517 experts)
0806 13:53:02 ds4-server: chat ctx=0..26:26 prompt done 6.217s
0806 13:53:14 ds4-server: chat ctx=26..58:32 gen=32 decoding chunk=2.66 t/s avg=2.66 t/s 12.034s
0806 13:53:14 ds4-server: chat ctx=0..26:26 gen=32 finish=length 18.255s
0806 13:53:14 ds4-server: shutdown requested, draining requests
