ds4: Linux cuda backend set oom_score_adj=1000
ds4: CUDA backend initialized on NVIDIA GeForce RTX 5080 Laptop GPU (sm_120) dev=0
ds4: cuda SSD streaming total expert budget 10.00 GiB = 3.38 GiB prefill headroom + 6.62 GiB dynamic cache (1005 experts, 6.75 MiB each)
ds4: SSD streaming initial cuda model map restricted to token embedding (1 spans, 0.99 GiB tensor span)
ds4: CUDA host registration skipped: out of memory
ds4: CUDA preparing model tensor mappings
ds4: CUDA loading model tensors into device cache
ds4: CUDA startup model preparation covered 0.99 GiB of tensor spans in 0.710s
ds4: cuda backend initialized for graph diagnostics
ds4: memory: KV 0.07 GiB (raw 0.02 + compressed 0.05) + buffers 0.00 GiB + resident model 0.99 GiB + expert cache 6.62 GiB + prefill expert reserve 3.38 GiB = 11.06 GiB planned
ds4: memory detail: ctx=4096 prefill_cap=128 raw_kv_rows=256 compressed_kv_rows=1026 backend=cuda
0806 14:31:33 ds4-server: context buffers 76.50 MiB (ctx=4096, backend=cuda, prefill_chunk=128, raw_kv_rows=256, compressed_kv_rows=1026)
0806 14:31:34 ds4-server: listening on http://127.0.0.1:18080
0806 14:31:34 ds4-server: chat ctx=0..21:21 prompt start
ds4: DS4_CUDA_MMQ=0 - mmq prefill tier disabled
ds4: CUDA layer expert cache allocated 6.62 GiB (1005 prefill experts, 1005 decode experts across 43 layers)
ds4: CUDA loading model tensors 7.34 GiB cached
0806 14:31:44 ds4-server: chat ctx=0..21:21 prompt done 10.438s
0806 14:31:48 ds4-server: chat ctx=21..32:11 gen=11 decoding chunk=2.84 t/s avg=2.84 t/s 3.877s
0806 14:31:48 ds4-server: chat ctx=0..21:21 gen=11 finish=stop 14.318s
0806 14:31:48 ds4-server: live kv cache miss live=32 prompt=20 common=2 reason=token-mismatch
0806 14:31:48 ds4-server: chat ctx=0..20:20 prompt start
ds4: CUDA prompt expert cache summary hits=1990 misses=2874 evictions=1187 SSD=18.94 GiB capacity=1005 resident=1005
0806 14:31:53 ds4-server: chat ctx=0..20:20 prompt done 7.216s
0806 14:31:55 ds4-server: chat ctx=20..27:7 gen=7 decoding chunk=2.76 t/s avg=2.76 t/s 2.535s
0806 14:31:55 ds4-server: chat ctx=0..20:20 gen=7 finish=stop 9.754s
0806 14:31:55 ds4-server: live kv cache miss live=27 prompt=24 common=2 reason=token-mismatch
0806 14:31:55 ds4-server: chat ctx=0..24:24 prompt start
ds4: CUDA prompt expert cache summary hits=1613 misses=2176 evictions=1260 SSD=14.34 GiB capacity=1005 resident=1005
0806 14:32:00 ds4-server: chat ctx=0..24:24 prompt done 4.927s
0806 14:32:03 ds4-server: chat ctx=24..32:8 gen=8 decoding chunk=2.57 t/s avg=2.57 t/s 3.113s
0806 14:32:03 ds4-server: chat ctx=0..24:24 gen=8 finish=stop 8.043s
0806 14:32:03 ds4-server: live kv cache miss live=32 prompt=42 common=2 reason=token-mismatch
0806 14:32:03 ds4-server: chat ctx=0..42:42 prompt start
ds4: CUDA prompt expert cache summary hits=1701 misses=2646 evictions=1524 SSD=17.44 GiB capacity=1005 resident=1005
0806 14:32:11 ds4-server: chat ctx=0..42:42 prompt done 7.483s
0806 14:32:18 ds4-server: chat ctx=42..64:22 gen=22 decoding chunk=2.88 t/s avg=2.88 t/s 7.634s
0806 14:32:18 ds4-server: chat ctx=0..42:42 gen=22 finish=stop 15.120s
0806 14:32:18 ds4-server: live kv cache miss live=64 prompt=29 common=2 reason=token-mismatch
0806 14:32:18 ds4-server: chat ctx=0..29:29 prompt start
ds4: CUDA prompt expert cache summary hits=4529 misses=4286 evictions=2608 SSD=28.25 GiB capacity=1005 resident=1005
0806 14:32:22 ds4-server: chat ctx=0..29:29 prompt done 6.201s
0806 14:32:33 ds4-server: chat ctx=29..61:32 gen=32 decoding chunk=2.76 t/s avg=2.76 t/s 11.588s
0806 14:32:33 ds4-server: chat ctx=0..29:29 gen=32 finish=length 17.794s
0806 14:32:33 ds4-server: live kv cache miss live=61 prompt=29 common=2 reason=token-mismatch
0806 14:32:33 ds4-server: chat ctx=0..29:29 prompt start
ds4: CUDA prompt expert cache summary hits=5957 misses=4982 evictions=3625 SSD=32.84 GiB capacity=1005 resident=1005
0806 14:32:39 ds4-server: chat ctx=0..29:29 prompt done 5.280s
0806 14:32:50 ds4-server: chat ctx=29..61:32 gen=32 decoding chunk=2.82 t/s avg=2.82 t/s 11.333s
0806 14:32:50 ds4-server: chat ctx=0..29:29 gen=32 finish=length 16.617s
0806 14:32:50 ds4-server: live kv cache miss live=61 prompt=32 common=2 reason=token-mismatch
0806 14:32:50 ds4-server: chat ctx=0..32:32 prompt start
ds4: CUDA prompt expert cache summary hits=5970 misses=4648 evictions=3566 SSD=30.64 GiB capacity=1005 resident=1005
0806 14:32:53 ds4-server: chat ctx=0..32:32 prompt done 5.701s
0806 14:32:56 ds4-server: chat ctx=32..40:8 gen=8 decoding chunk=2.75 t/s avg=2.75 t/s 2.912s
0806 14:32:56 ds4-server: chat ctx=0..32:32 gen=8 finish=stop 8.618s
0806 14:32:56 ds4-server: live kv cache miss live=40 prompt=24 common=2 reason=token-mismatch
0806 14:32:56 ds4-server: chat ctx=0..24:24 prompt start
ds4: CUDA prompt expert cache summary hits=1731 misses=2683 evictions=1711 SSD=17.69 GiB capacity=1005 resident=1005
0806 14:33:01 ds4-server: chat ctx=0..24:24 prompt done 4.749s
0806 14:33:09 ds4-server: chat ctx=24..33:9 gen=9 decoding chunk=1.15 t/s avg=1.15 t/s 7.857s
0806 14:33:09 ds4-server: chat ctx=0..24:24 gen=9 finish=stop 12.609s
0806 14:33:09 ds4-server: live kv cache miss live=33 prompt=21 common=2 reason=token-mismatch
0806 14:33:09 ds4-server: chat ctx=0..21:21 prompt start
ds4: CUDA prompt expert cache summary hits=2069 misses=2518 evictions=1503 SSD=16.60 GiB capacity=1005 resident=1005
0806 14:33:14 ds4-server: chat ctx=0..21:21 prompt done 4.987s
0806 14:33:20 ds4-server: chat ctx=21..41:20 gen=20 decoding chunk=3.12 t/s avg=3.12 t/s 6.408s
0806 14:33:20 ds4-server: chat ctx=0..21:21 gen=20 finish=stop 11.399s
0806 14:33:20 ds4-server: live kv cache miss live=41 prompt=26 common=2 reason=token-mismatch
0806 14:33:20 ds4-server: chat ctx=0..26:26 prompt start
ds4: CUDA prompt expert cache summary hits=4262 misses=3177 evictions=2209 SSD=20.94 GiB capacity=1005 resident=1005
0806 14:33:23 ds4-server: chat ctx=0..26:26 prompt done 5.711s
0806 14:33:34 ds4-server: chat ctx=26..58:32 gen=32 decoding chunk=3.04 t/s avg=3.04 t/s 10.524s
0806 14:33:34 ds4-server: chat ctx=0..26:26 gen=32 finish=length 16.238s
0806 14:33:34 ds4-server: shutdown requested, draining requests
