2026-08-06T12:31:32Z temp_c=70
2026-08-06T12:31:34Z sample=70, 35.41, P0, 1492, 14001, 1486
2026-08-06T12:31:35Z sample=70, 28.54, P0, 1537, 14001, 9202
2026-08-06T12:31:36Z sample=70, 40.30, P0, 1522, 14001, 9728
2026-08-06T12:31:37Z sample=71, 31.29, P0, 1650, 14001, 10496
2026-08-06T12:31:38Z sample=71, 27.99, P0, 1702, 14001, 11520
2026-08-06T12:31:39Z sample=71, 30.03, P0, 1717, 14001, 12544
2026-08-06T12:31:40Z sample=71, 38.45, P4, 1695, 14001, 13312
2026-08-06T12:31:41Z sample=71, 23.28, P4, 570, 9001, 14080
2026-08-06T12:31:42Z sample=71, 36.36, P4, 585, 9001, 15104
2026-08-06T12:31:43Z sample=71, 23.30, P4, 502, 9001, 15872
2026-08-06T12:31:45Z sample=71, 61.43, P2, 862, 9001, 15874
2026-08-06T12:31:46Z sample=73, 46.03, P4, 1057, 9001, 15874
2026-08-06T12:31:47Z sample=73, 48.79, P2, 1545, 11001, 15874
2026-08-06T12:31:48Z sample=73, 43.30, P0, 1485, 14001, 15874
2026-08-06T12:31:49Z sample=71, 22.44, P4, 277, 9001, 15874
2026-08-06T12:31:50Z sample=71, 27.09, P4, 292, 9001, 15874
2026-08-06T12:31:51Z sample=71, 20.78, P4, 337, 9001, 15874
2026-08-06T12:31:52Z sample=71, 26.39, P4, 337, 9001, 15874
2026-08-06T12:31:53Z sample=71, 26.43, P4, 322, 9001, 15874
2026-08-06T12:31:52Z sample=71, 23.20, P4, 330, 9001, 15874
2026-08-06T12:31:53Z sample=71, 36.13, P4, 307, 9001, 15874
2026-08-06T12:31:54Z sample=73, 38.40, P4, 1492, 9001, 15874
2026-08-06T12:31:55Z sample=73, 59.67, P2, 1552, 9001, 15874
2026-08-06T12:31:56Z sample=71, 22.91, P4, 300, 9001, 15914
2026-08-06T12:31:57Z sample=71, 27.66, P4, 360, 9001, 15914
2026-08-06T12:31:58Z sample=71, 21.71, P4, 330, 9001, 15914
2026-08-06T12:31:59Z sample=71, 34.21, P4, 412, 9001, 15914
2026-08-06T12:32:00Z sample=73, 50.74, P4, 682, 9001, 15914
2026-08-06T12:32:02Z sample=73, 49.44, P4, 1147, 9001, 15914
2026-08-06T12:32:03Z sample=73, 47.66, P4, 1132, 9001, 15914
2026-08-06T12:32:04Z sample=72, 21.44, P4, 1087, 9001, 15868
2026-08-06T12:32:05Z sample=71, 41.73, P2, 232, 9001, 15910
2026-08-06T12:32:06Z sample=72, 38.17, P4, 727, 9001, 15910
2026-08-06T12:32:07Z sample=72, 24.87, P4, 825, 9001, 15910
2026-08-06T12:32:08Z sample=72, 28.76, P4, 585, 9001, 15910
2026-08-06T12:32:09Z sample=72, 36.66, P4, 510, 9001, 15910
2026-08-06T12:32:10Z sample=73, 31.41, P4, 660, 9001, 15910
2026-08-06T12:32:12Z sample=73, 43.75, P0, 1447, 14001, 15910
2026-08-06T12:32:13Z sample=73, 44.06, P4, 1650, 14001, 15910
2026-08-06T12:32:14Z sample=74, 53.51, P2, 1545, 11001, 15910
2026-08-06T12:32:15Z sample=74, 51.43, P2, 1425, 9001, 15910
2026-08-06T12:32:17Z sample=74, 58.93, P0, 1440, 9001, 15910
2026-08-06T12:32:18Z sample=73, 54.08, P4, 997, 14001, 15910
2026-08-06T12:32:19Z sample=73, 38.50, P4, 270, 9001, 15910
2026-08-06T12:32:20Z sample=72, 22.10, P4, 727, 9001, 15910
2026-08-06T12:32:21Z sample=72, 36.74, P4, 540, 9001, 15910
2026-08-06T12:32:22Z sample=73, 21.87, P4, 577, 9001, 15910
2026-08-06T12:32:23Z sample=72, 29.34, P4, 457, 9001, 15910
2026-08-06T12:32:22Z sample=72, 26.01, P4, 487, 9001, 15910
2026-08-06T12:32:23Z sample=74, 48.14, P4, 1162, 9001, 15910
2026-08-06T12:32:24Z sample=73, 54.05, P4, 1320, 9001, 15910
2026-08-06T12:32:25Z sample=73, 69.11, P4, 1470, 9001, 15910
2026-08-06T12:32:26Z sample=74, 38.70, P4, 1440, 9001, 15910
2026-08-06T12:32:27Z sample=74, 41.88, P2, 1320, 9001, 15910
2026-08-06T12:32:28Z sample=74, 52.00, P2, 1312, 9001, 15910
2026-08-06T12:32:29Z sample=74, 53.00, P2, 1500, 9001, 15910
2026-08-06T12:32:30Z sample=74, 71.49, P4, 1365, 9001, 15910
2026-08-06T12:32:32Z sample=75, 61.82, P4, 1402, 11001, 15910
2026-08-06T12:32:33Z sample=74, 47.28, P4, 900, 9001, 15910
2026-08-06T12:32:34Z sample=74, 21.74, P4, 1560, 9001, 15910
2026-08-06T12:32:35Z sample=73, 37.98, P4, 892, 9001, 15910
2026-08-06T12:32:36Z sample=73, 30.25, P4, 465, 9001, 15910
2026-08-06T12:32:37Z sample=72, 30.04, P4, 435, 9001, 15910
2026-08-06T12:32:38Z sample=72, 30.86, P4, 495, 9001, 15910
2026-08-06T12:32:39Z sample=74, 50.43, P4, 1117, 9001, 15910
2026-08-06T12:32:40Z sample=74, 50.64, P4, 1507, 9001, 15910
2026-08-06T12:32:41Z sample=74, 41.47, P4, 1537, 9001, 15910
2026-08-06T12:32:43Z sample=75, 41.81, P4, 1260, 11001, 15910
2026-08-06T12:32:44Z sample=75, 56.74, P4, 1567, 14001, 15910
2026-08-06T12:32:45Z sample=74, 53.02, P4, 1710, 14001, 15910
2026-08-06T12:32:46Z sample=74, 44.93, P0, 1537, 9001, 15910
2026-08-06T12:32:47Z sample=74, 46.98, P4, 1275, 9001, 15910
2026-08-06T12:32:48Z sample=75, 45.30, P4, 1552, 14001, 15910
2026-08-06T12:32:49Z sample=75, 56.39, P4, 1372, 11001, 15910
2026-08-06T12:32:50Z sample=75, 24.09, P4, 1447, 11001, 15910
2026-08-06T12:32:51Z sample=73, 23.91, P4, 975, 9001, 15910
2026-08-06T12:32:52Z sample=73, 28.77, P4, 367, 9001, 15910
2026-08-06T12:32:51Z sample=74, 41.65, P4, 375, 9001, 15910
2026-08-06T12:32:52Z sample=73, 28.53, P4, 480, 9001, 15910
2026-08-06T12:32:53Z sample=73, 20.89, P4, 412, 9001, 15910
2026-08-06T12:32:54Z sample=74, 53.77, P4, 1342, 9001, 15910
2026-08-06T12:32:55Z sample=75, 51.22, P2, 1440, 11001, 15910
2026-08-06T12:32:56Z sample=76, 23.63, P2, 1462, 11001, 15910
2026-08-06T12:32:57Z sample=74, 30.71, P4, 915, 9001, 15910
2026-08-06T12:32:58Z sample=73, 26.71, P4, 547, 9001, 15910
2026-08-06T12:32:59Z sample=74, 32.13, P4, 540, 9001, 15910
2026-08-06T12:33:01Z sample=73, 29.48, P4, 480, 9001, 15910
2026-08-06T12:33:02Z sample=75, 49.80, P4, 1447, 9001, 15910
2026-08-06T12:33:03Z sample=74, 21.95, P4, 480, 9001, 15910
2026-08-06T12:33:04Z sample=73, 48.33, P4, 382, 9001, 15910
2026-08-06T12:33:05Z sample=74, 21.17, P4, 645, 9001, 15910
2026-08-06T12:33:06Z sample=73, 22.30, P4, 315, 9001, 15910
2026-08-06T12:33:07Z sample=73, 42.67, P4, 562, 9001, 15910
2026-08-06T12:33:08Z sample=75, 44.28, P0, 855, 9001, 15910
2026-08-06T12:33:10Z sample=73, 24.50, P4, 885, 9001, 15910
2026-08-06T12:33:11Z sample=73, 27.72, P4, 510, 9001, 15910
2026-08-06T12:33:12Z sample=73, 28.42, P4, 495, 9001, 15910
2026-08-06T12:33:13Z sample=73, 29.50, P4, 457, 9001, 15910
2026-08-06T12:33:14Z sample=74, 34.60, P4, 1282, 9001, 15910
2026-08-06T12:33:15Z sample=74, 70.99, P4, 1432, 9001, 15910
2026-08-06T12:33:16Z sample=75, 54.88, P4, 1395, 9001, 15910
2026-08-06T12:33:17Z sample=76, 60.51, P4, 1477, 9001, 15910
2026-08-06T12:33:18Z sample=74, 62.60, P4, 1567, 9001, 15910
2026-08-06T12:33:19Z sample=76, 59.45, P4, 1177, 9001, 15910
2026-08-06T12:33:20Z sample=75, 64.85, P4, 720, 9001, 15910
2026-08-06T12:33:21Z sample=75, 22.33, P4, 570, 9001, 15910
2026-08-06T12:33:23Z sample=73, 28.40, P4, 420, 9001, 15910
2026-08-06T12:33:21Z sample=73, 31.87, P4, 615, 9001, 15910
2026-08-06T12:33:22Z sample=74, 29.70, P4, 390, 9001, 15910
2026-08-06T12:33:23Z sample=72, 31.86, P4, 405, 9001, 15910
2026-08-06T12:33:24Z sample=74, 49.96, P4, 1410, 9001, 15910
2026-08-06T12:33:25Z sample=75, 49.33, P4, 1432, 9001, 15910
2026-08-06T12:33:26Z sample=75, 57.15, P0, 1687, 14001, 15910
2026-08-06T12:33:27Z sample=74, 53.41, P4, 1522, 9001, 15910
2026-08-06T12:33:29Z sample=75, 54.10, P0, 1342, 14001, 15910
2026-08-06T12:33:30Z sample=75, 52.43, P4, 1575, 14001, 15910
2026-08-06T12:33:31Z sample=75, 55.03, P4, 1455, 14001, 15910
2026-08-06T12:33:32Z sample=75, 55.60, P4, 1432, 9001, 15910
2026-08-06T12:33:33Z sample=75, 58.36, P0, 1065, 11001, 15910
