ds4: Linux cuda backend set oom_score_adj=1000
ds4: CUDA backend initialized on NVIDIA GeForce RTX 5080 Laptop GPU (sm_120) dev=0
ds4: cuda SSD streaming total expert budget 10.00 GiB = 3.38 GiB prefill headroom + 6.62 GiB dynamic cache (1005 experts, 6.75 MiB each)
ds4: SSD streaming initial cuda model map restricted to token embedding (1 spans, 0.99 GiB tensor span)
ds4: CUDA host registration skipped: out of memory
ds4: CUDA preparing model tensor mappings
ds4: CUDA loading model tensors into device cache
ds4: CUDA startup model preparation covered 0.99 GiB of tensor spans in 0.494s
ds4: cuda backend initialized for graph diagnostics
ds4: memory: KV 0.07 GiB (raw 0.02 + compressed 0.05) + buffers 0.00 GiB + resident model 0.99 GiB + expert cache 6.62 GiB + prefill expert reserve 3.38 GiB = 11.06 GiB planned
ds4: memory detail: ctx=4096 prefill_cap=128 raw_kv_rows=256 compressed_kv_rows=1026 backend=cuda
0806 14:47:39 ds4-server: context buffers 76.50 MiB (ctx=4096, backend=cuda, prefill_chunk=128, raw_kv_rows=256, compressed_kv_rows=1026)
0806 14:47:39 ds4-server: listening on http://127.0.0.1:18080
0806 14:47:39 ds4-server: chat ctx=0..21:21 prompt start
ds4: DS4_CUDA_MMQ=0 - mmq prefill tier disabled
ds4: CUDA layer expert cache allocated 6.62 GiB (1005 prefill experts, 1005 decode experts across 43 layers)
ds4: CUDA loading model tensors 7.49 GiB cached
0806 14:47:47 ds4-server: chat ctx=0..21:21 prompt done 10.201s
0806 14:47:51 ds4-server: chat ctx=21..32:11 gen=11 decoding chunk=2.86 t/s avg=2.86 t/s 3.841s
0806 14:47:51 ds4-server: chat ctx=0..21:21 gen=11 finish=stop 14.046s
0806 14:47:51 ds4-server: live kv cache miss live=32 prompt=20 common=2 reason=token-mismatch
0806 14:47:51 ds4-server: chat ctx=0..20:20 prompt start
ds4: CUDA prompt expert cache summary hits=1990 misses=2874 evictions=1187 SSD=18.94 GiB capacity=1005 resident=1005
0806 14:47:58 ds4-server: chat ctx=0..20:20 prompt done 7.323s
0806 14:48:01 ds4-server: chat ctx=20..27:7 gen=7 decoding chunk=2.86 t/s avg=2.86 t/s 2.448s
0806 14:48:01 ds4-server: chat ctx=0..20:20 gen=7 finish=stop 9.774s
0806 14:48:01 ds4-server: live kv cache miss live=27 prompt=24 common=2 reason=token-mismatch
0806 14:48:01 ds4-server: chat ctx=0..24:24 prompt start
ds4: CUDA prompt expert cache summary hits=1613 misses=2176 evictions=1260 SSD=14.34 GiB capacity=1005 resident=1005
0806 14:48:06 ds4-server: chat ctx=0..24:24 prompt done 5.478s
0806 14:48:09 ds4-server: chat ctx=24..32:8 gen=8 decoding chunk=2.39 t/s avg=2.39 t/s 3.342s
0806 14:48:09 ds4-server: chat ctx=0..24:24 gen=8 finish=stop 8.823s
0806 14:48:09 ds4-server: live kv cache miss live=32 prompt=42 common=2 reason=token-mismatch
0806 14:48:09 ds4-server: chat ctx=0..42:42 prompt start
ds4: CUDA prompt expert cache summary hits=1697 misses=2650 evictions=1524 SSD=17.47 GiB capacity=1005 resident=1005
0806 14:48:15 ds4-server: chat ctx=0..42:42 prompt done 7.847s
0806 14:48:23 ds4-server: chat ctx=42..66:24 gen=24 decoding chunk=3.04 t/s avg=3.04 t/s 7.898s
0806 14:48:23 ds4-server: chat ctx=0..42:42 gen=24 finish=stop 15.748s
0806 14:48:23 ds4-server: live kv cache miss live=66 prompt=29 common=2 reason=token-mismatch
0806 14:48:23 ds4-server: chat ctx=0..29:29 prompt start
ds4: CUDA prompt expert cache summary hits=4912 misses=4419 evictions=2742 SSD=29.13 GiB capacity=1005 resident=1005
0806 14:48:29 ds4-server: chat ctx=0..29:29 prompt done 6.595s
0806 14:48:38 ds4-server: chat ctx=29..61:32 gen=32 decoding chunk=2.83 t/s avg=2.83 t/s 11.318s
0806 14:48:38 ds4-server: chat ctx=0..29:29 gen=32 finish=length 17.916s
0806 14:48:38 ds4-server: live kv cache miss live=61 prompt=29 common=2 reason=token-mismatch
0806 14:48:38 ds4-server: chat ctx=0..29:29 prompt start
ds4: CUDA prompt expert cache summary hits=5961 misses=4978 evictions=3622 SSD=32.81 GiB capacity=1005 resident=1005
0806 14:48:43 ds4-server: chat ctx=0..29:29 prompt done 5.751s
0806 14:48:55 ds4-server: chat ctx=29..61:32 gen=32 decoding chunk=2.89 t/s avg=2.89 t/s 11.063s
0806 14:48:55 ds4-server: chat ctx=0..29:29 gen=32 finish=length 16.817s
0806 14:48:55 ds4-server: live kv cache miss live=61 prompt=32 common=2 reason=token-mismatch
0806 14:48:55 ds4-server: chat ctx=0..32:32 prompt start
ds4: CUDA prompt expert cache summary hits=5968 misses=4650 evictions=3564 SSD=30.65 GiB capacity=1005 resident=1005
0806 14:49:01 ds4-server: chat ctx=0..32:32 prompt done 6.098s
0806 14:49:04 ds4-server: chat ctx=32..40:8 gen=8 decoding chunk=2.68 t/s avg=2.68 t/s 2.984s
0806 14:49:04 ds4-server: chat ctx=0..32:32 gen=8 finish=stop 9.085s
0806 14:49:04 ds4-server: live kv cache miss live=40 prompt=24 common=2 reason=token-mismatch
0806 14:49:04 ds4-server: chat ctx=0..24:24 prompt start
ds4: CUDA prompt expert cache summary hits=1729 misses=2685 evictions=1717 SSD=17.70 GiB capacity=1005 resident=1005
0806 14:49:06 ds4-server: chat ctx=0..24:24 prompt done 5.296s
0806 14:49:09 ds4-server: chat ctx=24..33:9 gen=9 decoding chunk=2.83 t/s avg=2.83 t/s 3.175s
0806 14:49:09 ds4-server: chat ctx=0..24:24 gen=9 finish=stop 8.474s
0806 14:49:09 ds4-server: live kv cache miss live=33 prompt=21 common=2 reason=token-mismatch
0806 14:49:09 ds4-server: chat ctx=0..21:21 prompt start
ds4: CUDA prompt expert cache summary hits=2063 misses=2524 evictions=1509 SSD=16.64 GiB capacity=1005 resident=1005
0806 14:49:15 ds4-server: chat ctx=0..21:21 prompt done 5.507s
0806 14:49:21 ds4-server: chat ctx=21..41:20 gen=20 decoding chunk=3.09 t/s avg=3.09 t/s 6.476s
0806 14:49:21 ds4-server: chat ctx=0..21:21 gen=20 finish=stop 11.987s
0806 14:49:21 ds4-server: live kv cache miss live=41 prompt=26 common=2 reason=token-mismatch
0806 14:49:21 ds4-server: chat ctx=0..26:26 prompt start
ds4: CUDA prompt expert cache summary hits=4261 misses=3178 evictions=2213 SSD=20.95 GiB capacity=1005 resident=1005
0806 14:49:28 ds4-server: chat ctx=0..26:26 prompt done 6.241s
0806 14:49:36 ds4-server: chat ctx=26..58:32 gen=32 decoding chunk=2.92 t/s avg=2.92 t/s 10.966s
0806 14:49:36 ds4-server: chat ctx=0..26:26 gen=32 finish=length 17.211s
0806 14:49:36 ds4-server: shutdown requested, draining requests
