2026-08-06T12:47:38Z temp_c=67
2026-08-06T12:47:39Z sample=67, 19.37, P0, 1575, 14001, 1486
2026-08-06T12:47:38Z sample=67, 30.38, P0, 1492, 14001, 9210
2026-08-06T12:47:39Z sample=68, 34.22, P0, 1612, 14001, 9728
2026-08-06T12:47:40Z sample=68, 34.23, P0, 1725, 14001, 10752
2026-08-06T12:47:41Z sample=68, 33.31, P0, 1702, 14001, 11776
2026-08-06T12:47:42Z sample=68, 33.38, P0, 1650, 14001, 12544
2026-08-06T12:47:43Z sample=68, 31.64, P4, 622, 9001, 13568
2026-08-06T12:47:44Z sample=68, 21.33, P4, 570, 9001, 14336
2026-08-06T12:47:45Z sample=68, 24.92, P4, 690, 9001, 15104
2026-08-06T12:47:46Z sample=67, 22.09, P5, 630, 810, 15872
2026-08-06T12:47:47Z sample=69, 66.79, P0, 1620, 810, 15874
2026-08-06T12:47:49Z sample=70, 54.92, P4, 1125, 11001, 15874
2026-08-06T12:47:50Z sample=71, 52.97, P0, 1440, 9001, 15874
2026-08-06T12:47:51Z sample=70, 50.78, P4, 1410, 9001, 15874
2026-08-06T12:47:52Z sample=68, 30.00, P4, 300, 9001, 15874
2026-08-06T12:47:53Z sample=68, 31.69, P4, 255, 9001, 15874
2026-08-06T12:47:54Z sample=68, 23.93, P4, 292, 9001, 15874
2026-08-06T12:47:55Z sample=68, 23.86, P4, 270, 9001, 15874
2026-08-06T12:47:56Z sample=68, 24.51, P4, 330, 9001, 15874
2026-08-06T12:47:57Z sample=68, 24.19, P4, 322, 9001, 15874
2026-08-06T12:47:58Z sample=70, 32.73, P0, 1477, 14001, 15874
2026-08-06T12:47:59Z sample=70, 49.38, P4, 1342, 9001, 15874
2026-08-06T12:48:00Z sample=70, 51.09, P2, 1297, 11001, 15874
2026-08-06T12:48:02Z sample=68, 28.18, P4, 240, 9001, 15914
2026-08-06T12:48:03Z sample=68, 26.24, P4, 270, 9001, 15914
2026-08-06T12:48:04Z sample=68, 27.18, P4, 420, 9001, 15914
2026-08-06T12:48:05Z sample=69, 26.63, P4, 420, 9001, 15914
2026-08-06T12:48:06Z sample=68, 27.06, P4, 382, 9001, 15914
2026-08-06T12:48:07Z sample=69, 40.26, P4, 1095, 9001, 15914
2026-08-06T12:48:08Z sample=69, 43.25, P4, 1252, 9001, 15914
2026-08-06T12:48:09Z sample=69, 43.41, P4, 1327, 9001, 15914
2026-08-06T12:48:07Z sample=68, 35.22, P2, 300, 9001, 15866
2026-08-06T12:48:09Z sample=68, 29.46, P4, 915, 9001, 15910
2026-08-06T12:48:10Z sample=70, 30.24, P4, 517, 9001, 15910
2026-08-06T12:48:11Z sample=68, 31.25, P4, 615, 9001, 15910
2026-08-06T12:48:12Z sample=68, 28.64, P4, 495, 9001, 15910
2026-08-06T12:48:13Z sample=69, 30.06, P4, 585, 9001, 15910
2026-08-06T12:48:14Z sample=68, 30.95, P4, 600, 9001, 15910
2026-08-06T12:48:15Z sample=69, 41.22, P2, 1567, 810, 15910
2026-08-06T12:48:16Z sample=70, 52.42, P4, 1425, 11001, 15910
2026-08-06T12:48:17Z sample=70, 52.66, P2, 1447, 11001, 15910
2026-08-06T12:48:18Z sample=70, 51.13, P2, 1267, 9001, 15910
2026-08-06T12:48:19Z sample=70, 51.38, P4, 1365, 11001, 15910
2026-08-06T12:48:20Z sample=70, 52.57, P2, 1582, 11001, 15910
2026-08-06T12:48:21Z sample=70, 52.22, P4, 1170, 9001, 15910
2026-08-06T12:48:22Z sample=69, 47.87, P4, 1275, 9001, 15910
2026-08-06T12:48:23Z sample=69, 33.61, P4, 907, 9001, 15910
2026-08-06T12:48:25Z sample=69, 32.08, P4, 592, 9001, 15910
2026-08-06T12:48:26Z sample=68, 28.26, P4, 622, 9001, 15910
2026-08-06T12:48:27Z sample=68, 28.42, P4, 405, 9001, 15910
2026-08-06T12:48:28Z sample=68, 29.07, P4, 420, 9001, 15910
2026-08-06T12:48:29Z sample=68, 28.97, P4, 607, 9001, 15910
2026-08-06T12:48:30Z sample=70, 43.81, P4, 1590, 11001, 15910
2026-08-06T12:48:31Z sample=69, 47.24, P4, 982, 9001, 15910
2026-08-06T12:48:32Z sample=69, 49.55, P4, 1222, 9001, 15910
2026-08-06T12:48:33Z sample=70, 51.29, P4, 1395, 9001, 15910
2026-08-06T12:48:34Z sample=70, 50.41, P4, 1320, 9001, 15910
2026-08-06T12:48:35Z sample=70, 47.81, P2, 1342, 9001, 15910
2026-08-06T12:48:36Z sample=70, 49.03, P2, 1462, 9001, 15910
2026-08-06T12:48:37Z sample=70, 49.80, P2, 1410, 9001, 15910
2026-08-06T12:48:38Z sample=70, 51.16, P4, 1185, 11001, 15910
2026-08-06T12:48:37Z sample=70, 46.47, P4, 1290, 11001, 15910
2026-08-06T12:48:38Z sample=70, 51.31, P4, 1485, 11001, 15910
2026-08-06T12:48:39Z sample=68, 33.46, P4, 555, 9001, 15910
2026-08-06T12:48:40Z sample=69, 32.41, P4, 570, 9001, 15910
2026-08-06T12:48:41Z sample=68, 28.12, P4, 570, 9001, 15910
2026-08-06T12:48:42Z sample=69, 29.76, P4, 480, 9001, 15910
2026-08-06T12:48:43Z sample=68, 29.08, P4, 630, 9001, 15910
2026-08-06T12:48:44Z sample=69, 41.23, P4, 1350, 9001, 15910
2026-08-06T12:48:45Z sample=70, 46.15, P4, 1372, 9001, 15910
2026-08-06T12:48:46Z sample=70, 49.08, P2, 1515, 11001, 15910
2026-08-06T12:48:47Z sample=70, 52.63, P4, 1102, 9001, 15910
2026-08-06T12:48:48Z sample=70, 50.94, P2, 1110, 11001, 15910
2026-08-06T12:48:50Z sample=71, 50.60, P2, 1530, 11001, 15910
2026-08-06T12:48:51Z sample=70, 52.06, P4, 1267, 11001, 15910
2026-08-06T12:48:52Z sample=69, 45.19, P4, 712, 9001, 15910
2026-08-06T12:48:53Z sample=70, 48.90, P4, 1507, 11001, 15910
2026-08-06T12:48:54Z sample=70, 48.35, P4, 1312, 9001, 15910
2026-08-06T12:48:55Z sample=70, 44.95, P4, 1290, 9001, 15910
2026-08-06T12:48:56Z sample=70, 31.16, P4, 742, 9001, 15910
2026-08-06T12:48:57Z sample=68, 28.00, P4, 517, 9001, 15910
2026-08-06T12:48:58Z sample=68, 29.21, P4, 600, 9001, 15910
2026-08-06T12:48:59Z sample=68, 29.27, P4, 622, 9001, 15910
2026-08-06T12:49:00Z sample=68, 29.33, P4, 540, 9001, 15910
2026-08-06T12:49:01Z sample=69, 37.22, P4, 1507, 9001, 15910
2026-08-06T12:49:02Z sample=69, 44.35, P4, 1035, 9001, 15910
2026-08-06T12:49:03Z sample=70, 47.95, P4, 1080, 9001, 15910
2026-08-06T12:49:04Z sample=70, 20.59, P4, 645, 9001, 15910
2026-08-06T12:49:05Z sample=68, 30.42, P4, 562, 9001, 15910
2026-08-06T12:49:07Z sample=69, 28.50, P4, 480, 9001, 15910
2026-08-06T12:49:08Z sample=68, 29.79, P4, 615, 9001, 15910
2026-08-06T12:49:09Z sample=68, 29.33, P4, 510, 9001, 15910
2026-08-06T12:49:07Z sample=70, 36.79, P4, 1057, 9001, 15910
2026-08-06T12:49:08Z sample=70, 46.40, P4, 1455, 9001, 15910
2026-08-06T12:49:09Z sample=70, 50.82, P2, 1447, 9001, 15910
2026-08-06T12:49:10Z sample=69, 39.95, P4, 487, 9001, 15910
2026-08-06T12:49:11Z sample=68, 29.92, P4, 540, 9001, 15910
2026-08-06T12:49:12Z sample=69, 28.71, P4, 532, 9001, 15910
2026-08-06T12:49:13Z sample=68, 28.93, P4, 622, 9001, 15910
2026-08-06T12:49:15Z sample=68, 29.45, P4, 615, 9001, 15910
2026-08-06T12:49:16Z sample=69, 36.36, P4, 952, 9001, 15910
2026-08-06T12:49:17Z sample=70, 43.15, P4, 1440, 9001, 15910
2026-08-06T12:49:18Z sample=70, 49.16, P4, 1507, 9001, 15910
2026-08-06T12:49:19Z sample=70, 56.35, P2, 1372, 11001, 15910
2026-08-06T12:49:20Z sample=71, 59.17, P0, 1507, 14001, 15910
2026-08-06T12:49:21Z sample=70, 57.87, P0, 1245, 14001, 15910
2026-08-06T12:49:22Z sample=69, 39.12, P4, 742, 9001, 15910
2026-08-06T12:49:23Z sample=69, 30.56, P4, 397, 9001, 15910
2026-08-06T12:49:24Z sample=69, 28.01, P4, 495, 9001, 15910
2026-08-06T12:49:25Z sample=68, 29.15, P4, 525, 9001, 15910
2026-08-06T12:49:26Z sample=69, 29.24, P4, 517, 9001, 15910
2026-08-06T12:49:28Z sample=69, 29.18, P4, 615, 9001, 15910
2026-08-06T12:49:29Z sample=69, 45.70, P4, 1072, 9001, 15910
2026-08-06T12:49:30Z sample=70, 44.56, P4, 1387, 9001, 15910
2026-08-06T12:49:31Z sample=70, 51.49, P2, 1155, 11001, 15910
2026-08-06T12:49:32Z sample=70, 49.39, P4, 1462, 9001, 15910
2026-08-06T12:49:33Z sample=71, 47.41, P4, 1237, 9001, 15910
2026-08-06T12:49:34Z sample=71, 53.43, P4, 1282, 11001, 15910
2026-08-06T12:49:35Z sample=71, 50.09, P0, 1402, 9001, 15910
2026-08-06T12:49:36Z sample=70, 49.87, P0, 1215, 14001, 15910
2026-08-06T12:49:37Z sample=70, 51.71, P4, 1387, 9001, 15910
2026-08-06T12:49:38Z sample=71, 51.61, P4, 1485, 11001, 15910
