ds4: Linux cuda backend set oom_score_adj=1000
ds4: CUDA backend initialized on NVIDIA GeForce RTX 5080 Laptop GPU (sm_120) dev=0
ds4: cuda SSD streaming total expert budget 7.00 GiB = 3.38 GiB prefill headroom + 3.62 GiB dynamic cache (549 experts, 6.75 MiB each)
ds4: SSD streaming initial cuda model map restricted to token embedding (1 spans, 0.99 GiB tensor span)
ds4: CUDA host registration skipped: out of memory
ds4: CUDA preparing model tensor mappings
ds4: CUDA loading model tensors into device cache
ds4: CUDA startup model preparation covered 0.99 GiB of tensor spans in 0.433s
ds4: cuda backend initialized for graph diagnostics
ds4: memory: KV 1.70 GiB (raw 0.02 + compressed 1.68) + buffers 0.03 GiB + resident model 0.99 GiB + expert cache 3.62 GiB + prefill expert reserve 3.38 GiB = 9.71 GiB planned
ds4: memory detail: ctx=131072 prefill_cap=128 raw_kv_rows=256 compressed_kv_rows=32770 backend=cuda
0807 14:26:56 ds4-server: context buffers 1773.75 MiB (ctx=131072, backend=cuda, prefill_chunk=128, raw_kv_rows=256, compressed_kv_rows=32770)
0807 14:26:56 ds4-server: listening on http://127.0.0.1:18080
0807 14:26:57 ds4-server: chat ctx=0..21:21 prompt start
ds4: DS4_CUDA_MMQ=0 - mmq prefill tier disabled
ds4: CUDA layer expert cache allocated 3.62 GiB (549 experts across 43 layers)
0807 14:27:05 ds4-server: chat ctx=0..21:21 prompt done 7.950s
0807 14:27:08 ds4-server: chat ctx=21..32:11 gen=11 decoding chunk=3.22 t/s avg=3.22 t/s 3.414s
0807 14:27:08 ds4-server: chat ctx=0..21:21 gen=11 finish=stop 11.367s
0807 14:27:08 ds4-server: live kv cache miss live=32 prompt=20 common=2 reason=token-mismatch
0807 14:27:08 ds4-server: chat ctx=0..20:20 prompt start
0807 14:27:16 ds4-server: chat ctx=0..20:20 prompt done 6.273s
0807 14:27:18 ds4-server: chat ctx=20..27:7 gen=7 decoding chunk=3.15 t/s avg=3.15 t/s 2.224s
0807 14:27:18 ds4-server: chat ctx=0..20:20 gen=7 finish=stop 8.502s
0807 14:27:18 ds4-server: live kv cache miss live=27 prompt=24 common=2 reason=token-mismatch
0807 14:27:18 ds4-server: chat ctx=0..24:24 prompt start
0807 14:27:23 ds4-server: chat ctx=0..24:24 prompt done 4.700s
0807 14:27:25 ds4-server: chat ctx=24..32:8 gen=8 decoding chunk=3.02 t/s avg=3.02 t/s 2.652s
0807 14:27:25 ds4-server: chat ctx=0..24:24 gen=8 finish=stop 7.357s
0807 14:27:25 ds4-server: live kv cache miss live=32 prompt=42 common=2 reason=token-mismatch
0807 14:27:25 ds4-server: chat ctx=0..42:42 prompt start
0807 14:27:32 ds4-server: chat ctx=0..42:42 prompt done 6.165s
0807 14:27:38 ds4-server: chat ctx=42..64:22 gen=22 decoding chunk=3.25 t/s avg=3.25 t/s 6.778s
0807 14:27:38 ds4-server: chat ctx=0..42:42 gen=22 finish=stop 12.946s
0807 14:27:38 ds4-server: live kv cache miss live=64 prompt=29 common=2 reason=token-mismatch
0807 14:27:38 ds4-server: chat ctx=0..29:29 prompt start
0807 14:27:43 ds4-server: chat ctx=0..29:29 prompt done 5.105s
0807 14:27:55 ds4-server: chat ctx=29..61:32 gen=32 decoding chunk=3.12 t/s avg=3.12 t/s 10.246s
0807 14:27:55 ds4-server: chat ctx=0..29:29 gen=32 finish=length 15.358s
0807 14:27:55 ds4-server: live kv cache miss live=61 prompt=29 common=2 reason=token-mismatch
0807 14:27:55 ds4-server: chat ctx=0..29:29 prompt start
0807 14:27:59 ds4-server: chat ctx=0..29:29 prompt done 4.276s
0807 14:28:09 ds4-server: chat ctx=29..61:32 gen=32 decoding chunk=3.38 t/s avg=3.38 t/s 9.465s
0807 14:28:09 ds4-server: chat ctx=0..29:29 gen=32 finish=length 13.743s
0807 14:28:09 ds4-server: live kv cache miss live=61 prompt=32 common=2 reason=token-mismatch
0807 14:28:09 ds4-server: chat ctx=0..32:32 prompt start
0807 14:28:13 ds4-server: chat ctx=0..32:32 prompt done 4.487s
0807 14:28:16 ds4-server: chat ctx=32..40:8 gen=8 decoding chunk=3.27 t/s avg=3.27 t/s 2.448s
0807 14:28:16 ds4-server: chat ctx=0..32:32 gen=8 finish=stop 6.937s
0807 14:28:16 ds4-server: live kv cache miss live=40 prompt=24 common=2 reason=token-mismatch
0807 14:28:16 ds4-server: chat ctx=0..24:24 prompt start
0807 14:28:21 ds4-server: chat ctx=0..24:24 prompt done 4.046s
0807 14:28:23 ds4-server: chat ctx=24..33:9 gen=9 decoding chunk=3.48 t/s avg=3.48 t/s 2.583s
0807 14:28:23 ds4-server: chat ctx=0..24:24 gen=9 finish=stop 6.631s
0807 14:28:23 ds4-server: live kv cache miss live=33 prompt=21 common=2 reason=token-mismatch
0807 14:28:23 ds4-server: chat ctx=0..21:21 prompt start
0807 14:28:27 ds4-server: chat ctx=0..21:21 prompt done 4.086s
0807 14:28:33 ds4-server: chat ctx=21..41:20 gen=20 decoding chunk=3.71 t/s avg=3.71 t/s 5.386s
0807 14:28:33 ds4-server: chat ctx=0..21:21 gen=20 finish=stop 9.476s
0807 14:28:33 ds4-server: live kv cache miss live=41 prompt=26 common=2 reason=token-mismatch
0807 14:28:33 ds4-server: chat ctx=0..26:26 prompt start
0807 14:28:38 ds4-server: chat ctx=0..26:26 prompt done 4.735s
0807 14:28:47 ds4-server: chat ctx=26..58:32 gen=32 decoding chunk=3.48 t/s avg=3.48 t/s 9.196s
0807 14:28:47 ds4-server: chat ctx=0..26:26 gen=32 finish=length 13.933s
0807 14:28:47 ds4-server: shutdown requested, draining requests
