2026-08-07T12:26:56Z temp_c=64
2026-08-07T12:26:57Z sample=65, 27.33, P0, 1650, 14001, 3277
2026-08-07T12:26:58Z sample=65, 36.68, P0, 1530, 14001, 8185
2026-08-07T12:26:59Z sample=65, 36.02, P0, 1680, 14001, 9209
2026-08-07T12:27:00Z sample=65, 39.65, P0, 1740, 14001, 10233
2026-08-07T12:27:01Z sample=65, 33.48, P0, 1657, 14001, 11513
2026-08-07T12:27:02Z sample=66, 35.28, P0, 1732, 14001, 12537
2026-08-07T12:27:03Z sample=66, 31.82, P0, 1770, 14001, 13561
2026-08-07T12:27:04Z sample=65, 27.20, P0, 1627, 14001, 14329
2026-08-07T12:27:05Z sample=66, 46.72, P0, 1852, 14001, 15355
2026-08-07T12:27:06Z sample=66, 48.79, P0, 1860, 14001, 15355
2026-08-07T12:27:07Z sample=66, 44.29, P0, 1882, 14001, 15355
2026-08-07T12:27:08Z sample=67, 34.77, P0, 1777, 14001, 15355
2026-08-07T12:27:10Z sample=66, 29.50, P0, 1537, 14001, 15355
2026-08-07T12:27:11Z sample=66, 31.93, P0, 1560, 14001, 15355
2026-08-07T12:27:12Z sample=65, 40.45, P0, 1560, 14001, 15355
2026-08-07T12:27:14Z sample=66, 30.99, P0, 1560, 14001, 15355
2026-08-07T12:27:15Z sample=66, 37.20, P0, 1560, 14001, 15355
2026-08-07T12:27:16Z sample=66, 38.23, P0, 1552, 14001, 15355
2026-08-07T12:27:17Z sample=67, 45.86, P0, 1822, 14001, 15355
2026-08-07T12:27:18Z sample=67, 54.35, P0, 1882, 14001, 15355
2026-08-07T12:27:19Z sample=66, 30.21, P0, 1575, 14001, 15395
2026-08-07T12:27:20Z sample=66, 28.52, P0, 1590, 14001, 15395
2026-08-07T12:27:21Z sample=67, 33.15, P0, 1605, 14001, 15395
2026-08-07T12:27:22Z sample=66, 28.76, P0, 1567, 14001, 15395
2026-08-07T12:27:23Z sample=67, 43.67, P0, 1762, 14001, 15395
2026-08-07T12:27:24Z sample=67, 42.15, P0, 1837, 14001, 15395
2026-08-07T12:27:25Z sample=67, 48.95, P0, 1770, 14001, 15395
2026-08-07T12:27:26Z sample=68, 26.74, P0, 1567, 14001, 15775
2026-08-07T12:27:27Z sample=68, 26.88, P0, 1590, 14001, 15775
2026-08-07T12:27:29Z sample=66, 35.07, P0, 1612, 14001, 15775
2026-08-07T12:27:30Z sample=67, 36.73, P0, 1582, 14001, 15775
2026-08-07T12:27:31Z sample=67, 49.12, P0, 1582, 14001, 15775
2026-08-07T12:27:32Z sample=68, 31.64, P0, 1575, 14001, 15775
2026-08-07T12:27:33Z sample=68, 41.83, P0, 1852, 14001, 15775
2026-08-07T12:27:34Z sample=68, 49.63, P0, 1927, 14001, 15775
2026-08-07T12:27:35Z sample=68, 45.77, P0, 1822, 14001, 15775
2026-08-07T12:27:36Z sample=68, 46.73, P0, 1807, 14001, 15775
2026-08-07T12:27:37Z sample=68, 47.48, P0, 1890, 14001, 15775
2026-08-07T12:27:38Z sample=68, 43.90, P0, 1815, 14001, 15775
2026-08-07T12:27:39Z sample=68, 37.60, P0, 1545, 14001, 15775
2026-08-07T12:27:40Z sample=68, 39.03, P0, 1582, 14001, 15775
2026-08-07T12:27:41Z sample=67, 35.39, P0, 1567, 14001, 15775
2026-08-07T12:27:42Z sample=67, 38.05, P0, 1567, 14001, 15775
2026-08-07T12:27:43Z sample=67, 34.01, P0, 1567, 14001, 15775
2026-08-07T12:27:44Z sample=68, 46.89, P0, 1830, 14001, 15775
2026-08-07T12:27:45Z sample=69, 46.64, P0, 1905, 14001, 15775
2026-08-07T12:27:48Z sample=68, 57.48, P0, 1875, 14001, 15775
2026-08-07T12:27:49Z sample=68, 45.19, P0, 1860, 14001, 15775
2026-08-07T12:27:50Z sample=68, 43.49, P0, 1830, 14001, 15775
2026-08-07T12:27:51Z sample=68, 49.11, P0, 1732, 14001, 15775
2026-08-07T12:27:52Z sample=68, 48.20, P0, 1770, 14001, 15775
2026-08-07T12:27:53Z sample=69, 50.52, P0, 1860, 14001, 15775
2026-08-07T12:27:54Z sample=69, 46.95, P0, 1800, 14001, 15775
2026-08-07T12:27:55Z sample=69, 51.49, P0, 1807, 14001, 15775
2026-08-07T12:27:56Z sample=68, 34.35, P0, 1545, 14001, 15775
2026-08-07T12:27:57Z sample=68, 35.41, P0, 1575, 14001, 15775
2026-08-07T12:27:58Z sample=69, 27.89, P0, 1597, 14001, 15775
2026-08-07T12:27:59Z sample=68, 33.96, P0, 1612, 14001, 15775
2026-08-07T12:28:00Z sample=69, 53.51, P0, 1927, 14001, 15775
2026-08-07T12:28:01Z sample=69, 51.11, P0, 1875, 14001, 15775
2026-08-07T12:28:02Z sample=69, 42.74, P0, 1927, 14001, 15775
2026-08-07T12:28:03Z sample=69, 37.64, P0, 1777, 14001, 15775
2026-08-07T12:28:04Z sample=69, 49.06, P0, 1882, 14001, 15775
2026-08-07T12:28:05Z sample=69, 46.59, P0, 1882, 14001, 15775
2026-08-07T12:28:06Z sample=69, 53.77, P0, 1747, 14001, 15775
2026-08-07T12:28:07Z sample=70, 47.47, P0, 1965, 14001, 15775
2026-08-07T12:28:08Z sample=70, 55.17, P0, 1875, 14001, 15775
2026-08-07T12:28:10Z sample=69, 35.69, P0, 1590, 14001, 15775
2026-08-07T12:28:11Z sample=69, 38.15, P0, 1605, 14001, 15775
2026-08-07T12:28:12Z sample=69, 27.88, P0, 1612, 14001, 15775
2026-08-07T12:28:13Z sample=69, 35.14, P0, 1597, 14001, 15775
2026-08-07T12:28:14Z sample=69, 42.92, P0, 1620, 14001, 15775
2026-08-07T12:28:15Z sample=69, 47.23, P0, 1845, 14001, 15775
2026-08-07T12:28:16Z sample=70, 38.54, P0, 1905, 14001, 15775
2026-08-07T12:28:17Z sample=69, 33.30, P0, 1582, 14001, 15775
2026-08-07T12:28:18Z sample=70, 33.41, P0, 1597, 14001, 15775
2026-08-07T12:28:19Z sample=69, 33.96, P0, 1620, 14001, 15775
2026-08-07T12:28:21Z sample=69, 29.47, P0, 1635, 14001, 15775
2026-08-07T12:28:22Z sample=70, 60.35, P0, 1875, 14001, 15775
2026-08-07T12:28:23Z sample=70, 64.74, P0, 1957, 14001, 15775
2026-08-07T12:28:24Z sample=69, 34.40, P0, 1575, 14001, 15775
2026-08-07T12:28:25Z sample=69, 27.90, P0, 1597, 14001, 15775
2026-08-07T12:28:26Z sample=70, 40.13, P0, 1597, 14001, 15775
2026-08-07T12:28:27Z sample=69, 35.67, P0, 1567, 14001, 15775
2026-08-07T12:28:28Z sample=70, 54.33, P0, 1740, 14001, 15775
2026-08-07T12:28:29Z sample=70, 53.77, P0, 1912, 14001, 15775
2026-08-07T12:28:31Z sample=71, 59.61, P0, 2047, 14001, 15775
2026-08-07T12:28:32Z sample=70, 56.13, P0, 1785, 14001, 15775
2026-08-07T12:28:33Z sample=70, 54.40, P0, 1897, 14001, 15775
2026-08-07T12:28:34Z sample=69, 32.64, P0, 1552, 14001, 15775
2026-08-07T12:28:35Z sample=70, 33.81, P0, 1575, 14001, 15775
2026-08-07T12:28:36Z sample=69, 34.47, P0, 1627, 14001, 15775
2026-08-07T12:28:37Z sample=69, 34.28, P0, 1590, 14001, 15775
2026-08-07T12:28:38Z sample=70, 50.45, P0, 1560, 14001, 15775
2026-08-07T12:28:39Z sample=70, 45.84, P0, 1875, 14001, 15775
2026-08-07T12:28:40Z sample=71, 52.89, P0, 1935, 14001, 15775
2026-08-07T12:28:41Z sample=71, 53.78, P0, 1965, 14001, 15775
2026-08-07T12:28:42Z sample=71, 46.72, P0, 1800, 14001, 15775
2026-08-07T12:28:43Z sample=71, 48.64, P0, 1830, 14001, 15775
2026-08-07T12:28:44Z sample=70, 52.08, P0, 1875, 14001, 15775
2026-08-07T12:28:45Z sample=71, 45.80, P0, 1882, 14001, 15775
2026-08-07T12:28:46Z sample=71, 43.62, P0, 1890, 14001, 15775
