ds4: Linux cuda backend set oom_score_adj=1000
ds4: CUDA backend initialized on NVIDIA GeForce RTX 5080 Laptop GPU (sm_120) dev=0
ds4: cuda SSD streaming total expert budget 10.00 GiB = 3.38 GiB prefill headroom + 6.62 GiB dynamic cache (1005 experts, 6.75 MiB each)
ds4: SSD streaming initial cuda model map restricted to token embedding (1 spans, 0.99 GiB tensor span)
ds4: CUDA host registration skipped: out of memory
ds4: CUDA preparing model tensor mappings
ds4: CUDA loading model tensors into device cache
ds4: CUDA startup model preparation covered 0.99 GiB of tensor spans in 0.506s
ds4: cuda backend initialized for graph diagnostics
ds4: memory: KV 0.07 GiB (raw 0.02 + compressed 0.05) + buffers 0.00 GiB + resident model 0.99 GiB + expert cache 6.62 GiB + prefill expert reserve 3.38 GiB = 11.06 GiB planned
ds4: memory detail: ctx=4096 prefill_cap=128 raw_kv_rows=256 compressed_kv_rows=1026 backend=cuda
0806 14:45:37 ds4-server: context buffers 76.50 MiB (ctx=4096, backend=cuda, prefill_chunk=128, raw_kv_rows=256, compressed_kv_rows=1026)
0806 14:45:37 ds4-server: listening on http://127.0.0.1:18080
0806 14:45:37 ds4-server: chat ctx=0..21:21 prompt start
ds4: DS4_CUDA_MMQ=0 - mmq prefill tier disabled
ds4: CUDA layer expert cache allocated 6.62 GiB (1005 prefill experts, 1005 decode experts across 43 layers)
ds4: CUDA loading model tensors 8.17 GiB cached
0806 14:45:44 ds4-server: chat ctx=0..21:21 prompt done 9.300s
0806 14:45:47 ds4-server: chat ctx=21..32:11 gen=11 decoding chunk=3.07 t/s avg=3.07 t/s 3.579s
0806 14:45:47 ds4-server: chat ctx=0..21:21 gen=11 finish=stop 12.881s
0806 14:45:47 ds4-server: live kv cache miss live=32 prompt=20 common=2 reason=token-mismatch
0806 14:45:47 ds4-server: chat ctx=0..20:20 prompt start
ds4: CUDA prompt expert cache summary hits=1990 misses=2874 evictions=1187 SSD=18.94 GiB capacity=1005 resident=1005
0806 14:45:55 ds4-server: chat ctx=0..20:20 prompt done 7.216s
0806 14:45:57 ds4-server: chat ctx=20..27:7 gen=7 decoding chunk=2.93 t/s avg=2.93 t/s 2.389s
0806 14:45:57 ds4-server: chat ctx=0..20:20 gen=7 finish=stop 9.608s
0806 14:45:57 ds4-server: live kv cache miss live=27 prompt=24 common=2 reason=token-mismatch
0806 14:45:57 ds4-server: chat ctx=0..24:24 prompt start
ds4: CUDA prompt expert cache summary hits=1612 misses=2177 evictions=1261 SSD=14.35 GiB capacity=1005 resident=1005
0806 14:46:02 ds4-server: chat ctx=0..24:24 prompt done 5.107s
0806 14:46:05 ds4-server: chat ctx=24..32:8 gen=8 decoding chunk=2.59 t/s avg=2.59 t/s 3.092s
0806 14:46:05 ds4-server: chat ctx=0..24:24 gen=8 finish=stop 8.201s
0806 14:46:05 ds4-server: live kv cache miss live=32 prompt=42 common=2 reason=token-mismatch
0806 14:46:05 ds4-server: chat ctx=0..42:42 prompt start
ds4: CUDA prompt expert cache summary hits=1698 misses=2649 evictions=1527 SSD=17.46 GiB capacity=1005 resident=1005
0806 14:46:10 ds4-server: chat ctx=0..42:42 prompt done 6.986s
0806 14:46:17 ds4-server: chat ctx=42..64:22 gen=22 decoding chunk=3.03 t/s avg=3.03 t/s 7.255s
0806 14:46:17 ds4-server: chat ctx=0..42:42 gen=22 finish=stop 14.244s
0806 14:46:17 ds4-server: live kv cache miss live=64 prompt=29 common=2 reason=token-mismatch
0806 14:46:17 ds4-server: chat ctx=0..29:29 prompt start
ds4: CUDA prompt expert cache summary hits=4525 misses=4290 evictions=2613 SSD=28.28 GiB capacity=1005 resident=1005
0806 14:46:23 ds4-server: chat ctx=0..29:29 prompt done 6.209s
0806 14:46:34 ds4-server: chat ctx=29..61:32 gen=32 decoding chunk=2.87 t/s avg=2.87 t/s 11.168s
0806 14:46:34 ds4-server: chat ctx=0..29:29 gen=32 finish=length 17.379s
0806 14:46:34 ds4-server: live kv cache miss live=61 prompt=29 common=2 reason=token-mismatch
0806 14:46:34 ds4-server: chat ctx=0..29:29 prompt start
ds4: CUDA prompt expert cache summary hits=5964 misses=4975 evictions=3603 SSD=32.79 GiB capacity=1005 resident=1005
0806 14:46:40 ds4-server: chat ctx=0..29:29 prompt done 5.313s
0806 14:46:47 ds4-server: chat ctx=29..61:32 gen=32 decoding chunk=3.03 t/s avg=3.03 t/s 10.566s
0806 14:46:47 ds4-server: chat ctx=0..29:29 gen=32 finish=length 15.881s
0806 14:46:47 ds4-server: live kv cache miss live=61 prompt=32 common=2 reason=token-mismatch
0806 14:46:47 ds4-server: chat ctx=0..32:32 prompt start
ds4: CUDA prompt expert cache summary hits=5970 misses=4648 evictions=3567 SSD=30.64 GiB capacity=1005 resident=1005
0806 14:46:53 ds4-server: chat ctx=0..32:32 prompt done 5.880s
0806 14:46:56 ds4-server: chat ctx=32..40:8 gen=8 decoding chunk=2.71 t/s avg=2.71 t/s 2.951s
0806 14:46:56 ds4-server: chat ctx=0..32:32 gen=8 finish=stop 8.836s
0806 14:46:56 ds4-server: live kv cache miss live=40 prompt=24 common=2 reason=token-mismatch
0806 14:46:56 ds4-server: chat ctx=0..24:24 prompt start
ds4: CUDA prompt expert cache summary hits=1733 misses=2681 evictions=1708 SSD=17.67 GiB capacity=1005 resident=1005
0806 14:47:02 ds4-server: chat ctx=0..24:24 prompt done 5.581s
0806 14:47:05 ds4-server: chat ctx=24..33:9 gen=9 decoding chunk=2.81 t/s avg=2.81 t/s 3.207s
0806 14:47:05 ds4-server: chat ctx=0..24:24 gen=9 finish=stop 8.792s
0806 14:47:05 ds4-server: live kv cache miss live=33 prompt=21 common=2 reason=token-mismatch
0806 14:47:05 ds4-server: chat ctx=0..21:21 prompt start
ds4: CUDA prompt expert cache summary hits=2075 misses=2512 evictions=1503 SSD=16.56 GiB capacity=1005 resident=1005
0806 14:47:08 ds4-server: chat ctx=0..21:21 prompt done 5.605s
0806 14:47:14 ds4-server: chat ctx=21..41:20 gen=20 decoding chunk=3.20 t/s avg=3.20 t/s 6.252s
0806 14:47:14 ds4-server: chat ctx=0..21:21 gen=20 finish=stop 11.860s
0806 14:47:14 ds4-server: live kv cache miss live=41 prompt=26 common=2 reason=token-mismatch
0806 14:47:14 ds4-server: chat ctx=0..26:26 prompt start
ds4: CUDA prompt expert cache summary hits=4260 misses=3179 evictions=2210 SSD=20.96 GiB capacity=1005 resident=1005
0806 14:47:20 ds4-server: chat ctx=0..26:26 prompt done 5.913s
0806 14:47:31 ds4-server: chat ctx=26..58:32 gen=32 decoding chunk=3.04 t/s avg=3.04 t/s 10.537s
0806 14:47:31 ds4-server: chat ctx=0..26:26 gen=32 finish=length 16.457s
0806 14:47:31 ds4-server: shutdown requested, draining requests
