2026-08-06T12:45:36Z temp_c=66
2026-08-06T12:45:37Z sample=66, 29.75, P0, 1545, 14001, 1486
2026-08-06T12:45:38Z sample=66, 31.89, P0, 1530, 14001, 9210
2026-08-06T12:45:39Z sample=66, 33.47, P0, 1620, 14001, 9984
2026-08-06T12:45:40Z sample=66, 33.26, P0, 1672, 14001, 11008
2026-08-06T12:45:42Z sample=66, 35.24, P0, 1680, 14001, 12032
2026-08-06T12:45:40Z sample=66, 32.31, P0, 1657, 14001, 12800
2026-08-06T12:45:41Z sample=67, 33.21, P0, 1725, 14001, 13824
2026-08-06T12:45:42Z sample=67, 33.31, P0, 1717, 14001, 14848
2026-08-06T12:45:43Z sample=66, 32.81, P0, 1605, 14001, 15616
2026-08-06T12:45:44Z sample=66, 38.75, P0, 1620, 14001, 15874
2026-08-06T12:45:45Z sample=69, 52.57, P0, 2115, 9001, 15874
2026-08-06T12:45:46Z sample=68, 52.99, P4, 1620, 9001, 15874
2026-08-06T12:45:48Z sample=69, 50.60, P4, 1432, 9001, 15874
2026-08-06T12:45:49Z sample=67, 24.53, P4, 285, 9001, 15874
2026-08-06T12:45:50Z sample=67, 24.21, P4, 367, 9001, 15874
2026-08-06T12:45:51Z sample=67, 25.16, P4, 352, 9001, 15874
2026-08-06T12:45:52Z sample=67, 24.19, P4, 330, 9001, 15874
2026-08-06T12:45:53Z sample=67, 17.92, P4, 315, 9001, 15874
2026-08-06T12:45:54Z sample=68, 32.91, P5, 570, 810, 15874
2026-08-06T12:45:55Z sample=68, 54.38, P0, 622, 11001, 15874
2026-08-06T12:45:56Z sample=70, 54.03, P4, 1417, 9001, 15874
2026-08-06T12:45:57Z sample=69, 56.67, P4, 1687, 9001, 15874
2026-08-06T12:45:58Z sample=67, 29.97, P4, 315, 9001, 15914
2026-08-06T12:45:59Z sample=67, 26.75, P4, 382, 9001, 15914
2026-08-06T12:46:00Z sample=68, 28.22, P4, 435, 9001, 15914
2026-08-06T12:46:01Z sample=67, 26.59, P4, 412, 9001, 15914
2026-08-06T12:46:02Z sample=68, 31.95, P4, 960, 9001, 15914
2026-08-06T12:46:04Z sample=68, 45.03, P4, 1462, 9001, 15914
2026-08-06T12:46:05Z sample=69, 45.93, P4, 1050, 9001, 15914
2026-08-06T12:46:06Z sample=67, 36.59, P4, 742, 9001, 15868
2026-08-06T12:46:07Z sample=67, 34.44, P4, 1327, 9001, 15910
2026-08-06T12:46:08Z sample=69, 36.71, P4, 750, 9001, 15910
2026-08-06T12:46:09Z sample=68, 34.24, P4, 727, 9001, 15910
2026-08-06T12:46:10Z sample=68, 32.72, P4, 720, 9001, 15910
2026-08-06T12:46:11Z sample=67, 31.79, P4, 615, 9001, 15910
2026-08-06T12:46:10Z sample=68, 32.56, P4, 667, 9001, 15910
2026-08-06T12:46:11Z sample=68, 44.85, P4, 1140, 9001, 15910
2026-08-06T12:46:12Z sample=69, 49.92, P4, 1215, 9001, 15910
2026-08-06T12:46:13Z sample=68, 44.80, P4, 1327, 9001, 15910
2026-08-06T12:46:14Z sample=69, 48.89, P4, 1582, 9001, 15910
2026-08-06T12:46:15Z sample=70, 56.86, P2, 1447, 11001, 15910
2026-08-06T12:46:16Z sample=69, 50.44, P4, 1440, 14001, 15910
2026-08-06T12:46:17Z sample=69, 50.39, P4, 1470, 9001, 15910
2026-08-06T12:46:18Z sample=68, 30.78, P4, 562, 9001, 15910
2026-08-06T12:46:19Z sample=68, 31.69, P4, 570, 9001, 15910
2026-08-06T12:46:20Z sample=69, 19.68, P4, 540, 9001, 15910
2026-08-06T12:46:21Z sample=68, 31.50, P4, 780, 9001, 15910
2026-08-06T12:46:22Z sample=68, 31.12, P4, 600, 9001, 15910
2026-08-06T12:46:23Z sample=68, 33.20, P4, 480, 9001, 15910
2026-08-06T12:46:24Z sample=69, 44.32, P4, 1102, 9001, 15910
2026-08-06T12:46:25Z sample=69, 45.76, P4, 1350, 9001, 15910
2026-08-06T12:46:27Z sample=69, 46.19, P4, 1237, 9001, 15910
2026-08-06T12:46:28Z sample=69, 47.10, P2, 1462, 9001, 15910
2026-08-06T12:46:29Z sample=70, 50.12, P2, 1425, 9001, 15910
2026-08-06T12:46:30Z sample=70, 48.78, P2, 1065, 11001, 15910
2026-08-06T12:46:31Z sample=69, 50.19, P4, 1507, 11001, 15910
2026-08-06T12:46:32Z sample=70, 50.18, P0, 1612, 14001, 15910
2026-08-06T12:46:33Z sample=70, 49.22, P4, 1455, 9001, 15910
2026-08-06T12:46:34Z sample=69, 49.76, P4, 1297, 9001, 15910
2026-08-06T12:46:35Z sample=68, 38.98, P4, 750, 9001, 15910
2026-08-06T12:46:36Z sample=68, 32.79, P4, 585, 9001, 15910
2026-08-06T12:46:37Z sample=69, 30.41, P4, 705, 9001, 15910
2026-08-06T12:46:38Z sample=68, 29.57, P4, 570, 9001, 15910
2026-08-06T12:46:39Z sample=68, 30.80, P4, 802, 9001, 15910
2026-08-06T12:46:40Z sample=69, 45.67, P4, 1305, 9001, 15910
2026-08-06T12:46:39Z sample=69, 47.33, P4, 1485, 9001, 15910
2026-08-06T12:46:40Z sample=69, 49.04, P4, 1312, 9001, 15910
2026-08-06T12:46:41Z sample=69, 48.85, P4, 1207, 9001, 15910
2026-08-06T12:46:42Z sample=69, 52.05, P4, 1582, 11001, 15910
2026-08-06T12:46:43Z sample=70, 55.05, P0, 1462, 9001, 15910
2026-08-06T12:46:44Z sample=70, 54.04, P0, 1477, 14001, 15910
2026-08-06T12:46:45Z sample=69, 47.59, P4, 1042, 11001, 15910
2026-08-06T12:46:46Z sample=70, 51.22, P2, 1305, 11001, 15910
2026-08-06T12:46:47Z sample=70, 52.51, P2, 1537, 9001, 15910
2026-08-06T12:46:48Z sample=70, 31.97, P4, 585, 9001, 15910
2026-08-06T12:46:50Z sample=69, 32.12, P4, 517, 9001, 15910
2026-08-06T12:46:51Z sample=70, 30.39, P4, 502, 9001, 15910
2026-08-06T12:46:52Z sample=69, 29.43, P4, 577, 9001, 15910
2026-08-06T12:46:53Z sample=69, 29.21, P4, 427, 9001, 15910
2026-08-06T12:46:54Z sample=69, 37.98, P4, 1312, 9001, 15910
2026-08-06T12:46:55Z sample=70, 42.52, P4, 1462, 9001, 15910
2026-08-06T12:46:56Z sample=70, 51.40, P4, 1470, 9001, 15910
2026-08-06T12:46:57Z sample=68, 32.96, P4, 600, 9001, 15910
2026-08-06T12:46:58Z sample=69, 29.07, P4, 465, 9001, 15910
2026-08-06T12:46:59Z sample=68, 27.97, P4, 645, 9001, 15910
2026-08-06T12:47:00Z sample=68, 30.39, P4, 585, 9001, 15910
2026-08-06T12:47:01Z sample=69, 30.09, P4, 592, 9001, 15910
2026-08-06T12:47:02Z sample=70, 35.86, P4, 1305, 9001, 15910
2026-08-06T12:47:03Z sample=69, 44.57, P4, 1477, 9001, 15910
2026-08-06T12:47:05Z sample=70, 49.03, P4, 1365, 9001, 15910
2026-08-06T12:47:06Z sample=69, 39.28, P4, 1552, 9001, 15910
2026-08-06T12:47:07Z sample=69, 30.13, P4, 682, 9001, 15910
2026-08-06T12:47:08Z sample=68, 29.75, P4, 547, 9001, 15910
2026-08-06T12:47:09Z sample=68, 27.50, P4, 562, 9001, 15910
2026-08-06T12:47:10Z sample=68, 29.99, P4, 720, 9001, 15910
2026-08-06T12:47:08Z sample=69, 32.52, P4, 1230, 9001, 15910
2026-08-06T12:47:09Z sample=70, 44.38, P4, 1455, 9001, 15910
2026-08-06T12:47:10Z sample=70, 49.32, P4, 1462, 9001, 15910
2026-08-06T12:47:12Z sample=70, 55.61, P2, 1252, 9001, 15910
2026-08-06T12:47:13Z sample=71, 58.49, P4, 1507, 14001, 15910
2026-08-06T12:47:14Z sample=70, 65.68, P0, 1102, 9001, 15910
2026-08-06T12:47:15Z sample=69, 40.44, P4, 592, 9001, 15910
2026-08-06T12:47:16Z sample=69, 29.83, P4, 487, 9001, 15910
2026-08-06T12:47:17Z sample=69, 28.78, P4, 630, 9001, 15910
2026-08-06T12:47:18Z sample=69, 28.38, P4, 570, 9001, 15910
2026-08-06T12:47:19Z sample=68, 29.60, P4, 675, 9001, 15910
2026-08-06T12:47:20Z sample=68, 28.00, P4, 690, 9001, 15910
2026-08-06T12:47:21Z sample=70, 46.10, P2, 1387, 11001, 15910
2026-08-06T12:47:22Z sample=70, 46.75, P4, 1327, 9001, 15910
2026-08-06T12:47:23Z sample=71, 55.14, P2, 1372, 11001, 15910
2026-08-06T12:47:24Z sample=70, 47.88, P0, 1410, 14001, 15910
2026-08-06T12:47:25Z sample=70, 43.25, P2, 1462, 9001, 15910
2026-08-06T12:47:26Z sample=70, 53.09, P4, 1470, 9001, 15910
2026-08-06T12:47:28Z sample=70, 49.83, P4, 1207, 11001, 15910
2026-08-06T12:47:29Z sample=70, 50.77, P4, 1087, 9001, 15910
2026-08-06T12:47:30Z sample=70, 52.27, P4, 1440, 9001, 15910
