2026-08-06T12:50:46Z temp_c=63
2026-08-06T12:50:47Z sample=63, 26.26, P0, 1492, 14001, 1486
2026-08-06T12:50:48Z sample=63, 28.80, P0, 1537, 14001, 9210
2026-08-06T12:50:49Z sample=64, 25.79, P0, 1627, 14001, 9728
2026-08-06T12:50:50Z sample=64, 31.46, P0, 1710, 14001, 10496
2026-08-06T12:50:51Z sample=64, 31.65, P0, 1725, 14001, 11520
2026-08-06T12:50:52Z sample=64, 32.76, P0, 1717, 14001, 12288
2026-08-06T12:50:53Z sample=64, 30.98, P4, 1657, 9001, 13312
2026-08-06T12:50:54Z sample=64, 26.33, P4, 652, 9001, 14080
2026-08-06T12:50:56Z sample=64, 24.25, P4, 405, 9001, 15104
2026-08-06T12:50:57Z sample=64, 24.77, P4, 502, 9001, 15872
2026-08-06T12:50:58Z sample=64, 58.74, P5, 562, 810, 15874
2026-08-06T12:50:59Z sample=66, 51.71, P4, 1530, 14001, 15874
2026-08-06T12:51:00Z sample=66, 52.43, P4, 1387, 11001, 15874
2026-08-06T12:51:01Z sample=66, 48.81, P4, 1372, 9001, 15874
2026-08-06T12:51:02Z sample=65, 33.90, P4, 1365, 9001, 15874
2026-08-06T12:51:03Z sample=65, 20.97, P4, 390, 9001, 15874
2026-08-06T12:51:04Z sample=65, 23.27, P4, 262, 9001, 15874
2026-08-06T12:51:05Z sample=65, 23.02, P4, 330, 9001, 15874
2026-08-06T12:51:06Z sample=65, 23.47, P4, 315, 9001, 15874
2026-08-06T12:51:05Z sample=65, 19.69, P4, 337, 9001, 15874
2026-08-06T12:51:06Z sample=66, 51.94, P2, 300, 810, 15874
2026-08-06T12:51:07Z sample=67, 47.56, P4, 1372, 9001, 15874
2026-08-06T12:51:08Z sample=67, 46.25, P4, 1447, 9001, 15874
2026-08-06T12:51:09Z sample=66, 19.74, P4, 352, 9001, 15914
2026-08-06T12:51:10Z sample=66, 56.30, P4, 390, 9001, 15914
2026-08-06T12:51:11Z sample=66, 26.32, P4, 502, 9001, 15914
2026-08-06T12:51:12Z sample=66, 19.23, P4, 420, 9001, 15914
2026-08-06T12:51:13Z sample=66, 46.05, P4, 352, 9001, 15914
2026-08-06T12:51:14Z sample=67, 49.59, P4, 1282, 9001, 15914
2026-08-06T12:51:15Z sample=67, 53.65, P4, 1410, 9001, 15914
2026-08-06T12:51:17Z sample=68, 46.09, P4, 1192, 9001, 15914
2026-08-06T12:51:18Z sample=68, 29.06, P4, 202, 11001, 15910
2026-08-06T12:51:19Z sample=66, 21.56, P4, 367, 9001, 15910
2026-08-06T12:51:20Z sample=66, 35.66, P4, 607, 9001, 15910
2026-08-06T12:51:21Z sample=66, 24.73, P4, 615, 9001, 15910
2026-08-06T12:51:22Z sample=66, 31.93, P4, 690, 9001, 15910
2026-08-06T12:51:23Z sample=66, 27.50, P4, 592, 9001, 15910
2026-08-06T12:51:24Z sample=68, 32.77, P5, 1192, 810, 15910
2026-08-06T12:51:25Z sample=69, 51.69, P4, 1380, 9001, 15910
2026-08-06T12:51:26Z sample=69, 55.94, P2, 1342, 11001, 15910
2026-08-06T12:51:27Z sample=68, 44.86, P4, 832, 9001, 15910
2026-08-06T12:51:29Z sample=68, 45.98, P4, 1170, 9001, 15910
2026-08-06T12:51:30Z sample=69, 53.86, P2, 1042, 11001, 15910
2026-08-06T12:51:31Z sample=69, 55.97, P0, 1335, 14001, 15910
2026-08-06T12:51:32Z sample=69, 81.98, P4, 1290, 9001, 15910
2026-08-06T12:51:33Z sample=69, 85.71, P4, 967, 9001, 15910
2026-08-06T12:51:34Z sample=68, 51.65, P4, 742, 9001, 15910
2026-08-06T12:51:35Z sample=68, 32.31, P4, 637, 9001, 15910
2026-08-06T12:51:36Z sample=68, 35.98, P4, 660, 9001, 15910
2026-08-06T12:51:34Z sample=68, 29.83, P4, 555, 9001, 15910
2026-08-06T12:51:36Z sample=69, 31.33, P4, 562, 9001, 15910
2026-08-06T12:51:37Z sample=69, 45.94, P4, 1507, 9001, 15910
2026-08-06T12:51:38Z sample=69, 44.25, P4, 1117, 9001, 15910
2026-08-06T12:51:39Z sample=69, 46.42, P4, 1005, 9001, 15910
2026-08-06T12:51:40Z sample=69, 54.57, P4, 967, 9001, 15910
2026-08-06T12:51:41Z sample=70, 44.71, P4, 1365, 9001, 15910
2026-08-06T12:51:42Z sample=70, 39.66, P4, 1350, 9001, 15910
2026-08-06T12:51:43Z sample=70, 52.35, P4, 1387, 9001, 15910
2026-08-06T12:51:44Z sample=70, 50.17, P4, 1320, 9001, 15910
2026-08-06T12:51:45Z sample=70, 66.79, P4, 1417, 9001, 15910
2026-08-06T12:51:46Z sample=70, 61.28, P4, 1297, 9001, 15910
2026-08-06T12:51:47Z sample=70, 52.54, P2, 915, 11001, 15910
2026-08-06T12:51:48Z sample=70, 21.93, P4, 607, 9001, 15910
2026-08-06T12:51:50Z sample=69, 34.56, P4, 750, 9001, 15910
2026-08-06T12:51:51Z sample=69, 61.87, P4, 622, 9001, 15910
2026-08-06T12:51:52Z sample=69, 29.44, P4, 615, 9001, 15910
2026-08-06T12:51:53Z sample=69, 27.62, P4, 697, 9001, 15910
2026-08-06T12:51:54Z sample=69, 47.40, P4, 667, 9001, 15910
2026-08-06T12:51:55Z sample=70, 44.50, P4, 1552, 9001, 15910
2026-08-06T12:51:56Z sample=71, 48.62, P4, 1410, 9001, 15910
2026-08-06T12:51:57Z sample=70, 41.66, P2, 1530, 11001, 15910
2026-08-06T12:51:58Z sample=70, 52.94, P2, 1185, 9001, 15910
2026-08-06T12:51:59Z sample=71, 50.44, P2, 967, 11001, 15910
2026-08-06T12:52:00Z sample=71, 53.22, P4, 1507, 11001, 15910
2026-08-06T12:52:02Z sample=71, 53.08, P4, 1410, 9001, 15910
2026-08-06T12:52:03Z sample=71, 58.82, P4, 1005, 9001, 15910
2026-08-06T12:52:04Z sample=71, 45.84, P4, 975, 9001, 15910
2026-08-06T12:52:05Z sample=71, 48.17, P4, 1200, 9001, 15910
2026-08-06T12:52:06Z sample=70, 35.17, P4, 480, 9001, 15910
2026-08-06T12:52:04Z sample=70, 32.35, P4, 757, 9001, 15910
2026-08-06T12:52:05Z sample=70, 56.14, P4, 532, 9001, 15910
2026-08-06T12:52:06Z sample=70, 31.38, P4, 555, 9001, 15910
2026-08-06T12:52:08Z sample=70, 31.51, P4, 615, 9001, 15910
2026-08-06T12:52:09Z sample=72, 64.59, P4, 1147, 9001, 15910
2026-08-06T12:52:10Z sample=72, 54.18, P2, 1372, 11001, 15910
2026-08-06T12:52:11Z sample=71, 26.94, P4, 1305, 9001, 15910
2026-08-06T12:52:12Z sample=70, 20.39, P4, 450, 9001, 15910
2026-08-06T12:52:13Z sample=70, 36.59, P4, 660, 9001, 15910
2026-08-06T12:52:14Z sample=70, 20.56, P4, 667, 9001, 15910
2026-08-06T12:52:15Z sample=71, 31.58, P4, 675, 9001, 15910
2026-08-06T12:52:16Z sample=71, 53.17, P4, 1410, 9001, 15910
2026-08-06T12:52:17Z sample=71, 49.09, P4, 1140, 9001, 15910
2026-08-06T12:52:19Z sample=73, 64.58, P2, 1432, 11001, 15910
2026-08-06T12:52:20Z sample=70, 28.72, P4, 757, 9001, 15910
2026-08-06T12:52:21Z sample=70, 31.14, P4, 660, 9001, 15910
2026-08-06T12:52:22Z sample=70, 23.03, P4, 622, 9001, 15910
2026-08-06T12:52:23Z sample=71, 28.40, P4, 652, 9001, 15910
2026-08-06T12:52:24Z sample=70, 38.02, P4, 652, 9001, 15910
2026-08-06T12:52:25Z sample=71, 47.32, P4, 1215, 9001, 15910
2026-08-06T12:52:26Z sample=72, 58.99, P4, 1260, 9001, 15910
2026-08-06T12:52:27Z sample=72, 58.38, P4, 1267, 9001, 15910
2026-08-06T12:52:28Z sample=72, 59.65, P2, 1290, 11001, 15910
2026-08-06T12:52:29Z sample=73, 51.71, P0, 1627, 9001, 15910
2026-08-06T12:52:30Z sample=73, 62.92, P0, 1537, 9001, 15910
2026-08-06T12:52:31Z sample=72, 22.79, P4, 1200, 9001, 15910
2026-08-06T12:52:32Z sample=71, 33.79, P4, 517, 9001, 15910
2026-08-06T12:52:33Z sample=71, 34.83, P4, 697, 9001, 15910
2026-08-06T12:52:35Z sample=72, 33.66, P4, 555, 9001, 15910
2026-08-06T12:52:36Z sample=72, 38.01, P4, 540, 9001, 15910
2026-08-06T12:52:34Z sample=71, 36.60, P4, 570, 9001, 15910
2026-08-06T12:52:35Z sample=72, 54.08, P4, 1387, 9001, 15910
2026-08-06T12:52:36Z sample=73, 42.12, P4, 1432, 9001, 15910
2026-08-06T12:52:37Z sample=73, 44.12, P4, 1440, 9001, 15910
2026-08-06T12:52:38Z sample=73, 69.90, P4, 1245, 11001, 15910
2026-08-06T12:52:39Z sample=72, 40.73, P4, 840, 11001, 15910
2026-08-06T12:52:40Z sample=74, 57.36, P2, 1537, 11001, 15910
2026-08-06T12:52:42Z sample=74, 40.31, P4, 1372, 9001, 15910
2026-08-06T12:52:43Z sample=72, 54.23, P2, 1440, 9001, 15910
2026-08-06T12:52:44Z sample=74, 52.14, P2, 1417, 9001, 15910
2026-08-06T12:52:45Z sample=73, 53.24, P4, 1522, 9001, 15910
