2026-08-06T12:54:40Z temp_c=60
2026-08-06T12:54:42Z sample=60, 25.62, P0, 1492, 14001, 1486
2026-08-06T12:54:43Z sample=61, 27.52, P0, 1530, 14001, 9210
2026-08-06T12:54:44Z sample=61, 29.93, P0, 1605, 14001, 9984
2026-08-06T12:54:45Z sample=61, 31.36, P0, 1740, 14001, 10752
2026-08-06T12:54:46Z sample=62, 32.04, P0, 1672, 14001, 11776
2026-08-06T12:54:47Z sample=62, 31.40, P0, 1657, 14001, 12544
2026-08-06T12:54:48Z sample=62, 31.10, P4, 1770, 14001, 13568
2026-08-06T12:54:49Z sample=62, 26.67, P4, 667, 9001, 14336
2026-08-06T12:54:50Z sample=62, 24.38, P4, 510, 9001, 15360
2026-08-06T12:54:51Z sample=62, 23.04, P4, 637, 9001, 15872
2026-08-06T12:54:52Z sample=63, 45.42, P4, 1635, 11001, 15874
2026-08-06T12:54:54Z sample=64, 50.80, P2, 1425, 9001, 15874
2026-08-06T12:54:55Z sample=64, 49.48, P4, 1417, 11001, 15874
2026-08-06T12:54:56Z sample=63, 35.26, P4, 900, 9001, 15874
2026-08-06T12:54:57Z sample=62, 23.47, P4, 367, 9001, 15874
2026-08-06T12:54:58Z sample=62, 23.27, P4, 330, 9001, 15874
2026-08-06T12:54:59Z sample=62, 22.26, P4, 330, 9001, 15874
2026-08-06T12:55:00Z sample=62, 22.64, P4, 322, 9001, 15874
2026-08-06T12:55:01Z sample=62, 22.36, P4, 322, 9001, 15874
2026-08-06T12:55:02Z sample=62, 26.67, P4, 870, 11001, 15874
2026-08-06T12:55:03Z sample=64, 47.06, P4, 1410, 11001, 15874
2026-08-06T12:55:02Z sample=65, 50.98, P2, 1612, 11001, 15874
2026-08-06T12:55:03Z sample=63, 29.36, P4, 300, 9001, 15914
2026-08-06T12:55:04Z sample=63, 25.62, P4, 382, 9001, 15914
2026-08-06T12:55:05Z sample=63, 26.34, P4, 427, 9001, 15914
2026-08-06T12:55:06Z sample=63, 26.34, P4, 525, 9001, 15914
2026-08-06T12:55:07Z sample=64, 33.45, P4, 1327, 9001, 15914
2026-08-06T12:55:08Z sample=64, 43.27, P4, 1342, 9001, 15914
2026-08-06T12:55:09Z sample=64, 44.61, P4, 1485, 9001, 15914
2026-08-06T12:55:10Z sample=64, 35.41, P4, 210, 9001, 15932
2026-08-06T12:55:11Z sample=63, 32.87, P4, 885, 9001, 15974
2026-08-06T12:55:12Z sample=65, 32.03, P4, 825, 9001, 15974
2026-08-06T12:55:13Z sample=63, 32.18, P4, 690, 9001, 15974
2026-08-06T12:55:14Z sample=65, 31.14, P4, 607, 9001, 15974
2026-08-06T12:55:15Z sample=63, 31.35, P4, 555, 9001, 15974
2026-08-06T12:55:17Z sample=64, 33.41, P4, 1237, 9001, 15974
2026-08-06T12:55:18Z sample=65, 45.17, P4, 1402, 9001, 15974
2026-08-06T12:55:19Z sample=65, 47.72, P4, 990, 9001, 15974
2026-08-06T12:55:20Z sample=65, 50.55, P2, 1545, 11001, 15974
2026-08-06T12:55:21Z sample=65, 50.81, P0, 1260, 9001, 15974
2026-08-06T12:55:22Z sample=66, 54.19, P4, 1545, 14001, 15974
2026-08-06T12:55:23Z sample=66, 48.71, P4, 847, 9001, 15974
2026-08-06T12:55:24Z sample=65, 40.79, P4, 1372, 9001, 15974
2026-08-06T12:55:25Z sample=64, 30.09, P4, 435, 9001, 15974
2026-08-06T12:55:26Z sample=64, 30.31, P4, 667, 9001, 15974
2026-08-06T12:55:27Z sample=64, 29.42, P4, 712, 9001, 15974
2026-08-06T12:55:28Z sample=64, 28.60, P4, 592, 9001, 15974
2026-08-06T12:55:29Z sample=65, 29.57, P4, 390, 9001, 15974
2026-08-06T12:55:30Z sample=65, 39.24, P2, 1425, 11001, 15974
2026-08-06T12:55:32Z sample=66, 47.42, P4, 1372, 9001, 15974
2026-08-06T12:55:33Z sample=66, 49.94, P4, 1432, 11001, 15974
2026-08-06T12:55:31Z sample=66, 47.99, P4, 1342, 11001, 15974
2026-08-06T12:55:32Z sample=67, 47.67, P2, 1342, 9001, 15974
2026-08-06T12:55:33Z sample=66, 47.13, P2, 1492, 9001, 15974
2026-08-06T12:55:34Z sample=66, 47.31, P4, 1380, 9001, 15974
2026-08-06T12:55:35Z sample=66, 52.06, P4, 1395, 11001, 15974
2026-08-06T12:55:36Z sample=67, 49.67, P2, 1200, 11001, 15974
2026-08-06T12:55:38Z sample=66, 46.11, P4, 1327, 11001, 15974
2026-08-06T12:55:39Z sample=65, 42.31, P4, 570, 9001, 15974
2026-08-06T12:55:40Z sample=65, 28.12, P4, 562, 9001, 15974
2026-08-06T12:55:41Z sample=65, 26.41, P4, 645, 9001, 15974
2026-08-06T12:55:42Z sample=66, 20.11, P4, 682, 9001, 15974
2026-08-06T12:55:43Z sample=66, 27.67, P4, 622, 9001, 15974
2026-08-06T12:55:44Z sample=66, 30.96, P4, 1065, 9001, 15974
2026-08-06T12:55:45Z sample=67, 46.66, P4, 1470, 9001, 15974
2026-08-06T12:55:46Z sample=67, 46.17, P4, 1612, 9001, 15974
2026-08-06T12:55:47Z sample=66, 46.72, P4, 1305, 9001, 15974
2026-08-06T12:55:48Z sample=66, 41.94, P4, 907, 9001, 15974
2026-08-06T12:55:49Z sample=67, 44.58, P4, 1575, 9001, 15974
2026-08-06T12:55:50Z sample=67, 45.32, P4, 1470, 9001, 15974
2026-08-06T12:55:51Z sample=67, 45.20, P4, 1507, 9001, 15974
2026-08-06T12:55:53Z sample=67, 42.65, P4, 1305, 9001, 15974
2026-08-06T12:55:54Z sample=67, 43.96, P4, 1425, 9001, 15974
2026-08-06T12:55:55Z sample=67, 42.72, P4, 1230, 9001, 15974
2026-08-06T12:55:56Z sample=68, 41.02, P4, 1275, 9001, 15974
2026-08-06T12:55:57Z sample=66, 18.85, P4, 270, 9001, 15974
2026-08-06T12:55:58Z sample=67, 27.19, P4, 450, 9001, 15974
2026-08-06T12:55:59Z sample=67, 27.83, P4, 397, 9001, 15974
2026-08-06T12:56:00Z sample=67, 21.79, P4, 570, 9001, 15974
2026-08-06T12:56:01Z sample=67, 24.96, P4, 525, 9001, 15974
2026-08-06T12:56:02Z sample=67, 32.22, P4, 345, 9001, 15974
2026-08-06T12:56:01Z sample=68, 50.95, P0, 1725, 14001, 15974
2026-08-06T12:56:02Z sample=69, 32.21, P4, 1365, 14001, 15974
2026-08-06T12:56:03Z sample=69, 51.36, P0, 1372, 11001, 15974
2026-08-06T12:56:04Z sample=68, 69.75, P4, 517, 9001, 15974
2026-08-06T12:56:05Z sample=68, 59.95, P4, 570, 9001, 15974
2026-08-06T12:56:06Z sample=67, 34.69, P4, 487, 9001, 15974
2026-08-06T12:56:07Z sample=68, 19.57, P4, 690, 9001, 15974
2026-08-06T12:56:08Z sample=68, 32.96, P4, 555, 9001, 15974
2026-08-06T12:56:09Z sample=69, 37.94, P4, 1050, 9001, 15974
2026-08-06T12:56:10Z sample=68, 45.30, P4, 997, 9001, 15974
2026-08-06T12:56:11Z sample=70, 50.17, P2, 1732, 11001, 15974
2026-08-06T12:56:12Z sample=68, 40.13, P4, 502, 9001, 15974
2026-08-06T12:56:13Z sample=68, 19.08, P4, 637, 9001, 15974
2026-08-06T12:56:15Z sample=68, 26.78, P4, 630, 9001, 15974
2026-08-06T12:56:16Z sample=68, 35.15, P4, 690, 9001, 15974
2026-08-06T12:56:17Z sample=68, 29.94, P4, 465, 9001, 15974
2026-08-06T12:56:18Z sample=69, 43.09, P4, 1297, 9001, 15974
2026-08-06T12:56:19Z sample=69, 46.57, P4, 1417, 9001, 15974
2026-08-06T12:56:20Z sample=69, 50.99, P4, 1462, 9001, 15974
2026-08-06T12:56:21Z sample=71, 55.99, P4, 1365, 9001, 15974
2026-08-06T12:56:22Z sample=71, 57.30, P4, 1642, 11001, 15974
2026-08-06T12:56:23Z sample=70, 58.19, P4, 1425, 14001, 15974
2026-08-06T12:56:24Z sample=69, 30.24, P4, 570, 9001, 15974
2026-08-06T12:56:25Z sample=70, 23.20, P4, 562, 9001, 15974
2026-08-06T12:56:26Z sample=69, 20.46, P4, 630, 9001, 15974
2026-08-06T12:56:27Z sample=68, 26.34, P4, 540, 9001, 15974
2026-08-06T12:56:28Z sample=68, 30.00, P4, 570, 9001, 15974
2026-08-06T12:56:30Z sample=69, 38.60, P4, 660, 9001, 15974
2026-08-06T12:56:31Z sample=70, 49.90, P4, 1372, 9001, 15974
2026-08-06T12:56:32Z sample=70, 51.72, P2, 1582, 9001, 15974
2026-08-06T12:56:30Z sample=70, 51.78, P0, 1687, 14001, 15974
2026-08-06T12:56:31Z sample=70, 45.86, P4, 1372, 9001, 15974
2026-08-06T12:56:32Z sample=70, 64.93, P2, 1642, 9001, 15974
2026-08-06T12:56:33Z sample=70, 50.51, P4, 1500, 9001, 15974
2026-08-06T12:56:34Z sample=70, 54.52, P0, 1492, 9001, 15974
2026-08-06T12:56:36Z sample=71, 51.94, P0, 1500, 14001, 15974
2026-08-06T12:56:37Z sample=70, 56.50, P2, 1575, 11001, 15974
