ds4: Linux cuda backend set oom_score_adj=1000
ds4: CUDA backend initialized on NVIDIA GeForce RTX 5080 Laptop GPU (sm_120) dev=0
ds4: cuda SSD streaming total expert budget 10.00 GiB = 3.38 GiB prefill headroom + 6.62 GiB dynamic cache (1005 experts, 6.75 MiB each)
ds4: SSD streaming initial cuda model map restricted to token embedding (1 spans, 0.99 GiB tensor span)
ds4: CUDA host registration skipped: out of memory
ds4: CUDA preparing model tensor mappings
ds4: CUDA loading model tensors into device cache
ds4: CUDA startup model preparation covered 0.99 GiB of tensor spans in 0.720s
ds4: cuda backend initialized for graph diagnostics
ds4: memory: KV 0.07 GiB (raw 0.02 + compressed 0.05) + buffers 0.00 GiB + resident model 0.99 GiB + expert cache 6.62 GiB + prefill expert reserve 3.38 GiB = 11.06 GiB planned
ds4: memory detail: ctx=4096 prefill_cap=128 raw_kv_rows=256 compressed_kv_rows=1026 backend=cuda
0806 14:07:17 ds4-server: context buffers 76.50 MiB (ctx=4096, backend=cuda, prefill_chunk=128, raw_kv_rows=256, compressed_kv_rows=1026)
0806 14:07:17 ds4-server: listening on http://127.0.0.1:18080
0806 14:07:18 ds4-server: chat ctx=0..21:21 prompt start
ds4: DS4_CUDA_MMQ=0 - mmq prefill tier disabled
ds4: CUDA layer expert cache allocated 6.62 GiB (1005 prefill experts, 1005 decode experts across 43 layers)
ds4: CUDA loading model tensors 6.63 GiB cached
0806 14:07:28 ds4-server: chat ctx=0..21:21 prompt done 10.538s
0806 14:07:33 ds4-server: chat ctx=21..32:11 gen=11 decoding chunk=2.73 t/s avg=2.73 t/s 4.023s
0806 14:07:33 ds4-server: chat ctx=0..21:21 gen=11 finish=stop 14.564s
0806 14:07:33 ds4-server: live kv cache miss live=32 prompt=20 common=2 reason=token-mismatch
0806 14:07:33 ds4-server: chat ctx=0..20:20 prompt start
ds4: CUDA prompt expert cache summary hits=1990 misses=2874 evictions=1187 SSD=18.94 GiB capacity=1005 resident=1005
0806 14:07:41 ds4-server: chat ctx=0..20:20 prompt done 8.216s
0806 14:07:44 ds4-server: chat ctx=20..27:7 gen=7 decoding chunk=2.50 t/s avg=2.50 t/s 2.804s
0806 14:07:44 ds4-server: chat ctx=0..20:20 gen=7 finish=stop 11.024s
0806 14:07:44 ds4-server: live kv cache miss live=27 prompt=24 common=2 reason=token-mismatch
0806 14:07:44 ds4-server: chat ctx=0..24:24 prompt start
ds4: CUDA prompt expert cache summary hits=1613 misses=2176 evictions=1260 SSD=14.34 GiB capacity=1005 resident=1005
0806 14:07:47 ds4-server: chat ctx=0..24:24 prompt done 6.006s
0806 14:07:51 ds4-server: chat ctx=24..32:8 gen=8 decoding chunk=2.19 t/s avg=2.19 t/s 3.660s
0806 14:07:51 ds4-server: chat ctx=0..24:24 gen=8 finish=stop 9.670s
0806 14:07:51 ds4-server: live kv cache miss live=32 prompt=42 common=2 reason=token-mismatch
0806 14:07:51 ds4-server: chat ctx=0..42:42 prompt start
ds4: CUDA prompt expert cache summary hits=1701 misses=2646 evictions=1524 SSD=17.44 GiB capacity=1005 resident=1005
0806 14:08:00 ds4-server: chat ctx=0..42:42 prompt done 9.624s
0806 14:08:10 ds4-server: chat ctx=42..64:22 gen=22 decoding chunk=2.24 t/s avg=2.24 t/s 9.835s
0806 14:08:10 ds4-server: chat ctx=0..42:42 gen=22 finish=stop 19.461s
0806 14:08:10 ds4-server: live kv cache miss live=64 prompt=29 common=2 reason=token-mismatch
0806 14:08:10 ds4-server: chat ctx=0..29:29 prompt start
ds4: CUDA prompt expert cache summary hits=4524 misses=4291 evictions=2613 SSD=28.29 GiB capacity=1005 resident=1005
0806 14:08:16 ds4-server: chat ctx=0..29:29 prompt done 8.393s
0806 14:08:30 ds4-server: chat ctx=29..61:32 gen=32 decoding chunk=2.26 t/s avg=2.26 t/s 14.130s
0806 14:08:30 ds4-server: chat ctx=0..29:29 gen=32 finish=length 22.526s
0806 14:08:30 ds4-server: live kv cache miss live=61 prompt=29 common=2 reason=token-mismatch
0806 14:08:30 ds4-server: chat ctx=0..29:29 prompt start
ds4: CUDA prompt expert cache summary hits=5959 misses=4980 evictions=3608 SSD=32.83 GiB capacity=1005 resident=1005
0806 14:08:37 ds4-server: chat ctx=0..29:29 prompt done 7.440s
0806 14:08:49 ds4-server: chat ctx=29..61:32 gen=32 decoding chunk=2.30 t/s avg=2.30 t/s 13.894s
0806 14:08:49 ds4-server: chat ctx=0..29:29 gen=32 finish=length 21.337s
0806 14:08:49 ds4-server: live kv cache miss live=61 prompt=32 common=2 reason=token-mismatch
0806 14:08:49 ds4-server: chat ctx=0..32:32 prompt start
ds4: CUDA prompt expert cache summary hits=5969 misses=4649 evictions=3568 SSD=30.65 GiB capacity=1005 resident=1005
0806 14:08:57 ds4-server: chat ctx=0..32:32 prompt done 7.919s
0806 14:09:00 ds4-server: chat ctx=32..40:8 gen=8 decoding chunk=2.17 t/s avg=2.17 t/s 3.689s
0806 14:09:00 ds4-server: chat ctx=0..32:32 gen=8 finish=stop 11.611s
0806 14:09:00 ds4-server: live kv cache miss live=40 prompt=24 common=2 reason=token-mismatch
0806 14:09:00 ds4-server: chat ctx=0..24:24 prompt start
ds4: CUDA prompt expert cache summary hits=1731 misses=2683 evictions=1711 SSD=17.69 GiB capacity=1005 resident=1005
0806 14:09:08 ds4-server: chat ctx=0..24:24 prompt done 7.536s
0806 14:09:12 ds4-server: chat ctx=24..33:9 gen=9 decoding chunk=2.28 t/s avg=2.28 t/s 3.949s
0806 14:09:12 ds4-server: chat ctx=0..24:24 gen=9 finish=stop 11.487s
0806 14:09:12 ds4-server: live kv cache miss live=33 prompt=21 common=2 reason=token-mismatch
0806 14:09:12 ds4-server: chat ctx=0..21:21 prompt start
ds4: CUDA prompt expert cache summary hits=2069 misses=2518 evictions=1504 SSD=16.60 GiB capacity=1005 resident=1005
0806 14:09:16 ds4-server: chat ctx=0..21:21 prompt done 7.106s
0806 14:09:25 ds4-server: chat ctx=21..41:20 gen=20 decoding chunk=2.36 t/s avg=2.36 t/s 8.480s
0806 14:09:25 ds4-server: chat ctx=0..21:21 gen=20 finish=stop 15.589s
0806 14:09:25 ds4-server: live kv cache miss live=41 prompt=26 common=2 reason=token-mismatch
0806 14:09:25 ds4-server: chat ctx=0..26:26 prompt start
ds4: CUDA prompt expert cache summary hits=4263 misses=3176 evictions=2208 SSD=20.94 GiB capacity=1005 resident=1005
0806 14:09:34 ds4-server: chat ctx=0..26:26 prompt done 9.021s
0806 14:09:46 ds4-server: chat ctx=26..58:32 gen=32 decoding chunk=2.19 t/s avg=2.19 t/s 14.584s
0806 14:09:46 ds4-server: chat ctx=0..26:26 gen=32 finish=length 23.609s
0806 14:09:46 ds4-server: shutdown requested, draining requests
