ds4: Linux cuda backend set oom_score_adj=1000
ds4: CUDA backend initialized on NVIDIA GeForce RTX 5080 Laptop GPU (sm_120) dev=0
ds4: cuda SSD streaming total expert budget 10.00 GiB = 3.38 GiB prefill headroom + 6.62 GiB dynamic cache (1005 experts, 6.75 MiB each)
ds4: SSD streaming initial cuda model map restricted to token embedding (1 spans, 0.99 GiB tensor span)
ds4: CUDA host registration skipped: out of memory
ds4: CUDA preparing model tensor mappings
ds4: CUDA loading model tensors into device cache
ds4: CUDA startup model preparation covered 0.99 GiB of tensor spans in 0.494s
ds4: cuda backend initialized for graph diagnostics
ds4: memory: KV 0.07 GiB (raw 0.02 + compressed 0.05) + buffers 0.00 GiB + resident model 0.99 GiB + expert cache 6.62 GiB + prefill expert reserve 3.38 GiB = 11.06 GiB planned
ds4: memory detail: ctx=4096 prefill_cap=128 raw_kv_rows=256 compressed_kv_rows=1026 backend=cuda
0806 14:59:03 ds4-server: context buffers 76.50 MiB (ctx=4096, backend=cuda, prefill_chunk=128, raw_kv_rows=256, compressed_kv_rows=1026)
0806 14:59:03 ds4-server: listening on http://127.0.0.1:18080
0806 14:59:03 ds4-server: chat ctx=0..21:21 prompt start
ds4: DS4_CUDA_MMQ=0 - mmq prefill tier disabled
ds4: CUDA layer expert cache allocated 6.62 GiB (1005 prefill experts, 1005 decode experts across 43 layers)
ds4: CUDA loading model tensors 7.56 GiB cached
0806 14:59:13 ds4-server: chat ctx=0..21:21 prompt done 9.813s
0806 14:59:17 ds4-server: chat ctx=21..32:11 gen=11 decoding chunk=2.94 t/s avg=2.94 t/s 3.738s
0806 14:59:17 ds4-server: chat ctx=0..21:21 gen=11 finish=stop 13.556s
0806 14:59:17 ds4-server: live kv cache miss live=32 prompt=20 common=2 reason=token-mismatch
0806 14:59:17 ds4-server: chat ctx=0..20:20 prompt start
ds4: CUDA prompt expert cache summary hits=1990 misses=2874 evictions=1187 SSD=18.94 GiB capacity=1005 resident=1005 prefill_hits=0 prefill_misses=2026 prefill_evictions=339 prefill_SSD=13.35 GiB decode_hits=1990 decode_misses=848 decode_evictions=848 decode_SSD=5.59 GiB
0806 14:59:24 ds4-server: chat ctx=0..20:20 prompt done 7.303s
0806 14:59:26 ds4-server: chat ctx=20..27:7 gen=7 decoding chunk=2.85 t/s avg=2.85 t/s 2.455s
0806 14:59:26 ds4-server: chat ctx=0..20:20 gen=7 finish=stop 9.761s
0806 14:59:26 ds4-server: live kv cache miss live=27 prompt=24 common=2 reason=token-mismatch
0806 14:59:26 ds4-server: chat ctx=0..24:24 prompt start
ds4: CUDA prompt expert cache summary hits=1622 misses=2167 evictions=1251 SSD=14.28 GiB capacity=1005 resident=1005 prefill_hits=395 prefill_misses=1588 prefill_evictions=672 prefill_SSD=10.47 GiB decode_hits=1227 decode_misses=579 decode_evictions=579 decode_SSD=3.82 GiB
0806 14:59:29 ds4-server: chat ctx=0..24:24 prompt done 5.178s
0806 14:59:32 ds4-server: chat ctx=24..32:8 gen=8 decoding chunk=2.55 t/s avg=2.55 t/s 3.134s
0806 14:59:32 ds4-server: chat ctx=0..24:24 gen=8 finish=stop 8.316s
0806 14:59:32 ds4-server: live kv cache miss live=32 prompt=42 common=2 reason=token-mismatch
0806 14:59:32 ds4-server: chat ctx=0..42:42 prompt start
ds4: CUDA prompt expert cache summary hits=1704 misses=2643 evictions=1522 SSD=17.42 GiB capacity=1005 resident=1005 prefill_hits=499 prefill_misses=1784 prefill_evictions=663 prefill_SSD=11.76 GiB decode_hits=1205 decode_misses=859 decode_evictions=859 decode_SSD=5.66 GiB
0806 14:59:40 ds4-server: chat ctx=0..42:42 prompt done 7.859s
0806 14:59:47 ds4-server: chat ctx=42..64:22 gen=22 decoding chunk=3.03 t/s avg=3.03 t/s 7.266s
0806 14:59:47 ds4-server: chat ctx=0..42:42 gen=22 finish=stop 15.129s
0806 14:59:47 ds4-server: live kv cache miss live=64 prompt=29 common=2 reason=token-mismatch
0806 14:59:47 ds4-server: chat ctx=0..29:29 prompt start
ds4: CUDA prompt expert cache summary hits=4523 misses=4292 evictions=2614 SSD=28.29 GiB capacity=1005 resident=1005 prefill_hits=653 prefill_misses=2486 prefill_evictions=808 prefill_SSD=16.39 GiB decode_hits=3870 decode_misses=1806 decode_evictions=1806 decode_SSD=11.90 GiB
0806 14:59:53 ds4-server: chat ctx=0..29:29 prompt done 6.118s
0806 15:00:02 ds4-server: chat ctx=29..61:32 gen=32 decoding chunk=2.89 t/s avg=2.89 t/s 11.074s
0806 15:00:02 ds4-server: chat ctx=0..29:29 gen=32 finish=length 17.195s
0806 15:00:02 ds4-server: live kv cache miss live=61 prompt=29 common=2 reason=token-mismatch
0806 15:00:02 ds4-server: chat ctx=0..29:29 prompt start
ds4: CUDA prompt expert cache summary hits=5959 misses=4980 evictions=3609 SSD=32.83 GiB capacity=1005 resident=1005 prefill_hits=553 prefill_misses=2130 prefill_evictions=759 prefill_SSD=14.04 GiB decode_hits=5406 decode_misses=2850 decode_evictions=2850 decode_SSD=18.79 GiB
0806 15:00:07 ds4-server: chat ctx=0..29:29 prompt done 5.139s
0806 15:00:18 ds4-server: chat ctx=29..61:32 gen=32 decoding chunk=2.98 t/s avg=2.98 t/s 10.737s
0806 15:00:18 ds4-server: chat ctx=0..29:29 gen=32 finish=length 15.879s
0806 15:00:18 ds4-server: live kv cache miss live=61 prompt=32 common=2 reason=token-mismatch
0806 15:00:18 ds4-server: chat ctx=0..32:32 prompt start
ds4: CUDA prompt expert cache summary hits=5966 misses=4652 evictions=3570 SSD=30.67 GiB capacity=1005 resident=1005 prefill_hits=452 prefill_misses=1910 prefill_evictions=828 prefill_SSD=12.59 GiB decode_hits=5514 decode_misses=2742 decode_evictions=2742 decode_SSD=18.07 GiB
0806 15:00:23 ds4-server: chat ctx=0..32:32 prompt done 5.396s
0806 15:00:26 ds4-server: chat ctx=32..40:8 gen=8 decoding chunk=2.80 t/s avg=2.80 t/s 2.857s
0806 15:00:26 ds4-server: chat ctx=0..32:32 gen=8 finish=stop 8.256s
0806 15:00:26 ds4-server: live kv cache miss live=40 prompt=24 common=2 reason=token-mismatch
0806 15:00:26 ds4-server: chat ctx=0..24:24 prompt start
ds4: CUDA prompt expert cache summary hits=1728 misses=2686 evictions=1716 SSD=17.71 GiB capacity=1005 resident=1005 prefill_hits=364 prefill_misses=1986 prefill_evictions=1016 prefill_SSD=13.09 GiB decode_hits=1364 decode_misses=700 decode_evictions=700 decode_SSD=4.61 GiB
0806 15:00:28 ds4-server: chat ctx=0..24:24 prompt done 4.594s
0806 15:00:31 ds4-server: chat ctx=24..33:9 gen=9 decoding chunk=2.93 t/s avg=2.93 t/s 3.072s
0806 15:00:31 ds4-server: chat ctx=0..24:24 gen=9 finish=stop 7.670s
0806 15:00:31 ds4-server: live kv cache miss live=33 prompt=21 common=2 reason=token-mismatch
0806 15:00:31 ds4-server: chat ctx=0..21:21 prompt start
ds4: CUDA prompt expert cache summary hits=2062 misses=2525 evictions=1513 SSD=16.64 GiB capacity=1005 resident=1005 prefill_hits=489 prefill_misses=1776 prefill_evictions=764 prefill_SSD=11.71 GiB decode_hits=1573 decode_misses=749 decode_evictions=749 decode_SSD=4.94 GiB
0806 15:00:35 ds4-server: chat ctx=0..21:21 prompt done 4.615s
0806 15:00:42 ds4-server: chat ctx=21..41:20 gen=20 decoding chunk=3.26 t/s avg=3.26 t/s 6.129s
0806 15:00:42 ds4-server: chat ctx=0..21:21 gen=20 finish=stop 10.747s
0806 15:00:42 ds4-server: live kv cache miss live=41 prompt=26 common=2 reason=token-mismatch
0806 15:00:42 ds4-server: chat ctx=0..26:26 prompt start
ds4: CUDA prompt expert cache summary hits=4260 misses=3179 evictions=2211 SSD=20.96 GiB capacity=1005 resident=1005 prefill_hits=500 prefill_misses=1779 prefill_evictions=811 prefill_SSD=11.73 GiB decode_hits=3760 decode_misses=1400 decode_evictions=1400 decode_SSD=9.23 GiB
0806 15:00:46 ds4-server: chat ctx=0..26:26 prompt done 4.878s
0806 15:00:57 ds4-server: chat ctx=26..58:32 gen=32 decoding chunk=3.06 t/s avg=3.06 t/s 10.464s
0806 15:00:57 ds4-server: chat ctx=0..26:26 gen=32 finish=length 15.344s
0806 15:00:57 ds4-server: shutdown requested, draining requests
ds4: CUDA prompt expert cache summary hits=6122 misses=4576 evictions=3466 SSD=30.16 GiB capacity=1005 resident=1005 prefill_hits=456 prefill_misses=1986 prefill_evictions=876 prefill_SSD=13.09 GiB decode_hits=5666 decode_misses=2590 decode_evictions=2590 decode_SSD=17.07 GiB
