2026-08-06T12:59:02Z temp_c=58
2026-08-06T12:59:03Z sample=58, 25.51, P0, 1492, 14001, 1486
2026-08-06T12:59:04Z sample=59, 27.56, P0, 1530, 14001, 9210
2026-08-06T12:59:05Z sample=59, 30.28, P0, 1612, 14001, 9984
2026-08-06T12:59:06Z sample=59, 31.51, P0, 1747, 14001, 10752
2026-08-06T12:59:07Z sample=60, 31.56, P0, 1620, 14001, 11776
2026-08-06T12:59:08Z sample=60, 30.96, P0, 1612, 14001, 12800
2026-08-06T12:59:09Z sample=60, 31.05, P4, 1687, 14001, 13568
2026-08-06T12:59:11Z sample=60, 26.51, P4, 652, 9001, 14336
2026-08-06T12:59:12Z sample=60, 24.05, P4, 555, 9001, 15360
2026-08-06T12:59:13Z sample=60, 23.62, P5, 562, 9001, 15872
2026-08-06T12:59:14Z sample=63, 49.44, P4, 2145, 14001, 15874
2026-08-06T12:59:15Z sample=62, 48.51, P0, 1372, 14001, 15874
2026-08-06T12:59:16Z sample=63, 51.07, P2, 1110, 9001, 15874
2026-08-06T12:59:17Z sample=63, 27.91, P4, 1320, 9001, 15874
2026-08-06T12:59:18Z sample=62, 26.41, P4, 285, 9001, 15874
2026-08-06T12:59:19Z sample=61, 26.96, P4, 255, 9001, 15874
2026-08-06T12:59:20Z sample=62, 18.31, P4, 322, 9001, 15874
2026-08-06T12:59:21Z sample=62, 22.68, P4, 337, 9001, 15874
2026-08-06T12:59:22Z sample=62, 23.20, P4, 322, 9001, 15874
2026-08-06T12:59:24Z sample=63, 31.01, P5, 622, 810, 15874
2026-08-06T12:59:25Z sample=64, 55.74, P0, 1252, 810, 15874
2026-08-06T12:59:26Z sample=65, 51.43, P0, 1252, 9001, 15874
2026-08-06T12:59:27Z sample=63, 38.74, P4, 1230, 9001, 15914
2026-08-06T12:59:28Z sample=63, 24.40, P4, 375, 9001, 15914
2026-08-06T12:59:29Z sample=63, 26.52, P4, 427, 9001, 15914
2026-08-06T12:59:27Z sample=63, 28.87, P4, 427, 9001, 15914
2026-08-06T12:59:28Z sample=63, 25.81, P4, 427, 9001, 15914
2026-08-06T12:59:30Z sample=64, 43.13, P4, 1342, 9001, 15914
2026-08-06T12:59:31Z sample=65, 44.02, P4, 1410, 9001, 15914
2026-08-06T12:59:32Z sample=64, 42.52, P4, 1320, 9001, 15914
2026-08-06T12:59:33Z sample=63, 39.90, P4, 210, 9001, 15932
2026-08-06T12:59:34Z sample=63, 19.32, P4, 952, 9001, 15974
2026-08-06T12:59:35Z sample=63, 26.93, P4, 637, 9001, 15974
2026-08-06T12:59:36Z sample=64, 26.30, P4, 427, 9001, 15974
2026-08-06T12:59:37Z sample=63, 27.53, P4, 495, 9001, 15974
2026-08-06T12:59:38Z sample=63, 28.78, P4, 435, 9001, 15974
2026-08-06T12:59:39Z sample=63, 27.28, P4, 337, 9001, 15974
2026-08-06T12:59:40Z sample=64, 36.07, P4, 1470, 9001, 15974
2026-08-06T12:59:42Z sample=65, 45.93, P4, 1365, 9001, 15974
2026-08-06T12:59:43Z sample=65, 49.18, P4, 1312, 9001, 15974
2026-08-06T12:59:44Z sample=65, 49.78, P4, 1395, 11001, 15974
2026-08-06T12:59:45Z sample=66, 53.58, P2, 1597, 9001, 15974
2026-08-06T12:59:46Z sample=66, 51.94, P2, 1455, 9001, 15974
2026-08-06T12:59:47Z sample=66, 48.88, P4, 1485, 11001, 15974
2026-08-06T12:59:48Z sample=66, 34.29, P4, 937, 9001, 15974
2026-08-06T12:59:49Z sample=64, 26.63, P4, 412, 9001, 15974
2026-08-06T12:59:50Z sample=64, 27.89, P4, 427, 9001, 15974
2026-08-06T12:59:51Z sample=64, 59.71, P4, 480, 9001, 15974
2026-08-06T12:59:52Z sample=64, 29.54, P4, 382, 9001, 15974
2026-08-06T12:59:54Z sample=65, 51.73, P4, 975, 9001, 15974
2026-08-06T12:59:55Z sample=66, 45.42, P4, 1440, 9001, 15974
2026-08-06T12:59:56Z sample=66, 39.33, P4, 1417, 9001, 15974
2026-08-06T12:59:57Z sample=66, 43.59, P4, 1432, 9001, 15974
2026-08-06T12:59:58Z sample=66, 47.81, P2, 1440, 11001, 15974
2026-08-06T12:59:59Z sample=66, 48.03, P2, 1380, 11001, 15974
2026-08-06T12:59:57Z sample=67, 47.85, P4, 1372, 9001, 15974
2026-08-06T12:59:58Z sample=67, 50.15, P4, 1470, 9001, 15974
2026-08-06T12:59:59Z sample=67, 51.24, P2, 1455, 11001, 15974
2026-08-06T13:00:01Z sample=66, 46.92, P2, 1342, 11001, 15974
2026-08-06T13:00:02Z sample=67, 47.94, P2, 1500, 11001, 15974
2026-08-06T13:00:03Z sample=66, 33.94, P4, 840, 9001, 15974
2026-08-06T13:00:04Z sample=66, 26.83, P4, 397, 9001, 15974
2026-08-06T13:00:05Z sample=65, 27.07, P4, 397, 9001, 15974
2026-08-06T13:00:06Z sample=65, 26.77, P4, 382, 9001, 15974
2026-08-06T13:00:07Z sample=66, 32.47, P4, 922, 9001, 15974
2026-08-06T13:00:08Z sample=67, 47.62, P4, 1455, 9001, 15974
2026-08-06T13:00:09Z sample=67, 48.36, P4, 1590, 9001, 15974
2026-08-06T13:00:10Z sample=68, 51.48, P2, 1500, 11001, 15974
2026-08-06T13:00:11Z sample=68, 45.77, P2, 1612, 11001, 15974
2026-08-06T13:00:12Z sample=68, 52.31, P4, 1410, 9001, 15974
2026-08-06T13:00:13Z sample=67, 51.90, P2, 1380, 11001, 15974
2026-08-06T13:00:15Z sample=67, 66.74, P4, 1282, 9001, 15974
2026-08-06T13:00:16Z sample=67, 48.66, P4, 1342, 9001, 15974
2026-08-06T13:00:17Z sample=68, 46.20, P4, 1477, 9001, 15974
2026-08-06T13:00:18Z sample=67, 75.75, P4, 825, 9001, 15974
2026-08-06T13:00:19Z sample=68, 29.03, P4, 1170, 9001, 15974
2026-08-06T13:00:20Z sample=67, 23.24, P4, 510, 9001, 15974
2026-08-06T13:00:21Z sample=66, 27.30, P4, 502, 9001, 15974
2026-08-06T13:00:22Z sample=66, 26.13, P4, 375, 9001, 15974
2026-08-06T13:00:23Z sample=66, 62.88, P4, 480, 9001, 15974
2026-08-06T13:00:24Z sample=67, 42.71, P4, 1410, 9001, 15974
2026-08-06T13:00:25Z sample=68, 54.95, P4, 1492, 9001, 15974
2026-08-06T13:00:27Z sample=67, 31.45, P4, 892, 9001, 15974
2026-08-06T13:00:28Z sample=68, 28.89, P4, 487, 9001, 15974
2026-08-06T13:00:29Z sample=67, 28.89, P4, 502, 9001, 15974
2026-08-06T13:00:27Z sample=67, 27.32, P4, 427, 9001, 15974
2026-08-06T13:00:28Z sample=68, 40.44, P4, 967, 9001, 15974
2026-08-06T13:00:29Z sample=68, 41.42, P4, 1380, 9001, 15974
2026-08-06T13:00:30Z sample=68, 49.41, P4, 1035, 9001, 15974
2026-08-06T13:00:31Z sample=67, 42.29, P4, 922, 9001, 15974
2026-08-06T13:00:32Z sample=68, 95.37, P4, 442, 9001, 15974
2026-08-06T13:00:34Z sample=67, 28.41, P4, 420, 9001, 15974
2026-08-06T13:00:35Z sample=67, 29.94, P4, 435, 9001, 15974
2026-08-06T13:00:36Z sample=67, 70.46, P4, 555, 9001, 15974
2026-08-06T13:00:37Z sample=68, 45.57, P4, 1470, 9001, 15974
2026-08-06T13:00:38Z sample=68, 47.40, P4, 1365, 9001, 15974
2026-08-06T13:00:39Z sample=69, 58.00, P2, 1545, 11001, 15974
2026-08-06T13:00:40Z sample=70, 58.80, P0, 1710, 9001, 15974
2026-08-06T13:00:41Z sample=69, 57.36, P0, 1470, 14001, 15974
2026-08-06T13:00:42Z sample=69, 42.26, P4, 750, 9001, 15974
2026-08-06T13:00:43Z sample=68, 31.14, P4, 457, 9001, 15974
2026-08-06T13:00:44Z sample=68, 27.69, P4, 585, 9001, 15974
2026-08-06T13:00:45Z sample=69, 66.52, P4, 450, 9001, 15974
2026-08-06T13:00:47Z sample=68, 30.90, P4, 487, 9001, 15974
2026-08-06T13:00:48Z sample=69, 51.15, P4, 1522, 9001, 15974
2026-08-06T13:00:49Z sample=69, 59.54, P4, 1560, 9001, 15974
2026-08-06T13:00:50Z sample=69, 61.39, P2, 1462, 11001, 15974
2026-08-06T13:00:51Z sample=70, 51.12, P4, 1462, 11001, 15974
2026-08-06T13:00:52Z sample=70, 50.24, P2, 1567, 11001, 15974
2026-08-06T13:00:53Z sample=69, 52.76, P4, 1477, 11001, 15974
2026-08-06T13:00:54Z sample=69, 50.05, P4, 1327, 9001, 15974
2026-08-06T13:00:55Z sample=70, 53.01, P2, 1102, 9001, 15974
2026-08-06T13:00:56Z sample=70, 53.20, P2, 1522, 9001, 15974
