ds4: Linux cuda backend set oom_score_adj=1000
ds4: CUDA backend initialized on NVIDIA GeForce RTX 5080 Laptop GPU (sm_120) dev=0
ds4: cuda SSD streaming total expert budget 7.00 GiB = 3.38 GiB prefill headroom + 3.62 GiB dynamic cache (549 experts, 6.75 MiB each)
ds4: SSD streaming initial cuda model map restricted to token embedding (1 spans, 0.99 GiB tensor span)
ds4: CUDA host registration skipped: out of memory
ds4: CUDA preparing model tensor mappings
ds4: CUDA loading model tensors into device cache
ds4: CUDA startup model preparation covered 0.99 GiB of tensor spans in 0.429s
ds4: cuda backend initialized for graph diagnostics
ds4: memory: KV 1.70 GiB (raw 0.02 + compressed 1.68) + buffers 0.03 GiB + resident model 0.99 GiB + expert cache 3.62 GiB + prefill expert reserve 3.38 GiB = 9.71 GiB planned
ds4: memory detail: ctx=131072 prefill_cap=128 raw_kv_rows=256 compressed_kv_rows=32770 backend=cuda
0807 14:29:30 ds4-server: context buffers 1773.75 MiB (ctx=131072, backend=cuda, prefill_chunk=128, raw_kv_rows=256, compressed_kv_rows=32770)
0807 14:29:30 ds4-server: listening on http://127.0.0.1:18080
0807 14:29:31 ds4-server: chat ctx=0..21:21 prompt start
ds4: DS4_CUDA_MMQ=0 - mmq prefill tier disabled
ds4: CUDA layer expert cache allocated 3.62 GiB (549 experts across 43 layers)
0807 14:29:39 ds4-server: chat ctx=0..21:21 prompt done 7.985s
0807 14:29:42 ds4-server: chat ctx=21..32:11 gen=11 decoding chunk=3.39 t/s avg=3.39 t/s 3.246s
0807 14:29:42 ds4-server: chat ctx=0..21:21 gen=11 finish=stop 11.233s
0807 14:29:42 ds4-server: live kv cache miss live=32 prompt=20 common=2 reason=token-mismatch
0807 14:29:42 ds4-server: chat ctx=0..20:20 prompt start
0807 14:29:48 ds4-server: chat ctx=0..20:20 prompt done 6.198s
0807 14:29:50 ds4-server: chat ctx=20..27:7 gen=7 decoding chunk=3.28 t/s avg=3.28 t/s 2.135s
0807 14:29:50 ds4-server: chat ctx=0..20:20 gen=7 finish=stop 8.335s
0807 14:29:50 ds4-server: live kv cache miss live=27 prompt=24 common=2 reason=token-mismatch
0807 14:29:50 ds4-server: chat ctx=0..24:24 prompt start
0807 14:29:55 ds4-server: chat ctx=0..24:24 prompt done 4.706s
0807 14:29:57 ds4-server: chat ctx=24..32:8 gen=8 decoding chunk=3.06 t/s avg=3.06 t/s 2.610s
0807 14:29:57 ds4-server: chat ctx=0..24:24 gen=8 finish=stop 7.320s
0807 14:29:57 ds4-server: live kv cache miss live=32 prompt=42 common=2 reason=token-mismatch
0807 14:29:57 ds4-server: chat ctx=0..42:42 prompt start
0807 14:30:05 ds4-server: chat ctx=0..42:42 prompt done 6.467s
0807 14:30:12 ds4-server: chat ctx=42..64:22 gen=22 decoding chunk=3.31 t/s avg=3.31 t/s 6.650s
0807 14:30:12 ds4-server: chat ctx=0..42:42 gen=22 finish=stop 13.119s
0807 14:30:12 ds4-server: live kv cache miss live=64 prompt=29 common=2 reason=token-mismatch
0807 14:30:12 ds4-server: chat ctx=0..29:29 prompt start
0807 14:30:17 ds4-server: chat ctx=0..29:29 prompt done 4.948s
0807 14:30:27 ds4-server: chat ctx=29..61:32 gen=32 decoding chunk=3.23 t/s avg=3.23 t/s 9.914s
0807 14:30:27 ds4-server: chat ctx=0..29:29 gen=32 finish=length 14.864s
0807 14:30:27 ds4-server: live kv cache miss live=61 prompt=29 common=2 reason=token-mismatch
0807 14:30:27 ds4-server: chat ctx=0..29:29 prompt start
0807 14:30:31 ds4-server: chat ctx=0..29:29 prompt done 4.343s
0807 14:30:41 ds4-server: chat ctx=29..61:32 gen=32 decoding chunk=3.47 t/s avg=3.47 t/s 9.232s
0807 14:30:41 ds4-server: chat ctx=0..29:29 gen=32 finish=length 13.577s
0807 14:30:41 ds4-server: live kv cache miss live=61 prompt=32 common=2 reason=token-mismatch
0807 14:30:41 ds4-server: chat ctx=0..32:32 prompt start
0807 14:30:46 ds4-server: chat ctx=0..32:32 prompt done 4.497s
0807 14:30:48 ds4-server: chat ctx=32..40:8 gen=8 decoding chunk=3.29 t/s avg=3.29 t/s 2.431s
0807 14:30:48 ds4-server: chat ctx=0..32:32 gen=8 finish=stop 6.931s
0807 14:30:48 ds4-server: live kv cache miss live=40 prompt=24 common=2 reason=token-mismatch
0807 14:30:48 ds4-server: chat ctx=0..24:24 prompt start
0807 14:30:52 ds4-server: chat ctx=0..24:24 prompt done 4.017s
0807 14:30:59 ds4-server: chat ctx=24..33:9 gen=9 decoding chunk=1.36 t/s avg=1.36 t/s 6.598s
0807 14:30:59 ds4-server: chat ctx=0..24:24 gen=9 finish=stop 10.618s
0807 14:30:59 ds4-server: live kv cache miss live=33 prompt=21 common=2 reason=token-mismatch
0807 14:30:59 ds4-server: chat ctx=0..21:21 prompt start
0807 14:31:03 ds4-server: chat ctx=0..21:21 prompt done 4.371s
0807 14:31:10 ds4-server: chat ctx=21..41:20 gen=20 decoding chunk=3.63 t/s avg=3.63 t/s 5.513s
0807 14:31:10 ds4-server: chat ctx=0..21:21 gen=20 finish=stop 9.887s
0807 14:31:10 ds4-server: live kv cache miss live=41 prompt=26 common=2 reason=token-mismatch
0807 14:31:10 ds4-server: chat ctx=0..26:26 prompt start
0807 14:31:15 ds4-server: chat ctx=0..26:26 prompt done 4.654s
0807 14:31:24 ds4-server: chat ctx=26..58:32 gen=32 decoding chunk=3.45 t/s avg=3.45 t/s 9.283s
0807 14:31:24 ds4-server: chat ctx=0..26:26 gen=32 finish=length 13.939s
0807 14:31:24 ds4-server: shutdown requested, draining requests
