2026-08-07T12:28:58Z temp_c=68
2026-08-07T12:29:03Z temp_c=67
2026-08-07T12:29:08Z temp_c=67
2026-08-07T12:29:13Z temp_c=66
2026-08-07T12:29:18Z temp_c=66
2026-08-07T12:29:23Z temp_c=66
2026-08-07T12:29:29Z temp_c=65
2026-08-07T12:29:31Z sample=65, 27.33, P0, 1642, 14001, 3277
2026-08-07T12:29:32Z sample=65, 29.58, P0, 1530, 14001, 8179
2026-08-07T12:29:33Z sample=66, 32.45, P0, 1710, 14001, 8953
2026-08-07T12:29:34Z sample=66, 32.61, P0, 1702, 14001, 9977
2026-08-07T12:29:35Z sample=66, 28.50, P0, 1740, 14001, 11001
2026-08-07T12:29:36Z sample=67, 31.67, P0, 1717, 14001, 12025
2026-08-07T12:29:37Z sample=67, 37.82, P0, 1687, 14001, 13049
2026-08-07T12:29:38Z sample=66, 39.51, P0, 1725, 14001, 14073
2026-08-07T12:29:39Z sample=67, 37.30, P0, 1755, 14001, 15355
2026-08-07T12:29:40Z sample=67, 44.44, P0, 1845, 14001, 15355
2026-08-07T12:29:41Z sample=68, 40.57, P0, 1912, 14001, 15355
2026-08-07T12:29:42Z sample=68, 26.50, P0, 1777, 14001, 15355
2026-08-07T12:29:43Z sample=67, 26.47, P0, 1575, 14001, 15355
2026-08-07T12:29:44Z sample=67, 32.75, P0, 1522, 14001, 15355
2026-08-07T12:29:45Z sample=67, 33.01, P0, 1560, 14001, 15355
2026-08-07T12:29:46Z sample=67, 31.45, P0, 1552, 14001, 15355
2026-08-07T12:29:47Z sample=67, 32.86, P0, 1552, 14001, 15355
2026-08-07T12:29:48Z sample=67, 45.58, P0, 1567, 14001, 15355
2026-08-07T12:29:49Z sample=68, 54.40, P0, 1785, 14001, 15355
2026-08-07T12:29:50Z sample=67, 27.66, P0, 1845, 14001, 15375
2026-08-07T12:29:51Z sample=67, 111.47, P0, 1567, 14001, 15395
2026-08-07T12:29:53Z sample=67, 32.84, P0, 1597, 14001, 15395
2026-08-07T12:29:54Z sample=67, 33.47, P0, 1567, 14001, 15395
2026-08-07T12:29:55Z sample=67, 31.44, P0, 1582, 14001, 15395
2026-08-07T12:29:56Z sample=68, 44.65, P0, 1800, 14001, 15395
2026-08-07T12:29:57Z sample=68, 60.73, P0, 1815, 14001, 15395
2026-08-07T12:29:58Z sample=68, 27.26, P0, 1830, 14001, 15733
2026-08-07T12:29:59Z sample=67, 33.46, P0, 1575, 14001, 15775
2026-08-07T12:30:01Z sample=69, 31.97, P0, 1582, 14001, 15775
2026-08-07T12:30:02Z sample=68, 32.87, P0, 1575, 14001, 15775
2026-08-07T12:30:03Z sample=67, 37.10, P0, 1582, 14001, 15775
2026-08-07T12:30:04Z sample=68, 36.47, P0, 1552, 14001, 15775
2026-08-07T12:30:05Z sample=68, 27.15, P0, 1590, 14001, 15775
2026-08-07T12:30:06Z sample=69, 48.06, P0, 1800, 14001, 15775
2026-08-07T12:30:07Z sample=68, 40.10, P0, 1830, 14001, 15775
2026-08-07T12:30:08Z sample=69, 47.38, P0, 1815, 14001, 15775
2026-08-07T12:30:09Z sample=69, 47.20, P0, 1860, 14001, 15775
2026-08-07T12:30:10Z sample=69, 52.97, P0, 2010, 14001, 15775
2026-08-07T12:30:11Z sample=69, 47.78, P0, 1792, 14001, 15775
2026-08-07T12:30:12Z sample=68, 29.13, P0, 1822, 14001, 15775
2026-08-07T12:30:13Z sample=68, 28.59, P0, 1575, 14001, 15775
2026-08-07T12:30:15Z sample=68, 31.99, P0, 1575, 14001, 15775
2026-08-07T12:30:16Z sample=68, 34.59, P0, 1612, 14001, 15775
2026-08-07T12:30:17Z sample=68, 29.25, P0, 1582, 14001, 15775
2026-08-07T12:30:18Z sample=69, 49.35, P0, 1845, 14001, 15775
2026-08-07T12:30:19Z sample=70, 49.35, P0, 1822, 14001, 15775
2026-08-07T12:30:20Z sample=69, 47.18, P0, 1890, 14001, 15775
2026-08-07T12:30:21Z sample=70, 44.20, P0, 1770, 14001, 15775
2026-08-07T12:30:22Z sample=69, 39.53, P0, 1785, 14001, 15775
2026-08-07T12:30:23Z sample=70, 38.47, P0, 1822, 14001, 15775
2026-08-07T12:30:24Z sample=70, 45.76, P0, 1890, 14001, 15775
2026-08-07T12:30:25Z sample=70, 52.10, P0, 1905, 14001, 15775
2026-08-07T12:30:26Z sample=70, 45.70, P0, 1845, 14001, 15775
2026-08-07T12:30:27Z sample=70, 44.44, P0, 1935, 14001, 15775
2026-08-07T12:30:28Z sample=69, 34.05, P0, 1605, 14001, 15775
2026-08-07T12:30:29Z sample=69, 35.76, P0, 1612, 14001, 15775
2026-08-07T12:30:30Z sample=69, 34.40, P0, 1567, 14001, 15775
2026-08-07T12:30:31Z sample=69, 45.44, P0, 1560, 14001, 15775
2026-08-07T12:30:32Z sample=70, 52.02, P0, 1890, 14001, 15775
2026-08-07T12:30:35Z sample=70, 52.97, P0, 1815, 14001, 15775
2026-08-07T12:30:36Z sample=70, 45.20, P0, 1897, 14001, 15775
2026-08-07T12:30:37Z sample=71, 48.56, P0, 1897, 14001, 15775
2026-08-07T12:30:38Z sample=70, 56.24, P0, 1897, 14001, 15775
2026-08-07T12:30:39Z sample=70, 50.38, P0, 1882, 14001, 15775
2026-08-07T12:30:40Z sample=71, 65.24, P0, 1905, 14001, 15775
2026-08-07T12:30:41Z sample=70, 49.53, P0, 1867, 14001, 15775
2026-08-07T12:30:42Z sample=70, 32.96, P0, 1890, 14001, 15775
2026-08-07T12:30:43Z sample=70, 34.20, P0, 1627, 14001, 15775
2026-08-07T12:30:44Z sample=70, 34.42, P0, 1605, 14001, 15775
2026-08-07T12:30:45Z sample=70, 34.95, P0, 1575, 14001, 15775
2026-08-07T12:30:46Z sample=70, 33.19, P0, 1567, 14001, 15775
2026-08-07T12:30:47Z sample=70, 46.29, P0, 1837, 14001, 15775
2026-08-07T12:30:48Z sample=71, 60.52, P0, 1785, 14001, 15775
2026-08-07T12:30:49Z sample=71, 36.89, P0, 1657, 14001, 15775
2026-08-07T12:30:50Z sample=70, 39.78, P0, 1605, 14001, 15775
2026-08-07T12:30:51Z sample=70, 28.11, P0, 1627, 14001, 15775
2026-08-07T12:30:52Z sample=70, 29.17, P0, 1612, 14001, 15775
2026-08-07T12:30:53Z sample=70, 49.99, P0, 1785, 14001, 15775
2026-08-07T12:30:54Z sample=70, 26.95, P0, 1605, 14001, 15775
2026-08-07T12:30:55Z sample=70, 33.56, P0, 1620, 14001, 15775
2026-08-07T12:30:56Z sample=70, 29.73, P0, 1545, 14001, 15775
2026-08-07T12:30:57Z sample=70, 34.08, P0, 1575, 14001, 15775
2026-08-07T12:30:58Z sample=70, 34.42, P0, 1642, 14001, 15775
2026-08-07T12:31:00Z sample=69, 33.82, P0, 1575, 14001, 15775
2026-08-07T12:31:01Z sample=70, 34.60, P0, 1620, 14001, 15775
2026-08-07T12:31:02Z sample=71, 34.94, P0, 1612, 14001, 15775
2026-08-07T12:31:03Z sample=70, 33.94, P0, 1567, 14001, 15775
2026-08-07T12:31:04Z sample=70, 37.76, P0, 1732, 14001, 15775
2026-08-07T12:31:05Z sample=70, 47.86, P0, 1890, 14001, 15775
2026-08-07T12:31:06Z sample=71, 50.84, P0, 1972, 14001, 15775
2026-08-07T12:31:08Z sample=71, 56.59, P0, 1995, 14001, 15775
2026-08-07T12:31:09Z sample=71, 51.31, P0, 1875, 14001, 15775
2026-08-07T12:31:10Z sample=71, 43.15, P0, 1987, 14001, 15775
2026-08-07T12:31:11Z sample=70, 42.32, P0, 1545, 14001, 15775
2026-08-07T12:31:12Z sample=70, 39.34, P0, 1567, 14001, 15775
2026-08-07T12:31:13Z sample=70, 35.72, P0, 1567, 14001, 15775
2026-08-07T12:31:14Z sample=70, 27.65, P0, 1567, 14001, 15775
2026-08-07T12:31:15Z sample=71, 40.59, P0, 1815, 14001, 15775
2026-08-07T12:31:16Z sample=71, 47.75, P0, 1792, 14001, 15775
2026-08-07T12:31:17Z sample=71, 50.59, P0, 1897, 14001, 15775
2026-08-07T12:31:18Z sample=71, 47.92, P0, 1815, 14001, 15775
2026-08-07T12:31:19Z sample=71, 48.47, P0, 1845, 14001, 15775
2026-08-07T12:31:20Z sample=71, 52.57, P0, 1815, 14001, 15775
2026-08-07T12:31:22Z sample=71, 56.87, P0, 1822, 14001, 15775
2026-08-07T12:31:23Z sample=71, 58.46, P0, 1867, 14001, 15775
2026-08-07T12:31:24Z sample=71, 56.01, P0, 1845, 14001, 15775
