ds4: Linux cuda backend set oom_score_adj=1000
ds4: CUDA backend initialized on NVIDIA GeForce RTX 5080 Laptop GPU (sm_120) dev=0
ds4: cuda SSD streaming total expert budget 10.00 GiB = 3.38 GiB prefill headroom + 6.62 GiB dynamic cache (1005 experts, 6.75 MiB each)
ds4: SSD streaming initial cuda model map restricted to token embedding (1 spans, 0.99 GiB tensor span)
ds4: CUDA host registration skipped: out of memory
ds4: CUDA preparing model tensor mappings
ds4: CUDA loading model tensors into device cache
ds4: CUDA startup model preparation covered 0.99 GiB of tensor spans in 0.509s
ds4: cuda backend initialized for graph diagnostics
ds4: memory: KV 0.07 GiB (raw 0.02 + compressed 0.05) + buffers 0.00 GiB + resident model 0.99 GiB + expert cache 6.62 GiB + prefill expert reserve 3.38 GiB = 11.06 GiB planned
ds4: memory detail: ctx=4096 prefill_cap=128 raw_kv_rows=256 compressed_kv_rows=1026 backend=cuda
0806 14:22:03 ds4-server: context buffers 76.50 MiB (ctx=4096, backend=cuda, prefill_chunk=128, raw_kv_rows=256, compressed_kv_rows=1026)
0806 14:22:03 ds4-server: listening on http://127.0.0.1:18080
0806 14:22:03 ds4-server: chat ctx=0..21:21 prompt start
ds4: DS4_CUDA_MMQ=0 - mmq prefill tier disabled
ds4: CUDA layer-pinned expert profile loaded 6 experts from /mnt/c/Users/gmart/OneDrive/ds4/profiles/ds4-flash-0731-prefill-pinned-conservative.txt (up to 2 per layer, lazy admission)
ds4: CUDA layer expert cache allocated 6.62 GiB (1005 prefill experts, 1005 decode experts across 43 layers)
ds4: CUDA loading model tensors 7.55 GiB cached
0806 14:22:13 ds4-server: chat ctx=0..21:21 prompt done 9.782s
0806 14:22:17 ds4-server: chat ctx=21..32:11 gen=11 decoding chunk=2.71 t/s avg=2.71 t/s 4.052s
0806 14:22:17 ds4-server: chat ctx=0..21:21 gen=11 finish=stop 13.839s
0806 14:22:17 ds4-server: live kv cache miss live=32 prompt=20 common=2 reason=token-mismatch
0806 14:22:17 ds4-server: chat ctx=0..20:20 prompt start
ds4: CUDA prompt expert cache summary hits=1991 misses=2873 evictions=1186 SSD=18.94 GiB capacity=1005 resident=1005
0806 14:22:31 ds4-server: chat ctx=0..20:20 prompt done 16.871s
0806 14:22:34 ds4-server: chat ctx=20..27:7 gen=7 decoding chunk=2.62 t/s avg=2.62 t/s 2.670s
0806 14:22:34 ds4-server: chat ctx=0..20:20 gen=7 finish=stop 19.547s
0806 14:22:34 ds4-server: live kv cache miss live=27 prompt=24 common=2 reason=token-mismatch
0806 14:22:34 ds4-server: chat ctx=0..24:24 prompt start
ds4: CUDA prompt expert cache summary hits=1615 misses=2174 evictions=1258 SSD=14.33 GiB capacity=1005 resident=1005
0806 14:22:39 ds4-server: chat ctx=0..24:24 prompt done 4.965s
0806 14:22:42 ds4-server: chat ctx=24..32:8 gen=8 decoding chunk=2.51 t/s avg=2.51 t/s 3.192s
0806 14:22:42 ds4-server: chat ctx=0..24:24 gen=8 finish=stop 8.161s
0806 14:22:42 ds4-server: live kv cache miss live=32 prompt=42 common=2 reason=token-mismatch
0806 14:22:42 ds4-server: chat ctx=0..42:42 prompt start
ds4: CUDA prompt expert cache summary hits=1702 misses=2645 evictions=1523 SSD=17.44 GiB capacity=1005 resident=1005
0806 14:22:53 ds4-server: chat ctx=0..42:42 prompt done 10.935s
0806 14:23:01 ds4-server: chat ctx=42..64:22 gen=22 decoding chunk=2.05 t/s avg=2.05 t/s 10.729s
0806 14:23:01 ds4-server: chat ctx=0..42:42 gen=22 finish=stop 21.671s
0806 14:23:01 ds4-server: live kv cache miss live=64 prompt=29 common=2 reason=token-mismatch
0806 14:23:01 ds4-server: chat ctx=0..29:29 prompt start
ds4: CUDA prompt expert cache summary hits=4526 misses=4289 evictions=2613 SSD=28.27 GiB capacity=1005 resident=1005
0806 14:23:08 ds4-server: chat ctx=0..29:29 prompt done 6.294s
0806 14:23:20 ds4-server: chat ctx=29..61:32 gen=32 decoding chunk=2.68 t/s avg=2.68 t/s 11.944s
0806 14:23:20 ds4-server: chat ctx=0..29:29 gen=32 finish=length 18.241s
0806 14:23:20 ds4-server: live kv cache miss live=61 prompt=29 common=2 reason=token-mismatch
0806 14:23:20 ds4-server: chat ctx=0..29:29 prompt start
ds4: CUDA prompt expert cache summary hits=5963 misses=4976 evictions=3604 SSD=32.80 GiB capacity=1005 resident=1005
0806 14:23:25 ds4-server: chat ctx=0..29:29 prompt done 5.555s
0806 14:23:41 ds4-server: chat ctx=29..61:32 gen=32 decoding chunk=1.69 t/s avg=1.69 t/s 18.951s
0806 14:23:41 ds4-server: chat ctx=0..29:29 gen=32 finish=length 24.510s
0806 14:23:41 ds4-server: live kv cache miss live=61 prompt=32 common=2 reason=token-mismatch
0806 14:23:41 ds4-server: chat ctx=0..32:32 prompt start
ds4: CUDA prompt expert cache summary hits=5940 misses=4678 evictions=3597 SSD=30.84 GiB capacity=1005 resident=1005
0806 14:23:47 ds4-server: chat ctx=0..32:32 prompt done 5.811s
0806 14:23:50 ds4-server: chat ctx=32..40:8 gen=8 decoding chunk=2.63 t/s avg=2.63 t/s 3.037s
0806 14:23:50 ds4-server: chat ctx=0..32:32 gen=8 finish=stop 8.851s
0806 14:23:50 ds4-server: live kv cache miss live=40 prompt=24 common=2 reason=token-mismatch
0806 14:23:50 ds4-server: chat ctx=0..24:24 prompt start
ds4: CUDA prompt expert cache summary hits=1727 misses=2687 evictions=1714 SSD=17.71 GiB capacity=1005 resident=1005
0806 14:23:55 ds4-server: chat ctx=0..24:24 prompt done 5.058s
0806 14:24:02 ds4-server: chat ctx=24..33:9 gen=9 decoding chunk=0.99 t/s avg=0.99 t/s 9.084s
0806 14:24:02 ds4-server: chat ctx=0..24:24 gen=9 finish=stop 14.145s
0806 14:24:02 ds4-server: live kv cache miss live=33 prompt=21 common=2 reason=token-mismatch
0806 14:24:02 ds4-server: chat ctx=0..21:21 prompt start
ds4: CUDA prompt expert cache summary hits=2065 misses=2522 evictions=1509 SSD=16.62 GiB capacity=1005 resident=1005
0806 14:24:09 ds4-server: chat ctx=0..21:21 prompt done 7.444s
0806 14:24:16 ds4-server: chat ctx=21..41:20 gen=20 decoding chunk=2.98 t/s avg=2.98 t/s 6.718s
0806 14:24:16 ds4-server: chat ctx=0..21:21 gen=20 finish=stop 14.168s
0806 14:24:16 ds4-server: live kv cache miss live=41 prompt=26 common=2 reason=token-mismatch
0806 14:24:16 ds4-server: chat ctx=0..26:26 prompt start
ds4: CUDA prompt expert cache summary hits=4259 misses=3180 evictions=2213 SSD=20.96 GiB capacity=1005 resident=1005
0806 14:24:22 ds4-server: chat ctx=0..26:26 prompt done 5.774s
0806 14:24:38 ds4-server: chat ctx=26..58:32 gen=32 decoding chunk=1.68 t/s avg=1.68 t/s 19.102s
0806 14:24:38 ds4-server: chat ctx=0..26:26 gen=32 finish=length 24.879s
0806 14:24:38 ds4-server: shutdown requested, draining requests
