2026-08-06T12:22:02Z temp_c=73
2026-08-06T12:22:03Z sample=73, 27.46, P0, 1492, 14001, 1486
2026-08-06T12:22:04Z sample=74, 35.40, P0, 1530, 14001, 9210
2026-08-06T12:22:05Z sample=74, 40.25, P0, 1597, 14001, 9984
2026-08-06T12:22:07Z sample=74, 30.59, P0, 1732, 14001, 10752
2026-08-06T12:22:08Z sample=74, 29.22, P0, 1732, 14001, 11776
2026-08-06T12:22:09Z sample=75, 28.94, P0, 1672, 14001, 12800
2026-08-06T12:22:10Z sample=74, 30.27, P4, 1650, 9001, 13568
2026-08-06T12:22:11Z sample=74, 28.48, P4, 577, 9001, 14592
2026-08-06T12:22:12Z sample=74, 32.63, P4, 457, 9001, 15552
2026-08-06T12:22:13Z sample=74, 34.48, P2, 570, 9001, 15874
2026-08-06T12:22:14Z sample=77, 42.12, P2, 1545, 11001, 15874
2026-08-06T12:22:16Z sample=77, 54.81, P4, 1447, 11001, 15874
2026-08-06T12:22:17Z sample=76, 40.99, P4, 1267, 9001, 15874
2026-08-06T12:22:18Z sample=77, 23.55, P4, 1380, 9001, 15874
2026-08-06T12:22:19Z sample=75, 26.46, P4, 277, 9001, 15874
2026-08-06T12:22:20Z sample=74, 20.82, P4, 240, 9001, 15874
2026-08-06T12:22:21Z sample=75, 21.77, P4, 337, 9001, 15874
2026-08-06T12:22:22Z sample=74, 20.14, P5, 180, 9001, 15874
2026-08-06T12:22:23Z sample=74, 19.49, P5, 622, 810, 15874
2026-08-06T12:22:24Z sample=74, 16.71, P8, 375, 405, 15874
2026-08-06T12:22:25Z sample=74, 16.07, P8, 180, 405, 15874
2026-08-06T12:22:27Z sample=74, 33.73, P5, 180, 810, 15874
2026-08-06T12:22:28Z sample=74, 19.40, P5, 180, 810, 15874
2026-08-06T12:22:29Z sample=75, 29.79, P8, 180, 405, 15874
2026-08-06T12:22:30Z sample=74, 16.07, P8, 180, 405, 15874
2026-08-06T12:22:31Z sample=74, 48.23, P8, 412, 405, 15874
2026-08-06T12:22:29Z sample=74, 15.00, P8, 712, 405, 15874
2026-08-06T12:22:31Z sample=74, 15.94, P8, 465, 405, 15874
2026-08-06T12:22:32Z sample=76, 70.65, P0, 660, 14001, 15874
2026-08-06T12:22:33Z sample=76, 47.90, P0, 997, 14001, 15874
2026-08-06T12:22:34Z sample=77, 60.37, P4, 1110, 14001, 15874
2026-08-06T12:22:35Z sample=75, 41.07, P4, 292, 9001, 15914
2026-08-06T12:22:36Z sample=74, 28.47, P4, 457, 9001, 15914
2026-08-06T12:22:37Z sample=75, 22.17, P4, 390, 9001, 15914
2026-08-06T12:22:38Z sample=74, 29.58, P4, 345, 9001, 15914
2026-08-06T12:22:39Z sample=76, 52.77, P4, 435, 9001, 15914
2026-08-06T12:22:41Z sample=76, 55.43, P4, 1425, 11001, 15914
2026-08-06T12:22:42Z sample=76, 55.17, P2, 1185, 11001, 15914
2026-08-06T12:22:43Z sample=76, 22.82, P4, 1342, 9001, 15932
2026-08-06T12:22:44Z sample=76, 23.31, P4, 337, 9001, 15910
2026-08-06T12:22:45Z sample=75, 34.98, P4, 697, 9001, 15910
2026-08-06T12:22:46Z sample=75, 29.79, P4, 1035, 9001, 15910
2026-08-06T12:22:47Z sample=75, 21.34, P4, 952, 9001, 15910
2026-08-06T12:22:48Z sample=76, 29.18, P4, 495, 9001, 15910
2026-08-06T12:22:49Z sample=74, 20.22, P4, 577, 9001, 15910
2026-08-06T12:22:50Z sample=74, 37.77, P0, 1597, 810, 15910
2026-08-06T12:22:51Z sample=76, 23.08, P5, 180, 810, 15910
2026-08-06T12:22:53Z sample=74, 19.29, P5, 187, 810, 15910
2026-08-06T12:22:54Z sample=75, 33.64, P5, 1845, 14001, 15910
2026-08-06T12:22:55Z sample=74, 23.87, P4, 787, 9001, 15910
2026-08-06T12:22:56Z sample=74, 28.07, P4, 532, 9001, 15910
2026-08-06T12:22:57Z sample=74, 33.03, P4, 1027, 9001, 15910
2026-08-06T12:22:58Z sample=76, 58.66, P4, 1612, 14001, 15910
2026-08-06T12:22:59Z sample=76, 45.40, P4, 1507, 11001, 15910
2026-08-06T12:23:00Z sample=77, 44.58, P4, 1387, 11001, 15910
2026-08-06T12:23:02Z sample=76, 75.11, P2, 1605, 11001, 15910
2026-08-06T12:23:00Z sample=77, 40.71, P4, 1725, 14001, 15910
2026-08-06T12:23:01Z sample=77, 53.77, P0, 1530, 14001, 15910
2026-08-06T12:23:02Z sample=75, 72.98, P4, 1425, 14001, 15910
2026-08-06T12:23:03Z sample=75, 34.61, P4, 607, 9001, 15910
2026-08-06T12:23:04Z sample=75, 28.12, P4, 375, 9001, 15910
2026-08-06T12:23:05Z sample=75, 29.33, P4, 465, 9001, 15910
2026-08-06T12:23:07Z sample=75, 22.40, P4, 450, 9001, 15910
2026-08-06T12:23:08Z sample=75, 38.47, P4, 570, 9001, 15910
2026-08-06T12:23:09Z sample=76, 47.98, P4, 1455, 9001, 15910
2026-08-06T12:23:10Z sample=76, 59.84, P4, 1155, 9001, 15910
2026-08-06T12:23:11Z sample=77, 52.99, P2, 1620, 9001, 15910
2026-08-06T12:23:12Z sample=77, 48.72, P4, 1477, 9001, 15910
2026-08-06T12:23:13Z sample=76, 44.30, P4, 1185, 9001, 15910
2026-08-06T12:23:14Z sample=77, 46.19, P4, 1417, 11001, 15910
2026-08-06T12:23:15Z sample=78, 45.37, P4, 1507, 11001, 15910
2026-08-06T12:23:16Z sample=77, 52.93, P2, 1515, 11001, 15910
2026-08-06T12:23:18Z sample=78, 52.85, P4, 1545, 11001, 15910
2026-08-06T12:23:19Z sample=76, 33.22, P2, 1432, 11001, 15910
2026-08-06T12:23:20Z sample=77, 23.89, P4, 1530, 11001, 15910
2026-08-06T12:23:21Z sample=76, 24.19, P2, 1080, 9001, 15910
2026-08-06T12:23:22Z sample=75, 30.50, P4, 547, 9001, 15910
2026-08-06T12:23:23Z sample=75, 22.77, P4, 630, 9001, 15910
2026-08-06T12:23:24Z sample=75, 189.68, P4, 495, 9001, 15910
2026-08-06T12:23:25Z sample=75, 38.85, P4, 495, 9001, 15910
2026-08-06T12:23:26Z sample=76, 31.27, P4, 915, 9001, 15910
2026-08-06T12:23:27Z sample=75, 28.06, P4, 780, 9001, 15910
2026-08-06T12:23:29Z sample=75, 26.13, P4, 697, 9001, 15910
2026-08-06T12:23:30Z sample=75, 29.93, P4, 585, 9001, 15910
2026-08-06T12:23:31Z sample=75, 28.99, P4, 465, 9001, 15910
2026-08-06T12:23:29Z sample=75, 25.76, P4, 442, 9001, 15910
2026-08-06T12:23:30Z sample=75, 29.85, P4, 390, 9001, 15910
2026-08-06T12:23:31Z sample=75, 36.29, P4, 615, 9001, 15910
2026-08-06T12:23:32Z sample=76, 30.08, P4, 630, 9001, 15910
2026-08-06T12:23:33Z sample=74, 28.19, P4, 420, 9001, 15910
2026-08-06T12:23:34Z sample=76, 40.48, P2, 1380, 9001, 15910
2026-08-06T12:23:36Z sample=77, 48.05, P4, 1335, 11001, 15910
2026-08-06T12:23:37Z sample=77, 49.75, P4, 1470, 11001, 15910
2026-08-06T12:23:38Z sample=77, 52.22, P4, 1500, 11001, 15910
2026-08-06T12:23:39Z sample=76, 58.68, P2, 997, 9001, 15910
2026-08-06T12:23:40Z sample=76, 59.38, P4, 832, 9001, 15910
2026-08-06T12:23:41Z sample=77, 57.55, P4, 1132, 9001, 15910
2026-08-06T12:23:42Z sample=76, 58.61, P0, 765, 9001, 15910
2026-08-06T12:23:43Z sample=75, 30.59, P4, 645, 9001, 15910
2026-08-06T12:23:44Z sample=76, 30.59, P4, 427, 9001, 15910
2026-08-06T12:23:45Z sample=75, 29.68, P4, 427, 9001, 15910
2026-08-06T12:23:46Z sample=75, 22.90, P4, 457, 9001, 15910
2026-08-06T12:23:48Z sample=76, 55.07, P4, 375, 9001, 15910
2026-08-06T12:23:49Z sample=76, 50.50, P4, 1552, 11001, 15910
2026-08-06T12:23:50Z sample=77, 60.32, P2, 1522, 9001, 15910
2026-08-06T12:23:51Z sample=77, 78.78, P4, 1132, 9001, 15910
2026-08-06T12:23:52Z sample=75, 24.47, P4, 532, 9001, 15910
2026-08-06T12:23:53Z sample=75, 21.38, P4, 420, 9001, 15910
2026-08-06T12:23:54Z sample=75, 39.53, P4, 427, 9001, 15910
2026-08-06T12:23:55Z sample=75, 28.13, P4, 375, 9001, 15910
2026-08-06T12:23:56Z sample=75, 32.79, P4, 405, 9001, 15910
2026-08-06T12:23:57Z sample=75, 33.58, P4, 390, 9001, 15910
2026-08-06T12:23:58Z sample=76, 58.34, P4, 532, 9001, 15910
2026-08-06T12:24:00Z sample=75, 30.76, P4, 502, 9001, 15910
2026-08-06T12:24:01Z sample=75, 27.53, P4, 457, 9001, 15910
2026-08-06T12:23:59Z sample=74, 26.48, P4, 532, 9001, 15910
2026-08-06T12:24:00Z sample=75, 58.90, P4, 780, 9001, 15910
2026-08-06T12:24:01Z sample=76, 27.63, P4, 585, 9001, 15910
2026-08-06T12:24:02Z sample=74, 20.51, P4, 960, 9001, 15910
2026-08-06T12:24:03Z sample=74, 19.58, P5, 180, 810, 15910
2026-08-06T12:24:05Z sample=74, 29.15, P5, 795, 810, 15910
2026-08-06T12:24:06Z sample=74, 28.59, P4, 840, 9001, 15910
2026-08-06T12:24:07Z sample=74, 38.67, P4, 412, 9001, 15910
2026-08-06T12:24:08Z sample=74, 27.08, P4, 390, 9001, 15910
2026-08-06T12:24:09Z sample=75, 48.21, P4, 390, 9001, 15910
2026-08-06T12:24:10Z sample=76, 38.50, P4, 1012, 9001, 15910
2026-08-06T12:24:11Z sample=76, 57.51, P2, 1552, 9001, 15910
2026-08-06T12:24:12Z sample=77, 58.71, P2, 1492, 9001, 15910
2026-08-06T12:24:13Z sample=78, 53.38, P0, 1402, 14001, 15910
2026-08-06T12:24:14Z sample=77, 64.72, P0, 1680, 14001, 15910
2026-08-06T12:24:15Z sample=76, 36.49, P0, 1515, 9001, 15910
2026-08-06T12:24:17Z sample=77, 41.07, P4, 1057, 14001, 15910
2026-08-06T12:24:18Z sample=76, 28.80, P4, 330, 9001, 15910
2026-08-06T12:24:19Z sample=75, 32.28, P4, 345, 9001, 15910
2026-08-06T12:24:20Z sample=75, 26.91, P4, 390, 9001, 15910
2026-08-06T12:24:21Z sample=74, 22.72, P4, 367, 9001, 15910
2026-08-06T12:24:22Z sample=76, 51.83, P4, 352, 9001, 15910
2026-08-06T12:24:23Z sample=75, 31.05, P4, 945, 9001, 15910
2026-08-06T12:24:24Z sample=74, 24.45, P4, 930, 9001, 15910
2026-08-06T12:24:25Z sample=75, 28.62, P4, 472, 9001, 15910
2026-08-06T12:24:26Z sample=74, 28.61, P4, 367, 9001, 15910
2026-08-06T12:24:27Z sample=75, 32.36, P4, 600, 9001, 15910
2026-08-06T12:24:28Z sample=74, 23.74, P4, 390, 9001, 15910
2026-08-06T12:24:30Z sample=74, 28.74, P4, 420, 9001, 15910
2026-08-06T12:24:28Z sample=74, 20.09, P4, 1080, 9001, 15910
2026-08-06T12:24:29Z sample=74, 25.38, P4, 675, 9001, 15910
2026-08-06T12:24:30Z sample=74, 30.54, P4, 472, 9001, 15910
2026-08-06T12:24:31Z sample=76, 31.80, P4, 555, 9001, 15910
2026-08-06T12:24:32Z sample=75, 43.72, P4, 690, 9001, 15910
2026-08-06T12:24:33Z sample=76, 52.97, P4, 1612, 9001, 15910
2026-08-06T12:24:34Z sample=76, 58.30, P4, 1432, 9001, 15910
2026-08-06T12:24:35Z sample=76, 72.69, P4, 1440, 9001, 15910
2026-08-06T12:24:37Z sample=76, 59.33, P4, 1447, 9001, 15910
2026-08-06T12:24:38Z sample=76, 60.31, P0, 1575, 14001, 15910
