ds4: Linux cuda backend set oom_score_adj=1000
ds4: CUDA backend initialized on NVIDIA GeForce RTX 5080 Laptop GPU (sm_120) dev=0
ds4: cuda SSD streaming total expert budget 8.00 GiB = 3.38 GiB prefill headroom + 4.62 GiB dynamic cache (701 experts, 6.75 MiB each)
ds4: SSD streaming initial cuda model map restricted to token embedding (1 spans, 0.99 GiB tensor span)
ds4: CUDA host registration skipped: out of memory
ds4: CUDA preparing model tensor mappings
ds4: CUDA loading model tensors into device cache
ds4: CUDA startup model preparation covered 0.99 GiB of tensor spans in 0.422s
ds4: cuda backend initialized for graph diagnostics
ds4: memory: KV 1.70 GiB (raw 0.02 + compressed 1.68) + buffers 0.03 GiB + resident model 0.99 GiB + expert cache 4.62 GiB + prefill expert reserve 3.38 GiB = 10.71 GiB planned
ds4: memory detail: ctx=131072 prefill_cap=128 raw_kv_rows=256 compressed_kv_rows=32770 backend=cuda
0807 14:52:42 ds4-server: context buffers 1773.75 MiB (ctx=131072, backend=cuda, prefill_chunk=128, raw_kv_rows=256, compressed_kv_rows=32770)
ds4: CUDA lazy compressed KV enabled: initial_tokens=4096 ctx=131072
0807 14:52:42 ds4-server: listening on http://127.0.0.1:18080
0807 14:52:43 ds4-server: chat ctx=0..21:21 prompt start
ds4: DS4_CUDA_MMQ=0 - mmq prefill tier disabled
ds4: CUDA layer expert cache allocated 4.62 GiB (701 experts across 43 layers)
0807 14:52:51 ds4-server: chat ctx=0..21:21 prompt done 8.106s
0807 14:52:55 ds4-server: chat ctx=21..32:11 gen=11 decoding chunk=3.65 t/s avg=3.65 t/s 3.012s
0807 14:52:55 ds4-server: chat ctx=0..21:21 gen=11 finish=stop 11.178s
0807 14:52:55 ds4-server: live kv cache miss live=32 prompt=20 common=2 reason=token-mismatch
0807 14:52:55 ds4-server: chat ctx=0..20:20 prompt start
0807 14:53:01 ds4-server: chat ctx=0..20:20 prompt done 6.119s
0807 14:53:03 ds4-server: chat ctx=20..27:7 gen=7 decoding chunk=3.75 t/s avg=3.75 t/s 1.866s
0807 14:53:03 ds4-server: chat ctx=0..20:20 gen=7 finish=stop 7.988s
0807 14:53:03 ds4-server: live kv cache miss live=27 prompt=24 common=2 reason=token-mismatch
0807 14:53:03 ds4-server: chat ctx=0..24:24 prompt start
0807 14:53:07 ds4-server: chat ctx=0..24:24 prompt done 4.438s
0807 14:53:10 ds4-server: chat ctx=24..32:8 gen=8 decoding chunk=3.20 t/s avg=3.20 t/s 2.503s
0807 14:53:10 ds4-server: chat ctx=0..24:24 gen=8 finish=stop 6.943s
0807 14:53:10 ds4-server: live kv cache miss live=32 prompt=42 common=2 reason=token-mismatch
0807 14:53:10 ds4-server: chat ctx=0..42:42 prompt start
0807 14:53:16 ds4-server: chat ctx=0..42:42 prompt done 6.013s
0807 14:53:22 ds4-server: chat ctx=42..64:22 gen=22 decoding chunk=3.71 t/s avg=3.71 t/s 5.922s
0807 14:53:22 ds4-server: chat ctx=0..42:42 gen=22 finish=stop 11.938s
0807 14:53:22 ds4-server: live kv cache miss live=64 prompt=29 common=2 reason=token-mismatch
0807 14:53:22 ds4-server: chat ctx=0..29:29 prompt start
0807 14:53:28 ds4-server: chat ctx=0..29:29 prompt done 5.165s
0807 14:53:37 ds4-server: chat ctx=29..61:32 gen=32 decoding chunk=3.62 t/s avg=3.62 t/s 8.844s
0807 14:53:37 ds4-server: chat ctx=0..29:29 gen=32 finish=length 14.012s
0807 14:53:37 ds4-server: live kv cache miss live=61 prompt=29 common=2 reason=token-mismatch
0807 14:53:37 ds4-server: chat ctx=0..29:29 prompt start
0807 14:53:41 ds4-server: chat ctx=0..29:29 prompt done 4.164s
0807 14:53:50 ds4-server: chat ctx=29..61:32 gen=32 decoding chunk=3.73 t/s avg=3.73 t/s 8.568s
0807 14:53:50 ds4-server: chat ctx=0..29:29 gen=32 finish=length 12.734s
0807 14:53:50 ds4-server: live kv cache miss live=61 prompt=32 common=2 reason=token-mismatch
0807 14:53:50 ds4-server: chat ctx=0..32:32 prompt start
0807 14:53:54 ds4-server: chat ctx=0..32:32 prompt done 4.414s
0807 14:53:57 ds4-server: chat ctx=32..40:8 gen=8 decoding chunk=3.48 t/s avg=3.48 t/s 2.301s
0807 14:53:57 ds4-server: chat ctx=0..32:32 gen=8 finish=stop 6.717s
0807 14:53:57 ds4-server: live kv cache miss live=40 prompt=24 common=2 reason=token-mismatch
0807 14:53:57 ds4-server: chat ctx=0..24:24 prompt start
0807 14:54:02 ds4-server: chat ctx=0..24:24 prompt done 4.038s
0807 14:54:04 ds4-server: chat ctx=24..33:9 gen=9 decoding chunk=3.88 t/s avg=3.88 t/s 2.318s
0807 14:54:04 ds4-server: chat ctx=0..24:24 gen=9 finish=stop 6.358s
0807 14:54:04 ds4-server: live kv cache miss live=33 prompt=21 common=2 reason=token-mismatch
0807 14:54:04 ds4-server: chat ctx=0..21:21 prompt start
0807 14:54:08 ds4-server: chat ctx=0..21:21 prompt done 4.027s
0807 14:54:13 ds4-server: chat ctx=21..41:20 gen=20 decoding chunk=4.27 t/s avg=4.27 t/s 4.680s
0807 14:54:13 ds4-server: chat ctx=0..21:21 gen=20 finish=stop 8.709s
0807 14:54:13 ds4-server: live kv cache miss live=41 prompt=26 common=2 reason=token-mismatch
0807 14:54:13 ds4-server: chat ctx=0..26:26 prompt start
0807 14:54:17 ds4-server: chat ctx=0..26:26 prompt done 4.133s
0807 14:54:25 ds4-server: chat ctx=26..58:32 gen=32 decoding chunk=3.89 t/s avg=3.89 t/s 8.233s
0807 14:54:25 ds4-server: chat ctx=0..26:26 gen=32 finish=length 12.369s
0807 14:54:25 ds4-server: shutdown requested, draining requests
