2026-08-07T12:50:06Z temp_c=65
2026-08-07T12:50:11Z temp_c=64
2026-08-07T12:50:16Z temp_c=64
2026-08-07T12:50:21Z temp_c=64
2026-08-07T12:50:26Z temp_c=64
2026-08-07T12:50:31Z temp_c=64
2026-08-07T12:50:36Z temp_c=64
2026-08-07T12:50:42Z temp_c=64
2026-08-07T12:50:47Z temp_c=63
2026-08-07T12:50:52Z temp_c=63
2026-08-07T12:50:57Z temp_c=63
2026-08-07T12:51:02Z temp_c=63
2026-08-07T12:51:07Z temp_c=63
2026-08-07T12:51:13Z temp_c=63
2026-08-07T12:51:18Z temp_c=63
2026-08-07T12:51:23Z temp_c=62
2026-08-07T12:51:28Z temp_c=62
2026-08-07T12:51:33Z temp_c=62
2026-08-07T12:51:39Z temp_c=62
2026-08-07T12:51:44Z temp_c=61
2026-08-07T12:51:50Z temp_c=61
2026-08-07T12:51:55Z temp_c=61
2026-08-07T12:52:00Z temp_c=61
2026-08-07T12:52:05Z temp_c=61
2026-08-07T12:52:10Z temp_c=61
2026-08-07T12:52:15Z temp_c=61
2026-08-07T12:52:21Z temp_c=61
2026-08-07T12:52:26Z temp_c=61
2026-08-07T12:52:31Z temp_c=61
2026-08-07T12:52:36Z temp_c=61
2026-08-07T12:52:41Z temp_c=60
2026-08-07T12:52:43Z sample=60, 25.67, P0, 1492, 14001, 1531
2026-08-07T12:52:44Z sample=61, 27.53, P0, 1582, 14001, 7459
2026-08-07T12:52:45Z sample=61, 31.14, P0, 1635, 14001, 8233
2026-08-07T12:52:46Z sample=61, 31.39, P0, 1650, 14001, 9001
2026-08-07T12:52:47Z sample=61, 32.12, P0, 1642, 14001, 10281
2026-08-07T12:52:48Z sample=61, 31.82, P0, 1642, 14001, 11305
2026-08-07T12:52:49Z sample=61, 32.00, P0, 1620, 14001, 12329
2026-08-07T12:52:50Z sample=61, 32.10, P0, 1627, 14001, 13353
2026-08-07T12:52:51Z sample=62, 31.32, P0, 1680, 14001, 14635
2026-08-07T12:52:53Z sample=63, 48.55, P0, 1875, 14001, 14635
2026-08-07T12:52:54Z sample=63, 49.15, P0, 1920, 14001, 14635
2026-08-07T12:52:55Z sample=63, 44.14, P0, 1837, 14001, 14635
2026-08-07T12:52:56Z sample=62, 29.35, P0, 1537, 14001, 14635
2026-08-07T12:52:57Z sample=62, 29.42, P0, 1560, 14001, 14635
2026-08-07T12:52:58Z sample=62, 29.80, P0, 1530, 14001, 14635
2026-08-07T12:52:59Z sample=62, 29.46, P0, 1552, 14001, 14635
2026-08-07T12:53:00Z sample=62, 29.40, P0, 1560, 14001, 14635
2026-08-07T12:53:01Z sample=63, 43.61, P0, 1560, 14001, 14635
2026-08-07T12:53:03Z sample=63, 49.61, P0, 1867, 14001, 14635
2026-08-07T12:53:04Z sample=64, 32.72, P0, 1552, 14001, 14675
2026-08-07T12:53:05Z sample=63, 29.62, P0, 1597, 14001, 14675
2026-08-07T12:53:06Z sample=63, 32.53, P0, 1605, 14001, 14675
2026-08-07T12:53:07Z sample=63, 32.37, P0, 1567, 14001, 14675
2026-08-07T12:53:08Z sample=63, 46.04, P0, 1605, 14001, 14675
2026-08-07T12:53:09Z sample=64, 41.60, P0, 1867, 14001, 14675
2026-08-07T12:53:10Z sample=64, 42.95, P0, 1740, 14001, 14675
2026-08-07T12:53:11Z sample=63, 32.33, P0, 1492, 14001, 15055
2026-08-07T12:53:12Z sample=65, 26.44, P0, 1545, 14001, 15055
2026-08-07T12:53:13Z sample=64, 34.08, P0, 1582, 14001, 15055
2026-08-07T12:53:14Z sample=64, 60.58, P0, 1620, 14001, 15055
2026-08-07T12:53:15Z sample=64, 32.02, P0, 1582, 14001, 15055
2026-08-07T12:53:16Z sample=64, 48.02, P0, 1575, 14001, 15055
2026-08-07T12:53:17Z sample=65, 56.53, P0, 1890, 14001, 15055
2026-08-07T12:53:18Z sample=65, 44.89, P0, 1807, 14001, 15055
2026-08-07T12:53:19Z sample=65, 48.34, P0, 1890, 14001, 15055
2026-08-07T12:53:20Z sample=66, 42.68, P0, 1965, 14001, 15055
2026-08-07T12:53:21Z sample=66, 45.31, P0, 1807, 14001, 15055
2026-08-07T12:53:22Z sample=65, 31.27, P0, 1560, 14001, 15055
2026-08-07T12:53:23Z sample=65, 34.72, P0, 1575, 14001, 15055
2026-08-07T12:53:26Z sample=65, 26.63, P0, 1605, 14001, 15055
2026-08-07T12:53:27Z sample=65, 28.23, P0, 1612, 14001, 15055
2026-08-07T12:53:28Z sample=66, 31.22, P0, 1575, 14001, 15055
2026-08-07T12:53:29Z sample=66, 45.67, P0, 1710, 14001, 15055
2026-08-07T12:53:30Z sample=66, 55.78, P0, 1845, 14001, 15055
2026-08-07T12:53:31Z sample=66, 46.49, P0, 1867, 14001, 15055
2026-08-07T12:53:32Z sample=67, 56.94, P0, 1905, 14001, 15055
2026-08-07T12:53:33Z sample=66, 46.78, P0, 1890, 14001, 15055
2026-08-07T12:53:34Z sample=67, 49.17, P0, 1882, 14001, 15055
2026-08-07T12:53:35Z sample=67, 42.69, P0, 1912, 14001, 15055
2026-08-07T12:53:36Z sample=67, 51.84, P0, 1890, 14001, 15055
2026-08-07T12:53:37Z sample=67, 52.59, P0, 1950, 14001, 15055
2026-08-07T12:53:38Z sample=66, 33.88, P0, 1597, 14001, 15055
2026-08-07T12:53:39Z sample=66, 34.14, P0, 1605, 14001, 15055
2026-08-07T12:53:40Z sample=66, 34.10, P0, 1605, 14001, 15055
2026-08-07T12:53:41Z sample=66, 33.89, P0, 1620, 14001, 15055
2026-08-07T12:53:42Z sample=67, 49.04, P0, 1845, 14001, 15055
2026-08-07T12:53:43Z sample=67, 48.49, P0, 1830, 14001, 15055
2026-08-07T12:53:44Z sample=67, 49.85, P0, 1792, 14001, 15055
2026-08-07T12:53:45Z sample=67, 48.61, P0, 1815, 14001, 15055
2026-08-07T12:53:46Z sample=68, 48.34, P0, 1897, 14001, 15055
2026-08-07T12:53:48Z sample=67, 45.44, P0, 1792, 14001, 15055
2026-08-07T12:53:49Z sample=67, 48.79, P0, 1807, 14001, 15055
2026-08-07T12:53:50Z sample=68, 47.93, P0, 1927, 14001, 15055
2026-08-07T12:53:51Z sample=67, 36.38, P0, 1575, 14001, 15055
2026-08-07T12:53:52Z sample=67, 55.49, P0, 1575, 14001, 15055
2026-08-07T12:53:53Z sample=67, 33.92, P0, 1612, 14001, 15055
2026-08-07T12:53:54Z sample=67, 33.86, P0, 1597, 14001, 15055
2026-08-07T12:53:55Z sample=67, 40.42, P0, 1815, 14001, 15055
2026-08-07T12:53:56Z sample=68, 48.68, P0, 1815, 14001, 15055
2026-08-07T12:53:57Z sample=68, 36.40, P0, 1897, 14001, 15055
2026-08-07T12:53:59Z sample=67, 33.94, P0, 1567, 14001, 15055
2026-08-07T12:54:00Z sample=67, 34.06, P0, 1597, 14001, 15055
2026-08-07T12:54:01Z sample=68, 34.95, P0, 1605, 14001, 15055
2026-08-07T12:54:02Z sample=67, 44.49, P0, 1665, 14001, 15055
2026-08-07T12:54:03Z sample=68, 56.32, P0, 1912, 14001, 15055
2026-08-07T12:54:04Z sample=68, 48.37, P0, 1830, 14001, 15055
2026-08-07T12:54:05Z sample=67, 28.10, P0, 1575, 14001, 15055
2026-08-07T12:54:06Z sample=67, 34.08, P0, 1597, 14001, 15055
2026-08-07T12:54:08Z sample=68, 33.79, P0, 1597, 14001, 15055
2026-08-07T12:54:09Z sample=67, 37.72, P0, 1560, 14001, 15055
2026-08-07T12:54:10Z sample=69, 56.94, P0, 1972, 14001, 15055
2026-08-07T12:54:11Z sample=69, 55.67, P0, 1920, 14001, 15055
2026-08-07T12:54:12Z sample=69, 38.98, P0, 1965, 14001, 15055
2026-08-07T12:54:13Z sample=69, 50.52, P0, 1897, 14001, 15055
2026-08-07T12:54:14Z sample=69, 27.98, P0, 1605, 14001, 15055
2026-08-07T12:54:15Z sample=69, 66.68, P0, 1597, 14001, 15055
2026-08-07T12:54:16Z sample=68, 113.05, P0, 1605, 14001, 15055
2026-08-07T12:54:17Z sample=68, 34.70, P0, 1567, 14001, 15055
2026-08-07T12:54:18Z sample=69, 48.64, P0, 1882, 14001, 15055
2026-08-07T12:54:19Z sample=69, 54.04, P0, 1875, 14001, 15055
2026-08-07T12:54:20Z sample=70, 43.87, P0, 1927, 14001, 15055
2026-08-07T12:54:21Z sample=70, 41.17, P0, 1860, 14001, 15055
2026-08-07T12:54:22Z sample=70, 50.49, P0, 1957, 14001, 15055
2026-08-07T12:54:23Z sample=70, 47.51, P0, 1845, 14001, 15055
2026-08-07T12:54:24Z sample=70, 50.53, P0, 1822, 14001, 15055
