ds4: Linux cuda backend set oom_score_adj=1000
ds4: CUDA backend initialized on NVIDIA GeForce RTX 5080 Laptop GPU (sm_120) dev=0
ds4: cuda SSD streaming total expert budget 10.00 GiB = 3.38 GiB prefill headroom + 6.62 GiB dynamic cache (1005 experts, 6.75 MiB each)
ds4: SSD streaming initial cuda model map restricted to token embedding (1 spans, 0.99 GiB tensor span)
ds4: CUDA host registration skipped: out of memory
ds4: CUDA preparing model tensor mappings
ds4: CUDA loading model tensors into device cache
ds4: CUDA startup model preparation covered 0.99 GiB of tensor spans in 1.241s
ds4: cuda backend initialized for graph diagnostics
ds4: memory: KV 0.07 GiB (raw 0.02 + compressed 0.05) + buffers 0.00 GiB + resident model 0.99 GiB + expert cache 6.62 GiB + prefill expert reserve 3.38 GiB = 11.06 GiB planned
ds4: memory detail: ctx=4096 prefill_cap=128 raw_kv_rows=256 compressed_kv_rows=1026 backend=cuda
0806 13:56:45 ds4-server: context buffers 76.50 MiB (ctx=4096, backend=cuda, prefill_chunk=128, raw_kv_rows=256, compressed_kv_rows=1026)
0806 13:56:45 ds4-server: listening on http://127.0.0.1:18080
0806 13:56:46 ds4-server: chat ctx=0..21:21 prompt start
ds4: DS4_CUDA_MMQ=0 - mmq prefill tier disabled
ds4: CUDA layer cache capacity profile loaded from /mnt/c/Users/gmart/OneDrive/ds4/logs/expert_trace_10prompts_20260806T110937Z/analysis/recommended_layer_capacities.txt (1005 experts)
ds4: CUDA layer expert cache allocated 6.62 GiB (1005 prefill experts, 1005 decode experts across 43 layers)
ds4: CUDA loading model tensors 7.20 GiB cached
0806 13:56:53 ds4-server: chat ctx=0..21:21 prompt done 9.941s
0806 13:56:57 ds4-server: chat ctx=21..32:11 gen=11 decoding chunk=3.06 t/s avg=3.06 t/s 3.592s
0806 13:56:57 ds4-server: chat ctx=0..21:21 gen=11 finish=stop 13.537s
0806 13:56:57 ds4-server: live kv cache miss live=32 prompt=20 common=2 reason=token-mismatch
0806 13:56:57 ds4-server: chat ctx=0..20:20 prompt start
0806 13:57:03 ds4-server: chat ctx=0..20:20 prompt done 6.397s
0806 13:57:05 ds4-server: chat ctx=20..27:7 gen=7 decoding chunk=2.96 t/s avg=2.96 t/s 2.367s
0806 13:57:05 ds4-server: chat ctx=0..20:20 gen=7 finish=stop 8.767s
0806 13:57:05 ds4-server: live kv cache miss live=27 prompt=24 common=2 reason=token-mismatch
0806 13:57:05 ds4-server: chat ctx=0..24:24 prompt start
0806 13:57:10 ds4-server: chat ctx=0..24:24 prompt done 4.547s
0806 13:57:13 ds4-server: chat ctx=24..32:8 gen=8 decoding chunk=2.70 t/s avg=2.70 t/s 2.963s
0806 13:57:13 ds4-server: chat ctx=0..24:24 gen=8 finish=stop 7.514s
0806 13:57:13 ds4-server: live kv cache miss live=32 prompt=42 common=2 reason=token-mismatch
0806 13:57:13 ds4-server: chat ctx=0..42:42 prompt start
0806 13:57:19 ds4-server: chat ctx=0..42:42 prompt done 6.539s
0806 13:57:24 ds4-server: chat ctx=42..64:22 gen=22 decoding chunk=3.18 t/s avg=3.18 t/s 6.912s
0806 13:57:24 ds4-server: chat ctx=0..42:42 gen=22 finish=stop 13.455s
0806 13:57:24 ds4-server: live kv cache miss live=64 prompt=29 common=2 reason=token-mismatch
0806 13:57:24 ds4-server: chat ctx=0..29:29 prompt start
0806 13:57:29 ds4-server: chat ctx=0..29:29 prompt done 5.354s
0806 13:57:40 ds4-server: chat ctx=29..61:32 gen=32 decoding chunk=2.96 t/s avg=2.96 t/s 10.799s
0806 13:57:40 ds4-server: chat ctx=0..29:29 gen=32 finish=length 16.155s
0806 13:57:40 ds4-server: live kv cache miss live=61 prompt=29 common=2 reason=token-mismatch
0806 13:57:40 ds4-server: chat ctx=0..29:29 prompt start
0806 13:57:45 ds4-server: chat ctx=0..29:29 prompt done 5.358s
0806 13:57:54 ds4-server: chat ctx=29..61:32 gen=32 decoding chunk=2.94 t/s avg=2.94 t/s 10.885s
0806 13:57:54 ds4-server: chat ctx=0..29:29 gen=32 finish=length 16.247s
0806 13:57:54 ds4-server: live kv cache miss live=61 prompt=32 common=2 reason=token-mismatch
0806 13:57:54 ds4-server: chat ctx=0..32:32 prompt start
0806 13:58:00 ds4-server: chat ctx=0..32:32 prompt done 5.957s
0806 13:58:03 ds4-server: chat ctx=32..40:8 gen=8 decoding chunk=2.74 t/s avg=2.74 t/s 2.920s
0806 13:58:03 ds4-server: chat ctx=0..32:32 gen=8 finish=stop 8.880s
0806 13:58:03 ds4-server: live kv cache miss live=40 prompt=24 common=2 reason=token-mismatch
0806 13:58:03 ds4-server: chat ctx=0..24:24 prompt start
0806 13:58:08 ds4-server: chat ctx=0..24:24 prompt done 5.547s
0806 13:58:12 ds4-server: chat ctx=24..33:9 gen=9 decoding chunk=2.60 t/s avg=2.60 t/s 3.458s
0806 13:58:12 ds4-server: chat ctx=0..24:24 gen=9 finish=stop 9.008s
0806 13:58:12 ds4-server: live kv cache miss live=33 prompt=21 common=2 reason=token-mismatch
0806 13:58:12 ds4-server: chat ctx=0..21:21 prompt start
0806 13:58:17 ds4-server: chat ctx=0..21:21 prompt done 5.860s
0806 13:58:22 ds4-server: chat ctx=21..41:20 gen=20 decoding chunk=2.90 t/s avg=2.90 t/s 6.901s
0806 13:58:22 ds4-server: chat ctx=0..21:21 gen=20 finish=stop 12.765s
0806 13:58:22 ds4-server: live kv cache miss live=41 prompt=26 common=2 reason=token-mismatch
0806 13:58:22 ds4-server: chat ctx=0..26:26 prompt start
0806 13:58:28 ds4-server: chat ctx=0..26:26 prompt done 6.627s
0806 13:58:41 ds4-server: chat ctx=26..58:32 gen=32 decoding chunk=2.58 t/s avg=2.58 t/s 12.384s
0806 13:58:41 ds4-server: chat ctx=0..26:26 gen=32 finish=length 19.014s
0806 13:58:41 ds4-server: shutdown requested, draining requests
