ds4: Linux cuda backend set oom_score_adj=1000
ds4: CUDA backend initialized on NVIDIA GeForce RTX 5080 Laptop GPU (sm_120) dev=0
ds4: cuda SSD streaming total expert budget 7.00 GiB = 3.38 GiB prefill headroom + 3.62 GiB dynamic cache (549 experts, 6.75 MiB each)
ds4: SSD streaming initial cuda model map restricted to token embedding (1 spans, 0.99 GiB tensor span)
ds4: CUDA host registration skipped: out of memory
ds4: CUDA preparing model tensor mappings
ds4: CUDA loading model tensors into device cache
ds4: CUDA startup model preparation covered 0.99 GiB of tensor spans in 0.413s
ds4: cuda backend initialized for graph diagnostics
ds4: memory: KV 1.70 GiB (raw 0.02 + compressed 1.68) + buffers 0.03 GiB + resident model 0.99 GiB + expert cache 3.62 GiB + prefill expert reserve 3.38 GiB = 9.71 GiB planned
ds4: memory detail: ctx=131072 prefill_cap=128 raw_kv_rows=256 compressed_kv_rows=32770 backend=cuda
0807 14:44:58 ds4-server: context buffers 1773.75 MiB (ctx=131072, backend=cuda, prefill_chunk=128, raw_kv_rows=256, compressed_kv_rows=32770)
ds4: CUDA lazy compressed KV enabled: initial_tokens=4096 ctx=131072
0807 14:44:58 ds4-server: listening on http://127.0.0.1:18080
0807 14:44:58 ds4-server: chat ctx=0..21:21 prompt start
ds4: DS4_CUDA_MMQ=0 - mmq prefill tier disabled
ds4: CUDA layer expert cache allocated 3.62 GiB (549 experts across 43 layers)
ds4: CUDA loading model tensors 7.34 GiB cached
0807 14:45:09 ds4-server: chat ctx=0..21:21 prompt done 9.626s
0807 14:45:12 ds4-server: chat ctx=21..32:11 gen=11 decoding chunk=3.46 t/s avg=3.46 t/s 3.181s
0807 14:45:12 ds4-server: chat ctx=0..21:21 gen=11 finish=stop 12.810s
0807 14:45:12 ds4-server: live kv cache miss live=32 prompt=20 common=2 reason=token-mismatch
0807 14:45:12 ds4-server: chat ctx=0..20:20 prompt start
0807 14:45:19 ds4-server: chat ctx=0..20:20 prompt done 6.105s
0807 14:45:21 ds4-server: chat ctx=20..27:7 gen=7 decoding chunk=3.19 t/s avg=3.19 t/s 2.197s
0807 14:45:21 ds4-server: chat ctx=0..20:20 gen=7 finish=stop 8.305s
0807 14:45:21 ds4-server: live kv cache miss live=27 prompt=24 common=2 reason=token-mismatch
0807 14:45:21 ds4-server: chat ctx=0..24:24 prompt start
0807 14:45:25 ds4-server: chat ctx=0..24:24 prompt done 4.625s
0807 14:45:28 ds4-server: chat ctx=24..32:8 gen=8 decoding chunk=2.98 t/s avg=2.98 t/s 2.682s
0807 14:45:28 ds4-server: chat ctx=0..24:24 gen=8 finish=stop 7.309s
0807 14:45:28 ds4-server: live kv cache miss live=32 prompt=42 common=2 reason=token-mismatch
0807 14:45:28 ds4-server: chat ctx=0..42:42 prompt start
0807 14:45:34 ds4-server: chat ctx=0..42:42 prompt done 6.283s
0807 14:45:42 ds4-server: chat ctx=42..64:22 gen=22 decoding chunk=3.28 t/s avg=3.28 t/s 6.712s
0807 14:45:42 ds4-server: chat ctx=0..42:42 gen=22 finish=stop 12.999s
0807 14:45:42 ds4-server: live kv cache miss live=64 prompt=29 common=2 reason=token-mismatch
0807 14:45:42 ds4-server: chat ctx=0..29:29 prompt start
0807 14:45:47 ds4-server: chat ctx=0..29:29 prompt done 4.957s
0807 14:45:57 ds4-server: chat ctx=29..61:32 gen=32 decoding chunk=3.25 t/s avg=3.25 t/s 9.847s
0807 14:45:57 ds4-server: chat ctx=0..29:29 gen=32 finish=length 14.806s
0807 14:45:57 ds4-server: live kv cache miss live=61 prompt=29 common=2 reason=token-mismatch
0807 14:45:57 ds4-server: chat ctx=0..29:29 prompt start
0807 14:46:01 ds4-server: chat ctx=0..29:29 prompt done 4.236s
0807 14:46:12 ds4-server: chat ctx=29..61:32 gen=32 decoding chunk=3.42 t/s avg=3.42 t/s 9.370s
0807 14:46:12 ds4-server: chat ctx=0..29:29 gen=32 finish=length 13.608s
0807 14:46:12 ds4-server: live kv cache miss live=61 prompt=32 common=2 reason=token-mismatch
0807 14:46:12 ds4-server: chat ctx=0..32:32 prompt start
0807 14:46:16 ds4-server: chat ctx=0..32:32 prompt done 4.524s
0807 14:46:19 ds4-server: chat ctx=32..40:8 gen=8 decoding chunk=3.22 t/s avg=3.22 t/s 2.487s
0807 14:46:19 ds4-server: chat ctx=0..32:32 gen=8 finish=stop 7.014s
0807 14:46:19 ds4-server: live kv cache miss live=40 prompt=24 common=2 reason=token-mismatch
0807 14:46:19 ds4-server: chat ctx=0..24:24 prompt start
0807 14:46:24 ds4-server: chat ctx=0..24:24 prompt done 4.813s
0807 14:46:27 ds4-server: chat ctx=24..33:9 gen=9 decoding chunk=2.56 t/s avg=2.56 t/s 3.521s
0807 14:46:27 ds4-server: chat ctx=0..24:24 gen=9 finish=stop 8.336s
0807 14:46:27 ds4-server: live kv cache miss live=33 prompt=21 common=2 reason=token-mismatch
0807 14:46:27 ds4-server: chat ctx=0..21:21 prompt start
0807 14:46:32 ds4-server: chat ctx=0..21:21 prompt done 4.586s
0807 14:46:37 ds4-server: chat ctx=21..41:20 gen=20 decoding chunk=3.75 t/s avg=3.75 t/s 5.333s
0807 14:46:37 ds4-server: chat ctx=0..21:21 gen=20 finish=stop 9.921s
0807 14:46:37 ds4-server: live kv cache miss live=41 prompt=26 common=2 reason=token-mismatch
0807 14:46:37 ds4-server: chat ctx=0..26:26 prompt start
0807 14:46:42 ds4-server: chat ctx=0..26:26 prompt done 4.659s
0807 14:46:52 ds4-server: chat ctx=26..58:32 gen=32 decoding chunk=3.53 t/s avg=3.53 t/s 9.074s
0807 14:46:52 ds4-server: chat ctx=0..26:26 gen=32 finish=length 13.735s
0807 14:46:52 ds4-server: shutdown requested, draining requests
