2026-08-07T12:44:57Z temp_c=60
2026-08-07T12:44:58Z sample=60, 25.44, P0, 1500, 14001, 1531
2026-08-07T12:44:59Z sample=61, 27.24, P0, 1530, 14001, 6177
2026-08-07T12:45:01Z sample=61, 29.46, P0, 1620, 14001, 6951
2026-08-07T12:45:02Z sample=61, 35.40, P0, 1650, 14001, 7719
2026-08-07T12:45:04Z sample=61, 30.02, P0, 1665, 14001, 8487
2026-08-07T12:45:05Z sample=61, 32.94, P0, 1612, 14001, 9255
2026-08-07T12:45:06Z sample=61, 30.73, P0, 1635, 14001, 10279
2026-08-07T12:45:07Z sample=62, 29.29, P0, 1620, 14001, 11047
2026-08-07T12:45:08Z sample=62, 30.40, P0, 1680, 14001, 11815
2026-08-07T12:45:09Z sample=62, 30.46, P0, 1642, 14001, 12839
2026-08-07T12:45:10Z sample=62, 45.55, P0, 1597, 14001, 13609
2026-08-07T12:45:11Z sample=63, 48.37, P0, 1912, 14001, 13609
2026-08-07T12:45:12Z sample=63, 45.02, P0, 1905, 14001, 13609
2026-08-07T12:45:13Z sample=62, 33.54, P0, 1545, 14001, 13609
2026-08-07T12:45:14Z sample=62, 28.84, P0, 1552, 14001, 13609
2026-08-07T12:45:15Z sample=63, 25.41, P0, 1560, 14001, 13609
2026-08-07T12:45:16Z sample=62, 25.33, P0, 1530, 14001, 13609
2026-08-07T12:45:17Z sample=62, 25.20, P0, 1560, 14001, 13609
2026-08-07T12:45:18Z sample=62, 30.96, P0, 1560, 14001, 13609
2026-08-07T12:45:20Z sample=63, 44.50, P0, 1785, 14001, 13609
2026-08-07T12:45:21Z sample=64, 47.22, P0, 1845, 14001, 13609
2026-08-07T12:45:22Z sample=63, 26.12, P0, 1642, 14001, 13649
2026-08-07T12:45:23Z sample=63, 41.54, P0, 1575, 14001, 13649
2026-08-07T12:45:24Z sample=63, 32.30, P0, 1605, 14001, 13649
2026-08-07T12:45:25Z sample=64, 26.43, P0, 1597, 14001, 13649
2026-08-07T12:45:26Z sample=64, 43.37, P0, 1605, 14001, 13649
2026-08-07T12:45:27Z sample=64, 44.53, P0, 1822, 14001, 13649
2026-08-07T12:45:28Z sample=64, 40.00, P0, 1822, 14001, 13649
2026-08-07T12:45:29Z sample=63, 25.98, P0, 1575, 14001, 14029
2026-08-07T12:45:30Z sample=64, 34.62, P0, 1545, 14001, 14029
2026-08-07T12:45:31Z sample=64, 26.39, P0, 1575, 14001, 14029
2026-08-07T12:45:32Z sample=64, 26.29, P0, 1552, 14001, 14029
2026-08-07T12:45:33Z sample=64, 34.64, P0, 1575, 14001, 14029
2026-08-07T12:45:34Z sample=64, 31.99, P0, 1575, 14001, 14029
2026-08-07T12:45:35Z sample=65, 44.04, P0, 1792, 14001, 14029
2026-08-07T12:45:38Z sample=65, 44.49, P0, 1927, 14001, 14029
2026-08-07T12:45:39Z sample=65, 42.80, P0, 1852, 14001, 14029
2026-08-07T12:45:40Z sample=65, 41.02, P0, 1845, 14001, 14029
2026-08-07T12:45:41Z sample=65, 48.35, P0, 1920, 14001, 14029
2026-08-07T12:45:42Z sample=65, 41.98, P0, 1927, 14001, 14029
2026-08-07T12:45:43Z sample=65, 30.06, P0, 1785, 14001, 14029
2026-08-07T12:45:44Z sample=65, 33.28, P0, 1545, 14001, 14029
2026-08-07T12:45:45Z sample=65, 33.92, P0, 1597, 14001, 14029
2026-08-07T12:45:46Z sample=65, 31.44, P0, 1567, 14001, 14029
2026-08-07T12:45:47Z sample=65, 26.76, P0, 1612, 14001, 14029
2026-08-07T12:45:48Z sample=66, 37.84, P0, 1867, 14001, 14029
2026-08-07T12:45:49Z sample=66, 28.56, P0, 1867, 14001, 14029
2026-08-07T12:45:50Z sample=66, 41.98, P0, 1890, 14001, 14029
2026-08-07T12:45:51Z sample=66, 48.18, P0, 1845, 14001, 14029
2026-08-07T12:45:52Z sample=66, 33.96, P0, 1890, 14001, 14029
2026-08-07T12:45:53Z sample=66, 39.22, P0, 1770, 14001, 14029
2026-08-07T12:45:54Z sample=67, 54.67, P0, 1807, 14001, 14029
2026-08-07T12:45:55Z sample=67, 49.07, P0, 1875, 14001, 14029
2026-08-07T12:45:56Z sample=67, 46.61, P0, 1785, 14001, 14029
2026-08-07T12:45:57Z sample=67, 38.09, P0, 1905, 14001, 14029
2026-08-07T12:45:58Z sample=66, 27.04, P0, 1582, 14001, 14029
2026-08-07T12:45:59Z sample=67, 34.82, P0, 1597, 14001, 14029
2026-08-07T12:46:01Z sample=66, 33.69, P0, 1605, 14001, 14029
2026-08-07T12:46:02Z sample=67, 43.86, P0, 1597, 14001, 14029
2026-08-07T12:46:03Z sample=67, 47.99, P0, 1875, 14001, 14029
2026-08-07T12:46:04Z sample=67, 46.78, P0, 1882, 14001, 14029
2026-08-07T12:46:05Z sample=67, 42.08, P0, 1905, 14001, 14029
2026-08-07T12:46:06Z sample=67, 44.96, P0, 1875, 14001, 14029
2026-08-07T12:46:07Z sample=68, 48.45, P0, 1935, 14001, 14029
2026-08-07T12:46:08Z sample=68, 40.04, P0, 1882, 14001, 14029
2026-08-07T12:46:09Z sample=68, 59.46, P0, 1860, 14001, 14029
2026-08-07T12:46:11Z sample=68, 48.21, P0, 1800, 14001, 14029
2026-08-07T12:46:12Z sample=68, 27.18, P0, 1912, 14001, 14029
2026-08-07T12:46:13Z sample=67, 37.77, P0, 1575, 14001, 14029
2026-08-07T12:46:14Z sample=68, 35.27, P0, 1567, 14001, 14029
2026-08-07T12:46:15Z sample=67, 33.73, P0, 1597, 14001, 14029
2026-08-07T12:46:16Z sample=67, 38.95, P0, 1567, 14001, 14029
2026-08-07T12:46:17Z sample=68, 47.51, P0, 1875, 14001, 14029
2026-08-07T12:46:19Z sample=68, 46.96, P0, 1822, 14001, 14029
2026-08-07T12:46:20Z sample=67, 26.75, P0, 1545, 14001, 14029
2026-08-07T12:46:21Z sample=67, 33.90, P0, 1575, 14001, 14029
2026-08-07T12:46:22Z sample=67, 26.82, P0, 1560, 14001, 14029
2026-08-07T12:46:23Z sample=67, 26.63, P0, 1590, 14001, 14029
2026-08-07T12:46:24Z sample=67, 36.65, P0, 1567, 14001, 14029
2026-08-07T12:46:25Z sample=68, 35.03, P0, 1620, 14001, 14029
2026-08-07T12:46:26Z sample=68, 39.55, P0, 1747, 14001, 14029
2026-08-07T12:46:27Z sample=68, 53.77, P0, 1740, 14001, 14029
2026-08-07T12:46:28Z sample=68, 30.08, P0, 1672, 14001, 14029
2026-08-07T12:46:29Z sample=67, 34.75, P0, 1575, 14001, 14029
2026-08-07T12:46:30Z sample=69, 34.03, P0, 1590, 14001, 14029
2026-08-07T12:46:31Z sample=68, 58.82, P0, 1590, 14001, 14029
2026-08-07T12:46:32Z sample=68, 42.25, P0, 1597, 14001, 14029
2026-08-07T12:46:33Z sample=69, 48.01, P0, 1837, 14001, 14029
2026-08-07T12:46:34Z sample=69, 50.67, P0, 1882, 14001, 14029
2026-08-07T12:46:35Z sample=69, 55.19, P0, 2010, 14001, 14029
2026-08-07T12:46:36Z sample=69, 62.68, P0, 1822, 14001, 14029
2026-08-07T12:46:37Z sample=69, 39.99, P0, 1717, 14001, 14029
2026-08-07T12:46:38Z sample=68, 32.83, P0, 1582, 14001, 14029
2026-08-07T12:46:39Z sample=68, 35.67, P0, 1597, 14001, 14029
2026-08-07T12:46:40Z sample=68, 29.45, P0, 1567, 14001, 14029
2026-08-07T12:46:42Z sample=68, 33.27, P0, 1605, 14001, 14029
2026-08-07T12:46:43Z sample=69, 43.10, P0, 1605, 14001, 14029
2026-08-07T12:46:45Z sample=69, 46.63, P0, 1815, 14001, 14029
2026-08-07T12:46:46Z sample=69, 51.47, P0, 1875, 14001, 14029
2026-08-07T12:46:47Z sample=69, 49.52, P0, 1860, 14001, 14029
2026-08-07T12:46:48Z sample=69, 50.79, P0, 1867, 14001, 14029
2026-08-07T12:46:49Z sample=69, 51.02, P0, 1830, 14001, 14029
2026-08-07T12:46:50Z sample=69, 47.72, P0, 1837, 14001, 14029
2026-08-07T12:46:51Z sample=69, 56.22, P0, 1852, 14001, 14029
2026-08-07T12:46:52Z sample=70, 53.86, P0, 1972, 14001, 14029
