ds4: Linux cuda backend set oom_score_adj=1000
ds4: CUDA backend initialized on NVIDIA GeForce RTX 5080 Laptop GPU (sm_120) dev=0
ds4: cuda SSD streaming total expert budget 8.00 GiB = 3.38 GiB prefill headroom + 4.62 GiB dynamic cache (701 experts, 6.75 MiB each)
ds4: SSD streaming initial cuda model map restricted to token embedding (1 spans, 0.99 GiB tensor span)
ds4: CUDA host registration skipped: out of memory
ds4: CUDA preparing model tensor mappings
ds4: CUDA loading model tensors into device cache
ds4: CUDA startup model preparation covered 0.99 GiB of tensor spans in 0.416s
ds4: cuda backend initialized for graph diagnostics
ds4: memory: KV 1.74 GiB (raw 0.06 + compressed 1.68) + buffers 0.13 GiB + resident model 0.99 GiB + expert cache 4.62 GiB + prefill expert reserve 3.38 GiB = 10.85 GiB planned
ds4: memory detail: ctx=131072 prefill_cap=512 raw_kv_rows=768 compressed_kv_rows=32770 backend=cuda
0807 15:10:07 ds4-server: context buffers 1912.94 MiB (ctx=131072, backend=cuda, prefill_chunk=512, raw_kv_rows=768, compressed_kv_rows=32770)
ds4: CUDA lazy compressed KV enabled: initial_tokens=4096 ctx=131072
0807 15:10:07 ds4-server: listening on http://127.0.0.1:18080
0807 15:10:08 ds4-server: chat ctx=0..276:276 prompt start
ds4: DS4_CUDA_MMQ=0 - mmq prefill tier disabled
ds4: CUDA layer expert cache allocated 4.62 GiB (701 experts across 43 layers)
ds4: CUDA loading model tensors 5.93 GiB cached
0807 15:10:22 ds4-server: chat ctx=0..276:276 prompt done 12.752s
0807 15:10:22 ds4-server: chat ctx=276..277:1 gen=1 decoding chunk=3.21 t/s avg=3.21 t/s 0.312s
0807 15:10:22 ds4-server: chat ctx=0..276:276 gen=1 finish=length 13.066s
0807 15:10:22 ds4-server: shutdown requested, draining requests
