2026-08-07T11:53:24Z temp_c=72
2026-08-07T11:53:29Z temp_c=71
2026-08-07T11:53:34Z temp_c=70
2026-08-07T11:53:39Z temp_c=69
2026-08-07T11:53:44Z temp_c=69
2026-08-07T11:53:50Z temp_c=68
2026-08-07T11:53:55Z temp_c=68
2026-08-07T11:54:00Z temp_c=67
2026-08-07T11:54:05Z temp_c=67
2026-08-07T11:54:10Z temp_c=67
2026-08-07T11:54:15Z temp_c=67
2026-08-07T11:54:20Z temp_c=66
2026-08-07T11:54:26Z temp_c=66
2026-08-07T11:54:31Z temp_c=66
2026-08-07T11:54:36Z temp_c=65
2026-08-07T11:54:38Z sample=65, 27.61, P0, 1492, 14001, 3391
2026-08-07T11:54:39Z sample=66, 26.90, P0, 1590, 14001, 8037
2026-08-07T11:54:40Z sample=66, 33.04, P0, 1635, 14001, 8811
2026-08-07T11:54:41Z sample=66, 31.58, P0, 1627, 14001, 9835
2026-08-07T11:54:42Z sample=66, 32.08, P0, 1672, 14001, 10603
2026-08-07T11:54:43Z sample=66, 32.04, P0, 1620, 14001, 11627
2026-08-07T11:54:44Z sample=67, 31.71, P0, 1665, 14001, 12395
2026-08-07T11:54:45Z sample=67, 31.97, P0, 1657, 14001, 13163
2026-08-07T11:54:46Z sample=66, 31.78, P0, 1672, 14001, 13931
2026-08-07T11:54:47Z sample=66, 32.24, P0, 1725, 14001, 15467
2026-08-07T11:54:48Z sample=68, 44.90, P0, 1815, 14001, 15469
2026-08-07T11:54:49Z sample=67, 49.37, P0, 1935, 14001, 15469
2026-08-07T11:54:50Z sample=68, 47.10, P0, 1875, 14001, 15469
2026-08-07T11:54:51Z sample=67, 32.84, P0, 1537, 14001, 15469
2026-08-07T11:54:52Z sample=67, 30.39, P0, 1530, 14001, 15469
2026-08-07T11:54:53Z sample=67, 30.14, P0, 1552, 14001, 15469
2026-08-07T11:54:54Z sample=67, 29.12, P0, 1560, 14001, 15469
2026-08-07T11:54:56Z sample=67, 26.68, P0, 1560, 14001, 15469
2026-08-07T11:54:57Z sample=67, 32.17, P0, 1560, 14001, 15469
2026-08-07T11:54:59Z sample=68, 49.30, P0, 1800, 14001, 15469
2026-08-07T11:55:00Z sample=68, 63.15, P0, 1890, 14001, 15469
2026-08-07T11:55:01Z sample=68, 32.69, P0, 1537, 14001, 15509
2026-08-07T11:55:02Z sample=67, 33.30, P0, 1567, 14001, 15509
2026-08-07T11:55:03Z sample=67, 33.31, P0, 1620, 14001, 15509
2026-08-07T11:55:04Z sample=67, 34.03, P0, 1597, 14001, 15509
2026-08-07T11:55:05Z sample=68, 46.47, P0, 1597, 14001, 15509
2026-08-07T11:55:06Z sample=68, 43.47, P0, 1905, 14001, 15509
2026-08-07T11:55:07Z sample=69, 47.60, P0, 1807, 14001, 15509
2026-08-07T11:55:08Z sample=68, 30.84, P0, 1530, 14001, 15825
2026-08-07T11:55:09Z sample=68, 33.31, P0, 1567, 14001, 15825
2026-08-07T11:55:10Z sample=68, 35.56, P0, 1575, 14001, 15825
2026-08-07T11:55:11Z sample=68, 33.64, P0, 1590, 14001, 15825
2026-08-07T11:55:12Z sample=68, 34.09, P0, 1582, 14001, 15825
2026-08-07T11:55:13Z sample=68, 33.67, P0, 1582, 14001, 15825
2026-08-07T11:55:14Z sample=69, 45.19, P0, 1807, 14001, 15825
2026-08-07T11:55:15Z sample=69, 46.55, P0, 1897, 14001, 15825
2026-08-07T11:55:16Z sample=69, 45.69, P0, 1830, 14001, 15825
2026-08-07T11:55:17Z sample=69, 46.54, P0, 1762, 14001, 15825
2026-08-07T11:55:18Z sample=70, 52.26, P0, 1890, 14001, 15825
2026-08-07T11:55:19Z sample=69, 49.21, P0, 1762, 14001, 15825
2026-08-07T11:55:20Z sample=68, 32.63, P0, 1545, 14001, 15825
2026-08-07T11:55:21Z sample=68, 27.26, P0, 1575, 14001, 15825
2026-08-07T11:55:23Z sample=68, 29.23, P0, 1597, 14001, 15825
2026-08-07T11:55:24Z sample=68, 34.24, P0, 1605, 14001, 15825
2026-08-07T11:55:25Z sample=68, 32.04, P0, 1567, 14001, 15825
2026-08-07T11:55:26Z sample=69, 47.31, P0, 1612, 14001, 15825
2026-08-07T11:55:27Z sample=70, 51.06, P0, 1830, 14001, 15825
2026-08-07T11:55:28Z sample=70, 49.22, P0, 1845, 14001, 15825
2026-08-07T11:55:30Z sample=69, 45.08, P0, 1815, 14001, 15825
2026-08-07T11:55:31Z sample=70, 47.30, P0, 1732, 14001, 15825
2026-08-07T11:55:32Z sample=70, 46.72, P0, 1815, 14001, 15825
2026-08-07T11:55:33Z sample=70, 47.95, P0, 1807, 14001, 15825
2026-08-07T11:55:34Z sample=70, 50.17, P0, 1800, 14001, 15825
2026-08-07T11:55:35Z sample=69, 46.42, P0, 1770, 14001, 15825
2026-08-07T11:55:36Z sample=70, 47.07, P0, 1905, 14001, 15825
2026-08-07T11:55:37Z sample=69, 34.53, P0, 1605, 14001, 15825
2026-08-07T11:55:38Z sample=69, 35.71, P0, 1597, 14001, 15825
2026-08-07T11:55:39Z sample=69, 34.79, P0, 1605, 14001, 15825
2026-08-07T11:55:40Z sample=69, 36.63, P0, 1597, 14001, 15825
2026-08-07T11:55:41Z sample=70, 48.62, P0, 1890, 14001, 15825
2026-08-07T11:55:42Z sample=70, 43.97, P0, 1830, 14001, 15825
2026-08-07T11:55:43Z sample=70, 41.96, P0, 1762, 14001, 15825
2026-08-07T11:55:44Z sample=70, 48.51, P0, 1890, 14001, 15825
2026-08-07T11:55:45Z sample=70, 52.96, P0, 1890, 14001, 15825
2026-08-07T11:55:46Z sample=70, 49.64, P0, 1822, 14001, 15825
2026-08-07T11:55:48Z sample=70, 49.45, P0, 1822, 14001, 15825
2026-08-07T11:55:49Z sample=70, 48.38, P0, 1837, 14001, 15825
2026-08-07T11:55:50Z sample=69, 43.87, P0, 1552, 14001, 15825
2026-08-07T11:55:51Z sample=69, 35.58, P0, 1605, 14001, 15825
2026-08-07T11:55:52Z sample=69, 34.79, P0, 1567, 14001, 15825
2026-08-07T11:55:53Z sample=69, 35.20, P0, 1605, 14001, 15825
2026-08-07T11:55:54Z sample=69, 36.18, P0, 1575, 14001, 15825
2026-08-07T11:55:55Z sample=70, 48.17, P0, 1837, 14001, 15825
2026-08-07T11:55:56Z sample=70, 48.08, P0, 1830, 14001, 15825
2026-08-07T11:55:57Z sample=69, 36.28, P0, 1575, 14001, 15825
2026-08-07T11:55:58Z sample=69, 34.78, P0, 1597, 14001, 15825
2026-08-07T11:55:59Z sample=69, 32.88, P0, 1560, 14001, 15825
2026-08-07T11:56:00Z sample=69, 27.48, P0, 1492, 14001, 15825
2026-08-07T11:56:01Z sample=69, 28.00, P0, 1530, 14001, 15825
2026-08-07T11:56:03Z sample=69, 28.09, P0, 1530, 14001, 15825
2026-08-07T11:56:04Z sample=68, 27.50, P0, 1492, 14001, 15825
2026-08-07T11:56:05Z sample=68, 28.05, P0, 1492, 14001, 15825
2026-08-07T11:56:06Z sample=69, 39.62, P0, 1770, 14001, 15825
2026-08-07T11:56:07Z sample=70, 49.46, P0, 1845, 14001, 15825
2026-08-07T11:56:08Z sample=70, 48.65, P0, 1935, 14001, 15825
2026-08-07T11:56:09Z sample=69, 33.25, P0, 1575, 14001, 15825
2026-08-07T11:56:10Z sample=69, 34.33, P0, 1597, 14001, 15825
2026-08-07T11:56:11Z sample=68, 34.15, P0, 1567, 14001, 15825
2026-08-07T11:56:13Z sample=69, 36.33, P0, 1597, 14001, 15825
2026-08-07T11:56:14Z sample=69, 46.72, P0, 1912, 14001, 15825
2026-08-07T11:56:15Z sample=69, 49.73, P0, 1860, 14001, 15825
2026-08-07T11:56:16Z sample=70, 56.85, P0, 2055, 14001, 15825
2026-08-07T11:56:17Z sample=70, 52.08, P0, 1897, 14001, 15825
2026-08-07T11:56:18Z sample=70, 45.70, P0, 1942, 14001, 15825
2026-08-07T11:56:19Z sample=69, 34.00, P0, 1567, 14001, 15825
2026-08-07T11:56:20Z sample=69, 35.32, P0, 1627, 14001, 15825
2026-08-07T11:56:21Z sample=68, 29.02, P0, 1530, 14001, 15825
2026-08-07T11:56:22Z sample=68, 27.46, P0, 1492, 14001, 15825
2026-08-07T11:56:23Z sample=68, 28.11, P0, 1530, 14001, 15825
2026-08-07T11:56:24Z sample=68, 27.25, P0, 1530, 14001, 15825
2026-08-07T11:56:25Z sample=68, 28.09, P0, 1492, 14001, 15825
2026-08-07T11:56:26Z sample=68, 28.36, P0, 1530, 14001, 15825
2026-08-07T11:56:27Z sample=68, 43.42, P0, 1852, 14001, 15825
2026-08-07T11:56:28Z sample=70, 47.16, P0, 1845, 14001, 15825
2026-08-07T11:56:29Z sample=69, 52.10, P0, 1867, 14001, 15825
2026-08-07T11:56:30Z sample=69, 48.34, P0, 1845, 14001, 15825
2026-08-07T11:56:31Z sample=69, 45.67, P0, 1852, 14001, 15825
2026-08-07T11:56:32Z sample=70, 47.08, P0, 1815, 14001, 15825
2026-08-07T11:56:33Z sample=69, 46.57, P0, 1777, 14001, 15825
2026-08-07T11:56:34Z sample=70, 48.84, P0, 1822, 14001, 15825
2026-08-07T11:56:36Z sample=71, 52.60, P0, 1920, 14001, 15825
