2026-08-06T12:26:50Z temp_c=65
2026-08-06T12:26:51Z sample=66, 17.73, P0, 1492, 14001, 1486
2026-08-06T12:26:52Z sample=66, 29.40, P0, 1492, 14001, 9210
2026-08-06T12:26:53Z sample=66, 31.74, P0, 1680, 14001, 9984
2026-08-06T12:26:54Z sample=66, 33.66, P0, 1687, 14001, 10752
2026-08-06T12:26:55Z sample=67, 32.16, P0, 1665, 14001, 11776
2026-08-06T12:26:57Z sample=67, 31.72, P0, 1657, 14001, 12544
2026-08-06T12:26:58Z sample=67, 27.95, P4, 607, 9001, 13312
2026-08-06T12:26:56Z sample=67, 26.13, P4, 592, 9001, 14336
2026-08-06T12:26:57Z sample=67, 27.20, P4, 525, 9001, 15104
2026-08-06T12:26:58Z sample=67, 24.97, P4, 457, 9001, 15872
2026-08-06T12:26:59Z sample=69, 76.29, P2, 2017, 11001, 15874
2026-08-06T12:27:00Z sample=69, 46.03, P2, 1207, 9001, 15874
2026-08-06T12:27:01Z sample=69, 44.73, P4, 1545, 11001, 15874
2026-08-06T12:27:03Z sample=69, 37.99, P4, 1522, 14001, 15874
2026-08-06T12:27:04Z sample=68, 29.33, P4, 307, 9001, 15874
2026-08-06T12:27:05Z sample=67, 22.33, P4, 352, 9001, 15874
2026-08-06T12:27:06Z sample=67, 18.58, P4, 322, 9001, 15874
2026-08-06T12:27:07Z sample=67, 30.89, P4, 352, 9001, 15874
2026-08-06T12:27:08Z sample=67, 24.99, P4, 315, 9001, 15874
2026-08-06T12:27:09Z sample=67, 28.01, P4, 345, 9001, 15874
2026-08-06T12:27:10Z sample=69, 54.38, P4, 1237, 14001, 15874
2026-08-06T12:27:11Z sample=69, 70.76, P4, 1425, 14001, 15874
2026-08-06T12:27:12Z sample=70, 31.83, P4, 1170, 9001, 15894
2026-08-06T12:27:13Z sample=68, 29.63, P4, 382, 9001, 15914
2026-08-06T12:27:15Z sample=68, 30.57, P4, 345, 9001, 15914
2026-08-06T12:27:16Z sample=69, 20.61, P4, 427, 9001, 15914
2026-08-06T12:27:17Z sample=68, 27.16, P4, 427, 9001, 15914
2026-08-06T12:27:18Z sample=70, 44.49, P4, 1425, 9001, 15914
2026-08-06T12:27:19Z sample=70, 46.53, P4, 1365, 9001, 15914
2026-08-06T12:27:20Z sample=70, 47.24, P4, 1012, 9001, 15914
2026-08-06T12:27:21Z sample=70, 42.46, P4, 930, 9001, 15902
2026-08-06T12:27:22Z sample=69, 25.64, P4, 232, 9001, 15930
2026-08-06T12:27:23Z sample=69, 35.19, P4, 847, 9001, 15930
2026-08-06T12:27:24Z sample=70, 28.44, P4, 937, 9001, 15930
2026-08-06T12:27:25Z sample=69, 21.89, P4, 690, 9001, 15930
2026-08-06T12:27:26Z sample=69, 32.79, P4, 795, 9001, 15930
2026-08-06T12:27:28Z sample=69, 38.50, P4, 750, 9001, 15930
2026-08-06T12:27:26Z sample=69, 33.58, P5, 1177, 810, 15930
2026-08-06T12:27:27Z sample=69, 59.00, P4, 1537, 9001, 15930
2026-08-06T12:27:28Z sample=71, 60.04, P2, 1522, 11001, 15930
2026-08-06T12:27:29Z sample=71, 45.21, P2, 1425, 11001, 15930
2026-08-06T12:27:30Z sample=71, 58.19, P2, 1440, 11001, 15930
2026-08-06T12:27:31Z sample=72, 57.33, P4, 1612, 9001, 15930
2026-08-06T12:27:32Z sample=72, 57.47, P4, 1222, 9001, 15930
2026-08-06T12:27:34Z sample=71, 53.59, P0, 1567, 14001, 15930
2026-08-06T12:27:35Z sample=72, 21.87, P4, 720, 9001, 15930
2026-08-06T12:27:36Z sample=70, 41.58, P4, 712, 9001, 15930
2026-08-06T12:27:37Z sample=70, 31.42, P4, 765, 9001, 15930
2026-08-06T12:27:38Z sample=70, 32.57, P4, 742, 9001, 15930
2026-08-06T12:27:39Z sample=71, 30.60, P4, 645, 9001, 15930
2026-08-06T12:27:40Z sample=70, 20.89, P4, 750, 9001, 15930
2026-08-06T12:27:41Z sample=71, 47.23, P4, 1170, 9001, 15930
2026-08-06T12:27:42Z sample=71, 53.03, P4, 1395, 9001, 15930
2026-08-06T12:27:43Z sample=72, 52.36, P2, 1567, 11001, 15930
2026-08-06T12:27:44Z sample=71, 51.19, P2, 1545, 11001, 15930
2026-08-06T12:27:45Z sample=72, 54.19, P4, 1117, 9001, 15930
2026-08-06T12:27:47Z sample=72, 50.06, P4, 1365, 9001, 15930
2026-08-06T12:27:48Z sample=72, 52.20, P2, 1485, 9001, 15930
2026-08-06T12:27:49Z sample=73, 52.73, P4, 1417, 9001, 15930
2026-08-06T12:27:50Z sample=72, 46.31, P2, 1470, 11001, 15930
2026-08-06T12:27:51Z sample=72, 43.72, P2, 1132, 11001, 15930
2026-08-06T12:27:52Z sample=73, 45.22, P2, 1477, 9001, 15930
2026-08-06T12:27:53Z sample=71, 60.13, P4, 997, 9001, 15930
2026-08-06T12:27:54Z sample=71, 20.32, P4, 772, 9001, 15930
2026-08-06T12:27:55Z sample=71, 27.39, P4, 712, 9001, 15930
2026-08-06T12:27:56Z sample=72, 26.81, P4, 652, 9001, 15930
2026-08-06T12:27:57Z sample=71, 31.05, P4, 705, 9001, 15930
2026-08-06T12:27:56Z sample=72, 52.24, P2, 1612, 9001, 15930
2026-08-06T12:27:57Z sample=72, 48.86, P2, 1350, 11001, 15930
2026-08-06T12:27:58Z sample=73, 63.92, P2, 1140, 11001, 15930
2026-08-06T12:27:59Z sample=72, 50.71, P4, 1372, 9001, 15930
2026-08-06T12:28:00Z sample=74, 53.04, P4, 1597, 9001, 15930
2026-08-06T12:28:01Z sample=73, 49.47, P0, 1492, 9001, 15930
2026-08-06T12:28:02Z sample=73, 55.45, P0, 1155, 14001, 15930
2026-08-06T12:28:03Z sample=73, 58.62, P0, 1395, 14001, 15930
2026-08-06T12:28:04Z sample=73, 53.00, P0, 967, 14001, 15930
2026-08-06T12:28:05Z sample=73, 54.99, P0, 1425, 14001, 15930
2026-08-06T12:28:07Z sample=72, 22.78, P4, 757, 9001, 15930
2026-08-06T12:28:08Z sample=72, 21.93, P4, 795, 9001, 15930
2026-08-06T12:28:09Z sample=72, 32.87, P4, 600, 9001, 15930
2026-08-06T12:28:10Z sample=73, 33.57, P4, 630, 9001, 15930
2026-08-06T12:28:11Z sample=72, 21.43, P4, 720, 9001, 15930
2026-08-06T12:28:12Z sample=72, 58.02, P4, 735, 9001, 15930
2026-08-06T12:28:13Z sample=73, 56.10, P4, 1065, 11001, 15930
2026-08-06T12:28:14Z sample=74, 70.68, P4, 1200, 11001, 15930
2026-08-06T12:28:15Z sample=74, 35.20, P4, 622, 9001, 15930
2026-08-06T12:28:16Z sample=72, 35.57, P4, 540, 9001, 15930
2026-08-06T12:28:18Z sample=72, 36.24, P4, 502, 9001, 15930
2026-08-06T12:28:19Z sample=72, 35.17, P4, 735, 9001, 15930
2026-08-06T12:28:20Z sample=72, 43.64, P4, 637, 9001, 15930
2026-08-06T12:28:21Z sample=74, 48.01, P4, 1597, 9001, 15930
2026-08-06T12:28:22Z sample=73, 50.05, P2, 1410, 9001, 15930
2026-08-06T12:28:23Z sample=74, 22.83, P4, 1282, 9001, 15930
2026-08-06T12:28:24Z sample=72, 33.46, P4, 600, 9001, 15930
2026-08-06T12:28:25Z sample=72, 33.56, P4, 600, 9001, 15930
2026-08-06T12:28:26Z sample=73, 34.42, P4, 675, 9001, 15930
2026-08-06T12:28:25Z sample=73, 28.41, P4, 705, 9001, 15930
2026-08-06T12:28:26Z sample=73, 45.07, P4, 1357, 9001, 15930
2026-08-06T12:28:27Z sample=73, 53.61, P4, 1485, 9001, 15930
2026-08-06T12:28:28Z sample=74, 71.64, P2, 1560, 9001, 15930
2026-08-06T12:28:29Z sample=74, 44.02, P4, 1522, 14001, 15930
2026-08-06T12:28:30Z sample=74, 47.94, P4, 1650, 9001, 15930
2026-08-06T12:28:31Z sample=74, 62.43, P4, 1522, 9001, 15930
2026-08-06T12:28:32Z sample=73, 23.01, P4, 870, 9001, 15930
2026-08-06T12:28:33Z sample=73, 33.97, P4, 667, 9001, 15930
2026-08-06T12:28:34Z sample=73, 21.60, P4, 742, 9001, 15930
2026-08-06T12:28:35Z sample=73, 32.55, P4, 525, 9001, 15930
2026-08-06T12:28:36Z sample=73, 32.63, P4, 645, 9001, 15930
2026-08-06T12:28:38Z sample=75, 61.31, P2, 1477, 9001, 15930
2026-08-06T12:28:39Z sample=75, 58.32, P4, 1357, 9001, 15930
2026-08-06T12:28:40Z sample=74, 55.46, P4, 1177, 11001, 15930
2026-08-06T12:28:41Z sample=75, 52.27, P4, 1485, 11001, 15930
2026-08-06T12:28:42Z sample=74, 56.15, P4, 1402, 9001, 15930
2026-08-06T12:28:43Z sample=75, 61.09, P0, 1455, 9001, 15930
2026-08-06T12:28:44Z sample=74, 55.29, P4, 1402, 14001, 15930
2026-08-06T12:28:45Z sample=75, 50.09, P0, 1597, 14001, 15930
2026-08-06T12:28:46Z sample=76, 53.53, P0, 1365, 9001, 15930
