ds4: Linux cuda backend set oom_score_adj=1000
ds4: CUDA backend initialized on NVIDIA GeForce RTX 5080 Laptop GPU (sm_120) dev=0
ds4: cuda SSD streaming total expert budget 8.00 GiB = 3.38 GiB prefill headroom + 4.62 GiB dynamic cache (701 experts, 6.75 MiB each)
ds4: SSD streaming initial cuda model map restricted to token embedding (1 spans, 0.99 GiB tensor span)
ds4: CUDA host registration skipped: out of memory
ds4: CUDA preparing model tensor mappings
ds4: CUDA loading model tensors into device cache
ds4: CUDA startup model preparation covered 0.99 GiB of tensor spans in 0.407s
ds4: cuda backend initialized for graph diagnostics
ds4: memory: KV 1.78 GiB (raw 0.10 + compressed 1.68) + buffers 0.25 GiB + resident model 0.99 GiB + expert cache 4.62 GiB + prefill expert reserve 3.38 GiB = 11.02 GiB planned
ds4: memory detail: ctx=131072 prefill_cap=1024 raw_kv_rows=1280 compressed_kv_rows=32770 backend=cuda
ds4: memory: KV 1.78 GiB (raw 0.10 + compressed 1.68) + buffers 0.25 GiB = 2.04 GiB context
ds4: memory detail: ctx=131072 prefill_cap=1024 raw_kv_rows=1280 compressed_kv_rows=32770 backend=cuda
ds4: CUDA lazy compressed KV enabled: initial_tokens=4096 ctx=131072
ds4: CUDA layer expert cache allocated 4.62 GiB (701 experts across 43 layers)
ds4: CUDA loading model tensors 7.33 GiB cached
ds4: prefill: 1.43 t/s, generation: 4.19 t/s
processing 8 input tokens: 0/8 (0.0%)
processing 8 input tokens: 8/8 (100.0%)
ds4: CUDA loading model tensors 7.86 GiB cached
ds4: prefill: 3.43 t/s, generation: 4.49 t/s
processing 14 input tokens: 0/14 (0.0%)
processing 14 input tokens: 14/14 (100.0%)
ds4: prefill: 3.15 t/s, generation: 3.95 t/s
processing 14 input tokens: 0/14 (0.0%)
processing 14 input tokens: 14/14 (100.0%)
