ds4: Linux cuda backend set oom_score_adj=1000
ds4: CUDA backend initialized on NVIDIA GeForce RTX 5080 Laptop GPU (sm_120) dev=0
ds4: cuda SSD streaming total expert budget 10.00 GiB = 3.38 GiB prefill headroom + 6.62 GiB dynamic cache (1005 experts, 6.75 MiB each)
ds4: SSD streaming initial cuda model map restricted to token embedding (1 spans, 0.99 GiB tensor span)
ds4: CUDA host registration skipped: out of memory
ds4: CUDA preparing model tensor mappings
ds4: CUDA loading model tensors into device cache
ds4: CUDA startup model preparation covered 0.99 GiB of tensor spans in 0.486s
ds4: cuda backend initialized for graph diagnostics
ds4: memory: KV 0.07 GiB (raw 0.02 + compressed 0.05) + buffers 0.00 GiB + resident model 0.99 GiB + expert cache 6.62 GiB + prefill expert reserve 3.38 GiB = 11.06 GiB planned
ds4: memory detail: ctx=4096 prefill_cap=128 raw_kv_rows=256 compressed_kv_rows=1026 backend=cuda
ds4: memory: KV 0.07 GiB (raw 0.02 + compressed 0.05) + buffers 0.00 GiB = 0.07 GiB context
ds4: memory detail: ctx=4096 prefill_cap=128 raw_kv_rows=256 compressed_kv_rows=1026 backend=cuda
ds4: CUDA loading model tensors 0.99 GiB cached
ds4: DS4_CUDA_MMQ=0 - mmq prefill tier disabled
ds4: CUDA layer expert cache allocated 6.62 GiB (1005 experts across 43 layers)
ds4: CUDA loading model tensors 6.72 GiB cached
ds4: CUDA loading model tensors 8.20 GiB cached
ds4: prefill: 2.31 t/s, generation: 3.62 t/s
processing 6 input tokens: 0/6 (0.0%)
processing 6 input tokens: 6/6 (100.0%)
ds4: prefill: 2.19 t/s, generation: 3.14 t/s
processing 13 input tokens: 0/13 (0.0%)
processing 13 input tokens: 13/13 (100.0%)
ds4: prefill: 2.93 t/s, generation: 3.10 t/s
processing 23 input tokens: 0/23 (0.0%)
processing 23 input tokens: 18/23 (78.3%)
processing 23 input tokens: 23/23 (100.0%)
ds4: prefill: 2.91 t/s, generation: 3.23 t/s
processing 8 input tokens: 0/8 (0.0%)
processing 8 input tokens: 8/8 (100.0%)
