ds4: Linux cuda backend set oom_score_adj=1000
ds4: CUDA backend initialized on NVIDIA GeForce RTX 5080 Laptop GPU (sm_120) dev=0
ds4: cuda SSD streaming total expert budget 10.00 GiB = 3.38 GiB prefill headroom + 6.62 GiB dynamic cache (1005 experts, 6.75 MiB each)
ds4: SSD streaming initial cuda model map restricted to token embedding (1 spans, 0.99 GiB tensor span)
ds4: CUDA host registration skipped: out of memory
ds4: CUDA preparing model tensor mappings
ds4: CUDA loading model tensors into device cache
ds4: CUDA startup model preparation covered 0.99 GiB of tensor spans in 0.588s
ds4: cuda backend initialized for graph diagnostics
ds4: memory: KV 0.07 GiB (raw 0.02 + compressed 0.05) + buffers 0.00 GiB + resident model 0.99 GiB + expert cache 6.62 GiB + prefill expert reserve 3.38 GiB = 11.06 GiB planned
ds4: memory detail: ctx=4096 prefill_cap=128 raw_kv_rows=256 compressed_kv_rows=1026 backend=cuda
ds4: memory: KV 0.07 GiB (raw 0.02 + compressed 0.05) + buffers 0.00 GiB = 0.07 GiB context
ds4: memory detail: ctx=4096 prefill_cap=128 raw_kv_rows=256 compressed_kv_rows=1026 backend=cuda
ds4: CUDA layer expert cache allocated 6.62 GiB (1005 experts across 43 layers)
ds4: CUDA loading model tensors 4.02 GiB cached
ds4: prefill: 1.24 t/s, generation: 4.07 t/s
processing 8 input tokens: 0/8 (0.0%)
processing 8 input tokens: 8/8 (100.0%)
ds4: CUDA loading model tensors 7.86 GiB cached
ds4: prefill: 3.03 t/s, generation: 3.93 t/s
processing 22 input tokens: 0/22 (0.0%)
ds4: DS4_CUDA_MMQ=0 - mmq prefill tier disabled
ds4: CUDA loading model tensors 7.87 GiB cached
ds4: CUDA loading model tensors 8.18 GiB cached
processing 22 input tokens: 22/22 (100.0%)
