2026-08-07T15:10:38Z temp_c=67
2026-08-07T15:10:43Z temp_c=66
2026-08-07T15:10:49Z temp_c=66
2026-08-07T15:10:54Z temp_c=66
2026-08-07T15:10:59Z temp_c=65
2026-08-07T15:11:04Z temp_c=65
2026-08-07T15:11:10Z temp_c=65
2026-08-07T15:11:15Z temp_c=64
2026-08-07T15:11:21Z temp_c=64
2026-08-07T15:11:26Z temp_c=64
2026-08-07T15:11:31Z temp_c=64
2026-08-07T15:11:36Z temp_c=64
2026-08-07T15:11:41Z temp_c=63
2026-08-07T15:11:46Z temp_c=63
2026-08-07T15:11:51Z temp_c=63
2026-08-07T15:11:57Z temp_c=62
2026-08-07T15:12:02Z temp_c=62
2026-08-07T15:12:07Z temp_c=62
2026-08-07T15:12:12Z temp_c=62
2026-08-07T15:12:17Z temp_c=62
2026-08-07T15:12:22Z temp_c=62
2026-08-07T15:12:29Z temp_c=61
2026-08-07T15:12:34Z temp_c=61
2026-08-07T15:12:39Z temp_c=61
2026-08-07T15:12:44Z temp_c=61
2026-08-07T15:12:49Z temp_c=61
2026-08-07T15:12:54Z temp_c=61
2026-08-07T15:13:00Z temp_c=61
2026-08-07T15:13:05Z temp_c=60
2026-08-07T15:13:07Z sample=61, 26.12, P0, 1620, 14001, 2775
2026-08-07T15:13:08Z sample=61, 27.97, P0, 1530, 14001, 8703
2026-08-07T15:13:09Z sample=61, 30.65, P0, 1612, 14001, 9477
2026-08-07T15:13:10Z sample=61, 30.82, P0, 1695, 14001, 10245
2026-08-07T15:13:11Z sample=62, 30.84, P0, 1672, 14001, 11013
2026-08-07T15:13:12Z sample=62, 30.69, P0, 1665, 14001, 12037
2026-08-07T15:13:13Z sample=62, 30.91, P0, 1657, 14001, 12805
2026-08-07T15:13:14Z sample=62, 30.71, P0, 1665, 14001, 13573
2026-08-07T15:13:15Z sample=63, 31.88, P0, 1635, 14001, 14597
2026-08-07T15:13:16Z sample=63, 28.69, P0, 1657, 14001, 15877
2026-08-07T15:13:17Z sample=64, 31.31, P0, 1890, 14001, 15879
2026-08-07T15:13:18Z sample=64, 53.08, P0, 1957, 14001, 15879
2026-08-07T15:13:19Z sample=64, 26.29, P0, 1845, 14001, 15879
2026-08-07T15:13:20Z sample=63, 25.88, P0, 1530, 14001, 15879
2026-08-07T15:13:21Z sample=63, 27.81, P0, 1560, 14001, 15879
2026-08-07T15:13:22Z sample=63, 29.53, P0, 1530, 14001, 15879
2026-08-07T15:13:23Z sample=64, 29.50, P0, 1590, 14001, 15879
2026-08-07T15:13:24Z sample=63, 30.98, P0, 1560, 14001, 15879
2026-08-07T15:13:25Z sample=64, 47.02, P0, 1590, 14001, 15879
2026-08-07T15:13:26Z sample=65, 52.59, P0, 1882, 14001, 15879
2026-08-07T15:13:28Z sample=64, 32.21, P0, 1545, 14001, 15919
2026-08-07T15:13:29Z sample=64, 31.82, P0, 1567, 14001, 15919
2026-08-07T15:13:30Z sample=64, 33.61, P0, 1605, 14001, 15919
2026-08-07T15:13:31Z sample=65, 32.73, P0, 1567, 14001, 15919
2026-08-07T15:13:32Z sample=65, 52.20, P0, 1567, 14001, 15919
2026-08-07T15:13:34Z sample=65, 47.64, P0, 1800, 14001, 15919
2026-08-07T15:13:35Z sample=65, 44.64, P0, 1807, 14001, 15919
2026-08-07T15:13:36Z sample=64, 34.33, P0, 1537, 14001, 15915
2026-08-07T15:13:37Z sample=66, 35.70, P0, 1492, 14001, 15915
2026-08-07T15:13:38Z sample=66, 35.63, P0, 1740, 14001, 15915
2026-08-07T15:13:39Z sample=65, 35.65, P0, 1755, 14001, 15915
2026-08-07T15:13:40Z sample=65, 36.14, P0, 1732, 14001, 15915
2026-08-07T15:13:41Z sample=66, 37.15, P0, 1695, 14001, 15915
2026-08-07T15:13:42Z sample=65, 37.91, P0, 1732, 14001, 15915
2026-08-07T15:13:43Z sample=66, 51.40, P0, 1807, 14001, 15915
2026-08-07T15:13:44Z sample=66, 48.20, P0, 1800, 14001, 15915
2026-08-07T15:13:45Z sample=66, 48.90, P0, 1882, 14001, 15915
2026-08-07T15:13:47Z sample=66, 51.98, P0, 1912, 14001, 15915
2026-08-07T15:13:48Z sample=66, 31.79, P0, 1875, 14001, 15915
2026-08-07T15:13:49Z sample=66, 40.63, P0, 1800, 14001, 15915
2026-08-07T15:13:50Z sample=66, 35.38, P0, 1710, 14001, 15915
2026-08-07T15:13:51Z sample=66, 34.87, P0, 1740, 14001, 15915
2026-08-07T15:13:52Z sample=66, 35.58, P0, 1672, 14001, 15915
2026-08-07T15:13:53Z sample=66, 32.23, P0, 1605, 14001, 15915
2026-08-07T15:13:54Z sample=66, 43.35, P0, 1897, 14001, 15915
2026-08-07T15:13:55Z sample=67, 47.81, P0, 1845, 14001, 15915
2026-08-07T15:13:56Z sample=67, 48.80, P0, 1927, 14001, 15915
2026-08-07T15:13:57Z sample=67, 48.41, P0, 1875, 14001, 15915
2026-08-07T15:13:58Z sample=67, 46.25, P0, 1762, 14001, 15915
2026-08-07T15:13:59Z sample=67, 49.86, P0, 1942, 14001, 15915
2026-08-07T15:14:00Z sample=67, 50.22, P0, 1927, 14001, 15915
2026-08-07T15:14:01Z sample=67, 46.54, P0, 1867, 14001, 15915
2026-08-07T15:14:02Z sample=67, 55.79, P0, 1837, 14001, 15915
2026-08-07T15:14:03Z sample=67, 39.65, P0, 1875, 14001, 15915
2026-08-07T15:14:04Z sample=67, 39.10, P0, 1642, 14001, 15915
2026-08-07T15:14:05Z sample=67, 34.90, P0, 1665, 14001, 15915
2026-08-07T15:14:08Z sample=68, 36.26, P0, 1657, 14001, 15915
2026-08-07T15:14:09Z sample=67, 48.90, P0, 1740, 14001, 15915
2026-08-07T15:14:10Z sample=68, 52.84, P0, 1860, 14001, 15915
2026-08-07T15:14:11Z sample=68, 63.38, P0, 1890, 14001, 15915
2026-08-07T15:14:12Z sample=68, 53.71, P0, 1785, 14001, 15915
2026-08-07T15:14:13Z sample=68, 59.64, P0, 1860, 14001, 15915
2026-08-07T15:14:14Z sample=68, 50.38, P0, 1957, 14001, 15915
2026-08-07T15:14:15Z sample=68, 50.33, P0, 1762, 14001, 15915
2026-08-07T15:14:16Z sample=68, 50.50, P0, 1897, 14001, 15915
2026-08-07T15:14:17Z sample=69, 47.61, P0, 1942, 14001, 15915
2026-08-07T15:14:18Z sample=69, 61.87, P0, 1785, 14001, 15915
2026-08-07T15:14:19Z sample=68, 32.68, P0, 1740, 14001, 15915
2026-08-07T15:14:20Z sample=68, 27.23, P0, 1642, 14001, 15915
2026-08-07T15:14:21Z sample=68, 36.87, P0, 1665, 14001, 15915
2026-08-07T15:14:22Z sample=68, 47.27, P0, 1897, 14001, 15915
2026-08-07T15:14:23Z sample=69, 51.63, P0, 1845, 14001, 15915
2026-08-07T15:14:24Z sample=68, 32.37, P0, 1717, 14001, 15915
2026-08-07T15:14:25Z sample=68, 27.27, P0, 1740, 14001, 15915
2026-08-07T15:14:27Z sample=68, 44.84, P0, 1612, 14001, 15915
2026-08-07T15:14:28Z sample=68, 40.89, P0, 1702, 14001, 15915
2026-08-07T15:14:29Z sample=69, 56.84, P0, 1762, 14001, 15915
2026-08-07T15:14:30Z sample=69, 47.96, P0, 1912, 14001, 15915
2026-08-07T15:14:31Z sample=69, 48.57, P0, 1882, 14001, 15915
2026-08-07T15:14:32Z sample=69, 34.22, P0, 1665, 14001, 15915
2026-08-07T15:14:33Z sample=68, 36.81, P0, 1725, 14001, 15915
2026-08-07T15:14:34Z sample=68, 36.91, P0, 1710, 14001, 15915
2026-08-07T15:14:35Z sample=69, 38.12, P0, 1627, 14001, 15915
2026-08-07T15:14:36Z sample=69, 48.13, P0, 1890, 14001, 15915
2026-08-07T15:14:37Z sample=69, 52.96, P0, 1905, 14001, 15915
2026-08-07T15:14:38Z sample=70, 59.49, P0, 1957, 14001, 15915
2026-08-07T15:14:39Z sample=70, 53.94, P0, 1905, 14001, 15915
2026-08-07T15:14:42Z sample=69, 27.16, P0, 1740, 14001, 15915
2026-08-07T15:14:43Z sample=70, 37.12, P0, 1680, 14001, 15915
2026-08-07T15:14:44Z sample=69, 33.49, P0, 1672, 14001, 15915
2026-08-07T15:14:45Z sample=69, 33.89, P0, 1695, 14001, 15915
2026-08-07T15:14:46Z sample=69, 29.44, P0, 1687, 14001, 15915
2026-08-07T15:14:47Z sample=69, 47.30, P0, 1890, 14001, 15915
2026-08-07T15:14:48Z sample=69, 57.86, P0, 1882, 14001, 15915
2026-08-07T15:14:49Z sample=70, 50.07, P0, 1890, 14001, 15915
2026-08-07T15:14:50Z sample=70, 47.67, P0, 1785, 14001, 15915
2026-08-07T15:14:51Z sample=71, 48.88, P0, 1905, 14001, 15915
2026-08-07T15:14:52Z sample=70, 49.03, P0, 1837, 14001, 15915
2026-08-07T15:14:53Z sample=70, 59.57, P0, 1897, 14001, 15915
2026-08-07T15:14:54Z sample=70, 47.15, P0, 1897, 14001, 15915
