2026-08-07T12:35:11Z temp_c=66
2026-08-07T12:35:16Z temp_c=66
2026-08-07T12:35:21Z temp_c=66
2026-08-07T12:35:26Z temp_c=65
2026-08-07T12:35:27Z sample=65, 27.52, P0, 1530, 14001, 3277
2026-08-07T12:35:28Z sample=65, 29.60, P0, 1537, 14001, 9211
2026-08-07T12:35:29Z sample=66, 32.61, P0, 1695, 14001, 10235
2026-08-07T12:35:30Z sample=66, 30.76, P0, 1740, 14001, 11259
2026-08-07T12:35:31Z sample=66, 31.81, P0, 1635, 14001, 12283
2026-08-07T12:35:32Z sample=66, 35.42, P0, 1642, 14001, 13307
2026-08-07T12:35:33Z sample=67, 33.14, P0, 1627, 14001, 14331
2026-08-07T12:35:36Z sample=66, 34.02, P0, 1725, 14001, 15355
2026-08-07T12:35:37Z sample=68, 48.66, P0, 1957, 14001, 15869
2026-08-07T12:35:38Z sample=68, 51.90, P0, 1942, 14001, 15869
2026-08-07T12:35:39Z sample=68, 52.12, P0, 1882, 14001, 15869
2026-08-07T12:35:40Z sample=68, 34.52, P0, 1897, 14001, 15869
2026-08-07T12:35:41Z sample=67, 32.23, P0, 1530, 14001, 15869
2026-08-07T12:35:42Z sample=67, 31.41, P0, 1567, 14001, 15869
2026-08-07T12:35:43Z sample=67, 27.40, P0, 1560, 14001, 15869
2026-08-07T12:35:44Z sample=67, 29.15, P0, 1552, 14001, 15869
2026-08-07T12:35:45Z sample=67, 32.15, P0, 1575, 14001, 15869
2026-08-07T12:35:46Z sample=68, 43.68, P0, 1935, 14001, 15869
2026-08-07T12:35:47Z sample=68, 65.82, P0, 1890, 14001, 15869
2026-08-07T12:35:48Z sample=69, 43.13, P0, 1897, 14001, 15909
2026-08-07T12:35:49Z sample=68, 32.47, P0, 1567, 14001, 15909
2026-08-07T12:35:50Z sample=68, 37.11, P0, 1567, 14001, 15909
2026-08-07T12:35:51Z sample=69, 27.22, P0, 1605, 14001, 15909
2026-08-07T12:35:52Z sample=68, 38.65, P0, 1567, 14001, 15909
2026-08-07T12:35:53Z sample=69, 48.58, P0, 1927, 14001, 15909
2026-08-07T12:35:55Z sample=69, 50.63, P0, 1927, 14001, 15909
2026-08-07T12:35:56Z sample=69, 59.53, P0, 1507, 14001, 15809
2026-08-07T12:35:57Z sample=70, 44.31, P0, 1882, 14001, 15905
2026-08-07T12:35:58Z sample=68, 39.26, P0, 1732, 14001, 15905
2026-08-07T12:35:59Z sample=69, 36.17, P0, 1702, 14001, 15905
2026-08-07T12:36:00Z sample=69, 38.12, P0, 1725, 14001, 15905
2026-08-07T12:36:01Z sample=69, 37.28, P0, 1725, 14001, 15905
2026-08-07T12:36:02Z sample=69, 27.14, P0, 1710, 14001, 15905
2026-08-07T12:36:03Z sample=70, 51.41, P0, 1980, 14001, 15905
2026-08-07T12:36:04Z sample=70, 41.51, P0, 1882, 14001, 15905
2026-08-07T12:36:05Z sample=70, 55.86, P0, 1897, 14001, 15905
2026-08-07T12:36:06Z sample=70, 50.21, P0, 1980, 14001, 15905
2026-08-07T12:36:07Z sample=71, 56.53, P0, 2032, 14001, 15905
2026-08-07T12:36:09Z sample=70, 59.21, P0, 1995, 14001, 15905
2026-08-07T12:36:10Z sample=69, 40.48, P0, 1702, 14001, 15905
2026-08-07T12:36:11Z sample=70, 35.92, P0, 1695, 14001, 15905
2026-08-07T12:36:12Z sample=70, 28.39, P0, 1785, 14001, 15905
2026-08-07T12:36:13Z sample=70, 34.71, P0, 1710, 14001, 15905
2026-08-07T12:36:14Z sample=69, 35.40, P0, 1672, 14001, 15905
2026-08-07T12:36:16Z sample=70, 50.44, P0, 1800, 14001, 15905
2026-08-07T12:36:17Z sample=70, 58.96, P0, 1950, 14001, 15905
2026-08-07T12:36:18Z sample=71, 47.78, P0, 1965, 14001, 15905
2026-08-07T12:36:19Z sample=70, 53.36, P0, 1950, 14001, 15905
2026-08-07T12:36:20Z sample=70, 50.41, P0, 1920, 14001, 15905
2026-08-07T12:36:21Z sample=70, 54.50, P0, 1912, 14001, 15905
2026-08-07T12:36:22Z sample=71, 62.53, P0, 1912, 14001, 15905
2026-08-07T12:36:23Z sample=71, 53.28, P0, 1995, 14001, 15905
2026-08-07T12:36:24Z sample=71, 52.41, P0, 1942, 14001, 15905
2026-08-07T12:36:25Z sample=71, 48.01, P0, 2077, 14001, 15905
2026-08-07T12:36:26Z sample=70, 34.36, P0, 1687, 14001, 15905
2026-08-07T12:36:27Z sample=70, 38.51, P0, 1687, 14001, 15905
2026-08-07T12:36:28Z sample=70, 38.37, P0, 1740, 14001, 15905
2026-08-07T12:36:29Z sample=70, 27.27, P0, 1762, 14001, 15905
2026-08-07T12:36:30Z sample=71, 49.79, P0, 1957, 14001, 15905
2026-08-07T12:36:31Z sample=71, 46.63, P0, 1957, 14001, 15905
2026-08-07T12:36:32Z sample=71, 61.13, P0, 2077, 14001, 15905
2026-08-07T12:36:33Z sample=72, 56.22, P0, 1822, 14001, 15905
2026-08-07T12:36:34Z sample=71, 69.65, P0, 1875, 14001, 15905
2026-08-07T12:36:35Z sample=72, 49.93, P0, 1972, 14001, 15905
2026-08-07T12:36:36Z sample=71, 52.09, P0, 1807, 14001, 15905
2026-08-07T12:36:37Z sample=72, 45.45, P0, 2025, 14001, 15905
2026-08-07T12:36:38Z sample=72, 51.64, P0, 1980, 14001, 15905
2026-08-07T12:36:39Z sample=71, 39.64, P0, 1725, 14001, 15905
2026-08-07T12:36:40Z sample=72, 53.96, P0, 1680, 14001, 15905
2026-08-07T12:36:43Z sample=71, 27.53, P0, 1725, 14001, 15905
2026-08-07T12:36:44Z sample=71, 40.13, P0, 1717, 14001, 15905
2026-08-07T12:36:45Z sample=71, 42.82, P0, 1717, 14001, 15905
2026-08-07T12:36:46Z sample=72, 50.38, P0, 1957, 14001, 15905
2026-08-07T12:36:47Z sample=72, 52.96, P0, 1980, 14001, 15905
2026-08-07T12:36:48Z sample=71, 42.43, P0, 1725, 14001, 15905
2026-08-07T12:36:49Z sample=71, 37.83, P0, 1695, 14001, 15905
2026-08-07T12:36:50Z sample=71, 38.44, P0, 1650, 14001, 15905
2026-08-07T12:36:51Z sample=71, 41.04, P0, 1635, 14001, 15905
2026-08-07T12:36:52Z sample=71, 46.01, P0, 1665, 14001, 15905
2026-08-07T12:36:53Z sample=72, 52.67, P0, 1935, 14001, 15905
2026-08-07T12:36:54Z sample=72, 57.51, P0, 1905, 14001, 15905
2026-08-07T12:36:55Z sample=71, 42.51, P0, 1657, 14001, 15905
2026-08-07T12:36:56Z sample=71, 39.01, P0, 1725, 14001, 15905
2026-08-07T12:36:57Z sample=71, 40.92, P0, 1732, 14001, 15905
2026-08-07T12:36:58Z sample=71, 28.13, P0, 1680, 14001, 15905
2026-08-07T12:36:59Z sample=72, 54.22, P0, 1912, 14001, 15905
2026-08-07T12:37:00Z sample=73, 59.70, P0, 2047, 14001, 15905
2026-08-07T12:37:01Z sample=73, 48.76, P0, 2085, 14001, 15905
2026-08-07T12:37:03Z sample=73, 51.29, P0, 1995, 14001, 15905
2026-08-07T12:37:04Z sample=73, 44.16, P0, 2145, 14001, 15905
2026-08-07T12:37:05Z sample=72, 36.99, P0, 1860, 14001, 15905
2026-08-07T12:37:06Z sample=72, 40.43, P0, 1687, 14001, 15905
2026-08-07T12:37:07Z sample=72, 30.63, P0, 1672, 14001, 15905
2026-08-07T12:37:08Z sample=72, 41.00, P0, 1657, 14001, 15905
2026-08-07T12:37:09Z sample=71, 56.74, P0, 1687, 14001, 15905
2026-08-07T12:37:10Z sample=73, 50.52, P0, 1935, 14001, 15905
2026-08-07T12:37:11Z sample=73, 49.38, P0, 2010, 14001, 15905
2026-08-07T12:37:12Z sample=73, 52.93, P0, 1995, 14001, 15905
2026-08-07T12:37:13Z sample=73, 72.39, P0, 1972, 14001, 15905
2026-08-07T12:37:14Z sample=73, 52.52, P0, 2017, 14001, 15905
2026-08-07T12:37:16Z sample=73, 57.36, P0, 1950, 14001, 15905
2026-08-07T12:37:17Z sample=74, 54.07, P0, 1950, 14001, 15905
2026-08-07T12:37:18Z sample=74, 62.14, P0, 2047, 14001, 15905
