ds4: Linux cuda backend set oom_score_adj=1000
ds4: CUDA backend initialized on NVIDIA GeForce RTX 5080 Laptop GPU (sm_120) dev=0
ds4: cuda SSD streaming total expert budget 8.00 GiB = 3.38 GiB prefill headroom + 4.62 GiB dynamic cache (701 experts, 6.75 MiB each)
ds4: SSD streaming initial cuda model map restricted to token embedding (1 spans, 0.99 GiB tensor span)
ds4: CUDA host registration skipped: out of memory
ds4: CUDA preparing model tensor mappings
ds4: CUDA loading model tensors into device cache
ds4: CUDA startup model preparation covered 0.99 GiB of tensor spans in 0.428s
ds4: cuda backend initialized for graph diagnostics
ds4: memory: KV 1.78 GiB (raw 0.10 + compressed 1.68) + buffers 0.25 GiB + resident model 0.99 GiB + expert cache 4.62 GiB + prefill expert reserve 3.38 GiB = 11.02 GiB planned
ds4: memory detail: ctx=131072 prefill_cap=1024 raw_kv_rows=1280 compressed_kv_rows=32770 backend=cuda
0807 16:59:42 ds4-server: context buffers 2084.20 MiB (ctx=131072, backend=cuda, prefill_chunk=1024, raw_kv_rows=1280, compressed_kv_rows=32770)
ds4: CUDA lazy compressed KV enabled: initial_tokens=4096 ctx=131072
0807 16:59:43 ds4-server: listening on http://127.0.0.1:18080
0807 16:59:44 ds4-server: chat ctx=0..21:21 prompt start
ds4: DS4_CUDA_MMQ=0 - mmq prefill tier disabled
ds4: CUDA layer expert cache allocated 4.62 GiB (701 experts across 43 layers)
ds4: CUDA loading model tensors 7.03 GiB cached
0807 16:59:53 ds4-server: chat ctx=0..21:21 prompt done 9.273s
0807 16:59:56 ds4-server: chat ctx=21..32:11 gen=11 decoding chunk=3.93 t/s avg=3.93 t/s 2.799s
0807 16:59:56 ds4-server: chat ctx=0..21:21 gen=11 finish=stop 12.075s
0807 16:59:56 ds4-server: live kv cache miss live=32 prompt=20 common=2 reason=token-mismatch
0807 16:59:56 ds4-server: chat ctx=0..20:20 prompt start
0807 17:00:02 ds4-server: chat ctx=0..20:20 prompt done 6.078s
0807 17:00:04 ds4-server: chat ctx=20..27:7 gen=7 decoding chunk=3.60 t/s avg=3.60 t/s 1.942s
0807 17:00:04 ds4-server: chat ctx=0..20:20 gen=7 finish=stop 8.022s
0807 17:00:04 ds4-server: live kv cache miss live=27 prompt=24 common=2 reason=token-mismatch
0807 17:00:04 ds4-server: chat ctx=0..24:24 prompt start
0807 17:00:09 ds4-server: chat ctx=0..24:24 prompt done 4.596s
0807 17:00:12 ds4-server: chat ctx=24..32:8 gen=8 decoding chunk=3.14 t/s avg=3.14 t/s 2.546s
0807 17:00:12 ds4-server: chat ctx=0..24:24 gen=8 finish=stop 7.146s
0807 17:00:12 ds4-server: live kv cache miss live=32 prompt=42 common=2 reason=token-mismatch
0807 17:00:12 ds4-server: chat ctx=0..42:42 prompt start
0807 17:00:20 ds4-server: chat ctx=0..42:42 prompt done 7.082s
0807 17:00:25 ds4-server: chat ctx=42..64:22 gen=22 decoding chunk=3.80 t/s avg=3.80 t/s 5.784s
0807 17:00:25 ds4-server: chat ctx=0..42:42 gen=22 finish=stop 12.869s
0807 17:00:25 ds4-server: live kv cache miss live=64 prompt=29 common=2 reason=token-mismatch
0807 17:00:25 ds4-server: chat ctx=0..29:29 prompt start
0807 17:00:31 ds4-server: chat ctx=0..29:29 prompt done 5.313s
0807 17:00:39 ds4-server: chat ctx=29..61:32 gen=32 decoding chunk=3.65 t/s avg=3.65 t/s 8.770s
0807 17:00:39 ds4-server: chat ctx=0..29:29 gen=32 finish=length 14.086s
0807 17:00:39 ds4-server: live kv cache miss live=61 prompt=29 common=2 reason=token-mismatch
0807 17:00:39 ds4-server: chat ctx=0..29:29 prompt start
0807 17:00:45 ds4-server: chat ctx=0..29:29 prompt done 4.754s
0807 17:00:54 ds4-server: chat ctx=29..61:32 gen=32 decoding chunk=3.71 t/s avg=3.71 t/s 8.631s
0807 17:00:54 ds4-server: chat ctx=0..29:29 gen=32 finish=length 13.389s
0807 17:00:54 ds4-server: live kv cache miss live=61 prompt=32 common=2 reason=token-mismatch
0807 17:00:54 ds4-server: chat ctx=0..32:32 prompt start
0807 17:00:59 ds4-server: chat ctx=0..32:32 prompt done 4.862s
0807 17:01:01 ds4-server: chat ctx=32..40:8 gen=8 decoding chunk=3.59 t/s avg=3.59 t/s 2.228s
0807 17:01:01 ds4-server: chat ctx=0..32:32 gen=8 finish=stop 7.093s
0807 17:01:01 ds4-server: live kv cache miss live=40 prompt=24 common=2 reason=token-mismatch
0807 17:01:01 ds4-server: chat ctx=0..24:24 prompt start
0807 17:01:05 ds4-server: chat ctx=0..24:24 prompt done 4.236s
0807 17:01:08 ds4-server: chat ctx=24..33:9 gen=9 decoding chunk=3.90 t/s avg=3.90 t/s 2.306s
0807 17:01:08 ds4-server: chat ctx=0..24:24 gen=9 finish=stop 6.544s
0807 17:01:08 ds4-server: live kv cache miss live=33 prompt=21 common=2 reason=token-mismatch
0807 17:01:08 ds4-server: chat ctx=0..21:21 prompt start
0807 17:01:12 ds4-server: chat ctx=0..21:21 prompt done 4.488s
0807 17:01:19 ds4-server: chat ctx=21..41:20 gen=20 decoding chunk=3.97 t/s avg=3.97 t/s 5.032s
0807 17:01:19 ds4-server: chat ctx=0..21:21 gen=20 finish=stop 9.522s
0807 17:01:19 ds4-server: live kv cache miss live=41 prompt=26 common=2 reason=token-mismatch
0807 17:01:19 ds4-server: chat ctx=0..26:26 prompt start
0807 17:01:24 ds4-server: chat ctx=0..26:26 prompt done 5.256s
0807 17:01:32 ds4-server: chat ctx=26..58:32 gen=32 decoding chunk=3.82 t/s avg=3.82 t/s 8.381s
0807 17:01:32 ds4-server: chat ctx=0..26:26 gen=32 finish=length 13.639s
0807 17:01:32 ds4-server: shutdown requested, draining requests
