2026-08-07T14:59:41Z temp_c=58
2026-08-07T14:59:44Z sample=59, 23.95, P0, 1492, 14001, 2775
2026-08-07T14:59:45Z sample=59, 27.56, P0, 1522, 14001, 8447
2026-08-07T14:59:46Z sample=60, 30.35, P0, 1665, 14001, 9221
2026-08-07T14:59:47Z sample=60, 30.37, P0, 1680, 14001, 10245
2026-08-07T14:59:48Z sample=60, 30.56, P0, 1657, 14001, 11013
2026-08-07T14:59:49Z sample=60, 30.35, P0, 1680, 14001, 12037
2026-08-07T14:59:50Z sample=60, 30.36, P0, 1605, 14001, 12805
2026-08-07T14:59:51Z sample=60, 30.60, P0, 1650, 14001, 13573
2026-08-07T14:59:52Z sample=61, 30.38, P0, 1642, 14001, 14597
2026-08-07T14:59:53Z sample=61, 30.26, P0, 1672, 14001, 15877
2026-08-07T14:59:54Z sample=62, 48.45, P0, 1897, 14001, 15879
2026-08-07T14:59:55Z sample=63, 49.34, P0, 1920, 14001, 15879
2026-08-07T14:59:56Z sample=62, 39.60, P0, 1830, 14001, 15879
2026-08-07T14:59:57Z sample=62, 29.10, P0, 1545, 14001, 15879
2026-08-07T14:59:58Z sample=62, 29.33, P0, 1560, 14001, 15879
2026-08-07T14:59:59Z sample=62, 28.74, P0, 1567, 14001, 15879
2026-08-07T15:00:01Z sample=62, 29.74, P0, 1552, 14001, 15879
2026-08-07T15:00:02Z sample=62, 29.70, P0, 1560, 14001, 15879
2026-08-07T15:00:03Z sample=63, 45.30, P0, 1807, 14001, 15879
2026-08-07T15:00:04Z sample=64, 48.85, P0, 1920, 14001, 15879
2026-08-07T15:00:05Z sample=63, 35.20, P0, 1545, 14001, 15919
2026-08-07T15:00:06Z sample=63, 31.58, P0, 1590, 14001, 15919
2026-08-07T15:00:07Z sample=63, 32.72, P0, 1635, 14001, 15919
2026-08-07T15:00:08Z sample=63, 33.20, P0, 1560, 14001, 15919
2026-08-07T15:00:09Z sample=64, 36.07, P0, 1785, 14001, 15919
2026-08-07T15:00:11Z sample=64, 45.83, P0, 1837, 14001, 15919
2026-08-07T15:00:12Z sample=64, 45.03, P0, 1800, 14001, 15919
2026-08-07T15:00:13Z sample=65, 25.73, P0, 1785, 14001, 15915
2026-08-07T15:00:14Z sample=64, 50.43, P0, 1882, 14001, 15915
2026-08-07T15:00:16Z sample=64, 35.08, P0, 1612, 14001, 15915
2026-08-07T15:00:17Z sample=65, 35.06, P0, 1612, 14001, 15915
2026-08-07T15:00:18Z sample=65, 39.22, P0, 1785, 14001, 15915
2026-08-07T15:00:19Z sample=64, 35.85, P0, 1725, 14001, 15915
2026-08-07T15:00:20Z sample=64, 37.95, P0, 1695, 14001, 15915
2026-08-07T15:00:21Z sample=65, 47.12, P0, 1890, 14001, 15915
2026-08-07T15:00:22Z sample=65, 58.86, P0, 1837, 14001, 15915
2026-08-07T15:00:23Z sample=66, 48.75, P0, 1860, 14001, 15915
2026-08-07T15:00:24Z sample=66, 50.83, P0, 1972, 14001, 15915
2026-08-07T15:00:25Z sample=65, 47.23, P0, 1762, 14001, 15915
2026-08-07T15:00:26Z sample=65, 41.32, P0, 1552, 14001, 15915
2026-08-07T15:00:27Z sample=65, 35.43, P0, 1710, 14001, 15915
2026-08-07T15:00:28Z sample=65, 36.57, P0, 1747, 14001, 15915
2026-08-07T15:00:29Z sample=65, 35.53, P0, 1665, 14001, 15915
2026-08-07T15:00:30Z sample=65, 35.86, P0, 1732, 14001, 15915
2026-08-07T15:00:31Z sample=66, 43.26, P0, 1747, 14001, 15915
2026-08-07T15:00:32Z sample=66, 48.35, P0, 1845, 14001, 15915
2026-08-07T15:00:33Z sample=66, 49.06, P0, 1845, 14001, 15915
2026-08-07T15:00:34Z sample=66, 48.92, P0, 1905, 14001, 15915
2026-08-07T15:00:35Z sample=66, 50.62, P0, 1905, 14001, 15915
2026-08-07T15:00:36Z sample=66, 43.83, P0, 1890, 14001, 15915
2026-08-07T15:00:37Z sample=67, 51.21, P0, 1942, 14001, 15915
2026-08-07T15:00:38Z sample=67, 46.07, P0, 1875, 14001, 15915
2026-08-07T15:00:40Z sample=67, 56.83, P0, 1972, 14001, 15915
2026-08-07T15:00:41Z sample=66, 36.83, P0, 1897, 14001, 15915
2026-08-07T15:00:42Z sample=66, 36.15, P0, 1717, 14001, 15915
2026-08-07T15:00:43Z sample=66, 38.42, P0, 1710, 14001, 15915
2026-08-07T15:00:45Z sample=67, 36.37, P0, 1657, 14001, 15915
2026-08-07T15:00:46Z sample=67, 50.42, P0, 1807, 14001, 15915
2026-08-07T15:00:47Z sample=67, 58.46, P0, 1852, 14001, 15915
2026-08-07T15:00:48Z sample=67, 46.96, P0, 1815, 14001, 15915
2026-08-07T15:00:49Z sample=67, 51.32, P0, 1950, 14001, 15915
2026-08-07T15:00:50Z sample=68, 46.20, P0, 1957, 14001, 15915
2026-08-07T15:00:51Z sample=67, 45.90, P0, 1890, 14001, 15915
2026-08-07T15:00:52Z sample=68, 68.24, P0, 1860, 14001, 15915
2026-08-07T15:00:53Z sample=67, 48.79, P0, 1822, 14001, 15915
2026-08-07T15:00:54Z sample=68, 26.64, P0, 1665, 14001, 15915
2026-08-07T15:00:56Z sample=67, 35.97, P0, 1687, 14001, 15915
2026-08-07T15:00:57Z sample=68, 35.83, P0, 1635, 14001, 15915
2026-08-07T15:00:58Z sample=67, 39.26, P0, 1725, 14001, 15915
2026-08-07T15:00:59Z sample=67, 34.93, P0, 1680, 14001, 15915
2026-08-07T15:01:00Z sample=68, 48.85, P0, 1792, 14001, 15915
2026-08-07T15:01:01Z sample=68, 48.35, P0, 1882, 14001, 15915
2026-08-07T15:01:02Z sample=67, 38.72, P0, 1732, 14001, 15915
2026-08-07T15:01:03Z sample=68, 71.96, P0, 1755, 14001, 15915
2026-08-07T15:01:04Z sample=67, 36.90, P0, 1695, 14001, 15915
2026-08-07T15:01:05Z sample=68, 37.85, P0, 1702, 14001, 15915
2026-08-07T15:01:06Z sample=68, 41.11, P0, 1792, 14001, 15915
2026-08-07T15:01:07Z sample=68, 54.49, P0, 1860, 14001, 15915
2026-08-07T15:01:08Z sample=69, 45.19, P0, 1965, 14001, 15915
2026-08-07T15:01:09Z sample=68, 37.68, P0, 1672, 14001, 15915
2026-08-07T15:01:10Z sample=68, 39.72, P0, 1687, 14001, 15915
2026-08-07T15:01:11Z sample=68, 35.03, P0, 1687, 14001, 15915
2026-08-07T15:01:12Z sample=68, 38.82, P0, 1687, 14001, 15915
2026-08-07T15:01:13Z sample=69, 48.71, P0, 1800, 14001, 15915
2026-08-07T15:01:14Z sample=68, 49.28, P0, 1950, 14001, 15915
2026-08-07T15:01:15Z sample=69, 54.52, P0, 1987, 14001, 15915
2026-08-07T15:01:16Z sample=69, 58.31, P0, 1882, 14001, 15915
2026-08-07T15:01:19Z sample=69, 48.78, P0, 1717, 14001, 15915
2026-08-07T15:01:20Z sample=68, 37.89, P0, 1620, 14001, 15915
2026-08-07T15:01:21Z sample=68, 35.03, P0, 1657, 14001, 15915
2026-08-07T15:01:22Z sample=68, 38.43, P0, 1657, 14001, 15915
2026-08-07T15:01:23Z sample=68, 40.04, P0, 1665, 14001, 15915
2026-08-07T15:01:24Z sample=68, 36.98, P0, 1672, 14001, 15915
2026-08-07T15:01:25Z sample=69, 46.39, P0, 1875, 14001, 15915
2026-08-07T15:01:26Z sample=69, 53.01, P0, 1942, 14001, 15915
2026-08-07T15:01:27Z sample=69, 37.08, P0, 1927, 14001, 15915
2026-08-07T15:01:28Z sample=69, 58.26, P0, 1860, 14001, 15915
2026-08-07T15:01:29Z sample=70, 51.21, P0, 1882, 14001, 15915
2026-08-07T15:01:30Z sample=69, 48.74, P0, 1852, 14001, 15915
2026-08-07T15:01:31Z sample=69, 45.23, P0, 1942, 14001, 15915
