ds4: Linux cuda backend set oom_score_adj=1000
ds4: CUDA backend initialized on NVIDIA GeForce RTX 5080 Laptop GPU (sm_120) dev=0
ds4: SSD streaming initial cuda model map restricted to token embedding (1 spans, 0.99 GiB tensor span)
ds4: CUDA host registration skipped: out of memory
ds4: CUDA preparing model tensor mappings
ds4: CUDA loading model tensors into device cache
ds4: CUDA startup model preparation covered 0.99 GiB of tensor spans in 0.560s
ds4: cuda backend initialized for graph diagnostics
ds4: memory: KV 0.07 GiB (raw 0.02 + compressed 0.05) + buffers 0.00 GiB + resident model 0.99 GiB + expert cache 6.86 GiB = 7.92 GiB planned
ds4: memory detail: ctx=4096 prefill_cap=128 raw_kv_rows=256 compressed_kv_rows=1026 backend=cuda
0806 14:40:56 ds4-server: context buffers 76.50 MiB (ctx=4096, backend=cuda, prefill_chunk=128, raw_kv_rows=256, compressed_kv_rows=1026)
0806 14:40:56 ds4-server: listening on http://127.0.0.1:18080
0806 14:40:56 ds4-server: chat ctx=0..21:21 prompt start
ds4: DS4_CUDA_MMQ=0 - mmq prefill tier disabled
ds4: CUDA layer expert cache allocated 6.86 GiB (1040 prefill experts, 1040 decode experts across 43 layers)
ds4: CUDA loading model tensors 7.66 GiB cached
0806 14:41:06 ds4-server: chat ctx=0..21:21 prompt done 9.564s
0806 14:41:09 ds4-server: chat ctx=21..32:11 gen=11 decoding chunk=3.00 t/s avg=3.00 t/s 3.663s
0806 14:41:09 ds4-server: chat ctx=0..21:21 gen=11 finish=stop 13.230s
0806 14:41:09 ds4-server: live kv cache miss live=32 prompt=20 common=2 reason=token-mismatch
0806 14:41:09 ds4-server: chat ctx=0..20:20 prompt start
ds4: CUDA prompt expert cache summary hits=2010 misses=2854 evictions=1158 SSD=18.81 GiB capacity=1040 resident=1040
0806 14:41:14 ds4-server: chat ctx=0..20:20 prompt done 7.149s
0806 14:41:16 ds4-server: chat ctx=20..27:7 gen=7 decoding chunk=2.96 t/s avg=2.96 t/s 2.367s
0806 14:41:16 ds4-server: chat ctx=0..20:20 gen=7 finish=stop 9.519s
0806 14:41:16 ds4-server: live kv cache miss live=27 prompt=24 common=2 reason=token-mismatch
0806 14:41:16 ds4-server: chat ctx=0..24:24 prompt start
ds4: CUDA prompt expert cache summary hits=1637 misses=2152 evictions=1247 SSD=14.19 GiB capacity=1040 resident=1040
0806 14:41:21 ds4-server: chat ctx=0..24:24 prompt done 4.869s
0806 14:41:24 ds4-server: chat ctx=24..32:8 gen=8 decoding chunk=2.61 t/s avg=2.61 t/s 3.062s
0806 14:41:24 ds4-server: chat ctx=0..24:24 gen=8 finish=stop 7.936s
0806 14:41:24 ds4-server: live kv cache miss live=32 prompt=42 common=2 reason=token-mismatch
0806 14:41:24 ds4-server: chat ctx=0..42:42 prompt start
ds4: CUDA prompt expert cache summary hits=1733 misses=2614 evictions=1503 SSD=17.23 GiB capacity=1040 resident=1040
0806 14:41:31 ds4-server: chat ctx=0..42:42 prompt done 7.300s
0806 14:41:38 ds4-server: chat ctx=42..64:22 gen=22 decoding chunk=3.11 t/s avg=3.11 t/s 7.073s
0806 14:41:38 ds4-server: chat ctx=0..42:42 gen=22 finish=stop 14.376s
0806 14:41:38 ds4-server: live kv cache miss live=64 prompt=29 common=2 reason=token-mismatch
0806 14:41:38 ds4-server: chat ctx=0..29:29 prompt start
ds4: CUDA prompt expert cache summary hits=4594 misses=4221 evictions=2565 SSD=27.82 GiB capacity=1040 resident=1040
0806 14:41:44 ds4-server: chat ctx=0..29:29 prompt done 5.798s
0806 14:41:53 ds4-server: chat ctx=29..61:32 gen=32 decoding chunk=2.73 t/s avg=2.73 t/s 11.723s
0806 14:41:53 ds4-server: chat ctx=0..29:29 gen=32 finish=length 17.524s
0806 14:41:53 ds4-server: live kv cache miss live=61 prompt=29 common=2 reason=token-mismatch
0806 14:41:53 ds4-server: chat ctx=0..29:29 prompt start
ds4: CUDA prompt expert cache summary hits=6030 misses=4909 evictions=3562 SSD=32.36 GiB capacity=1040 resident=1040
0806 14:41:59 ds4-server: chat ctx=0..29:29 prompt done 6.115s
0806 14:42:11 ds4-server: chat ctx=29..61:32 gen=32 decoding chunk=2.69 t/s avg=2.69 t/s 11.905s
0806 14:42:11 ds4-server: chat ctx=0..29:29 gen=32 finish=length 18.022s
0806 14:42:11 ds4-server: live kv cache miss live=61 prompt=32 common=2 reason=token-mismatch
0806 14:42:11 ds4-server: chat ctx=0..32:32 prompt start
ds4: CUDA prompt expert cache summary hits=6034 misses=4584 evictions=3517 SSD=30.22 GiB capacity=1040 resident=1040
0806 14:42:14 ds4-server: chat ctx=0..32:32 prompt done 5.898s
0806 14:42:17 ds4-server: chat ctx=32..40:8 gen=8 decoding chunk=2.77 t/s avg=2.77 t/s 2.886s
0806 14:42:17 ds4-server: chat ctx=0..32:32 gen=8 finish=stop 8.788s
0806 14:42:17 ds4-server: live kv cache miss live=40 prompt=24 common=2 reason=token-mismatch
0806 14:42:17 ds4-server: chat ctx=0..24:24 prompt start
ds4: CUDA prompt expert cache summary hits=1752 misses=2662 evictions=1717 SSD=17.55 GiB capacity=1040 resident=1040
0806 14:42:23 ds4-server: chat ctx=0..24:24 prompt done 5.808s
0806 14:42:26 ds4-server: chat ctx=24..33:9 gen=9 decoding chunk=2.84 t/s avg=2.84 t/s 3.168s
0806 14:42:26 ds4-server: chat ctx=0..24:24 gen=9 finish=stop 8.980s
0806 14:42:26 ds4-server: live kv cache miss live=33 prompt=21 common=2 reason=token-mismatch
0806 14:42:26 ds4-server: chat ctx=0..21:21 prompt start
ds4: CUDA prompt expert cache summary hits=2101 misses=2486 evictions=1490 SSD=16.39 GiB capacity=1040 resident=1040
0806 14:42:32 ds4-server: chat ctx=0..21:21 prompt done 5.749s
0806 14:42:39 ds4-server: chat ctx=21..41:20 gen=20 decoding chunk=3.03 t/s avg=3.03 t/s 6.598s
0806 14:42:39 ds4-server: chat ctx=0..21:21 gen=20 finish=stop 12.354s
0806 14:42:39 ds4-server: live kv cache miss live=41 prompt=26 common=2 reason=token-mismatch
0806 14:42:39 ds4-server: chat ctx=0..26:26 prompt start
ds4: CUDA prompt expert cache summary hits=4304 misses=3135 evictions=2180 SSD=20.67 GiB capacity=1040 resident=1040
0806 14:42:42 ds4-server: chat ctx=0..26:26 prompt done 6.064s
0806 14:42:53 ds4-server: chat ctx=26..58:32 gen=32 decoding chunk=2.85 t/s avg=2.85 t/s 11.219s
0806 14:42:53 ds4-server: chat ctx=0..26:26 gen=32 finish=length 17.285s
0806 14:42:53 ds4-server: shutdown requested, draining requests
