2026-08-06T12:40:55Z temp_c=65
2026-08-06T12:40:56Z sample=64, 29.47, P0, 1552, 14001, 1486
2026-08-06T12:40:57Z sample=65, 31.47, P0, 1545, 14001, 9446
2026-08-06T12:40:58Z sample=65, 31.92, P0, 1590, 14001, 10220
2026-08-06T12:40:59Z sample=65, 32.65, P0, 1725, 14001, 11244
2026-08-06T12:41:00Z sample=65, 32.77, P0, 1717, 14001, 12012
2026-08-06T12:41:01Z sample=65, 32.77, P0, 1710, 14001, 13036
2026-08-06T12:41:02Z sample=65, 32.46, P0, 1642, 14001, 14060
2026-08-06T12:41:04Z sample=65, 32.61, P0, 1620, 14001, 14828
2026-08-06T12:41:05Z sample=65, 32.63, P0, 1717, 14001, 15596
2026-08-06T12:41:06Z sample=66, 35.05, P0, 1942, 14001, 15918
2026-08-06T12:41:07Z sample=67, 52.42, P4, 2160, 14001, 15918
2026-08-06T12:41:08Z sample=68, 54.39, P0, 1515, 14001, 15918
2026-08-06T12:41:09Z sample=67, 40.27, P4, 1342, 14001, 15918
2026-08-06T12:41:10Z sample=66, 24.44, P4, 307, 9001, 15918
2026-08-06T12:41:11Z sample=66, 24.70, P4, 262, 9001, 15918
2026-08-06T12:41:12Z sample=66, 18.32, P4, 330, 9001, 15918
2026-08-06T12:41:13Z sample=66, 18.62, P4, 270, 9001, 15918
2026-08-06T12:41:14Z sample=66, 24.99, P4, 330, 9001, 15918
2026-08-06T12:41:15Z sample=66, 20.94, P5, 322, 9001, 15918
2026-08-06T12:41:14Z sample=67, 41.78, P0, 1290, 14001, 15918
2026-08-06T12:41:15Z sample=68, 53.17, P4, 1440, 14001, 15918
2026-08-06T12:41:16Z sample=68, 45.14, P4, 1552, 14001, 15918
2026-08-06T12:41:17Z sample=67, 21.47, P4, 330, 9001, 15958
2026-08-06T12:41:18Z sample=67, 28.78, P4, 480, 9001, 15958
2026-08-06T12:41:19Z sample=67, 26.64, P4, 480, 9001, 15958
2026-08-06T12:41:20Z sample=67, 27.34, P4, 517, 9001, 15958
2026-08-06T12:41:21Z sample=68, 51.33, P2, 1627, 11001, 15958
2026-08-06T12:41:22Z sample=68, 45.51, P0, 1575, 14001, 15958
2026-08-06T12:41:23Z sample=68, 45.31, P0, 1327, 14001, 15958
2026-08-06T12:41:25Z sample=67, 34.33, P4, 405, 9001, 15946
2026-08-06T12:41:26Z sample=67, 69.79, P4, 1642, 9001, 15954
2026-08-06T12:41:27Z sample=68, 37.13, P4, 862, 9001, 15954
2026-08-06T12:41:28Z sample=67, 33.78, P4, 840, 9001, 15954
2026-08-06T12:41:29Z sample=67, 34.78, P4, 720, 9001, 15954
2026-08-06T12:41:30Z sample=67, 20.43, P4, 720, 9001, 15954
2026-08-06T12:41:31Z sample=67, 33.75, P4, 765, 9001, 15954
2026-08-06T12:41:32Z sample=68, 49.27, P2, 1530, 9001, 15954
2026-08-06T12:41:33Z sample=70, 52.80, P2, 1470, 11001, 15954
2026-08-06T12:41:34Z sample=69, 51.50, P4, 960, 11001, 15954
2026-08-06T12:41:35Z sample=70, 53.67, P2, 1575, 9001, 15954
2026-08-06T12:41:36Z sample=69, 58.11, P0, 1605, 11001, 15954
2026-08-06T12:41:38Z sample=69, 51.40, P4, 1605, 14001, 15954
2026-08-06T12:41:39Z sample=69, 51.58, P0, 1485, 14001, 15954
2026-08-06T12:41:40Z sample=68, 32.03, P4, 735, 9001, 15954
2026-08-06T12:41:41Z sample=68, 32.48, P4, 682, 9001, 15954
2026-08-06T12:41:42Z sample=69, 29.19, P4, 645, 9001, 15954
2026-08-06T12:41:43Z sample=68, 32.31, P4, 885, 9001, 15954
2026-08-06T12:41:44Z sample=68, 32.34, P4, 682, 9001, 15954
2026-08-06T12:41:45Z sample=69, 48.99, P2, 1597, 9001, 15954
2026-08-06T12:41:43Z sample=69, 49.82, P2, 1455, 9001, 15954
2026-08-06T12:41:44Z sample=69, 50.87, P4, 1530, 9001, 15954
2026-08-06T12:41:46Z sample=70, 34.16, P4, 1530, 9001, 15954
2026-08-06T12:41:47Z sample=70, 48.84, P4, 1522, 9001, 15954
2026-08-06T12:41:48Z sample=70, 48.67, P2, 1485, 9001, 15954
2026-08-06T12:41:49Z sample=70, 31.36, P2, 1612, 9001, 15954
2026-08-06T12:41:50Z sample=70, 46.29, P2, 1072, 11001, 15954
2026-08-06T12:41:51Z sample=70, 57.33, P2, 1455, 9001, 15954
2026-08-06T12:41:52Z sample=70, 39.78, P4, 847, 11001, 15954
2026-08-06T12:41:53Z sample=70, 57.23, P2, 1395, 9001, 15954
2026-08-06T12:41:54Z sample=69, 33.91, P4, 630, 9001, 15954
2026-08-06T12:41:55Z sample=69, 21.76, P4, 517, 9001, 15954
2026-08-06T12:41:56Z sample=69, 34.81, P4, 720, 9001, 15954
2026-08-06T12:41:57Z sample=69, 31.77, P4, 555, 9001, 15954
2026-08-06T12:41:59Z sample=69, 28.58, P4, 577, 9001, 15954
2026-08-06T12:42:00Z sample=70, 48.87, P4, 1312, 11001, 15954
2026-08-06T12:42:01Z sample=70, 47.39, P4, 1342, 11001, 15954
2026-08-06T12:42:02Z sample=72, 41.89, P4, 1417, 11001, 15954
2026-08-06T12:42:03Z sample=70, 57.70, P2, 1785, 11001, 15954
2026-08-06T12:42:04Z sample=71, 45.01, P4, 1192, 14001, 15954
2026-08-06T12:42:05Z sample=70, 52.26, P0, 1117, 9001, 15954
2026-08-06T12:42:06Z sample=71, 51.58, P4, 1485, 14001, 15954
2026-08-06T12:42:07Z sample=72, 55.83, P0, 1380, 14001, 15954
2026-08-06T12:42:08Z sample=70, 47.60, P0, 1357, 9001, 15954
2026-08-06T12:42:10Z sample=71, 50.55, P0, 1477, 9001, 15954
2026-08-06T12:42:11Z sample=71, 51.43, P4, 1425, 9001, 15954
2026-08-06T12:42:12Z sample=70, 45.23, P4, 1560, 9001, 15954
2026-08-06T12:42:13Z sample=70, 19.97, P4, 937, 9001, 15954
2026-08-06T12:42:14Z sample=70, 31.74, P4, 810, 9001, 15954
2026-08-06T12:42:15Z sample=69, 27.97, P4, 592, 9001, 15954
2026-08-06T12:42:13Z sample=70, 30.42, P4, 615, 9001, 15954
2026-08-06T12:42:14Z sample=70, 31.28, P4, 615, 9001, 15954
2026-08-06T12:42:15Z sample=71, 49.98, P2, 1080, 11001, 15954
2026-08-06T12:42:17Z sample=71, 49.32, P2, 1410, 11001, 15954
2026-08-06T12:42:18Z sample=70, 21.99, P4, 1282, 9001, 15954
2026-08-06T12:42:19Z sample=70, 31.12, P4, 592, 9001, 15954
2026-08-06T12:42:20Z sample=70, 36.33, P4, 637, 9001, 15954
2026-08-06T12:42:21Z sample=70, 30.08, P4, 615, 9001, 15954
2026-08-06T12:42:22Z sample=69, 29.60, P4, 720, 9001, 15954
2026-08-06T12:42:23Z sample=70, 29.14, P4, 562, 9001, 15954
2026-08-06T12:42:24Z sample=71, 42.73, P4, 1192, 9001, 15954
2026-08-06T12:42:25Z sample=71, 61.31, P4, 1485, 9001, 15954
2026-08-06T12:42:26Z sample=71, 54.49, P0, 1680, 14001, 15954
2026-08-06T12:42:27Z sample=71, 37.63, P4, 1072, 9001, 15954
2026-08-06T12:42:28Z sample=70, 33.69, P4, 682, 9001, 15954
2026-08-06T12:42:29Z sample=70, 30.61, P4, 547, 9001, 15954
2026-08-06T12:42:31Z sample=70, 39.54, P4, 660, 9001, 15954
2026-08-06T12:42:32Z sample=70, 30.05, P4, 607, 9001, 15954
2026-08-06T12:42:33Z sample=70, 37.62, P0, 1687, 14001, 15954
2026-08-06T12:42:34Z sample=72, 56.03, P4, 1552, 9001, 15954
2026-08-06T12:42:35Z sample=71, 47.88, P4, 1522, 9001, 15954
2026-08-06T12:42:36Z sample=72, 46.47, P0, 1380, 14001, 15954
2026-08-06T12:42:37Z sample=72, 77.35, P0, 1597, 14001, 15954
2026-08-06T12:42:38Z sample=72, 74.77, P0, 1507, 9001, 15954
2026-08-06T12:42:39Z sample=71, 24.95, P4, 847, 14001, 15954
2026-08-06T12:42:40Z sample=71, 76.27, P4, 472, 9001, 15954
2026-08-06T12:42:41Z sample=71, 24.92, P4, 532, 9001, 15954
2026-08-06T12:42:42Z sample=71, 20.06, P4, 652, 9001, 15954
2026-08-06T12:42:44Z sample=70, 28.02, P4, 607, 9001, 15954
2026-08-06T12:42:42Z sample=70, 69.00, P2, 727, 9001, 15954
2026-08-06T12:42:43Z sample=72, 50.16, P2, 997, 11001, 15954
2026-08-06T12:42:44Z sample=72, 52.70, P2, 1357, 11001, 15954
2026-08-06T12:42:45Z sample=72, 55.88, P4, 997, 11001, 15954
2026-08-06T12:42:46Z sample=72, 48.04, P4, 1552, 9001, 15954
2026-08-06T12:42:47Z sample=72, 49.31, P4, 870, 9001, 15954
2026-08-06T12:42:48Z sample=73, 54.47, P2, 1575, 11001, 15954
2026-08-06T12:42:50Z sample=72, 44.47, P4, 1417, 9001, 15954
2026-08-06T12:42:51Z sample=73, 69.27, P4, 1575, 9001, 15954
2026-08-06T12:42:52Z sample=73, 43.66, P4, 1560, 9001, 15954
2026-08-06T12:42:53Z sample=74, 66.04, P2, 1545, 9001, 15954
