ds4: Linux cuda backend set oom_score_adj=1000
ds4: CUDA backend initialized on NVIDIA GeForce RTX 5080 Laptop GPU (sm_120) dev=0
ds4: SSD streaming initial cuda model map restricted to token embedding (1 spans, 0.99 GiB tensor span)
ds4: CUDA host registration skipped: out of memory
ds4: CUDA preparing model tensor mappings
ds4: CUDA loading model tensors into device cache
ds4: CUDA startup model preparation covered 0.99 GiB of tensor spans in 0.535s
ds4: cuda backend initialized for graph diagnostics
ds4: memory: KV 0.07 GiB (raw 0.02 + compressed 0.05) + buffers 0.00 GiB + resident model 0.99 GiB + expert cache 6.75 GiB = 7.81 GiB planned
ds4: memory detail: ctx=4096 prefill_cap=128 raw_kv_rows=256 compressed_kv_rows=1026 backend=cuda
0806 14:43:13 ds4-server: context buffers 76.50 MiB (ctx=4096, backend=cuda, prefill_chunk=128, raw_kv_rows=256, compressed_kv_rows=1026)
0806 14:43:13 ds4-server: listening on http://127.0.0.1:18080
0806 14:43:13 ds4-server: chat ctx=0..21:21 prompt start
ds4: DS4_CUDA_MMQ=0 - mmq prefill tier disabled
ds4: CUDA layer expert cache allocated 6.75 GiB (1024 prefill experts, 1024 decode experts across 43 layers)
ds4: CUDA loading model tensors 7.65 GiB cached
0806 14:43:21 ds4-server: chat ctx=0..21:21 prompt done 10.355s
0806 14:43:24 ds4-server: chat ctx=21..32:11 gen=11 decoding chunk=2.90 t/s avg=2.90 t/s 3.799s
0806 14:43:24 ds4-server: chat ctx=0..21:21 gen=11 finish=stop 14.157s
0806 14:43:24 ds4-server: live kv cache miss live=32 prompt=20 common=2 reason=token-mismatch
0806 14:43:24 ds4-server: chat ctx=0..20:20 prompt start
ds4: CUDA prompt expert cache summary hits=2004 misses=2860 evictions=1170 SSD=18.85 GiB capacity=1024 resident=1024
0806 14:43:31 ds4-server: chat ctx=0..20:20 prompt done 6.913s
0806 14:43:34 ds4-server: chat ctx=20..27:7 gen=7 decoding chunk=2.78 t/s avg=2.78 t/s 2.520s
0806 14:43:34 ds4-server: chat ctx=0..20:20 gen=7 finish=stop 9.436s
0806 14:43:34 ds4-server: live kv cache miss live=27 prompt=24 common=2 reason=token-mismatch
0806 14:43:34 ds4-server: chat ctx=0..24:24 prompt start
ds4: CUDA prompt expert cache summary hits=1626 misses=2163 evictions=1254 SSD=14.26 GiB capacity=1024 resident=1024
0806 14:43:39 ds4-server: chat ctx=0..24:24 prompt done 5.091s
0806 14:43:42 ds4-server: chat ctx=24..32:8 gen=8 decoding chunk=2.55 t/s avg=2.55 t/s 3.134s
0806 14:43:42 ds4-server: chat ctx=0..24:24 gen=8 finish=stop 8.231s
0806 14:43:42 ds4-server: live kv cache miss live=32 prompt=42 common=2 reason=token-mismatch
0806 14:43:42 ds4-server: chat ctx=0..42:42 prompt start
ds4: CUDA prompt expert cache summary hits=1724 misses=2623 evictions=1511 SSD=17.29 GiB capacity=1024 resident=1024
0806 14:43:47 ds4-server: chat ctx=0..42:42 prompt done 7.381s
0806 14:43:54 ds4-server: chat ctx=42..66:24 gen=24 decoding chunk=3.19 t/s avg=3.19 t/s 7.515s
0806 14:43:54 ds4-server: chat ctx=0..42:42 gen=24 finish=stop 14.901s
0806 14:43:54 ds4-server: live kv cache miss live=66 prompt=29 common=2 reason=token-mismatch
0806 14:43:54 ds4-server: chat ctx=0..29:29 prompt start
ds4: CUDA prompt expert cache summary hits=4964 misses=4367 evictions=2706 SSD=28.79 GiB capacity=1024 resident=1024
0806 14:44:00 ds4-server: chat ctx=0..29:29 prompt done 6.039s
0806 14:44:11 ds4-server: chat ctx=29..61:32 gen=32 decoding chunk=2.95 t/s avg=2.95 t/s 10.861s
0806 14:44:11 ds4-server: chat ctx=0..29:29 gen=32 finish=length 16.903s
0806 14:44:11 ds4-server: live kv cache miss live=61 prompt=29 common=2 reason=token-mismatch
0806 14:44:11 ds4-server: chat ctx=0..29:29 prompt start
ds4: CUDA prompt expert cache summary hits=5990 misses=4949 evictions=3588 SSD=32.62 GiB capacity=1024 resident=1024
0806 14:44:14 ds4-server: chat ctx=0..29:29 prompt done 5.172s
0806 14:44:24 ds4-server: chat ctx=29..61:32 gen=32 decoding chunk=3.08 t/s avg=3.08 t/s 10.387s
0806 14:44:24 ds4-server: chat ctx=0..29:29 gen=32 finish=length 15.571s
0806 14:44:24 ds4-server: live kv cache miss live=61 prompt=32 common=2 reason=token-mismatch
0806 14:44:24 ds4-server: chat ctx=0..32:32 prompt start
ds4: CUDA prompt expert cache summary hits=5999 misses=4619 evictions=3547 SSD=30.45 GiB capacity=1024 resident=1024
0806 14:44:30 ds4-server: chat ctx=0..32:32 prompt done 5.339s
0806 14:44:32 ds4-server: chat ctx=32..40:8 gen=8 decoding chunk=3.00 t/s avg=3.00 t/s 2.670s
0806 14:44:32 ds4-server: chat ctx=0..32:32 gen=8 finish=stop 8.011s
0806 14:44:32 ds4-server: live kv cache miss live=40 prompt=24 common=2 reason=token-mismatch
0806 14:44:32 ds4-server: chat ctx=0..24:24 prompt start
ds4: CUDA prompt expert cache summary hits=1738 misses=2676 evictions=1713 SSD=17.64 GiB capacity=1024 resident=1024
0806 14:44:37 ds4-server: chat ctx=0..24:24 prompt done 4.710s
0806 14:44:40 ds4-server: chat ctx=24..33:9 gen=9 decoding chunk=3.13 t/s avg=3.13 t/s 2.877s
0806 14:44:40 ds4-server: chat ctx=0..24:24 gen=9 finish=stop 7.589s
0806 14:44:40 ds4-server: live kv cache miss live=33 prompt=21 common=2 reason=token-mismatch
0806 14:44:40 ds4-server: chat ctx=0..21:21 prompt start
ds4: CUDA prompt expert cache summary hits=2084 misses=2503 evictions=1506 SSD=16.50 GiB capacity=1024 resident=1024
0806 14:44:42 ds4-server: chat ctx=0..21:21 prompt done 4.749s
0806 14:44:48 ds4-server: chat ctx=21..41:20 gen=20 decoding chunk=3.35 t/s avg=3.35 t/s 5.965s
0806 14:44:48 ds4-server: chat ctx=0..21:21 gen=20 finish=stop 10.717s
0806 14:44:48 ds4-server: live kv cache miss live=41 prompt=26 common=2 reason=token-mismatch
0806 14:44:48 ds4-server: chat ctx=0..26:26 prompt start
ds4: CUDA prompt expert cache summary hits=4288 misses=3151 evictions=2198 SSD=20.77 GiB capacity=1024 resident=1024
0806 14:44:53 ds4-server: chat ctx=0..26:26 prompt done 5.557s
0806 14:45:03 ds4-server: chat ctx=26..58:32 gen=32 decoding chunk=3.17 t/s avg=3.17 t/s 10.083s
0806 14:45:03 ds4-server: chat ctx=0..26:26 gen=32 finish=length 15.641s
0806 14:45:03 ds4-server: shutdown requested, draining requests
