2026-08-06T12:43:12Z temp_c=69
2026-08-06T12:43:13Z sample=69, 27.71, P0, 1492, 14001, 1486
2026-08-06T12:43:11Z sample=69, 30.91, P0, 1492, 14001, 9338
2026-08-06T12:43:13Z sample=69, 36.59, P0, 1620, 14001, 10112
2026-08-06T12:43:14Z sample=69, 34.59, P0, 1710, 14001, 10880
2026-08-06T12:43:15Z sample=70, 35.19, P0, 1657, 14001, 11904
2026-08-06T12:43:16Z sample=69, 33.72, P0, 1642, 14001, 12928
2026-08-06T12:43:17Z sample=70, 25.42, P4, 735, 9001, 13696
2026-08-06T12:43:18Z sample=69, 26.44, P4, 487, 9001, 14720
2026-08-06T12:43:19Z sample=69, 26.93, P4, 532, 9001, 15488
2026-08-06T12:43:20Z sample=69, 19.53, P4, 682, 9001, 15872
2026-08-06T12:43:21Z sample=70, 65.94, P2, 1200, 11001, 15874
2026-08-06T12:43:22Z sample=71, 58.28, P2, 1530, 9001, 15874
2026-08-06T12:43:23Z sample=72, 52.49, P4, 1372, 11001, 15874
2026-08-06T12:43:24Z sample=72, 64.37, P4, 1552, 9001, 15874
2026-08-06T12:43:26Z sample=70, 25.17, P4, 307, 9001, 15874
2026-08-06T12:43:27Z sample=70, 23.81, P4, 300, 9001, 15874
2026-08-06T12:43:28Z sample=69, 20.68, P4, 330, 9001, 15874
2026-08-06T12:43:29Z sample=69, 19.90, P4, 345, 9001, 15874
2026-08-06T12:43:30Z sample=69, 24.19, P4, 330, 9001, 15874
2026-08-06T12:43:31Z sample=70, 26.11, P4, 262, 9001, 15874
2026-08-06T12:43:32Z sample=71, 53.29, P2, 1342, 810, 15874
2026-08-06T12:43:33Z sample=72, 53.10, P4, 1320, 11001, 15874
2026-08-06T12:43:34Z sample=71, 21.28, P4, 1515, 9001, 15914
2026-08-06T12:43:35Z sample=70, 26.41, P4, 390, 9001, 15914
2026-08-06T12:43:37Z sample=70, 29.65, P4, 435, 9001, 15914
2026-08-06T12:43:38Z sample=71, 28.29, P4, 442, 9001, 15914
2026-08-06T12:43:39Z sample=70, 28.19, P4, 457, 9001, 15914
2026-08-06T12:43:40Z sample=71, 57.96, P2, 1440, 9001, 15914
2026-08-06T12:43:41Z sample=72, 44.64, P2, 1267, 9001, 15914
2026-08-06T12:43:42Z sample=71, 49.08, P4, 1095, 11001, 15914
2026-08-06T12:43:43Z sample=72, 24.45, P2, 1027, 9001, 15910
2026-08-06T12:43:41Z sample=70, 22.25, P4, 930, 9001, 15910
2026-08-06T12:43:42Z sample=70, 30.99, P4, 705, 9001, 15910
2026-08-06T12:43:43Z sample=70, 32.09, P4, 787, 9001, 15910
2026-08-06T12:43:45Z sample=71, 31.78, P4, 607, 9001, 15910
2026-08-06T12:43:46Z sample=70, 32.05, P4, 592, 9001, 15910
2026-08-06T12:43:47Z sample=71, 31.07, P4, 622, 9001, 15910
2026-08-06T12:43:48Z sample=71, 49.81, P2, 1455, 9001, 15910
2026-08-06T12:43:49Z sample=72, 53.06, P4, 1200, 11001, 15910
2026-08-06T12:43:50Z sample=71, 54.27, P0, 1515, 9001, 15910
2026-08-06T12:43:51Z sample=72, 57.10, P4, 1432, 14001, 15910
2026-08-06T12:43:52Z sample=72, 56.49, P0, 1635, 14001, 15910
2026-08-06T12:43:53Z sample=72, 58.62, P0, 1680, 9001, 15910
2026-08-06T12:43:54Z sample=72, 53.75, P4, 1342, 14001, 15910
2026-08-06T12:43:55Z sample=71, 34.36, P4, 765, 9001, 15910
2026-08-06T12:43:56Z sample=70, 31.11, P4, 577, 9001, 15910
2026-08-06T12:43:58Z sample=70, 29.19, P4, 697, 9001, 15910
2026-08-06T12:43:59Z sample=70, 30.57, P4, 577, 9001, 15910
2026-08-06T12:44:00Z sample=71, 30.00, P4, 502, 9001, 15910
2026-08-06T12:44:01Z sample=71, 38.94, P0, 622, 9001, 15910
2026-08-06T12:44:02Z sample=71, 52.65, P4, 1470, 9001, 15910
2026-08-06T12:44:03Z sample=72, 54.48, P0, 1035, 9001, 15910
2026-08-06T12:44:04Z sample=71, 53.35, P0, 1470, 9001, 15910
2026-08-06T12:44:05Z sample=72, 54.06, P4, 1462, 14001, 15910
2026-08-06T12:44:06Z sample=71, 52.35, P0, 1380, 9001, 15910
2026-08-06T12:44:07Z sample=72, 52.72, P0, 1290, 9001, 15910
2026-08-06T12:44:08Z sample=73, 54.95, P0, 1125, 9001, 15910
2026-08-06T12:44:09Z sample=72, 54.87, P4, 1567, 14001, 15910
2026-08-06T12:44:10Z sample=71, 50.72, P4, 1372, 14001, 15910
2026-08-06T12:44:12Z sample=72, 51.68, P0, 1612, 14001, 15910
2026-08-06T12:44:13Z sample=71, 23.20, P4, 667, 9001, 15910
2026-08-06T12:44:11Z sample=70, 28.22, P4, 615, 9001, 15910
2026-08-06T12:44:12Z sample=71, 31.82, P4, 472, 9001, 15910
2026-08-06T12:44:13Z sample=71, 30.77, P4, 487, 9001, 15910
2026-08-06T12:44:14Z sample=71, 38.62, P4, 1237, 11001, 15910
2026-08-06T12:44:15Z sample=72, 54.02, P2, 1447, 11001, 15910
2026-08-06T12:44:16Z sample=73, 52.58, P2, 1027, 9001, 15910
2026-08-06T12:44:17Z sample=72, 54.19, P4, 1425, 14001, 15910
2026-08-06T12:44:18Z sample=73, 55.06, P4, 1455, 9001, 15910
2026-08-06T12:44:19Z sample=72, 53.69, P2, 1522, 11001, 15910
2026-08-06T12:44:20Z sample=72, 55.99, P4, 1147, 9001, 15910
2026-08-06T12:44:22Z sample=72, 49.52, P4, 1410, 9001, 15910
2026-08-06T12:44:23Z sample=72, 53.04, P4, 1560, 9001, 15910
2026-08-06T12:44:24Z sample=71, 53.57, P2, 1410, 11001, 15910
2026-08-06T12:44:25Z sample=72, 47.27, P4, 1657, 11001, 15910
2026-08-06T12:44:26Z sample=70, 32.47, P4, 630, 9001, 15910
2026-08-06T12:44:27Z sample=70, 31.00, P4, 600, 9001, 15910
2026-08-06T12:44:28Z sample=70, 30.31, P4, 502, 9001, 15910
2026-08-06T12:44:29Z sample=71, 31.45, P4, 532, 9001, 15910
2026-08-06T12:44:30Z sample=71, 40.20, P2, 1702, 11001, 15910
2026-08-06T12:44:31Z sample=72, 52.15, P2, 1440, 11001, 15910
2026-08-06T12:44:32Z sample=72, 54.76, P4, 1462, 11001, 15910
2026-08-06T12:44:33Z sample=70, 29.48, P4, 495, 9001, 15910
2026-08-06T12:44:34Z sample=70, 30.61, P4, 547, 9001, 15910
2026-08-06T12:44:35Z sample=71, 30.66, P4, 682, 9001, 15910
2026-08-06T12:44:36Z sample=70, 29.98, P4, 645, 9001, 15910
2026-08-06T12:44:38Z sample=71, 40.71, P2, 1357, 9001, 15910
2026-08-06T12:44:39Z sample=71, 51.05, P2, 1425, 9001, 15910
2026-08-06T12:44:40Z sample=73, 58.81, P2, 1710, 11001, 15910
2026-08-06T12:44:41Z sample=70, 34.92, P4, 712, 9001, 15910
2026-08-06T12:44:42Z sample=70, 33.18, P4, 562, 9001, 15910
2026-08-06T12:44:40Z sample=70, 31.09, P4, 637, 9001, 15910
2026-08-06T12:44:41Z sample=70, 31.87, P4, 585, 9001, 15910
2026-08-06T12:44:42Z sample=71, 39.51, P4, 1372, 9001, 15910
2026-08-06T12:44:43Z sample=72, 50.73, P4, 1507, 9001, 15910
2026-08-06T12:44:44Z sample=73, 55.83, P2, 1312, 9001, 15910
2026-08-06T12:44:46Z sample=73, 61.83, P4, 1477, 9001, 15910
2026-08-06T12:44:47Z sample=73, 75.93, P0, 1665, 9001, 15910
2026-08-06T12:44:48Z sample=73, 58.94, P0, 1312, 9001, 15910
2026-08-06T12:44:49Z sample=71, 34.37, P4, 532, 9001, 15910
2026-08-06T12:44:50Z sample=72, 33.98, P4, 585, 9001, 15910
2026-08-06T12:44:51Z sample=71, 28.63, P4, 577, 9001, 15910
2026-08-06T12:44:52Z sample=70, 29.64, P4, 577, 9001, 15910
2026-08-06T12:44:53Z sample=71, 31.68, P4, 592, 9001, 15910
2026-08-06T12:44:54Z sample=72, 43.63, P2, 1222, 9001, 15910
2026-08-06T12:44:55Z sample=72, 51.65, P4, 1440, 9001, 15910
2026-08-06T12:44:56Z sample=72, 57.11, P2, 1507, 11001, 15910
2026-08-06T12:44:57Z sample=72, 57.27, P4, 1530, 14001, 15910
2026-08-06T12:44:58Z sample=72, 54.09, P0, 1440, 14001, 15910
2026-08-06T12:45:00Z sample=72, 58.36, P0, 1492, 14001, 15910
2026-08-06T12:45:01Z sample=72, 54.10, P0, 1410, 9001, 15910
2026-08-06T12:45:02Z sample=72, 56.02, P4, 1672, 14001, 15910
2026-08-06T12:45:03Z sample=73, 58.74, P0, 1545, 14001, 15910
