2026-08-06T12:15:45Z temp_c=77
2026-08-06T12:15:47Z sample=77, 29.34, P0, 1590, 14001, 1486
2026-08-06T12:15:48Z sample=78, 43.84, P0, 1492, 14001, 9210
2026-08-06T12:15:49Z sample=78, 38.96, P0, 1627, 14001, 9728
2026-08-06T12:15:50Z sample=78, 32.42, P0, 1642, 14001, 10496
2026-08-06T12:15:51Z sample=79, 38.30, P0, 1620, 14001, 11264
2026-08-06T12:15:52Z sample=79, 32.56, P0, 1635, 14001, 12032
2026-08-06T12:15:53Z sample=78, 34.06, P4, 1372, 9001, 12800
2026-08-06T12:15:54Z sample=78, 30.30, P4, 465, 9001, 13568
2026-08-06T12:15:55Z sample=78, 28.15, P4, 547, 9001, 14336
2026-08-06T12:15:57Z sample=78, 30.60, P4, 465, 9001, 14848
2026-08-06T12:15:58Z sample=78, 25.70, P5, 592, 810, 15616
2026-08-06T12:15:59Z sample=78, 30.06, P0, 547, 810, 15872
2026-08-06T12:16:00Z sample=80, 56.01, P4, 1207, 9001, 15874
2026-08-06T12:16:01Z sample=80, 38.16, P2, 1080, 9001, 15874
2026-08-06T12:16:02Z sample=80, 53.17, P4, 997, 9001, 15874
2026-08-06T12:16:03Z sample=80, 33.47, P4, 780, 9001, 15874
2026-08-06T12:16:04Z sample=78, 29.75, P4, 277, 9001, 15874
2026-08-06T12:16:05Z sample=78, 26.32, P4, 262, 9001, 15874
2026-08-06T12:16:07Z sample=78, 26.67, P4, 270, 9001, 15874
2026-08-06T12:16:05Z sample=78, 21.66, P4, 322, 9001, 15874
2026-08-06T12:16:06Z sample=78, 25.76, P4, 247, 9001, 15874
2026-08-06T12:16:07Z sample=78, 32.60, P5, 487, 810, 15874
2026-08-06T12:16:08Z sample=78, 33.82, P5, 735, 810, 15874
2026-08-06T12:16:09Z sample=79, 47.02, P5, 772, 810, 15874
2026-08-06T12:16:10Z sample=78, 50.79, P4, 825, 9001, 15874
2026-08-06T12:16:11Z sample=80, 43.33, P4, 1245, 9001, 15874
2026-08-06T12:16:13Z sample=80, 61.34, P4, 1230, 9001, 15664
2026-08-06T12:16:14Z sample=78, 26.78, P4, 300, 9001, 15914
2026-08-06T12:16:15Z sample=78, 22.43, P4, 270, 9001, 15914
2026-08-06T12:16:16Z sample=78, 29.57, P4, 442, 9001, 15914
2026-08-06T12:16:17Z sample=79, 28.41, P4, 345, 9001, 15914
2026-08-06T12:16:18Z sample=78, 22.11, P4, 405, 9001, 15914
2026-08-06T12:16:19Z sample=78, 34.61, P4, 420, 9001, 15914
2026-08-06T12:16:20Z sample=80, 45.85, P4, 825, 9001, 15914
2026-08-06T12:16:21Z sample=79, 42.35, P4, 1215, 9001, 15914
2026-08-06T12:16:22Z sample=79, 56.00, P4, 1282, 9001, 15914
2026-08-06T12:16:23Z sample=79, 21.77, P4, 270, 9001, 15868
2026-08-06T12:16:25Z sample=79, 40.53, P4, 187, 9001, 15910
2026-08-06T12:16:26Z sample=78, 24.32, P4, 577, 9001, 15910
2026-08-06T12:16:27Z sample=78, 30.81, P4, 607, 9001, 15910
2026-08-06T12:16:28Z sample=79, 41.71, P4, 585, 9001, 15910
2026-08-06T12:16:29Z sample=78, 40.50, P2, 892, 810, 15910
2026-08-06T12:16:30Z sample=79, 24.90, P4, 622, 9001, 15910
2026-08-06T12:16:31Z sample=79, 39.17, P4, 442, 9001, 15910
2026-08-06T12:16:32Z sample=80, 31.23, P4, 1372, 14001, 15910
2026-08-06T12:16:33Z sample=78, 40.76, P4, 1492, 11001, 15910
2026-08-06T12:16:34Z sample=79, 47.73, P4, 1380, 9001, 15910
2026-08-06T12:16:35Z sample=80, 49.96, P4, 990, 9001, 15910
2026-08-06T12:16:37Z sample=81, 49.43, P4, 1087, 9001, 15910
2026-08-06T12:16:35Z sample=80, 32.96, P4, 900, 9001, 15910
2026-08-06T12:16:36Z sample=81, 55.96, P4, 1320, 9001, 15910
2026-08-06T12:16:37Z sample=80, 62.34, P4, 1462, 11001, 15910
2026-08-06T12:16:38Z sample=81, 41.15, P4, 720, 9001, 15910
2026-08-06T12:16:39Z sample=81, 42.23, P4, 1222, 9001, 15910
2026-08-06T12:16:40Z sample=79, 23.45, P4, 1050, 9001, 15910
2026-08-06T12:16:41Z sample=78, 34.56, P4, 502, 9001, 15910
2026-08-06T12:16:43Z sample=79, 21.97, P4, 592, 9001, 15910
2026-08-06T12:16:44Z sample=78, 22.28, P4, 435, 9001, 15910
2026-08-06T12:16:45Z sample=80, 42.99, P4, 412, 9001, 15910
2026-08-06T12:16:46Z sample=79, 36.16, P2, 577, 810, 15910
2026-08-06T12:16:47Z sample=78, 35.53, P4, 682, 9001, 15910
2026-08-06T12:16:48Z sample=79, 58.74, P2, 1065, 11001, 15910
2026-08-06T12:16:49Z sample=80, 69.73, P4, 1305, 9001, 15910
2026-08-06T12:16:50Z sample=80, 45.80, P4, 1050, 9001, 15910
2026-08-06T12:16:51Z sample=80, 53.62, P4, 1425, 9001, 15910
2026-08-06T12:16:52Z sample=80, 53.84, P4, 1327, 9001, 15910
2026-08-06T12:16:53Z sample=79, 50.28, P4, 1365, 9001, 15910
2026-08-06T12:16:54Z sample=81, 35.08, P4, 915, 9001, 15910
2026-08-06T12:16:56Z sample=80, 40.71, P4, 1110, 9001, 15910
2026-08-06T12:16:57Z sample=80, 46.41, P4, 1005, 9001, 15910
2026-08-06T12:16:58Z sample=80, 49.47, P4, 1380, 9001, 15910
2026-08-06T12:16:59Z sample=80, 54.49, P2, 922, 9001, 15910
2026-08-06T12:17:00Z sample=80, 43.01, P4, 1260, 9001, 15910
2026-08-06T12:17:01Z sample=80, 39.06, P4, 1230, 9001, 15910
2026-08-06T12:17:02Z sample=80, 69.88, P4, 1282, 9001, 15910
2026-08-06T12:17:03Z sample=79, 22.90, P4, 180, 9001, 15910
2026-08-06T12:17:04Z sample=80, 21.96, P4, 562, 9001, 15910
2026-08-06T12:17:05Z sample=79, 37.38, P4, 502, 9001, 15910
2026-08-06T12:17:06Z sample=79, 34.81, P4, 547, 9001, 15910
2026-08-06T12:17:05Z sample=78, 23.31, P4, 682, 9001, 15910
2026-08-06T12:17:06Z sample=78, 42.13, P5, 510, 9001, 15910
2026-08-06T12:17:07Z sample=79, 55.74, P4, 1147, 9001, 15910
2026-08-06T12:17:08Z sample=80, 48.02, P4, 1020, 9001, 15910
2026-08-06T12:17:09Z sample=79, 43.76, P4, 1342, 9001, 15910
2026-08-06T12:17:10Z sample=79, 102.01, P4, 945, 9001, 15910
2026-08-06T12:17:11Z sample=80, 59.74, P4, 885, 9001, 15910
2026-08-06T12:17:13Z sample=79, 52.95, P4, 1440, 9001, 15910
2026-08-06T12:17:14Z sample=80, 35.44, P4, 1432, 9001, 15910
2026-08-06T12:17:15Z sample=81, 43.05, P4, 1237, 9001, 15910
2026-08-06T12:17:16Z sample=80, 39.15, P4, 1147, 9001, 15910
2026-08-06T12:17:17Z sample=80, 37.96, P4, 1072, 9001, 15910
2026-08-06T12:17:18Z sample=80, 46.43, P4, 1147, 9001, 15910
2026-08-06T12:17:19Z sample=80, 47.97, P4, 847, 9001, 15910
2026-08-06T12:17:20Z sample=80, 43.82, P4, 1080, 9001, 15910
2026-08-06T12:17:21Z sample=80, 76.64, P4, 1462, 9001, 15910
2026-08-06T12:17:22Z sample=79, 45.06, P4, 180, 9001, 15910
2026-08-06T12:17:23Z sample=79, 36.28, P4, 450, 9001, 15910
2026-08-06T12:17:25Z sample=79, 68.99, P4, 450, 9001, 15910
2026-08-06T12:17:26Z sample=79, 39.58, P4, 375, 9001, 15910
2026-08-06T12:17:27Z sample=78, 23.50, P4, 532, 9001, 15910
2026-08-06T12:17:28Z sample=79, 38.26, P0, 412, 810, 15910
2026-08-06T12:17:29Z sample=80, 24.58, P4, 405, 9001, 15910
2026-08-06T12:17:30Z sample=79, 44.61, P4, 1222, 9001, 15910
2026-08-06T12:17:31Z sample=79, 47.03, P4, 1350, 9001, 15910
2026-08-06T12:17:32Z sample=79, 50.29, P4, 892, 9001, 15910
2026-08-06T12:17:33Z sample=80, 59.74, P4, 1335, 9001, 15910
2026-08-06T12:17:34Z sample=79, 22.75, P4, 412, 9001, 15910
2026-08-06T12:17:35Z sample=79, 29.48, P4, 450, 9001, 15910
2026-08-06T12:17:34Z sample=79, 32.10, P4, 555, 9001, 15910
2026-08-06T12:17:35Z sample=78, 22.58, P4, 540, 9001, 15910
2026-08-06T12:17:36Z sample=79, 23.49, P4, 577, 9001, 15910
2026-08-06T12:17:37Z sample=78, 49.42, P0, 1035, 810, 15910
2026-08-06T12:17:38Z sample=78, 60.79, P2, 450, 9001, 15910
2026-08-06T12:17:39Z sample=79, 40.00, P0, 667, 9001, 15910
2026-08-06T12:17:40Z sample=79, 39.62, P4, 1312, 9001, 15910
2026-08-06T12:17:42Z sample=79, 86.65, P4, 1395, 14001, 15910
2026-08-06T12:17:43Z sample=80, 59.49, P4, 1455, 14001, 15910
2026-08-06T12:17:44Z sample=78, 32.61, P4, 292, 9001, 15910
2026-08-06T12:17:45Z sample=79, 22.76, P4, 390, 9001, 15910
2026-08-06T12:17:46Z sample=78, 35.99, P4, 697, 9001, 15910
2026-08-06T12:17:47Z sample=78, 33.92, P4, 577, 9001, 15910
2026-08-06T12:17:48Z sample=78, 33.05, P4, 660, 9001, 15910
2026-08-06T12:17:49Z sample=78, 32.09, P5, 517, 9001, 15910
2026-08-06T12:17:50Z sample=79, 34.03, P0, 360, 9001, 15910
2026-08-06T12:17:51Z sample=80, 37.38, P4, 825, 9001, 15910
2026-08-06T12:17:52Z sample=80, 38.30, P4, 772, 9001, 15910
2026-08-06T12:17:53Z sample=79, 49.18, P4, 1440, 11001, 15910
2026-08-06T12:17:55Z sample=81, 43.48, P4, 1312, 9001, 15910
2026-08-06T12:17:56Z sample=80, 59.18, P2, 1297, 9001, 15910
2026-08-06T12:17:57Z sample=79, 75.29, P4, 1410, 9001, 15910
2026-08-06T12:17:58Z sample=81, 65.66, P4, 1357, 9001, 15910
2026-08-06T12:17:59Z sample=79, 24.41, P4, 975, 9001, 15910
2026-08-06T12:18:00Z sample=79, 22.85, P4, 600, 9001, 15910
2026-08-06T12:18:01Z sample=78, 24.55, P4, 412, 9001, 15910
2026-08-06T12:18:02Z sample=78, 33.64, P4, 592, 9001, 15910
2026-08-06T12:18:03Z sample=79, 23.25, P4, 562, 9001, 15910
2026-08-06T12:18:04Z sample=78, 50.24, P5, 562, 810, 15910
2026-08-06T12:18:05Z sample=78, 23.98, P4, 367, 9001, 15910
2026-08-06T12:18:04Z sample=78, 41.38, P4, 690, 9001, 15910
2026-08-06T12:18:05Z sample=78, 53.48, P4, 600, 9001, 15910
2026-08-06T12:18:06Z sample=80, 38.90, P4, 952, 9001, 15910
2026-08-06T12:18:07Z sample=80, 31.35, P4, 945, 9001, 15910
2026-08-06T12:18:08Z sample=79, 59.38, P4, 1185, 9001, 15910
2026-08-06T12:18:09Z sample=79, 50.00, P4, 952, 9001, 15910
2026-08-06T12:18:10Z sample=79, 41.78, P4, 1200, 9001, 15910
2026-08-06T12:18:11Z sample=79, 38.05, P4, 982, 9001, 15910
2026-08-06T12:18:13Z sample=79, 50.05, P4, 847, 9001, 15910
2026-08-06T12:18:14Z sample=79, 66.72, P2, 1402, 9001, 15910
2026-08-06T12:18:15Z sample=80, 44.75, P4, 1095, 9001, 15910
2026-08-06T12:18:16Z sample=79, 45.77, P4, 1245, 9001, 15910
2026-08-06T12:18:17Z sample=80, 32.70, P4, 817, 9001, 15910
2026-08-06T12:18:18Z sample=79, 44.04, P4, 1005, 9001, 15910
2026-08-06T12:18:19Z sample=79, 33.94, P4, 1117, 9001, 15910
