2026-08-07T15:01:46Z temp_c=67
2026-08-07T15:01:52Z temp_c=67
2026-08-07T15:01:57Z temp_c=67
2026-08-07T15:02:02Z temp_c=67
2026-08-07T15:02:07Z temp_c=67
2026-08-07T15:02:12Z temp_c=66
2026-08-07T15:02:17Z temp_c=66
2026-08-07T15:02:22Z temp_c=66
2026-08-07T15:02:29Z temp_c=65
2026-08-07T15:02:34Z temp_c=65
2026-08-07T15:02:39Z temp_c=65
2026-08-07T15:02:44Z temp_c=64
2026-08-07T15:02:49Z temp_c=64
2026-08-07T15:02:54Z temp_c=64
2026-08-07T15:03:00Z temp_c=64
2026-08-07T15:03:05Z temp_c=64
2026-08-07T15:03:10Z temp_c=63
2026-08-07T15:03:15Z temp_c=63
2026-08-07T15:03:20Z temp_c=63
2026-08-07T15:03:25Z temp_c=62
2026-08-07T15:03:30Z temp_c=62
2026-08-07T15:03:37Z temp_c=62
2026-08-07T15:03:42Z temp_c=62
2026-08-07T15:03:47Z temp_c=62
2026-08-07T15:03:52Z temp_c=62
2026-08-07T15:03:57Z temp_c=62
2026-08-07T15:04:02Z temp_c=62
2026-08-07T15:04:08Z temp_c=61
2026-08-07T15:04:13Z temp_c=61
2026-08-07T15:04:18Z temp_c=61
2026-08-07T15:04:23Z temp_c=61
2026-08-07T15:04:28Z temp_c=60
2026-08-07T15:04:30Z sample=61, 26.20, P0, 1605, 14001, 2775
2026-08-07T15:04:31Z sample=61, 27.98, P0, 1530, 14001, 8447
2026-08-07T15:04:32Z sample=61, 30.52, P0, 1635, 14001, 9221
2026-08-07T15:04:33Z sample=61, 30.61, P0, 1672, 14001, 9989
2026-08-07T15:04:34Z sample=62, 31.02, P0, 1605, 14001, 11013
2026-08-07T15:04:35Z sample=61, 30.45, P0, 1642, 14001, 11781
2026-08-07T15:04:36Z sample=62, 30.55, P0, 1650, 14001, 12549
2026-08-07T15:04:37Z sample=62, 30.87, P0, 1672, 14001, 13317
2026-08-07T15:04:38Z sample=62, 30.85, P0, 1612, 14001, 14085
2026-08-07T15:04:40Z sample=62, 30.89, P0, 1665, 14001, 14853
2026-08-07T15:04:41Z sample=63, 40.05, P0, 1950, 14001, 15879
2026-08-07T15:04:42Z sample=64, 48.49, P0, 1882, 14001, 15879
2026-08-07T15:04:43Z sample=64, 49.11, P0, 1905, 14001, 15879
2026-08-07T15:04:44Z sample=63, 32.36, P0, 1537, 14001, 15879
2026-08-07T15:04:46Z sample=63, 29.91, P0, 1560, 14001, 15879
2026-08-07T15:04:47Z sample=63, 29.92, P0, 1545, 14001, 15879
2026-08-07T15:04:48Z sample=63, 29.71, P0, 1560, 14001, 15879
2026-08-07T15:04:49Z sample=64, 29.66, P0, 1560, 14001, 15879
2026-08-07T15:04:50Z sample=64, 44.45, P0, 1620, 14001, 15879
2026-08-07T15:04:51Z sample=65, 46.82, P0, 1800, 14001, 15879
2026-08-07T15:04:52Z sample=65, 26.34, P0, 1890, 14001, 15919
2026-08-07T15:04:53Z sample=64, 26.27, P0, 1575, 14001, 15919
2026-08-07T15:04:54Z sample=64, 32.61, P0, 1605, 14001, 15919
2026-08-07T15:04:55Z sample=65, 32.67, P0, 1605, 14001, 15919
2026-08-07T15:04:56Z sample=65, 32.52, P0, 1567, 14001, 15919
2026-08-07T15:04:57Z sample=66, 45.09, P0, 1830, 14001, 15919
2026-08-07T15:04:58Z sample=65, 47.10, P0, 1837, 14001, 15919
2026-08-07T15:04:59Z sample=65, 26.49, P0, 1590, 14001, 15915
2026-08-07T15:05:00Z sample=65, 34.70, P0, 1867, 14001, 15915
2026-08-07T15:05:01Z sample=66, 33.77, P0, 1740, 14001, 15915
2026-08-07T15:05:02Z sample=65, 36.69, P0, 1687, 14001, 15915
2026-08-07T15:05:03Z sample=66, 36.19, P0, 1717, 14001, 15915
2026-08-07T15:05:04Z sample=65, 36.65, P0, 1695, 14001, 15915
2026-08-07T15:05:05Z sample=65, 35.99, P0, 1620, 14001, 15915
2026-08-07T15:05:06Z sample=66, 44.94, P0, 1845, 14001, 15915
2026-08-07T15:05:07Z sample=67, 44.70, P0, 1950, 14001, 15915
2026-08-07T15:05:08Z sample=66, 50.16, P0, 1785, 14001, 15915
2026-08-07T15:05:10Z sample=67, 53.10, P0, 1830, 14001, 15915
2026-08-07T15:05:11Z sample=67, 44.60, P0, 1875, 14001, 15915
2026-08-07T15:05:13Z sample=67, 47.20, P0, 1912, 14001, 15915
2026-08-07T15:05:14Z sample=66, 41.30, P0, 1800, 14001, 15915
2026-08-07T15:05:15Z sample=66, 35.17, P0, 1680, 14001, 15915
2026-08-07T15:05:16Z sample=66, 36.27, P0, 1755, 14001, 15915
2026-08-07T15:05:17Z sample=67, 36.04, P0, 1672, 14001, 15915
2026-08-07T15:05:18Z sample=67, 37.41, P0, 1687, 14001, 15915
2026-08-07T15:05:19Z sample=67, 44.64, P0, 1852, 14001, 15915
2026-08-07T15:05:20Z sample=67, 48.11, P0, 1890, 14001, 15915
2026-08-07T15:05:21Z sample=67, 47.39, P0, 1845, 14001, 15915
2026-08-07T15:05:22Z sample=67, 46.42, P0, 1830, 14001, 15915
2026-08-07T15:05:23Z sample=67, 46.36, P0, 1777, 14001, 15915
2026-08-07T15:05:24Z sample=67, 47.22, P0, 1777, 14001, 15915
2026-08-07T15:05:25Z sample=68, 48.50, P0, 1867, 14001, 15915
2026-08-07T15:05:26Z sample=67, 47.15, P0, 1785, 14001, 15915
2026-08-07T15:05:27Z sample=68, 64.42, P0, 1837, 14001, 15915
2026-08-07T15:05:28Z sample=68, 37.46, P0, 1680, 14001, 15915
2026-08-07T15:05:29Z sample=67, 35.22, P0, 1687, 14001, 15915
2026-08-07T15:05:30Z sample=67, 32.57, P0, 1725, 14001, 15915
2026-08-07T15:05:32Z sample=67, 35.47, P0, 1687, 14001, 15915
2026-08-07T15:05:33Z sample=68, 49.16, P0, 1912, 14001, 15915
2026-08-07T15:05:34Z sample=68, 42.52, P0, 1867, 14001, 15915
2026-08-07T15:05:35Z sample=68, 50.83, P0, 1890, 14001, 15915
2026-08-07T15:05:36Z sample=68, 46.83, P0, 1927, 14001, 15915
2026-08-07T15:05:37Z sample=69, 54.19, P0, 1905, 14001, 15915
2026-08-07T15:05:38Z sample=68, 47.90, P0, 1807, 14001, 15915
2026-08-07T15:05:39Z sample=69, 54.36, P0, 1867, 14001, 15915
2026-08-07T15:05:40Z sample=69, 52.35, P0, 1845, 14001, 15915
2026-08-07T15:05:41Z sample=69, 48.07, P0, 1890, 14001, 15915
2026-08-07T15:05:42Z sample=69, 36.55, P0, 1867, 14001, 15915
2026-08-07T15:05:43Z sample=69, 36.23, P0, 1680, 14001, 15915
2026-08-07T15:05:44Z sample=68, 45.23, P0, 1740, 14001, 15915
2026-08-07T15:05:46Z sample=68, 36.20, P0, 1687, 14001, 15915
2026-08-07T15:05:47Z sample=69, 43.47, P0, 1860, 14001, 15915
2026-08-07T15:05:48Z sample=69, 48.72, P0, 1867, 14001, 15915
2026-08-07T15:05:49Z sample=68, 46.19, P0, 1897, 14001, 15915
2026-08-07T15:05:50Z sample=68, 37.01, P0, 1665, 14001, 15915
2026-08-07T15:05:51Z sample=68, 33.24, P0, 1695, 14001, 15915
2026-08-07T15:05:53Z sample=68, 39.26, P0, 1702, 14001, 15915
2026-08-07T15:05:54Z sample=69, 43.69, P0, 1800, 14001, 15915
2026-08-07T15:05:55Z sample=70, 50.67, P0, 1890, 14001, 15915
2026-08-07T15:05:56Z sample=70, 47.52, P0, 1972, 14001, 15915
2026-08-07T15:05:57Z sample=69, 36.73, P0, 1755, 14001, 15915
2026-08-07T15:05:58Z sample=69, 42.53, P0, 1687, 14001, 15915
2026-08-07T15:05:59Z sample=69, 40.31, P0, 1710, 14001, 15915
2026-08-07T15:06:00Z sample=69, 44.92, P0, 1635, 14001, 15915
2026-08-07T15:06:01Z sample=70, 47.70, P0, 1830, 14001, 15915
2026-08-07T15:06:02Z sample=70, 53.16, P0, 1935, 14001, 15915
2026-08-07T15:06:03Z sample=70, 59.49, P0, 2017, 14001, 15915
2026-08-07T15:06:04Z sample=70, 69.81, P0, 1957, 14001, 15915
2026-08-07T15:06:05Z sample=69, 28.14, P0, 1627, 14001, 15915
2026-08-07T15:06:06Z sample=69, 39.94, P0, 1710, 14001, 15915
2026-08-07T15:06:07Z sample=70, 33.58, P0, 1695, 14001, 15915
2026-08-07T15:06:08Z sample=69, 38.32, P0, 1725, 14001, 15915
2026-08-07T15:06:09Z sample=70, 49.28, P0, 1732, 14001, 15915
2026-08-07T15:06:10Z sample=70, 52.65, P0, 1875, 14001, 15915
2026-08-07T15:06:11Z sample=70, 57.76, P0, 2017, 14001, 15915
2026-08-07T15:06:12Z sample=71, 54.69, P0, 1920, 14001, 15915
2026-08-07T15:06:13Z sample=71, 50.29, P0, 1845, 14001, 15915
2026-08-07T15:06:14Z sample=71, 52.44, P0, 1845, 14001, 15915
2026-08-07T15:06:15Z sample=71, 51.73, P0, 1875, 14001, 15915
2026-08-07T15:06:17Z sample=71, 53.77, P0, 1837, 14001, 15915
