ds4: Linux cuda backend set oom_score_adj=1000
ds4: CUDA backend initialized on NVIDIA GeForce RTX 5080 Laptop GPU (sm_120) dev=0
ds4: cuda SSD streaming total expert budget 10.00 GiB = 3.38 GiB prefill headroom + 6.62 GiB dynamic cache (1005 experts, 6.75 MiB each)
ds4: SSD streaming initial cuda model map restricted to token embedding (1 spans, 0.99 GiB tensor span)
ds4: CUDA host registration skipped: out of memory
ds4: CUDA preparing model tensor mappings
ds4: CUDA loading model tensors into device cache
ds4: CUDA startup model preparation covered 0.99 GiB of tensor spans in 0.666s
ds4: cuda backend initialized for graph diagnostics
ds4: memory: KV 0.07 GiB (raw 0.02 + compressed 0.05) + buffers 0.00 GiB + resident model 0.99 GiB + expert cache 6.62 GiB + prefill expert reserve 3.38 GiB = 11.06 GiB planned
ds4: memory detail: ctx=4096 prefill_cap=128 raw_kv_rows=256 compressed_kv_rows=1026 backend=cuda
0806 11:44:20 ds4-server: context buffers 76.50 MiB (ctx=4096, backend=cuda, prefill_chunk=128, raw_kv_rows=256, compressed_kv_rows=1026)
0806 11:44:21 ds4-server: listening on http://127.0.0.1:18080
0806 11:44:22 ds4-server: chat ctx=0..21:21 prompt start
ds4: DS4_CUDA_MMQ=0 - mmq prefill tier disabled
ds4: CUDA layer expert cache allocated 6.62 GiB (1005 experts across 43 layers)
ds4: CUDA loading model tensors 5.61 GiB cached
0806 11:44:34 ds4-server: chat ctx=0..21:21 prompt done 12.018s
0806 11:44:38 ds4-server: chat ctx=21..32:11 gen=11 decoding chunk=2.52 t/s avg=2.52 t/s 4.357s
0806 11:44:38 ds4-server: chat ctx=0..21:21 gen=11 finish=stop 16.377s
0806 11:44:38 ds4-server: live kv cache miss live=32 prompt=20 common=2 reason=token-mismatch
0806 11:44:38 ds4-server: chat ctx=0..20:20 prompt start
0806 11:44:48 ds4-server: chat ctx=0..20:20 prompt done 9.778s
0806 11:44:48 ds4-server: chat ctx=20..27:7 gen=7 decoding chunk=2.43 t/s avg=2.43 t/s 2.880s
0806 11:44:48 ds4-server: chat ctx=0..20:20 gen=7 finish=stop 12.664s
0806 11:44:48 ds4-server: live kv cache miss live=27 prompt=24 common=2 reason=token-mismatch
0806 11:44:48 ds4-server: chat ctx=0..24:24 prompt start
0806 11:44:55 ds4-server: chat ctx=0..24:24 prompt done 6.207s
0806 11:44:56 ds4-server: shutdown requested, draining requests
0806 11:44:56 ds4-server: chat ctx=24..27:3 gen=3 decoding chunk=2.08 t/s avg=2.08 t/s 1.445s
0806 11:44:56 ds4-server: chat ctx=0..24:24 gen=3 finish=error error="shutdown requested" 7.683s
