2026-08-07T12:31:36Z temp_c=69
2026-08-07T12:31:42Z temp_c=68
2026-08-07T12:31:47Z temp_c=68
2026-08-07T12:31:52Z temp_c=67
2026-08-07T12:31:57Z temp_c=67
2026-08-07T12:32:02Z temp_c=66
2026-08-07T12:32:07Z temp_c=66
2026-08-07T12:32:12Z temp_c=66
2026-08-07T12:32:18Z temp_c=66
2026-08-07T12:32:23Z temp_c=65
2026-08-07T12:32:25Z sample=65, 27.42, P0, 1492, 14001, 3277
2026-08-07T12:32:26Z sample=66, 30.24, P0, 1560, 14001, 8179
2026-08-07T12:32:27Z sample=66, 26.61, P0, 1650, 14001, 8953
2026-08-07T12:32:28Z sample=66, 33.06, P0, 1732, 14001, 9977
2026-08-07T12:32:29Z sample=66, 36.70, P0, 1740, 14001, 11001
2026-08-07T12:32:30Z sample=66, 38.65, P0, 1687, 14001, 12025
2026-08-07T12:32:31Z sample=66, 33.59, P0, 1657, 14001, 13049
2026-08-07T12:32:32Z sample=66, 33.45, P0, 1665, 14001, 14073
2026-08-07T12:32:33Z sample=66, 35.61, P0, 1732, 14001, 15355
2026-08-07T12:32:34Z sample=68, 50.43, P0, 1822, 14001, 15355
2026-08-07T12:32:35Z sample=68, 47.01, P0, 1905, 14001, 15355
2026-08-07T12:32:36Z sample=67, 26.86, P0, 1747, 14001, 15355
2026-08-07T12:32:37Z sample=67, 28.37, P0, 1537, 14001, 15355
2026-08-07T12:32:38Z sample=67, 30.26, P0, 1560, 14001, 15355
2026-08-07T12:32:39Z sample=67, 33.98, P0, 1560, 14001, 15355
2026-08-07T12:32:40Z sample=67, 28.82, P0, 1560, 14001, 15355
2026-08-07T12:32:41Z sample=67, 29.86, P0, 1560, 14001, 15355
2026-08-07T12:32:42Z sample=67, 41.55, P0, 1560, 14001, 15355
2026-08-07T12:32:43Z sample=68, 46.06, P0, 1792, 14001, 15355
2026-08-07T12:32:44Z sample=68, 70.63, P0, 1852, 14001, 15355
2026-08-07T12:32:45Z sample=67, 28.40, P0, 1545, 14001, 15395
2026-08-07T12:32:48Z sample=67, 27.15, P0, 1590, 14001, 15395
2026-08-07T12:32:49Z sample=67, 26.75, P0, 1575, 14001, 15395
2026-08-07T12:32:50Z sample=67, 26.88, P0, 1567, 14001, 15395
2026-08-07T12:32:51Z sample=68, 45.38, P0, 1597, 14001, 15395
2026-08-07T12:32:52Z sample=68, 49.04, P0, 1867, 14001, 15395
2026-08-07T12:32:53Z sample=68, 45.33, P0, 1845, 14001, 15395
2026-08-07T12:32:54Z sample=68, 35.36, P0, 1590, 14001, 15775
2026-08-07T12:32:55Z sample=68, 31.86, P0, 1552, 14001, 15775
2026-08-07T12:32:56Z sample=68, 33.65, P0, 1575, 14001, 15775
2026-08-07T12:32:57Z sample=68, 33.72, P0, 1545, 14001, 15775
2026-08-07T12:32:58Z sample=68, 35.78, P0, 1575, 14001, 15775
2026-08-07T12:32:59Z sample=68, 33.29, P0, 1537, 14001, 15775
2026-08-07T12:33:00Z sample=68, 40.29, P0, 1537, 14001, 15775
2026-08-07T12:33:01Z sample=69, 52.06, P0, 1867, 14001, 15775
2026-08-07T12:33:02Z sample=69, 51.18, P0, 1785, 14001, 15775
2026-08-07T12:33:03Z sample=69, 45.96, P0, 1807, 14001, 15775
2026-08-07T12:33:04Z sample=69, 43.32, P0, 1882, 14001, 15775
2026-08-07T12:33:05Z sample=69, 40.50, P0, 1890, 14001, 15775
2026-08-07T12:33:06Z sample=69, 43.65, P0, 1777, 14001, 15775
2026-08-07T12:33:08Z sample=69, 35.32, P0, 1552, 14001, 15775
2026-08-07T12:33:09Z sample=68, 75.27, P0, 1537, 14001, 15775
2026-08-07T12:33:10Z sample=69, 34.92, P0, 1575, 14001, 15775
2026-08-07T12:33:11Z sample=68, 34.25, P0, 1575, 14001, 15775
2026-08-07T12:33:12Z sample=69, 33.71, P0, 1575, 14001, 15775
2026-08-07T12:33:13Z sample=70, 45.49, P0, 1822, 14001, 15775
2026-08-07T12:33:14Z sample=70, 52.34, P0, 1822, 14001, 15775
2026-08-07T12:33:15Z sample=70, 44.21, P0, 1830, 14001, 15775
2026-08-07T12:33:16Z sample=70, 52.18, P0, 1875, 14001, 15775
2026-08-07T12:33:17Z sample=70, 55.07, P0, 1822, 14001, 15775
2026-08-07T12:33:18Z sample=70, 51.61, P0, 1815, 14001, 15775
2026-08-07T12:33:19Z sample=70, 47.78, P0, 1890, 14001, 15775
2026-08-07T12:33:21Z sample=70, 49.04, P0, 1867, 14001, 15775
2026-08-07T12:33:22Z sample=70, 46.73, P0, 1822, 14001, 15775
2026-08-07T12:33:23Z sample=69, 28.33, P0, 1545, 14001, 15775
2026-08-07T12:33:24Z sample=69, 35.31, P0, 1605, 14001, 15775
2026-08-07T12:33:25Z sample=70, 34.36, P0, 1597, 14001, 15775
2026-08-07T12:33:26Z sample=69, 27.68, P0, 1575, 14001, 15775
2026-08-07T12:33:27Z sample=70, 47.98, P0, 1620, 14001, 15775
2026-08-07T12:33:29Z sample=70, 49.61, P0, 1867, 14001, 15775
2026-08-07T12:33:30Z sample=70, 46.29, P0, 1852, 14001, 15775
2026-08-07T12:33:31Z sample=70, 45.41, P0, 1867, 14001, 15775
2026-08-07T12:33:32Z sample=71, 49.67, P0, 1890, 14001, 15775
2026-08-07T12:33:33Z sample=71, 54.43, P0, 1927, 14001, 15775
2026-08-07T12:33:34Z sample=71, 49.69, P0, 1912, 14001, 15775
2026-08-07T12:33:35Z sample=71, 48.59, P0, 1755, 14001, 15775
2026-08-07T12:33:36Z sample=71, 49.45, P0, 1867, 14001, 15775
2026-08-07T12:33:37Z sample=71, 50.95, P0, 1890, 14001, 15775
2026-08-07T12:33:38Z sample=70, 31.36, P0, 1590, 14001, 15775
2026-08-07T12:33:39Z sample=70, 34.54, P0, 1605, 14001, 15775
2026-08-07T12:33:40Z sample=70, 35.02, P0, 1605, 14001, 15775
2026-08-07T12:33:41Z sample=70, 34.25, P0, 1575, 14001, 15775
2026-08-07T12:33:42Z sample=70, 46.53, P0, 1822, 14001, 15775
2026-08-07T12:33:43Z sample=71, 46.85, P0, 1822, 14001, 15775
2026-08-07T12:33:44Z sample=71, 30.99, P0, 1830, 14001, 15775
2026-08-07T12:33:45Z sample=70, 33.09, P0, 1537, 14001, 15775
2026-08-07T12:33:46Z sample=70, 37.95, P0, 1567, 14001, 15775
2026-08-07T12:33:47Z sample=70, 34.25, P0, 1590, 14001, 15775
2026-08-07T12:33:48Z sample=71, 33.02, P0, 1612, 14001, 15775
2026-08-07T12:33:49Z sample=70, 44.07, P0, 1807, 14001, 15775
2026-08-07T12:33:50Z sample=71, 48.82, P0, 1882, 14001, 15775
2026-08-07T12:33:52Z sample=71, 43.27, P0, 1927, 14001, 15775
2026-08-07T12:33:53Z sample=70, 34.44, P0, 1567, 14001, 15775
2026-08-07T12:33:55Z sample=70, 33.38, P0, 1567, 14001, 15775
2026-08-07T12:33:56Z sample=70, 39.58, P0, 1582, 14001, 15775
2026-08-07T12:33:57Z sample=70, 33.14, P0, 1567, 14001, 15775
2026-08-07T12:33:58Z sample=70, 30.51, P0, 1522, 14001, 15775
2026-08-07T12:33:59Z sample=70, 32.07, P0, 1575, 14001, 15775
2026-08-07T12:34:00Z sample=70, 30.58, P0, 1552, 14001, 15775
2026-08-07T12:34:01Z sample=70, 32.12, P0, 1635, 14001, 15775
2026-08-07T12:34:02Z sample=70, 33.26, P0, 1672, 14001, 15775
2026-08-07T12:34:03Z sample=70, 31.87, P0, 1552, 14001, 15775
2026-08-07T12:34:04Z sample=70, 34.87, P0, 1545, 14001, 15775
2026-08-07T12:34:05Z sample=71, 53.69, P0, 1980, 14001, 15775
2026-08-07T12:34:06Z sample=71, 48.94, P0, 1957, 14001, 15775
2026-08-07T12:34:07Z sample=71, 48.42, P0, 1897, 14001, 15775
2026-08-07T12:34:08Z sample=71, 32.61, P0, 1770, 14001, 15775
2026-08-07T12:34:09Z sample=70, 27.72, P0, 1530, 14001, 15775
2026-08-07T12:34:10Z sample=71, 48.63, P0, 1567, 14001, 15775
2026-08-07T12:34:11Z sample=70, 34.22, P0, 1612, 14001, 15775
2026-08-07T12:34:13Z sample=70, 34.86, P0, 1575, 14001, 15775
2026-08-07T12:34:14Z sample=71, 48.95, P0, 1830, 14001, 15775
2026-08-07T12:34:15Z sample=71, 57.16, P0, 1837, 14001, 15775
2026-08-07T12:34:16Z sample=72, 47.94, P0, 1897, 14001, 15775
2026-08-07T12:34:17Z sample=72, 45.49, P0, 1830, 14001, 15775
2026-08-07T12:34:18Z sample=72, 47.78, P0, 1845, 14001, 15775
2026-08-07T12:34:19Z sample=72, 42.35, P0, 1807, 14001, 15775
2026-08-07T12:34:20Z sample=72, 50.47, P0, 1882, 14001, 15775
2026-08-07T12:34:21Z sample=72, 30.42, P0, 1897, 14001, 15775
2026-08-07T12:34:22Z sample=72, 52.17, P0, 1935, 14001, 15775
