ds4: Linux cuda backend set oom_score_adj=1000
ds4: CUDA backend initialized on NVIDIA GeForce RTX 5080 Laptop GPU (sm_120) dev=0
ds4: SSD streaming initial cuda model map restricted to token embedding (1 spans, 0.99 GiB tensor span)
ds4: CUDA host registration skipped: out of memory
ds4: CUDA preparing model tensor mappings
ds4: CUDA loading model tensors into device cache
ds4: CUDA startup model preparation covered 0.99 GiB of tensor spans in 0.454s
ds4: cuda backend initialized for graph diagnostics
ds4: memory: KV 0.07 GiB (raw 0.02 + compressed 0.05) + buffers 0.00 GiB + resident model 0.99 GiB + expert cache 8.00 GiB = 9.06 GiB planned
ds4: memory detail: ctx=4096 prefill_cap=128 raw_kv_rows=256 compressed_kv_rows=1026 backend=cuda
0806 22:45:27 ds4-server: context buffers 76.50 MiB (ctx=4096, backend=cuda, prefill_chunk=128, raw_kv_rows=256, compressed_kv_rows=1026)
0806 22:45:27 ds4-server: listening on http://127.0.0.1:18080
0806 22:45:28 ds4-server: chat ctx=0..21:21 prompt start
ds4: DS4_CUDA_MMQ=0 - mmq prefill tier disabled
ds4: CUDA layer expert cache allocated 8.00 GiB (1213 experts across 43 layers)
ds4: CUDA loading model tensors 7.66 GiB cached
0806 22:45:37 ds4-server: chat ctx=0..21:21 prompt done 9.918s
0806 22:45:43 ds4-server: chat ctx=21..32:11 gen=11 decoding chunk=1.87 t/s avg=1.87 t/s 5.867s
0806 22:45:43 ds4-server: chat ctx=0..21:21 gen=11 finish=stop 15.788s
0806 22:45:43 ds4-server: live kv cache miss live=32 prompt=20 common=2 reason=token-mismatch
0806 22:45:43 ds4-server: chat ctx=0..20:20 prompt start
0806 22:45:51 ds4-server: chat ctx=0..20:20 prompt done 7.725s
0806 22:45:55 ds4-server: chat ctx=20..27:7 gen=7 decoding chunk=1.83 t/s avg=1.83 t/s 3.830s
0806 22:45:55 ds4-server: chat ctx=0..20:20 gen=7 finish=stop 11.559s
0806 22:45:55 ds4-server: live kv cache miss live=27 prompt=24 common=2 reason=token-mismatch
0806 22:45:55 ds4-server: chat ctx=0..24:24 prompt start
0806 22:46:00 ds4-server: chat ctx=0..24:24 prompt done 5.532s
0806 22:46:05 ds4-server: chat ctx=24..32:8 gen=8 decoding chunk=1.73 t/s avg=1.73 t/s 4.623s
0806 22:46:05 ds4-server: chat ctx=0..24:24 gen=8 finish=stop 10.157s
0806 22:46:05 ds4-server: live kv cache miss live=32 prompt=42 common=2 reason=token-mismatch
0806 22:46:05 ds4-server: chat ctx=0..42:42 prompt start
0806 22:46:13 ds4-server: chat ctx=0..42:42 prompt done 8.182s
0806 22:46:25 ds4-server: chat ctx=42..64:22 gen=22 decoding chunk=1.94 t/s avg=1.94 t/s 11.331s
0806 22:46:25 ds4-server: chat ctx=0..42:42 gen=22 finish=stop 19.516s
0806 22:46:25 ds4-server: live kv cache miss live=64 prompt=29 common=2 reason=token-mismatch
0806 22:46:25 ds4-server: chat ctx=0..29:29 prompt start
0806 22:46:31 ds4-server: chat ctx=0..29:29 prompt done 6.919s
0806 22:46:49 ds4-server: chat ctx=29..61:32 gen=32 decoding chunk=1.85 t/s avg=1.85 t/s 17.303s
0806 22:46:49 ds4-server: chat ctx=0..29:29 gen=32 finish=length 24.225s
0806 22:46:49 ds4-server: live kv cache miss live=61 prompt=29 common=2 reason=token-mismatch
0806 22:46:49 ds4-server: chat ctx=0..29:29 prompt start
0806 22:46:55 ds4-server: chat ctx=0..29:29 prompt done 6.577s
0806 22:47:13 ds4-server: chat ctx=29..61:32 gen=32 decoding chunk=1.83 t/s avg=1.83 t/s 17.481s
0806 22:47:13 ds4-server: chat ctx=0..29:29 gen=32 finish=length 24.061s
0806 22:47:13 ds4-server: live kv cache miss live=61 prompt=32 common=2 reason=token-mismatch
0806 22:47:13 ds4-server: chat ctx=0..32:32 prompt start
0806 22:47:20 ds4-server: chat ctx=0..32:32 prompt done 6.916s
0806 22:47:24 ds4-server: chat ctx=32..40:8 gen=8 decoding chunk=1.81 t/s avg=1.81 t/s 4.429s
0806 22:47:24 ds4-server: chat ctx=0..32:32 gen=8 finish=stop 11.348s
0806 22:47:24 ds4-server: live kv cache miss live=40 prompt=24 common=2 reason=token-mismatch
0806 22:47:24 ds4-server: chat ctx=0..24:24 prompt start
0806 22:47:30 ds4-server: chat ctx=0..24:24 prompt done 6.242s
0806 22:47:35 ds4-server: chat ctx=24..33:9 gen=9 decoding chunk=1.82 t/s avg=1.82 t/s 4.936s
0806 22:47:35 ds4-server: chat ctx=0..24:24 gen=9 finish=stop 11.181s
0806 22:47:35 ds4-server: live kv cache miss live=33 prompt=21 common=2 reason=token-mismatch
0806 22:47:35 ds4-server: chat ctx=0..21:21 prompt start
0806 22:47:42 ds4-server: chat ctx=0..21:21 prompt done 6.254s
0806 22:47:52 ds4-server: chat ctx=21..41:20 gen=20 decoding chunk=1.86 t/s avg=1.86 t/s 10.772s
0806 22:47:52 ds4-server: chat ctx=0..21:21 gen=20 finish=stop 17.030s
0806 22:47:52 ds4-server: live kv cache miss live=41 prompt=26 common=2 reason=token-mismatch
0806 22:47:52 ds4-server: chat ctx=0..26:26 prompt start
0806 22:48:00 ds4-server: chat ctx=0..26:26 prompt done 7.162s
0806 22:48:18 ds4-server: chat ctx=26..58:32 gen=32 decoding chunk=1.77 t/s avg=1.77 t/s 18.079s
0806 22:48:18 ds4-server: chat ctx=0..26:26 gen=32 finish=length 25.244s
0806 22:48:18 ds4-server: shutdown requested, draining requests
