ds4: Linux cuda backend set oom_score_adj=1000
ds4: CUDA backend initialized on NVIDIA GeForce RTX 5080 Laptop GPU (sm_120) dev=0
ds4: cuda SSD streaming total expert budget 7.00 GiB = 3.38 GiB prefill headroom + 3.62 GiB dynamic cache (549 experts, 6.75 MiB each)
ds4: SSD streaming initial cuda model map restricted to token embedding (1 spans, 0.99 GiB tensor span)
ds4: CUDA host registration skipped: out of memory
ds4: CUDA preparing model tensor mappings
ds4: CUDA loading model tensors into device cache
ds4: CUDA startup model preparation covered 0.99 GiB of tensor spans in 0.422s
ds4: cuda backend initialized for graph diagnostics
ds4: memory: KV 1.70 GiB (raw 0.02 + compressed 1.68) + buffers 0.03 GiB + resident model 0.99 GiB + expert cache 3.62 GiB + prefill expert reserve 3.38 GiB = 9.71 GiB planned
ds4: memory detail: ctx=131072 prefill_cap=128 raw_kv_rows=256 compressed_kv_rows=32770 backend=cuda
0807 13:45:14 ds4-server: context buffers 1773.75 MiB (ctx=131072, backend=cuda, prefill_chunk=128, raw_kv_rows=256, compressed_kv_rows=32770)
0807 13:45:14 ds4-server: listening on http://127.0.0.1:18080
0807 13:45:15 ds4-server: chat ctx=0..21:21 prompt start
ds4: DS4_CUDA_MMQ=0 - mmq prefill tier disabled
ds4: CUDA layer expert cache allocated 3.62 GiB (549 experts across 43 layers)
ds4: CUDA loading model tensors 6.88 GiB cached
0807 13:45:25 ds4-server: chat ctx=0..21:21 prompt done 9.615s
0807 13:45:29 ds4-server: chat ctx=21..32:11 gen=11 decoding chunk=3.41 t/s avg=3.41 t/s 3.229s
0807 13:45:29 ds4-server: chat ctx=0..21:21 gen=11 finish=stop 12.862s
0807 13:45:29 ds4-server: live kv cache miss live=32 prompt=20 common=2 reason=token-mismatch
0807 13:45:29 ds4-server: chat ctx=0..20:20 prompt start
0807 13:45:35 ds4-server: chat ctx=0..20:20 prompt done 6.192s
0807 13:45:37 ds4-server: chat ctx=20..27:7 gen=7 decoding chunk=3.18 t/s avg=3.18 t/s 2.198s
0807 13:45:37 ds4-server: chat ctx=0..20:20 gen=7 finish=stop 8.393s
0807 13:45:37 ds4-server: live kv cache miss live=27 prompt=24 common=2 reason=token-mismatch
0807 13:45:37 ds4-server: chat ctx=0..24:24 prompt start
0807 13:45:42 ds4-server: chat ctx=0..24:24 prompt done 4.648s
0807 13:45:45 ds4-server: chat ctx=24..32:8 gen=8 decoding chunk=3.00 t/s avg=3.00 t/s 2.670s
0807 13:45:45 ds4-server: chat ctx=0..24:24 gen=8 finish=stop 7.320s
0807 13:45:45 ds4-server: live kv cache miss live=32 prompt=42 common=2 reason=token-mismatch
0807 13:45:45 ds4-server: chat ctx=0..42:42 prompt start
0807 13:45:51 ds4-server: chat ctx=0..42:42 prompt done 6.310s
0807 13:45:58 ds4-server: chat ctx=42..64:22 gen=22 decoding chunk=3.33 t/s avg=3.33 t/s 6.611s
0807 13:45:58 ds4-server: chat ctx=0..42:42 gen=22 finish=stop 12.924s
0807 13:45:58 ds4-server: live kv cache miss live=64 prompt=29 common=2 reason=token-mismatch
0807 13:45:58 ds4-server: chat ctx=0..29:29 prompt start
0807 13:46:04 ds4-server: chat ctx=0..29:29 prompt done 5.065s
0807 13:46:14 ds4-server: chat ctx=29..61:32 gen=32 decoding chunk=3.24 t/s avg=3.24 t/s 9.878s
0807 13:46:14 ds4-server: chat ctx=0..29:29 gen=32 finish=length 14.946s
0807 13:46:14 ds4-server: live kv cache miss live=61 prompt=29 common=2 reason=token-mismatch
0807 13:46:14 ds4-server: chat ctx=0..29:29 prompt start
0807 13:46:18 ds4-server: chat ctx=0..29:29 prompt done 4.424s
0807 13:46:28 ds4-server: chat ctx=29..61:32 gen=32 decoding chunk=3.28 t/s avg=3.28 t/s 9.763s
0807 13:46:28 ds4-server: chat ctx=0..29:29 gen=32 finish=length 14.190s
0807 13:46:28 ds4-server: live kv cache miss live=61 prompt=32 common=2 reason=token-mismatch
0807 13:46:28 ds4-server: chat ctx=0..32:32 prompt start
0807 13:46:33 ds4-server: chat ctx=0..32:32 prompt done 4.763s
0807 13:46:36 ds4-server: chat ctx=32..40:8 gen=8 decoding chunk=3.34 t/s avg=3.34 t/s 2.395s
0807 13:46:36 ds4-server: chat ctx=0..32:32 gen=8 finish=stop 7.161s
0807 13:46:36 ds4-server: live kv cache miss live=40 prompt=24 common=2 reason=token-mismatch
0807 13:46:36 ds4-server: chat ctx=0..24:24 prompt start
0807 13:46:40 ds4-server: chat ctx=0..24:24 prompt done 3.902s
0807 13:46:43 ds4-server: chat ctx=24..33:9 gen=9 decoding chunk=3.58 t/s avg=3.58 t/s 2.513s
0807 13:46:43 ds4-server: chat ctx=0..24:24 gen=9 finish=stop 6.418s
0807 13:46:43 ds4-server: live kv cache miss live=33 prompt=21 common=2 reason=token-mismatch
0807 13:46:43 ds4-server: chat ctx=0..21:21 prompt start
0807 13:46:47 ds4-server: chat ctx=0..21:21 prompt done 4.236s
0807 13:46:52 ds4-server: chat ctx=21..41:20 gen=20 decoding chunk=3.90 t/s avg=3.90 t/s 5.132s
0807 13:46:52 ds4-server: chat ctx=0..21:21 gen=20 finish=stop 9.371s
0807 13:46:52 ds4-server: live kv cache miss live=41 prompt=26 common=2 reason=token-mismatch
0807 13:46:52 ds4-server: chat ctx=0..26:26 prompt start
0807 13:46:56 ds4-server: chat ctx=0..26:26 prompt done 4.155s
0807 13:47:05 ds4-server: chat ctx=26..58:32 gen=32 decoding chunk=3.50 t/s avg=3.50 t/s 9.153s
0807 13:47:05 ds4-server: chat ctx=0..26:26 gen=32 finish=length 13.310s
0807 13:47:05 ds4-server: shutdown requested, draining requests
