2026-08-07T11:45:13Z temp_c=64
2026-08-07T11:45:15Z sample=64, 24.86, P0, 1492, 14001, 3489
2026-08-07T11:45:16Z sample=65, 28.27, P0, 1530, 14001, 8135
2026-08-07T11:45:17Z sample=65, 30.71, P0, 1597, 14001, 8909
2026-08-07T11:45:18Z sample=65, 30.85, P0, 1642, 14001, 9677
2026-08-07T11:45:19Z sample=65, 30.80, P0, 1612, 14001, 10445
2026-08-07T11:45:20Z sample=65, 31.47, P0, 1635, 14001, 11469
2026-08-07T11:45:21Z sample=66, 31.60, P0, 1620, 14001, 12237
2026-08-07T11:45:22Z sample=66, 31.60, P0, 1665, 14001, 13005
2026-08-07T11:45:23Z sample=66, 31.80, P0, 1650, 14001, 14029
2026-08-07T11:45:24Z sample=66, 34.22, P0, 1650, 14001, 14797
2026-08-07T11:45:25Z sample=67, 47.84, P0, 1890, 14001, 15567
2026-08-07T11:45:26Z sample=68, 49.37, P0, 1837, 14001, 15567
2026-08-07T11:45:29Z sample=67, 49.91, P0, 1815, 14001, 15567
2026-08-07T11:45:30Z sample=67, 29.13, P0, 1492, 14001, 15567
2026-08-07T11:45:31Z sample=67, 31.55, P0, 1530, 14001, 15567
2026-08-07T11:45:32Z sample=67, 29.78, P0, 1552, 14001, 15567
2026-08-07T11:45:33Z sample=68, 29.52, P0, 1567, 14001, 15567
2026-08-07T11:45:34Z sample=67, 26.84, P0, 1567, 14001, 15567
2026-08-07T11:45:35Z sample=67, 37.37, P0, 1560, 14001, 15567
2026-08-07T11:45:36Z sample=68, 46.80, P0, 1800, 14001, 15567
2026-08-07T11:45:37Z sample=69, 48.70, P0, 1882, 14001, 15567
2026-08-07T11:45:38Z sample=68, 31.78, P0, 1545, 14001, 15607
2026-08-07T11:45:39Z sample=68, 33.61, P0, 1582, 14001, 15607
2026-08-07T11:45:40Z sample=68, 33.51, P0, 1567, 14001, 15607
2026-08-07T11:45:41Z sample=68, 26.86, P0, 1597, 14001, 15607
2026-08-07T11:45:43Z sample=69, 44.43, P0, 1605, 14001, 15607
2026-08-07T11:45:44Z sample=69, 35.43, P0, 1875, 14001, 15607
2026-08-07T11:45:45Z sample=69, 41.47, P0, 1822, 14001, 15607
2026-08-07T11:45:46Z sample=69, 43.14, P0, 1500, 14001, 15825
2026-08-07T11:45:47Z sample=69, 35.75, P0, 1560, 14001, 15825
2026-08-07T11:45:48Z sample=69, 35.84, P0, 1575, 14001, 15825
2026-08-07T11:45:49Z sample=69, 37.09, P0, 1590, 14001, 15825
2026-08-07T11:45:50Z sample=69, 57.95, P0, 1612, 14001, 15825
2026-08-07T11:45:51Z sample=69, 27.47, P0, 1582, 14001, 15825
2026-08-07T11:45:52Z sample=70, 48.25, P0, 1837, 14001, 15825
2026-08-07T11:45:53Z sample=70, 42.64, P0, 1905, 14001, 15825
2026-08-07T11:45:54Z sample=71, 44.42, P0, 1800, 14001, 15825
2026-08-07T11:45:55Z sample=71, 56.88, P0, 1770, 14001, 15825
2026-08-07T11:45:56Z sample=71, 53.22, P0, 1897, 14001, 15825
2026-08-07T11:45:57Z sample=71, 47.62, P0, 1807, 14001, 15825
2026-08-07T11:45:58Z sample=70, 34.88, P0, 1545, 14001, 15825
2026-08-07T11:45:59Z sample=70, 35.02, P0, 1582, 14001, 15825
2026-08-07T11:46:00Z sample=70, 35.23, P0, 1575, 14001, 15825
2026-08-07T11:46:03Z sample=70, 27.78, P0, 1567, 14001, 15825
2026-08-07T11:46:04Z sample=71, 35.29, P0, 1575, 14001, 15825
2026-08-07T11:46:05Z sample=71, 50.83, P0, 1822, 14001, 15825
2026-08-07T11:46:06Z sample=72, 50.77, P0, 1897, 14001, 15825
2026-08-07T11:46:07Z sample=72, 47.56, P0, 1860, 14001, 15825
2026-08-07T11:46:08Z sample=72, 46.05, P0, 1852, 14001, 15825
2026-08-07T11:46:09Z sample=72, 44.97, P0, 1830, 14001, 15825
2026-08-07T11:46:10Z sample=72, 55.50, P0, 1815, 14001, 15825
2026-08-07T11:46:11Z sample=73, 55.51, P0, 1897, 14001, 15825
2026-08-07T11:46:12Z sample=73, 48.30, P0, 1890, 14001, 15825
2026-08-07T11:46:13Z sample=73, 52.50, P0, 1852, 14001, 15825
2026-08-07T11:46:14Z sample=73, 33.75, P0, 1920, 14001, 15825
2026-08-07T11:46:15Z sample=72, 36.25, P0, 1575, 14001, 15825
2026-08-07T11:46:16Z sample=73, 36.61, P0, 1612, 14001, 15825
2026-08-07T11:46:17Z sample=72, 35.64, P0, 1605, 14001, 15825
2026-08-07T11:46:18Z sample=73, 42.66, P0, 1597, 14001, 15825
2026-08-07T11:46:19Z sample=73, 48.38, P0, 1867, 14001, 15825
2026-08-07T11:46:21Z sample=73, 44.74, P0, 1860, 14001, 15825
2026-08-07T11:46:22Z sample=73, 46.93, P0, 1845, 14001, 15825
2026-08-07T11:46:23Z sample=74, 54.55, P0, 1882, 14001, 15825
2026-08-07T11:46:24Z sample=74, 46.67, P0, 1897, 14001, 15825
2026-08-07T11:46:25Z sample=74, 50.26, P0, 1890, 14001, 15825
2026-08-07T11:46:26Z sample=74, 50.38, P0, 1717, 14001, 15825
2026-08-07T11:46:27Z sample=74, 55.80, P0, 1792, 14001, 15825
2026-08-07T11:46:28Z sample=75, 53.67, P0, 1912, 14001, 15825
2026-08-07T11:46:29Z sample=73, 36.74, P0, 1545, 14001, 15825
2026-08-07T11:46:30Z sample=73, 34.89, P0, 1590, 14001, 15825
2026-08-07T11:46:31Z sample=74, 35.88, P0, 1582, 14001, 15825
2026-08-07T11:46:32Z sample=74, 36.13, P0, 1605, 14001, 15825
2026-08-07T11:46:33Z sample=74, 52.50, P0, 1867, 14001, 15825
2026-08-07T11:46:34Z sample=74, 47.17, P0, 1830, 14001, 15825
2026-08-07T11:46:36Z sample=75, 52.59, P0, 1890, 14001, 15825
2026-08-07T11:46:37Z sample=74, 36.09, P0, 1582, 14001, 15825
2026-08-07T11:46:39Z sample=74, 38.03, P0, 1605, 14001, 15825
2026-08-07T11:46:40Z sample=74, 35.69, P0, 1597, 14001, 15825
2026-08-07T11:46:41Z sample=75, 48.73, P0, 1852, 14001, 15825
2026-08-07T11:46:42Z sample=75, 52.94, P0, 1830, 14001, 15825
2026-08-07T11:46:43Z sample=75, 54.48, P0, 1905, 14001, 15825
2026-08-07T11:46:44Z sample=75, 33.80, P0, 1590, 14001, 15825
2026-08-07T11:46:45Z sample=74, 35.31, P0, 1597, 14001, 15825
2026-08-07T11:46:46Z sample=74, 29.32, P0, 1567, 14001, 15825
2026-08-07T11:46:47Z sample=74, 35.87, P0, 1597, 14001, 15825
2026-08-07T11:46:48Z sample=75, 49.01, P0, 1845, 14001, 15825
2026-08-07T11:46:49Z sample=75, 58.85, P0, 1852, 14001, 15825
2026-08-07T11:46:50Z sample=77, 56.62, P0, 1912, 14001, 15825
2026-08-07T11:46:51Z sample=76, 61.23, P0, 1912, 14001, 15825
2026-08-07T11:46:52Z sample=76, 29.72, P0, 1755, 14001, 15825
2026-08-07T11:46:53Z sample=76, 36.68, P0, 1567, 14001, 15825
2026-08-07T11:46:54Z sample=75, 39.08, P0, 1635, 14001, 15825
2026-08-07T11:46:55Z sample=75, 37.74, P0, 1605, 14001, 15825
2026-08-07T11:46:57Z sample=76, 51.77, P0, 1680, 14001, 15825
2026-08-07T11:46:58Z sample=76, 47.12, P0, 1815, 14001, 15825
2026-08-07T11:46:59Z sample=76, 55.99, P0, 2040, 14001, 15825
2026-08-07T11:47:00Z sample=77, 54.32, P0, 1905, 14001, 15825
2026-08-07T11:47:01Z sample=76, 49.96, P0, 1747, 14001, 15825
2026-08-07T11:47:02Z sample=76, 52.62, P0, 1852, 14001, 15825
2026-08-07T11:47:03Z sample=76, 48.76, P0, 1800, 14001, 15825
2026-08-07T11:47:04Z sample=77, 49.13, P0, 1845, 14001, 15825
2026-08-07T11:47:05Z sample=77, 67.14, P0, 1845, 14001, 15825
