2026-08-07T15:19:58Z temp_c=68
2026-08-07T15:20:03Z temp_c=68
2026-08-07T15:20:08Z temp_c=67
2026-08-07T15:20:13Z temp_c=67
2026-08-07T15:20:20Z temp_c=67
2026-08-07T15:20:25Z temp_c=66
2026-08-07T15:20:30Z temp_c=66
2026-08-07T15:20:35Z temp_c=66
2026-08-07T15:20:40Z temp_c=66
2026-08-07T15:20:45Z temp_c=65
2026-08-07T15:20:51Z temp_c=65
2026-08-07T15:20:56Z temp_c=65
2026-08-07T15:21:01Z temp_c=65
2026-08-07T15:21:06Z temp_c=65
2026-08-07T15:21:11Z temp_c=65
2026-08-07T15:21:16Z temp_c=64
2026-08-07T15:21:21Z temp_c=64
2026-08-07T15:21:28Z temp_c=64
2026-08-07T15:21:33Z temp_c=63
2026-08-07T15:21:38Z temp_c=63
2026-08-07T15:21:43Z temp_c=63
2026-08-07T15:21:48Z temp_c=63
2026-08-07T15:21:53Z temp_c=63
2026-08-07T15:21:59Z temp_c=63
2026-08-07T15:22:04Z temp_c=63
2026-08-07T15:22:09Z temp_c=62
2026-08-07T15:22:14Z temp_c=62
2026-08-07T15:22:19Z temp_c=62
2026-08-07T15:22:24Z temp_c=62
2026-08-07T15:22:31Z temp_c=61
2026-08-07T15:22:36Z temp_c=61
2026-08-07T15:22:41Z temp_c=61
2026-08-07T15:22:46Z temp_c=61
2026-08-07T15:22:51Z temp_c=61
2026-08-07T15:22:56Z temp_c=61
2026-08-07T15:23:01Z temp_c=61
2026-08-07T15:23:07Z temp_c=61
2026-08-07T15:23:12Z temp_c=61
2026-08-07T15:23:17Z temp_c=61
2026-08-07T15:23:22Z temp_c=61
2026-08-07T15:23:27Z temp_c=61
2026-08-07T15:23:32Z temp_c=61
2026-08-07T15:23:39Z temp_c=61
2026-08-07T15:23:44Z temp_c=61
2026-08-07T15:23:49Z temp_c=61
2026-08-07T15:23:54Z temp_c=61
2026-08-07T15:23:59Z temp_c=61
2026-08-07T15:24:04Z temp_c=60
2026-08-07T15:24:05Z sample=60, 26.41, P0, 1620, 14001, 2775
2026-08-07T15:24:06Z sample=61, 27.85, P0, 1530, 14001, 8447
2026-08-07T15:24:07Z sample=61, 30.00, P0, 1590, 14001, 9221
2026-08-07T15:24:09Z sample=61, 30.41, P0, 1657, 14001, 9989
2026-08-07T15:24:11Z sample=62, 30.61, P0, 1687, 14001, 10757
2026-08-07T15:24:12Z sample=61, 30.64, P0, 1635, 14001, 11525
2026-08-07T15:24:13Z sample=62, 30.14, P0, 1635, 14001, 12549
2026-08-07T15:24:14Z sample=62, 30.93, P0, 1635, 14001, 13317
2026-08-07T15:24:15Z sample=62, 30.90, P0, 1665, 14001, 14085
2026-08-07T15:24:16Z sample=62, 30.52, P0, 1657, 14001, 14853
2026-08-07T15:24:17Z sample=62, 40.34, P0, 1560, 14001, 15879
2026-08-07T15:24:18Z sample=63, 49.70, P0, 2010, 14001, 15879
2026-08-07T15:24:19Z sample=63, 49.63, P0, 1860, 14001, 15879
2026-08-07T15:24:20Z sample=63, 29.78, P0, 1537, 14001, 15879
2026-08-07T15:24:21Z sample=63, 29.20, P0, 1560, 14001, 15879
2026-08-07T15:24:22Z sample=62, 29.48, P0, 1567, 14001, 15879
2026-08-07T15:24:23Z sample=62, 30.16, P0, 1560, 14001, 15879
2026-08-07T15:24:24Z sample=63, 29.00, P0, 1590, 14001, 15879
2026-08-07T15:24:26Z sample=63, 43.08, P0, 1560, 14001, 15879
2026-08-07T15:24:27Z sample=64, 52.31, P0, 1875, 14001, 15879
2026-08-07T15:24:28Z sample=63, 34.43, P0, 1590, 14001, 15919
2026-08-07T15:24:29Z sample=63, 32.14, P0, 1530, 14001, 15919
2026-08-07T15:24:30Z sample=64, 39.04, P0, 1597, 14001, 15919
2026-08-07T15:24:31Z sample=64, 26.38, P0, 1605, 14001, 15919
2026-08-07T15:24:32Z sample=63, 32.43, P0, 1612, 14001, 15919
2026-08-07T15:24:33Z sample=64, 47.91, P0, 1905, 14001, 15919
2026-08-07T15:24:34Z sample=65, 46.57, P0, 1837, 14001, 15919
2026-08-07T15:24:35Z sample=64, 35.38, P0, 1507, 14001, 15915
2026-08-07T15:24:36Z sample=64, 26.34, P0, 1665, 14001, 15915
2026-08-07T15:24:37Z sample=64, 36.20, P0, 1702, 14001, 15915
2026-08-07T15:24:38Z sample=64, 26.54, P0, 1597, 14001, 15915
2026-08-07T15:24:39Z sample=64, 26.38, P0, 1695, 14001, 15915
2026-08-07T15:24:40Z sample=65, 33.57, P0, 1695, 14001, 15915
2026-08-07T15:24:41Z sample=65, 35.49, P0, 1680, 14001, 15915
2026-08-07T15:24:42Z sample=65, 43.15, P0, 1867, 14001, 15915
2026-08-07T15:24:45Z sample=66, 47.53, P0, 1912, 14001, 15915
2026-08-07T15:24:46Z sample=65, 48.33, P0, 1822, 14001, 15915
2026-08-07T15:24:47Z sample=66, 49.59, P0, 1920, 14001, 15915
2026-08-07T15:24:48Z sample=66, 42.02, P0, 1912, 14001, 15915
2026-08-07T15:24:49Z sample=66, 55.45, P0, 1845, 14001, 15915
2026-08-07T15:24:50Z sample=67, 28.43, P0, 1822, 14001, 15915
2026-08-07T15:24:51Z sample=66, 36.62, P0, 1702, 14001, 15915
2026-08-07T15:24:52Z sample=66, 26.24, P0, 1672, 14001, 15915
2026-08-07T15:24:53Z sample=66, 36.06, P0, 1680, 14001, 15915
2026-08-07T15:24:54Z sample=66, 36.34, P0, 1642, 14001, 15915
2026-08-07T15:24:55Z sample=66, 42.85, P0, 1875, 14001, 15915
2026-08-07T15:24:56Z sample=66, 46.80, P0, 1897, 14001, 15915
2026-08-07T15:24:57Z sample=66, 45.96, P0, 1867, 14001, 15915
2026-08-07T15:24:58Z sample=67, 54.92, P0, 1875, 14001, 15915
2026-08-07T15:24:59Z sample=67, 46.72, P0, 1845, 14001, 15915
2026-08-07T15:25:00Z sample=67, 57.65, P0, 1852, 14001, 15915
2026-08-07T15:25:01Z sample=67, 51.62, P0, 1920, 14001, 15915
2026-08-07T15:25:03Z sample=67, 47.54, P0, 1807, 14001, 15915
2026-08-07T15:25:04Z sample=67, 63.36, P0, 1642, 14001, 15915
2026-08-07T15:25:05Z sample=67, 26.65, P0, 1747, 14001, 15915
2026-08-07T15:25:06Z sample=68, 37.55, P0, 1695, 14001, 15915
2026-08-07T15:25:07Z sample=67, 43.25, P0, 1725, 14001, 15915
2026-08-07T15:25:08Z sample=67, 40.91, P0, 1747, 14001, 15915
2026-08-07T15:25:09Z sample=68, 48.47, P0, 1882, 14001, 15915
2026-08-07T15:25:10Z sample=68, 48.22, P0, 1860, 14001, 15915
2026-08-07T15:25:11Z sample=68, 46.92, P0, 1890, 14001, 15915
2026-08-07T15:25:12Z sample=69, 51.58, P0, 1957, 14001, 15915
2026-08-07T15:25:13Z sample=68, 54.16, P0, 1920, 14001, 15915
2026-08-07T15:25:14Z sample=68, 44.01, P0, 1837, 14001, 15915
2026-08-07T15:25:15Z sample=68, 49.73, P0, 1935, 14001, 15915
2026-08-07T15:25:16Z sample=68, 54.83, P0, 1890, 14001, 15915
2026-08-07T15:25:18Z sample=68, 39.90, P0, 1762, 14001, 15915
2026-08-07T15:25:20Z sample=69, 36.58, P0, 1665, 14001, 15915
2026-08-07T15:25:21Z sample=67, 36.03, P0, 1695, 14001, 15915
2026-08-07T15:25:22Z sample=68, 55.93, P0, 1650, 14001, 15915
2026-08-07T15:25:23Z sample=68, 31.34, P0, 1680, 14001, 15915
2026-08-07T15:25:24Z sample=68, 45.70, P0, 1822, 14001, 15915
2026-08-07T15:25:25Z sample=69, 59.40, P0, 1890, 14001, 15915
2026-08-07T15:25:26Z sample=68, 26.45, P0, 1740, 14001, 15915
2026-08-07T15:25:27Z sample=68, 37.59, P0, 1687, 14001, 15915
2026-08-07T15:25:28Z sample=68, 41.95, P0, 1657, 14001, 15915
2026-08-07T15:25:29Z sample=69, 36.83, P0, 1725, 14001, 15915
2026-08-07T15:25:30Z sample=69, 49.32, P0, 1770, 14001, 15915
2026-08-07T15:25:31Z sample=69, 44.45, P0, 1942, 14001, 15915
2026-08-07T15:25:32Z sample=69, 41.71, P0, 1920, 14001, 15915
2026-08-07T15:25:33Z sample=69, 37.80, P0, 1680, 14001, 15915
2026-08-07T15:25:34Z sample=68, 33.31, P0, 1755, 14001, 15915
2026-08-07T15:25:35Z sample=68, 29.26, P0, 1695, 14001, 15915
2026-08-07T15:25:36Z sample=68, 51.66, P0, 1695, 14001, 15915
2026-08-07T15:25:37Z sample=69, 51.77, P0, 1875, 14001, 15915
2026-08-07T15:25:38Z sample=70, 56.00, P0, 1912, 14001, 15915
2026-08-07T15:25:40Z sample=70, 47.00, P0, 1950, 14001, 15915
2026-08-07T15:25:41Z sample=70, 54.62, P0, 1897, 14001, 15915
2026-08-07T15:25:42Z sample=69, 50.13, P0, 1845, 14001, 15915
2026-08-07T15:25:43Z sample=69, 41.59, P0, 1680, 14001, 15915
2026-08-07T15:25:44Z sample=69, 38.37, P0, 1680, 14001, 15915
2026-08-07T15:25:45Z sample=69, 47.55, P0, 1717, 14001, 15915
2026-08-07T15:25:46Z sample=69, 48.59, P0, 1942, 14001, 15915
2026-08-07T15:25:47Z sample=70, 60.12, P0, 1875, 14001, 15915
2026-08-07T15:25:48Z sample=71, 76.77, P0, 1927, 14001, 15915
2026-08-07T15:25:49Z sample=70, 43.37, P0, 1890, 14001, 15915
2026-08-07T15:25:50Z sample=71, 60.58, P0, 1950, 14001, 15915
2026-08-07T15:25:52Z sample=70, 49.62, P0, 1882, 14001, 15915
2026-08-07T15:25:54Z sample=71, 48.24, P0, 1927, 14001, 15915
2026-08-07T15:25:55Z sample=71, 58.49, P0, 1905, 14001, 15915
