ds4: Linux cuda backend set oom_score_adj=1000
ds4: CUDA backend initialized on NVIDIA GeForce RTX 5080 Laptop GPU (sm_120) dev=0
ds4: cuda SSD streaming total expert budget 10.00 GiB = 3.38 GiB prefill headroom + 6.62 GiB dynamic cache (1005 experts, 6.75 MiB each)
ds4: SSD streaming initial cuda model map restricted to token embedding (1 spans, 0.99 GiB tensor span)
ds4: CUDA host registration skipped: out of memory
ds4: CUDA preparing model tensor mappings
ds4: CUDA loading model tensors into device cache
ds4: CUDA startup model preparation covered 0.99 GiB of tensor spans in 1.100s
ds4: cuda backend initialized for graph diagnostics
ds4: memory: KV 0.07 GiB (raw 0.02 + compressed 0.05) + buffers 0.00 GiB + resident model 0.99 GiB + expert cache 6.62 GiB + prefill expert reserve 3.38 GiB = 11.06 GiB planned
ds4: memory detail: ctx=4096 prefill_cap=128 raw_kv_rows=256 compressed_kv_rows=1026 backend=cuda
0806 11:29:53 ds4-server: context buffers 76.50 MiB (ctx=4096, backend=cuda, prefill_chunk=128, raw_kv_rows=256, compressed_kv_rows=1026)
0806 11:29:54 ds4-server: listening on http://127.0.0.1:18080
0806 11:30:28 ds4-server: chat ctx=0..21:21 prompt start
ds4: CUDA loading model tensors 0.99 GiB cached
ds4: DS4_CUDA_MMQ=0 - mmq prefill tier disabled
ds4: CUDA loading model tensors 2.81 GiB cached
ds4: CUDA loading model tensors 4.85 GiB cached
ds4: CUDA loading model tensors 6.15 GiB cached
0806 11:31:01 ds4-server: chat ctx=0..21:21 prompt done 37.378s
0806 11:31:24 ds4-server: chat ctx=21..32:11 gen=11 decoding chunk=0.44 t/s avg=0.44 t/s 24.944s
0806 11:31:24 ds4-server: chat ctx=0..21:21 gen=11 finish=stop 62.323s
0806 11:31:24 ds4-server: live kv cache miss live=32 prompt=20 common=2 reason=token-mismatch
0806 11:31:24 ds4-server: chat ctx=0..20:20 prompt start
0806 11:31:48 ds4-server: chat ctx=0..20:20 prompt done 23.850s
0806 11:32:01 ds4-server: chat ctx=20..27:7 gen=7 decoding chunk=0.46 t/s avg=0.46 t/s 15.176s
0806 11:32:01 ds4-server: chat ctx=0..20:20 gen=7 finish=stop 39.029s
0806 11:32:01 ds4-server: live kv cache miss live=27 prompt=24 common=2 reason=token-mismatch
0806 11:32:01 ds4-server: chat ctx=0..24:24 prompt start
0806 11:32:25 ds4-server: chat ctx=0..24:24 prompt done 25.832s
0806 11:32:46 ds4-server: chat ctx=24..32:8 gen=8 decoding chunk=0.38 t/s avg=0.38 t/s 20.982s
0806 11:32:46 ds4-server: chat ctx=0..24:24 gen=8 finish=stop 46.816s
0806 11:32:46 ds4-server: live kv cache miss live=32 prompt=42 common=2 reason=token-mismatch
0806 11:32:46 ds4-server: chat ctx=0..42:42 prompt start
0806 11:33:15 ds4-server: chat ctx=0..42:42 prompt done 33.385s
0806 11:34:13 ds4-server: chat ctx=42..66:24 gen=24 decoding chunk=0.39 t/s avg=0.39 t/s 62.327s
0806 11:34:13 ds4-server: chat ctx=0..42:42 gen=24 finish=stop 95.713s
0806 11:34:13 ds4-server: live kv cache miss live=66 prompt=29 common=2 reason=token-mismatch
0806 11:34:13 ds4-server: chat ctx=0..29:29 prompt start
0806 11:34:40 ds4-server: chat ctx=0..29:29 prompt done 29.588s
0806 11:35:12 ds4-server: shutdown requested, draining requests
0806 11:35:13 ds4-server: chat ctx=29..39:10 gen=10 decoding chunk=0.29 t/s avg=0.29 t/s 34.522s
0806 11:35:13 ds4-server: chat ctx=0..29:29 gen=10 finish=error error="shutdown requested" 64.109s
