ds4: Linux cuda backend set oom_score_adj=1000
ds4: CUDA backend initialized on NVIDIA GeForce RTX 5080 Laptop GPU (sm_120) dev=0
ds4: cuda SSD streaming total expert budget 10.00 GiB = 3.38 GiB prefill headroom + 6.62 GiB dynamic cache (1005 experts, 6.75 MiB each)
ds4: SSD streaming initial cuda model map restricted to token embedding (1 spans, 0.99 GiB tensor span)
ds4: CUDA host registration skipped: out of memory
ds4: CUDA preparing model tensor mappings
ds4: CUDA loading model tensors into device cache
ds4: CUDA startup model preparation covered 0.99 GiB of tensor spans in 0.551s
ds4: cuda backend initialized for graph diagnostics
ds4: memory: KV 0.07 GiB (raw 0.02 + compressed 0.05) + buffers 0.00 GiB + resident model 0.99 GiB + expert cache 6.62 GiB + prefill expert reserve 3.38 GiB = 11.06 GiB planned
ds4: memory detail: ctx=4096 prefill_cap=128 raw_kv_rows=256 compressed_kv_rows=1026 backend=cuda
0806 21:25:30 ds4-server: context buffers 76.50 MiB (ctx=4096, backend=cuda, prefill_chunk=128, raw_kv_rows=256, compressed_kv_rows=1026)
0806 21:25:31 ds4-server: listening on http://127.0.0.1:18080
0806 21:25:32 ds4-server: chat ctx=0..21:21 prompt start
ds4: DS4_CUDA_MMQ=0 - mmq prefill tier disabled
ds4: CUDA layer expert cache allocated 6.62 GiB (1005 experts across 43 layers)
ds4: CUDA loading model tensors 6.55 GiB cached
0806 21:25:42 ds4-server: chat ctx=0..21:21 prompt done 10.585s
0806 21:25:46 ds4-server: chat ctx=21..32:11 gen=11 decoding chunk=3.24 t/s avg=3.24 t/s 3.396s
0806 21:25:46 ds4-server: chat ctx=0..21:21 gen=11 finish=stop 13.984s
0806 21:25:46 ds4-server: live kv cache miss live=32 prompt=20 common=2 reason=token-mismatch
0806 21:25:46 ds4-server: chat ctx=0..20:20 prompt start
0806 21:25:52 ds4-server: chat ctx=0..20:20 prompt done 6.273s
0806 21:25:54 ds4-server: chat ctx=20..27:7 gen=7 decoding chunk=2.91 t/s avg=2.91 t/s 2.409s
0806 21:25:54 ds4-server: chat ctx=0..20:20 gen=7 finish=stop 8.687s
0806 21:25:54 ds4-server: live kv cache miss live=27 prompt=24 common=2 reason=token-mismatch
0806 21:25:54 ds4-server: chat ctx=0..24:24 prompt start
0806 21:25:59 ds4-server: chat ctx=0..24:24 prompt done 4.571s
0806 21:26:02 ds4-server: chat ctx=24..32:8 gen=8 decoding chunk=2.71 t/s avg=2.71 t/s 2.952s
0806 21:26:02 ds4-server: chat ctx=0..24:24 gen=8 finish=stop 7.527s
0806 21:26:02 ds4-server: live kv cache miss live=32 prompt=42 common=2 reason=token-mismatch
0806 21:26:02 ds4-server: chat ctx=0..42:42 prompt start
0806 21:26:09 ds4-server: chat ctx=0..42:42 prompt done 7.009s
0806 21:26:15 ds4-server: chat ctx=42..64:22 gen=22 decoding chunk=3.46 t/s avg=3.46 t/s 6.362s
0806 21:26:15 ds4-server: chat ctx=0..42:42 gen=22 finish=stop 13.373s
0806 21:26:15 ds4-server: live kv cache miss live=64 prompt=29 common=2 reason=token-mismatch
0806 21:26:15 ds4-server: chat ctx=0..29:29 prompt start
0806 21:26:21 ds4-server: chat ctx=0..29:29 prompt done 5.328s
0806 21:26:31 ds4-server: chat ctx=29..61:32 gen=32 decoding chunk=3.05 t/s avg=3.05 t/s 10.502s
0806 21:26:31 ds4-server: chat ctx=0..29:29 gen=32 finish=length 15.833s
0806 21:26:31 ds4-server: live kv cache miss live=61 prompt=29 common=2 reason=token-mismatch
0806 21:26:31 ds4-server: chat ctx=0..29:29 prompt start
0806 21:26:36 ds4-server: chat ctx=0..29:29 prompt done 4.752s
0806 21:26:45 ds4-server: chat ctx=29..61:32 gen=32 decoding chunk=3.36 t/s avg=3.36 t/s 9.513s
0806 21:26:45 ds4-server: chat ctx=0..29:29 gen=32 finish=length 14.268s
0806 21:26:45 ds4-server: live kv cache miss live=61 prompt=32 common=2 reason=token-mismatch
0806 21:26:45 ds4-server: chat ctx=0..32:32 prompt start
0806 21:26:50 ds4-server: chat ctx=0..32:32 prompt done 4.862s
0806 21:26:53 ds4-server: chat ctx=32..40:8 gen=8 decoding chunk=3.10 t/s avg=3.10 t/s 2.579s
0806 21:26:53 ds4-server: chat ctx=0..32:32 gen=8 finish=stop 7.444s
0806 21:26:53 ds4-server: live kv cache miss live=40 prompt=24 common=2 reason=token-mismatch
0806 21:26:53 ds4-server: chat ctx=0..24:24 prompt start
0806 21:26:57 ds4-server: chat ctx=0..24:24 prompt done 4.293s
0806 21:27:00 ds4-server: chat ctx=24..33:9 gen=9 decoding chunk=3.35 t/s avg=3.35 t/s 2.688s
0806 21:27:00 ds4-server: chat ctx=0..24:24 gen=9 finish=stop 6.985s
0806 21:27:00 ds4-server: live kv cache miss live=33 prompt=21 common=2 reason=token-mismatch
0806 21:27:00 ds4-server: chat ctx=0..21:21 prompt start
0806 21:27:04 ds4-server: chat ctx=0..21:21 prompt done 4.436s
0806 21:27:10 ds4-server: chat ctx=21..41:20 gen=20 decoding chunk=3.65 t/s avg=3.65 t/s 5.474s
0806 21:27:10 ds4-server: chat ctx=0..21:21 gen=20 finish=stop 9.918s
0806 21:27:10 ds4-server: live kv cache miss live=41 prompt=26 common=2 reason=token-mismatch
0806 21:27:10 ds4-server: chat ctx=0..26:26 prompt start
0806 21:27:15 ds4-server: chat ctx=0..26:26 prompt done 4.994s
0806 21:27:24 ds4-server: chat ctx=26..58:32 gen=32 decoding chunk=3.48 t/s avg=3.48 t/s 9.185s
0806 21:27:24 ds4-server: chat ctx=0..26:26 gen=32 finish=length 14.183s
0806 21:27:24 ds4-server: shutdown requested, draining requests
