2026-08-07T13:14:46Z temp_c=61
2026-08-07T13:14:51Z temp_c=61
2026-08-07T13:14:56Z temp_c=61
2026-08-07T13:15:01Z temp_c=61
2026-08-07T13:15:06Z temp_c=61
2026-08-07T13:15:12Z temp_c=61
2026-08-07T13:15:17Z temp_c=61
2026-08-07T13:15:22Z temp_c=60
2026-08-07T13:15:23Z sample=61, 26.25, P0, 1492, 14001, 2775
2026-08-07T13:15:24Z sample=61, 27.82, P0, 1612, 14001, 8447
2026-08-07T13:15:25Z sample=61, 30.57, P0, 1620, 14001, 9221
2026-08-07T13:15:26Z sample=61, 30.93, P0, 1612, 14001, 9989
2026-08-07T13:15:27Z sample=62, 30.89, P0, 1680, 14001, 10757
2026-08-07T13:15:28Z sample=62, 31.02, P0, 1635, 14001, 11781
2026-08-07T13:15:29Z sample=62, 30.43, P0, 1687, 14001, 12549
2026-08-07T13:15:30Z sample=62, 31.27, P0, 1665, 14001, 13573
2026-08-07T13:15:32Z sample=62, 31.80, P0, 1680, 14001, 14341
2026-08-07T13:15:33Z sample=62, 31.74, P0, 1605, 14001, 15877
2026-08-07T13:15:34Z sample=63, 43.28, P0, 1897, 14001, 15879
2026-08-07T13:15:35Z sample=64, 49.87, P0, 1972, 14001, 15879
2026-08-07T13:15:36Z sample=64, 39.77, P0, 1875, 14001, 15879
2026-08-07T13:15:37Z sample=63, 28.77, P0, 1530, 14001, 15879
2026-08-07T13:15:38Z sample=63, 29.61, P0, 1567, 14001, 15879
2026-08-07T13:15:39Z sample=63, 25.43, P0, 1560, 14001, 15879
2026-08-07T13:15:40Z sample=63, 30.61, P0, 1560, 14001, 15879
2026-08-07T13:15:41Z sample=63, 29.35, P0, 1560, 14001, 15879
2026-08-07T13:15:42Z sample=63, 37.67, P0, 1567, 14001, 15879
2026-08-07T13:15:43Z sample=64, 63.12, P0, 1905, 14001, 15879
2026-08-07T13:15:45Z sample=64, 36.95, P0, 1657, 14001, 15919
2026-08-07T13:15:46Z sample=64, 32.79, P0, 1575, 14001, 15919
2026-08-07T13:15:47Z sample=64, 34.32, P0, 1620, 14001, 15919
2026-08-07T13:15:48Z sample=64, 34.26, P0, 1605, 14001, 15919
2026-08-07T13:15:49Z sample=64, 26.39, P0, 1605, 14001, 15919
2026-08-07T13:15:50Z sample=65, 39.99, P0, 1860, 14001, 15919
2026-08-07T13:15:51Z sample=65, 41.40, P0, 1807, 14001, 15919
2026-08-07T13:15:52Z sample=64, 42.58, P0, 1507, 14001, 15837
2026-08-07T13:15:54Z sample=65, 30.22, P0, 1860, 14001, 15871
2026-08-07T13:15:55Z sample=64, 38.63, P0, 1657, 14001, 15871
2026-08-07T13:15:56Z sample=65, 26.59, P0, 1687, 14001, 15871
2026-08-07T13:15:57Z sample=65, 39.07, P0, 1702, 14001, 15871
2026-08-07T13:15:58Z sample=66, 36.30, P0, 1717, 14001, 15871
2026-08-07T13:15:59Z sample=66, 47.82, P0, 1890, 14001, 15871
2026-08-07T13:16:00Z sample=66, 42.17, P0, 1920, 14001, 15871
2026-08-07T13:16:01Z sample=66, 53.74, P0, 1920, 14001, 15871
2026-08-07T13:16:02Z sample=67, 50.08, P0, 1935, 14001, 15871
2026-08-07T13:16:03Z sample=66, 42.95, P0, 1792, 14001, 15871
2026-08-07T13:16:04Z sample=66, 35.88, P0, 1755, 14001, 15871
2026-08-07T13:16:05Z sample=66, 26.09, P0, 1710, 14001, 15871
2026-08-07T13:16:06Z sample=66, 36.62, P0, 1665, 14001, 15871
2026-08-07T13:16:07Z sample=66, 36.31, P0, 1687, 14001, 15871
2026-08-07T13:16:08Z sample=66, 35.33, P0, 1710, 14001, 15871
2026-08-07T13:16:09Z sample=67, 46.61, P0, 1897, 14001, 15871
2026-08-07T13:16:10Z sample=66, 45.02, P0, 1845, 14001, 15871
2026-08-07T13:16:11Z sample=67, 53.82, P0, 1935, 14001, 15871
2026-08-07T13:16:12Z sample=67, 51.92, P0, 1882, 14001, 15871
2026-08-07T13:16:13Z sample=66, 42.43, P0, 1837, 14001, 15871
2026-08-07T13:16:14Z sample=67, 50.08, P0, 1912, 14001, 15871
2026-08-07T13:16:15Z sample=68, 44.74, P0, 1927, 14001, 15871
2026-08-07T13:16:18Z sample=67, 45.07, P0, 1852, 14001, 15871
2026-08-07T13:16:19Z sample=67, 47.36, P0, 1830, 14001, 15871
2026-08-07T13:16:20Z sample=67, 37.61, P0, 1672, 14001, 15871
2026-08-07T13:16:21Z sample=67, 35.44, P0, 1657, 14001, 15871
2026-08-07T13:16:22Z sample=66, 36.65, P0, 1702, 14001, 15871
2026-08-07T13:16:23Z sample=67, 36.44, P0, 1695, 14001, 15871
2026-08-07T13:16:24Z sample=67, 44.60, P0, 1792, 14001, 15871
2026-08-07T13:16:25Z sample=68, 54.76, P0, 1837, 14001, 15871
2026-08-07T13:16:26Z sample=67, 57.57, P0, 1762, 14001, 15871
2026-08-07T13:16:27Z sample=68, 49.26, P0, 1785, 14001, 15871
2026-08-07T13:16:28Z sample=68, 56.73, P0, 1777, 14001, 15871
2026-08-07T13:16:29Z sample=68, 52.37, P0, 1897, 14001, 15871
2026-08-07T13:16:30Z sample=68, 46.53, P0, 1792, 14001, 15871
2026-08-07T13:16:31Z sample=68, 48.81, P0, 1785, 14001, 15871
2026-08-07T13:16:32Z sample=68, 54.54, P0, 1920, 14001, 15871
2026-08-07T13:16:33Z sample=68, 37.83, P0, 1762, 14001, 15871
2026-08-07T13:16:34Z sample=68, 36.52, P0, 1710, 14001, 15871
2026-08-07T13:16:36Z sample=68, 36.95, P0, 1672, 14001, 15871
2026-08-07T13:16:37Z sample=68, 35.38, P0, 1695, 14001, 15871
2026-08-07T13:16:38Z sample=67, 39.97, P0, 1627, 14001, 15871
2026-08-07T13:16:39Z sample=69, 47.24, P0, 1875, 14001, 15871
2026-08-07T13:16:40Z sample=69, 52.38, P0, 1920, 14001, 15871
2026-08-07T13:16:41Z sample=69, 29.45, P0, 1680, 14001, 15871
2026-08-07T13:16:42Z sample=68, 36.03, P0, 1695, 14001, 15871
2026-08-07T13:16:43Z sample=68, 38.23, P0, 1725, 14001, 15871
2026-08-07T13:16:44Z sample=68, 38.66, P0, 1725, 14001, 15871
2026-08-07T13:16:45Z sample=69, 51.03, P0, 1777, 14001, 15871
2026-08-07T13:16:46Z sample=69, 54.19, P0, 1965, 14001, 15871
2026-08-07T13:16:47Z sample=68, 37.41, P0, 1702, 14001, 15871
2026-08-07T13:16:48Z sample=68, 37.22, P0, 1717, 14001, 15871
2026-08-07T13:16:49Z sample=68, 37.12, P0, 1717, 14001, 15871
2026-08-07T13:16:51Z sample=68, 33.83, P0, 1672, 14001, 15871
2026-08-07T13:16:52Z sample=69, 41.03, P0, 1897, 14001, 15871
2026-08-07T13:16:53Z sample=69, 50.79, P0, 1890, 14001, 15871
2026-08-07T13:16:54Z sample=70, 58.23, P0, 1987, 14001, 15871
2026-08-07T13:16:56Z sample=70, 55.31, P0, 1935, 14001, 15871
2026-08-07T13:16:57Z sample=69, 52.16, P0, 1822, 14001, 15871
2026-08-07T13:16:58Z sample=69, 27.38, P0, 1702, 14001, 15871
2026-08-07T13:16:59Z sample=69, 28.20, P0, 1642, 14001, 15871
2026-08-07T13:17:00Z sample=69, 27.12, P0, 1672, 14001, 15871
2026-08-07T13:17:01Z sample=69, 37.37, P0, 1710, 14001, 15871
2026-08-07T13:17:02Z sample=70, 42.94, P0, 1860, 14001, 15871
2026-08-07T13:17:03Z sample=69, 51.75, P0, 1860, 14001, 15871
2026-08-07T13:17:04Z sample=70, 45.31, P0, 1995, 14001, 15871
2026-08-07T13:17:05Z sample=70, 41.38, P0, 1867, 14001, 15871
2026-08-07T13:17:06Z sample=71, 48.21, P0, 2010, 14001, 15871
2026-08-07T13:17:07Z sample=70, 44.65, P0, 1867, 14001, 15871
2026-08-07T13:17:08Z sample=70, 46.06, P0, 1807, 14001, 15871
2026-08-07T13:17:09Z sample=71, 62.38, P0, 1912, 14001, 15871
