ds4: Linux cuda backend set oom_score_adj=1000
ds4: CUDA backend initialized on NVIDIA GeForce RTX 5080 Laptop GPU (sm_120) dev=0
ds4: cuda SSD streaming total expert budget 10.00 GiB = 3.38 GiB prefill headroom + 6.62 GiB dynamic cache (1005 experts, 6.75 MiB each)
ds4: SSD streaming initial cuda model map restricted to token embedding (1 spans, 0.99 GiB tensor span)
ds4: CUDA host registration skipped: out of memory
ds4: CUDA preparing model tensor mappings
ds4: CUDA loading model tensors into device cache
ds4: CUDA startup model preparation covered 0.99 GiB of tensor spans in 0.483s
ds4: cuda backend initialized for graph diagnostics
ds4: memory: KV 0.07 GiB (raw 0.02 + compressed 0.05) + buffers 0.00 GiB + resident model 0.99 GiB + expert cache 6.62 GiB + prefill expert reserve 3.38 GiB = 11.06 GiB planned
ds4: memory detail: ctx=4096 prefill_cap=128 raw_kv_rows=256 compressed_kv_rows=1026 backend=cuda
0806 14:38:30 ds4-server: context buffers 76.50 MiB (ctx=4096, backend=cuda, prefill_chunk=128, raw_kv_rows=256, compressed_kv_rows=1026)
0806 14:38:30 ds4-server: listening on http://127.0.0.1:18080
0806 14:38:30 ds4-server: chat ctx=0..21:21 prompt start
ds4: DS4_CUDA_MMQ=0 - mmq prefill tier disabled
ds4: CUDA layer expert cache allocated 6.62 GiB (1005 prefill experts, 1005 decode experts across 43 layers)
ds4: CUDA loading model tensors 7.66 GiB cached
0806 14:38:40 ds4-server: chat ctx=0..21:21 prompt done 9.530s
0806 14:38:43 ds4-server: chat ctx=21..32:11 gen=11 decoding chunk=3.06 t/s avg=3.06 t/s 3.591s
0806 14:38:43 ds4-server: chat ctx=0..21:21 gen=11 finish=stop 13.124s
0806 14:38:43 ds4-server: live kv cache miss live=32 prompt=20 common=2 reason=token-mismatch
0806 14:38:43 ds4-server: chat ctx=0..20:20 prompt start
ds4: CUDA prompt expert cache summary hits=1990 misses=2874 evictions=1187 SSD=18.94 GiB capacity=1005 resident=1005
0806 14:38:48 ds4-server: chat ctx=0..20:20 prompt done 7.262s
0806 14:38:50 ds4-server: chat ctx=20..27:7 gen=7 decoding chunk=3.08 t/s avg=3.08 t/s 2.275s
0806 14:38:50 ds4-server: chat ctx=0..20:20 gen=7 finish=stop 9.540s
0806 14:38:50 ds4-server: live kv cache miss live=27 prompt=24 common=2 reason=token-mismatch
0806 14:38:50 ds4-server: chat ctx=0..24:24 prompt start
ds4: CUDA prompt expert cache summary hits=1613 misses=2176 evictions=1260 SSD=14.34 GiB capacity=1005 resident=1005
0806 14:38:55 ds4-server: chat ctx=0..24:24 prompt done 4.776s
0806 14:38:58 ds4-server: chat ctx=24..32:8 gen=8 decoding chunk=2.69 t/s avg=2.69 t/s 2.972s
0806 14:38:58 ds4-server: chat ctx=0..24:24 gen=8 finish=stop 7.751s
0806 14:38:58 ds4-server: live kv cache miss live=32 prompt=42 common=2 reason=token-mismatch
0806 14:38:58 ds4-server: chat ctx=0..42:42 prompt start
ds4: CUDA prompt expert cache summary hits=1701 misses=2646 evictions=1524 SSD=17.44 GiB capacity=1005 resident=1005
0806 14:39:06 ds4-server: chat ctx=0..42:42 prompt done 7.813s
0806 14:39:13 ds4-server: chat ctx=42..64:22 gen=22 decoding chunk=3.04 t/s avg=3.04 t/s 7.248s
0806 14:39:13 ds4-server: chat ctx=0..42:42 gen=22 finish=stop 15.065s
0806 14:39:13 ds4-server: live kv cache miss live=64 prompt=29 common=2 reason=token-mismatch
0806 14:39:13 ds4-server: chat ctx=0..29:29 prompt start
ds4: CUDA prompt expert cache summary hits=4521 misses=4294 evictions=2616 SSD=28.31 GiB capacity=1005 resident=1005
0806 14:39:17 ds4-server: chat ctx=0..29:29 prompt done 6.497s
0806 14:39:28 ds4-server: chat ctx=29..61:32 gen=32 decoding chunk=2.92 t/s avg=2.92 t/s 10.966s
0806 14:39:28 ds4-server: chat ctx=0..29:29 gen=32 finish=length 17.466s
0806 14:39:28 ds4-server: live kv cache miss live=61 prompt=29 common=2 reason=token-mismatch
0806 14:39:28 ds4-server: chat ctx=0..29:29 prompt start
ds4: CUDA prompt expert cache summary hits=5958 misses=4981 evictions=3615 SSD=32.83 GiB capacity=1005 resident=1005
0806 14:39:33 ds4-server: chat ctx=0..29:29 prompt done 5.627s
0806 14:39:44 ds4-server: chat ctx=29..61:32 gen=32 decoding chunk=2.97 t/s avg=2.97 t/s 10.772s
0806 14:39:44 ds4-server: chat ctx=0..29:29 gen=32 finish=length 16.401s
0806 14:39:44 ds4-server: live kv cache miss live=61 prompt=32 common=2 reason=token-mismatch
0806 14:39:44 ds4-server: chat ctx=0..32:32 prompt start
ds4: CUDA prompt expert cache summary hits=5969 misses=4649 evictions=3568 SSD=30.65 GiB capacity=1005 resident=1005
0806 14:39:47 ds4-server: chat ctx=0..32:32 prompt done 5.806s
0806 14:39:50 ds4-server: chat ctx=32..40:8 gen=8 decoding chunk=2.77 t/s avg=2.77 t/s 2.886s
0806 14:39:50 ds4-server: chat ctx=0..32:32 gen=8 finish=stop 8.695s
0806 14:39:50 ds4-server: live kv cache miss live=40 prompt=24 common=2 reason=token-mismatch
0806 14:39:50 ds4-server: chat ctx=0..24:24 prompt start
ds4: CUDA prompt expert cache summary hits=1730 misses=2684 evictions=1711 SSD=17.69 GiB capacity=1005 resident=1005
0806 14:39:55 ds4-server: chat ctx=0..24:24 prompt done 4.913s
0806 14:39:58 ds4-server: chat ctx=24..33:9 gen=9 decoding chunk=3.06 t/s avg=3.06 t/s 2.944s
0806 14:39:58 ds4-server: chat ctx=0..24:24 gen=9 finish=stop 7.860s
0806 14:39:58 ds4-server: live kv cache miss live=33 prompt=21 common=2 reason=token-mismatch
0806 14:39:58 ds4-server: chat ctx=0..21:21 prompt start
ds4: CUDA prompt expert cache summary hits=2072 misses=2515 evictions=1501 SSD=16.58 GiB capacity=1005 resident=1005
0806 14:40:03 ds4-server: chat ctx=0..21:21 prompt done 5.181s
0806 14:40:09 ds4-server: chat ctx=21..41:20 gen=20 decoding chunk=3.30 t/s avg=3.30 t/s 6.067s
0806 14:40:09 ds4-server: chat ctx=0..21:21 gen=20 finish=stop 11.252s
0806 14:40:09 ds4-server: live kv cache miss live=41 prompt=26 common=2 reason=token-mismatch
0806 14:40:09 ds4-server: chat ctx=0..26:26 prompt start
ds4: CUDA prompt expert cache summary hits=4260 misses=3179 evictions=2210 SSD=20.96 GiB capacity=1005 resident=1005
0806 14:40:15 ds4-server: chat ctx=0..26:26 prompt done 5.564s
0806 14:40:22 ds4-server: chat ctx=26..58:32 gen=32 decoding chunk=3.12 t/s avg=3.12 t/s 10.264s
0806 14:40:22 ds4-server: chat ctx=0..26:26 gen=32 finish=length 15.832s
0806 14:40:22 ds4-server: shutdown requested, draining requests
