2026-08-06T12:38:29Z temp_c=67
2026-08-06T12:38:30Z sample=67, 30.35, P0, 1492, 14001, 1486
2026-08-06T12:38:31Z sample=67, 32.00, P0, 1522, 14001, 9466
2026-08-06T12:38:32Z sample=67, 33.16, P0, 1620, 14001, 9984
2026-08-06T12:38:33Z sample=68, 34.21, P0, 1717, 14001, 11008
2026-08-06T12:38:34Z sample=68, 36.93, P0, 1732, 14001, 11776
2026-08-06T12:38:36Z sample=68, 33.26, P0, 1672, 14001, 12800
2026-08-06T12:38:37Z sample=68, 33.87, P0, 1687, 14001, 13568
2026-08-06T12:38:38Z sample=68, 33.78, P0, 1657, 14001, 14592
2026-08-06T12:38:39Z sample=68, 32.78, P0, 1702, 14001, 15360
2026-08-06T12:38:40Z sample=68, 34.22, P0, 1552, 14001, 15874
2026-08-06T12:38:41Z sample=69, 53.90, P4, 1342, 14001, 15874
2026-08-06T12:38:42Z sample=70, 53.93, P2, 1477, 9001, 15874
2026-08-06T12:38:43Z sample=70, 51.42, P4, 1357, 11001, 15874
2026-08-06T12:38:44Z sample=68, 30.61, P4, 232, 9001, 15874
2026-08-06T12:38:45Z sample=68, 22.06, P4, 330, 9001, 15874
2026-08-06T12:38:46Z sample=68, 23.06, P4, 322, 9001, 15874
2026-08-06T12:38:47Z sample=68, 19.62, P4, 262, 9001, 15874
2026-08-06T12:38:46Z sample=68, 25.44, P4, 315, 9001, 15874
2026-08-06T12:38:47Z sample=68, 24.90, P5, 907, 810, 15874
2026-08-06T12:38:48Z sample=70, 54.51, P0, 585, 810, 15874
2026-08-06T12:38:49Z sample=70, 56.37, P4, 1447, 14001, 15874
2026-08-06T12:38:50Z sample=70, 57.20, P2, 1402, 11001, 15874
2026-08-06T12:38:51Z sample=69, 29.48, P4, 330, 9001, 15914
2026-08-06T12:38:52Z sample=68, 28.21, P4, 367, 9001, 15914
2026-08-06T12:38:53Z sample=68, 28.72, P4, 405, 9001, 15914
2026-08-06T12:38:54Z sample=69, 28.59, P4, 382, 9001, 15914
2026-08-06T12:38:56Z sample=69, 38.80, P4, 1372, 9001, 15914
2026-08-06T12:38:57Z sample=70, 46.90, P4, 1470, 9001, 15914
2026-08-06T12:38:58Z sample=71, 46.29, P4, 1245, 9001, 15914
2026-08-06T12:38:59Z sample=69, 37.73, P4, 1507, 11001, 15910
2026-08-06T12:39:00Z sample=69, 43.98, P2, 877, 9001, 15910
2026-08-06T12:39:01Z sample=70, 38.89, P4, 862, 9001, 15910
2026-08-06T12:39:02Z sample=69, 38.16, P4, 645, 9001, 15910
2026-08-06T12:39:03Z sample=69, 36.65, P4, 750, 9001, 15910
2026-08-06T12:39:04Z sample=69, 33.52, P4, 795, 9001, 15910
2026-08-06T12:39:05Z sample=69, 34.97, P5, 907, 9001, 15910
2026-08-06T12:39:06Z sample=70, 50.14, P2, 2640, 11001, 15910
2026-08-06T12:39:07Z sample=71, 54.95, P2, 1440, 9001, 15910
2026-08-06T12:39:08Z sample=70, 52.48, P4, 1462, 11001, 15910
2026-08-06T12:39:10Z sample=70, 53.05, P4, 1567, 9001, 15910
2026-08-06T12:39:11Z sample=71, 55.19, P4, 1432, 11001, 15910
2026-08-06T12:39:12Z sample=70, 54.81, P4, 1380, 11001, 15910
2026-08-06T12:39:13Z sample=71, 46.53, P4, 1402, 14001, 15910
2026-08-06T12:39:14Z sample=69, 40.35, P4, 1102, 14001, 15910
2026-08-06T12:39:15Z sample=69, 36.94, P4, 810, 9001, 15910
2026-08-06T12:39:16Z sample=70, 32.53, P4, 667, 9001, 15910
2026-08-06T12:39:17Z sample=70, 31.41, P4, 795, 9001, 15910
2026-08-06T12:39:15Z sample=69, 33.49, P4, 765, 9001, 15910
2026-08-06T12:39:16Z sample=69, 32.35, P4, 705, 9001, 15910
2026-08-06T12:39:18Z sample=70, 45.21, P2, 1350, 11001, 15910
2026-08-06T12:39:19Z sample=70, 49.23, P4, 1440, 11001, 15910
2026-08-06T12:39:20Z sample=70, 55.27, P2, 1477, 11001, 15910
2026-08-06T12:39:21Z sample=71, 51.00, P2, 1500, 11001, 15910
2026-08-06T12:39:22Z sample=72, 50.50, P4, 1402, 9001, 15910
2026-08-06T12:39:23Z sample=70, 49.96, P2, 1417, 11001, 15910
2026-08-06T12:39:24Z sample=71, 49.66, P2, 1455, 11001, 15910
2026-08-06T12:39:25Z sample=71, 54.42, P2, 1447, 9001, 15910
2026-08-06T12:39:26Z sample=72, 50.56, P4, 1372, 9001, 15910
2026-08-06T12:39:27Z sample=71, 47.61, P2, 1207, 9001, 15910
2026-08-06T12:39:28Z sample=70, 46.50, P4, 1057, 11001, 15910
2026-08-06T12:39:29Z sample=71, 23.02, P4, 630, 9001, 15910
2026-08-06T12:39:30Z sample=69, 33.82, P4, 660, 9001, 15910
2026-08-06T12:39:32Z sample=70, 31.25, P4, 667, 9001, 15910
2026-08-06T12:39:33Z sample=71, 29.52, P4, 675, 9001, 15910
2026-08-06T12:39:34Z sample=71, 36.99, P2, 1485, 11001, 15910
2026-08-06T12:39:35Z sample=71, 52.86, P4, 1177, 9001, 15910
2026-08-06T12:39:36Z sample=71, 51.56, P4, 1350, 9001, 15910
2026-08-06T12:39:37Z sample=71, 53.75, P2, 1935, 11001, 15910
2026-08-06T12:39:38Z sample=72, 51.49, P4, 1200, 9001, 15910
2026-08-06T12:39:39Z sample=71, 53.98, P2, 1395, 9001, 15910
2026-08-06T12:39:40Z sample=71, 53.15, P4, 1537, 14001, 15910
2026-08-06T12:39:41Z sample=71, 50.17, P4, 1477, 9001, 15910
2026-08-06T12:39:42Z sample=72, 53.18, P0, 1380, 14001, 15910
2026-08-06T12:39:43Z sample=71, 49.58, P4, 1440, 9001, 15910
2026-08-06T12:39:44Z sample=71, 49.69, P4, 1522, 9001, 15910
2026-08-06T12:39:46Z sample=70, 37.44, P4, 1057, 9001, 15910
2026-08-06T12:39:47Z sample=70, 34.17, P4, 607, 9001, 15910
2026-08-06T12:39:45Z sample=70, 31.93, P4, 735, 9001, 15910
2026-08-06T12:39:46Z sample=69, 31.26, P4, 675, 9001, 15910
2026-08-06T12:39:47Z sample=70, 28.29, P4, 667, 9001, 15910
2026-08-06T12:39:48Z sample=70, 40.78, P4, 1312, 9001, 15910
2026-08-06T12:39:49Z sample=71, 48.48, P4, 1380, 9001, 15910
2026-08-06T12:39:50Z sample=71, 50.88, P4, 1485, 9001, 15910
2026-08-06T12:39:51Z sample=71, 35.54, P2, 855, 9001, 15910
2026-08-06T12:39:52Z sample=70, 33.74, P4, 750, 9001, 15910
2026-08-06T12:39:54Z sample=70, 34.36, P4, 810, 9001, 15910
2026-08-06T12:39:55Z sample=69, 34.50, P4, 727, 9001, 15910
2026-08-06T12:39:56Z sample=71, 40.21, P4, 1035, 11001, 15910
2026-08-06T12:39:57Z sample=71, 49.30, P2, 1012, 9001, 15910
2026-08-06T12:39:58Z sample=71, 54.71, P2, 1635, 11001, 15910
2026-08-06T12:39:59Z sample=70, 22.94, P4, 1065, 9001, 15910
2026-08-06T12:40:00Z sample=70, 40.67, P4, 697, 9001, 15910
2026-08-06T12:40:01Z sample=70, 32.78, P4, 757, 9001, 15910
2026-08-06T12:40:02Z sample=70, 31.22, P4, 742, 9001, 15910
2026-08-06T12:40:03Z sample=70, 33.02, P4, 705, 9001, 15910
2026-08-06T12:40:04Z sample=71, 44.87, P4, 1507, 14001, 15910
2026-08-06T12:40:05Z sample=71, 47.90, P4, 1440, 14001, 15910
2026-08-06T12:40:07Z sample=72, 59.49, P4, 1530, 14001, 15910
2026-08-06T12:40:08Z sample=73, 61.56, P0, 1770, 14001, 15910
2026-08-06T12:40:09Z sample=72, 58.41, P0, 1245, 14001, 15910
2026-08-06T12:40:10Z sample=70, 45.75, P0, 1080, 9001, 15910
2026-08-06T12:40:11Z sample=71, 34.51, P4, 817, 9001, 15910
2026-08-06T12:40:12Z sample=70, 33.14, P4, 667, 9001, 15910
2026-08-06T12:40:13Z sample=70, 20.52, P4, 540, 9001, 15910
2026-08-06T12:40:14Z sample=70, 31.83, P4, 862, 9001, 15910
2026-08-06T12:40:15Z sample=71, 40.74, P2, 1192, 11001, 15910
2026-08-06T12:40:16Z sample=72, 50.88, P2, 1125, 9001, 15910
2026-08-06T12:40:15Z sample=72, 48.28, P4, 1620, 11001, 15910
2026-08-06T12:40:16Z sample=72, 55.69, P2, 1560, 9001, 15910
2026-08-06T12:40:17Z sample=71, 51.45, P4, 1252, 9001, 15910
2026-08-06T12:40:18Z sample=72, 56.13, P2, 1462, 11001, 15910
2026-08-06T12:40:19Z sample=72, 50.67, P4, 1200, 9001, 15910
2026-08-06T12:40:20Z sample=71, 46.94, P4, 1012, 9001, 15910
2026-08-06T12:40:21Z sample=71, 50.40, P0, 1462, 9001, 15910
2026-08-06T12:40:22Z sample=72, 57.09, P0, 1575, 14001, 15910
