ds4: Linux cuda backend set oom_score_adj=1000
ds4: CUDA backend initialized on NVIDIA GeForce RTX 5080 Laptop GPU (sm_120) dev=0
ds4: cuda SSD streaming total expert budget 10.00 GiB = 3.38 GiB prefill headroom + 6.62 GiB dynamic cache (1005 experts, 6.75 MiB each)
ds4: SSD streaming initial cuda model map restricted to token embedding (1 spans, 0.99 GiB tensor span)
ds4: CUDA host registration skipped: out of memory
ds4: CUDA preparing model tensor mappings
ds4: CUDA loading model tensors into device cache
ds4: CUDA startup model preparation covered 0.99 GiB of tensor spans in 0.544s
ds4: cuda backend initialized for graph diagnostics
ds4: memory: KV 0.07 GiB (raw 0.02 + compressed 0.05) + buffers 0.00 GiB + resident model 0.99 GiB + expert cache 6.62 GiB + prefill expert reserve 3.38 GiB = 11.06 GiB planned
ds4: memory detail: ctx=4096 prefill_cap=128 raw_kv_rows=256 compressed_kv_rows=1026 backend=cuda
0806 14:29:17 ds4-server: context buffers 76.50 MiB (ctx=4096, backend=cuda, prefill_chunk=128, raw_kv_rows=256, compressed_kv_rows=1026)
0806 14:29:17 ds4-server: listening on http://127.0.0.1:18080
0806 14:29:18 ds4-server: chat ctx=0..21:21 prompt start
ds4: DS4_CUDA_MMQ=0 - mmq prefill tier disabled
ds4: CUDA layer expert cache allocated 6.62 GiB (1005 prefill experts, 1005 decode experts across 43 layers)
ds4: CUDA loading model tensors 7.34 GiB cached
0806 14:29:26 ds4-server: chat ctx=0..21:21 prompt done 10.810s
0806 14:29:30 ds4-server: chat ctx=21..32:11 gen=11 decoding chunk=2.89 t/s avg=2.89 t/s 3.808s
0806 14:29:30 ds4-server: chat ctx=0..21:21 gen=11 finish=stop 14.622s
0806 14:29:30 ds4-server: live kv cache miss live=32 prompt=20 common=2 reason=token-mismatch
0806 14:29:30 ds4-server: chat ctx=0..20:20 prompt start
ds4: CUDA prompt expert cache summary hits=1990 misses=2874 evictions=1187 SSD=18.94 GiB capacity=1005 resident=1005
0806 14:29:37 ds4-server: chat ctx=0..20:20 prompt done 7.054s
0806 14:29:39 ds4-server: chat ctx=20..27:7 gen=7 decoding chunk=2.82 t/s avg=2.82 t/s 2.486s
0806 14:29:39 ds4-server: chat ctx=0..20:20 gen=7 finish=stop 9.543s
0806 14:29:39 ds4-server: live kv cache miss live=27 prompt=24 common=2 reason=token-mismatch
0806 14:29:39 ds4-server: chat ctx=0..24:24 prompt start
ds4: CUDA prompt expert cache summary hits=1613 misses=2176 evictions=1260 SSD=14.34 GiB capacity=1005 resident=1005
0806 14:29:44 ds4-server: chat ctx=0..24:24 prompt done 5.264s
0806 14:29:48 ds4-server: chat ctx=24..32:8 gen=8 decoding chunk=2.42 t/s avg=2.42 t/s 3.300s
0806 14:29:48 ds4-server: chat ctx=0..24:24 gen=8 finish=stop 8.568s
0806 14:29:48 ds4-server: live kv cache miss live=32 prompt=42 common=2 reason=token-mismatch
0806 14:29:48 ds4-server: chat ctx=0..42:42 prompt start
ds4: CUDA prompt expert cache summary hits=1701 misses=2646 evictions=1524 SSD=17.44 GiB capacity=1005 resident=1005
0806 14:29:56 ds4-server: chat ctx=0..42:42 prompt done 7.998s
0806 14:30:00 ds4-server: chat ctx=42..64:22 gen=22 decoding chunk=3.00 t/s avg=3.00 t/s 7.341s
0806 14:30:00 ds4-server: chat ctx=0..42:42 gen=22 finish=stop 15.342s
0806 14:30:00 ds4-server: live kv cache miss live=64 prompt=29 common=2 reason=token-mismatch
0806 14:30:00 ds4-server: chat ctx=0..29:29 prompt start
ds4: CUDA prompt expert cache summary hits=4524 misses=4291 evictions=2613 SSD=28.29 GiB capacity=1005 resident=1005
0806 14:30:07 ds4-server: chat ctx=0..29:29 prompt done 6.219s
0806 14:30:18 ds4-server: chat ctx=29..61:32 gen=32 decoding chunk=2.71 t/s avg=2.71 t/s 11.823s
0806 14:30:18 ds4-server: chat ctx=0..29:29 gen=32 finish=length 18.046s
0806 14:30:18 ds4-server: live kv cache miss live=61 prompt=29 common=2 reason=token-mismatch
0806 14:30:18 ds4-server: chat ctx=0..29:29 prompt start
ds4: CUDA prompt expert cache summary hits=5957 misses=4982 evictions=3610 SSD=32.84 GiB capacity=1005 resident=1005
0806 14:30:24 ds4-server: chat ctx=0..29:29 prompt done 5.412s
0806 14:30:32 ds4-server: chat ctx=29..61:32 gen=32 decoding chunk=2.87 t/s avg=2.87 t/s 11.153s
0806 14:30:32 ds4-server: chat ctx=0..29:29 gen=32 finish=length 16.570s
0806 14:30:32 ds4-server: live kv cache miss live=61 prompt=32 common=2 reason=token-mismatch
0806 14:30:32 ds4-server: chat ctx=0..32:32 prompt start
ds4: CUDA prompt expert cache summary hits=5971 misses=4647 evictions=3562 SSD=30.63 GiB capacity=1005 resident=1005
0806 14:30:38 ds4-server: chat ctx=0..32:32 prompt done 5.598s
0806 14:30:41 ds4-server: chat ctx=32..40:8 gen=8 decoding chunk=2.72 t/s avg=2.72 t/s 2.938s
0806 14:30:41 ds4-server: chat ctx=0..32:32 gen=8 finish=stop 8.540s
0806 14:30:41 ds4-server: live kv cache miss live=40 prompt=24 common=2 reason=token-mismatch
0806 14:30:41 ds4-server: chat ctx=0..24:24 prompt start
ds4: CUDA prompt expert cache summary hits=1731 misses=2683 evictions=1711 SSD=17.69 GiB capacity=1005 resident=1005
0806 14:30:46 ds4-server: chat ctx=0..24:24 prompt done 4.941s
0806 14:30:49 ds4-server: chat ctx=24..33:9 gen=9 decoding chunk=2.89 t/s avg=2.89 t/s 3.119s
0806 14:30:49 ds4-server: chat ctx=0..24:24 gen=9 finish=stop 8.064s
0806 14:30:49 ds4-server: live kv cache miss live=33 prompt=21 common=2 reason=token-mismatch
0806 14:30:49 ds4-server: chat ctx=0..21:21 prompt start
ds4: CUDA prompt expert cache summary hits=2069 misses=2518 evictions=1504 SSD=16.60 GiB capacity=1005 resident=1005
0806 14:30:54 ds4-server: chat ctx=0..21:21 prompt done 5.051s
0806 14:30:58 ds4-server: chat ctx=21..41:20 gen=20 decoding chunk=3.10 t/s avg=3.10 t/s 6.461s
0806 14:30:58 ds4-server: chat ctx=0..21:21 gen=20 finish=stop 11.516s
0806 14:30:58 ds4-server: live kv cache miss live=41 prompt=26 common=2 reason=token-mismatch
0806 14:30:58 ds4-server: chat ctx=0..26:26 prompt start
ds4: CUDA prompt expert cache summary hits=4264 misses=3175 evictions=2206 SSD=20.93 GiB capacity=1005 resident=1005
0806 14:31:03 ds4-server: chat ctx=0..26:26 prompt done 5.172s
0806 14:31:14 ds4-server: chat ctx=26..58:32 gen=32 decoding chunk=2.97 t/s avg=2.97 t/s 10.776s
0806 14:31:14 ds4-server: chat ctx=0..26:26 gen=32 finish=length 15.952s
0806 14:31:14 ds4-server: shutdown requested, draining requests
