2026-08-06T12:29:16Z temp_c=68
2026-08-06T12:29:18Z sample=68, 33.76, P0, 1492, 14001, 1486
2026-08-06T12:29:19Z sample=68, 36.08, P0, 1492, 14001, 9210
2026-08-06T12:29:20Z sample=69, 34.76, P0, 1695, 14001, 9984
2026-08-06T12:29:21Z sample=69, 27.57, P0, 1725, 14001, 10752
2026-08-06T12:29:22Z sample=70, 33.46, P0, 1657, 14001, 11776
2026-08-06T12:29:23Z sample=70, 35.59, P0, 1702, 14001, 12544
2026-08-06T12:29:24Z sample=69, 37.15, P4, 1687, 14001, 13568
2026-08-06T12:29:25Z sample=70, 27.83, P4, 517, 9001, 14336
2026-08-06T12:29:24Z sample=69, 20.03, P4, 615, 9001, 15104
2026-08-06T12:29:25Z sample=69, 27.72, P4, 682, 9001, 15872
2026-08-06T12:29:26Z sample=69, 54.35, P0, 180, 810, 15874
2026-08-06T12:29:27Z sample=72, 53.68, P4, 1350, 14001, 15874
2026-08-06T12:29:28Z sample=72, 50.88, P0, 1507, 9001, 15874
2026-08-06T12:29:29Z sample=72, 51.67, P0, 1492, 14001, 15874
2026-08-06T12:29:30Z sample=70, 22.24, P4, 847, 11001, 15874
2026-08-06T12:29:31Z sample=70, 21.84, P4, 322, 9001, 15874
2026-08-06T12:29:32Z sample=70, 25.37, P4, 277, 9001, 15874
2026-08-06T12:29:33Z sample=70, 19.97, P4, 337, 9001, 15874
2026-08-06T12:29:35Z sample=70, 20.64, P4, 345, 9001, 15874
2026-08-06T12:29:36Z sample=70, 26.29, P4, 330, 9001, 15874
2026-08-06T12:29:37Z sample=70, 48.16, P4, 360, 9001, 15874
2026-08-06T12:29:38Z sample=71, 50.19, P4, 1102, 11001, 15874
2026-08-06T12:29:39Z sample=72, 54.15, P4, 1110, 11001, 15874
2026-08-06T12:29:40Z sample=70, 20.00, P4, 285, 9001, 15914
2026-08-06T12:29:41Z sample=71, 20.19, P4, 382, 9001, 15914
2026-08-06T12:29:42Z sample=71, 28.88, P4, 480, 9001, 15914
2026-08-06T12:29:43Z sample=70, 20.51, P4, 420, 9001, 15914
2026-08-06T12:29:44Z sample=70, 27.18, P4, 442, 9001, 15914
2026-08-06T12:29:45Z sample=72, 74.60, P4, 1222, 9001, 15914
2026-08-06T12:29:47Z sample=72, 38.22, P4, 1477, 9001, 15914
2026-08-06T12:29:48Z sample=73, 44.53, P4, 1222, 9001, 15914
2026-08-06T12:29:49Z sample=73, 25.01, P4, 937, 9001, 15910
2026-08-06T12:29:50Z sample=73, 38.19, P2, 847, 9001, 15910
2026-08-06T12:29:51Z sample=71, 40.07, P4, 667, 9001, 15910
2026-08-06T12:29:52Z sample=71, 33.29, P4, 645, 9001, 15910
2026-08-06T12:29:53Z sample=71, 21.55, P4, 502, 9001, 15910
2026-08-06T12:29:54Z sample=73, 30.97, P4, 727, 9001, 15910
2026-08-06T12:29:55Z sample=71, 33.51, P4, 442, 9001, 15910
2026-08-06T12:29:54Z sample=73, 45.07, P4, 1500, 14001, 15910
2026-08-06T12:29:55Z sample=72, 68.00, P0, 1545, 9001, 15910
2026-08-06T12:29:56Z sample=73, 53.56, P0, 1380, 9001, 15910
2026-08-06T12:29:57Z sample=73, 63.81, P0, 1410, 14001, 15910
2026-08-06T12:29:58Z sample=74, 58.46, P4, 1635, 14001, 15910
2026-08-06T12:29:59Z sample=73, 46.85, P0, 1477, 14001, 15910
2026-08-06T12:30:00Z sample=73, 44.34, P2, 1590, 9001, 15910
2026-08-06T12:30:01Z sample=72, 37.97, P4, 585, 9001, 15910
2026-08-06T12:30:02Z sample=72, 57.64, P4, 735, 9001, 15910
2026-08-06T12:30:03Z sample=71, 33.52, P4, 577, 9001, 15910
2026-08-06T12:30:04Z sample=73, 31.68, P4, 645, 9001, 15910
2026-08-06T12:30:06Z sample=71, 25.51, P4, 547, 9001, 15910
2026-08-06T12:30:07Z sample=71, 56.66, P2, 720, 9001, 15910
2026-08-06T12:30:08Z sample=73, 47.85, P0, 1485, 9001, 15910
2026-08-06T12:30:09Z sample=73, 41.31, P4, 1515, 9001, 15910
2026-08-06T12:30:10Z sample=73, 49.55, P4, 1620, 9001, 15910
2026-08-06T12:30:11Z sample=73, 40.46, P4, 1590, 9001, 15910
2026-08-06T12:30:12Z sample=73, 53.92, P4, 1477, 9001, 15910
2026-08-06T12:30:13Z sample=74, 57.26, P4, 1395, 9001, 15910
2026-08-06T12:30:14Z sample=74, 63.00, P4, 1695, 14001, 15910
2026-08-06T12:30:16Z sample=74, 51.13, P4, 1552, 9001, 15910
2026-08-06T12:30:17Z sample=74, 53.99, P0, 1462, 9001, 15910
2026-08-06T12:30:18Z sample=75, 50.08, P4, 1200, 9001, 15910
2026-08-06T12:30:19Z sample=74, 38.69, P4, 1530, 14001, 15910
2026-08-06T12:30:20Z sample=74, 35.08, P4, 637, 9001, 15910
2026-08-06T12:30:21Z sample=72, 31.07, P4, 450, 9001, 15910
2026-08-06T12:30:22Z sample=72, 21.67, P4, 502, 9001, 15910
2026-08-06T12:30:23Z sample=72, 34.28, P4, 577, 9001, 15910
2026-08-06T12:30:24Z sample=73, 70.12, P4, 1245, 9001, 15910
2026-08-06T12:30:25Z sample=74, 62.32, P4, 1620, 9001, 15910
2026-08-06T12:30:24Z sample=74, 55.02, P4, 1597, 9001, 15910
2026-08-06T12:30:25Z sample=74, 43.51, P2, 1447, 11001, 15910
2026-08-06T12:30:26Z sample=74, 57.99, P2, 1417, 9001, 15910
2026-08-06T12:30:27Z sample=75, 71.82, P4, 1590, 11001, 15910
2026-08-06T12:30:28Z sample=74, 53.03, P4, 1560, 9001, 15910
2026-08-06T12:30:29Z sample=74, 46.29, P4, 1410, 9001, 15910
2026-08-06T12:30:30Z sample=74, 61.83, P2, 1162, 11001, 15910
2026-08-06T12:30:31Z sample=74, 50.98, P4, 1065, 11001, 15910
2026-08-06T12:30:32Z sample=75, 55.22, P4, 1500, 11001, 15910
2026-08-06T12:30:34Z sample=73, 30.53, P4, 577, 9001, 15910
2026-08-06T12:30:35Z sample=73, 35.98, P4, 577, 9001, 15910
2026-08-06T12:30:36Z sample=74, 33.74, P4, 630, 9001, 15910
2026-08-06T12:30:37Z sample=73, 30.77, P4, 555, 9001, 15910
2026-08-06T12:30:38Z sample=73, 21.32, P4, 622, 9001, 15910
2026-08-06T12:30:39Z sample=73, 48.34, P2, 922, 9001, 15910
2026-08-06T12:30:40Z sample=74, 52.37, P2, 1402, 11001, 15910
2026-08-06T12:30:41Z sample=75, 22.86, P4, 1312, 11001, 15910
2026-08-06T12:30:42Z sample=74, 32.21, P4, 832, 9001, 15910
2026-08-06T12:30:43Z sample=73, 34.39, P4, 667, 9001, 15910
2026-08-06T12:30:44Z sample=73, 34.05, P4, 750, 9001, 15910
2026-08-06T12:30:46Z sample=73, 36.53, P4, 562, 9001, 15910
2026-08-06T12:30:47Z sample=74, 39.80, P4, 1320, 9001, 15910
2026-08-06T12:30:48Z sample=75, 48.27, P4, 1207, 9001, 15910
2026-08-06T12:30:49Z sample=75, 36.57, P2, 1605, 11001, 15910
2026-08-06T12:30:50Z sample=73, 23.28, P4, 517, 9001, 15910
2026-08-06T12:30:51Z sample=74, 23.51, P4, 840, 9001, 15910
2026-08-06T12:30:52Z sample=74, 37.31, P4, 645, 9001, 15910
2026-08-06T12:30:53Z sample=73, 29.68, P4, 675, 9001, 15910
2026-08-06T12:30:54Z sample=75, 47.19, P4, 727, 9001, 15910
2026-08-06T12:30:53Z sample=74, 47.76, P4, 1402, 9001, 15910
2026-08-06T12:30:54Z sample=74, 57.98, P2, 1455, 9001, 15910
2026-08-06T12:30:55Z sample=75, 65.02, P4, 1687, 11001, 15910
2026-08-06T12:30:56Z sample=76, 56.89, P4, 1500, 11001, 15910
2026-08-06T12:30:57Z sample=76, 57.27, P4, 1575, 11001, 15910
2026-08-06T12:30:58Z sample=76, 30.13, P4, 960, 9001, 15910
2026-08-06T12:30:59Z sample=74, 23.12, P4, 645, 9001, 15910
2026-08-06T12:31:00Z sample=74, 29.26, P4, 660, 9001, 15910
2026-08-06T12:31:01Z sample=73, 37.24, P4, 502, 9001, 15910
2026-08-06T12:31:03Z sample=73, 31.34, P4, 547, 9001, 15910
2026-08-06T12:31:04Z sample=74, 52.16, P4, 1522, 11001, 15910
2026-08-06T12:31:05Z sample=75, 65.22, P4, 1252, 11001, 15910
2026-08-06T12:31:06Z sample=75, 42.86, P0, 1957, 11001, 15910
2026-08-06T12:31:07Z sample=75, 50.68, P4, 1492, 14001, 15910
2026-08-06T12:31:08Z sample=74, 50.13, P4, 1132, 14001, 15910
2026-08-06T12:31:09Z sample=76, 54.30, P0, 1620, 14001, 15910
2026-08-06T12:31:10Z sample=75, 52.72, P4, 1410, 9001, 15910
2026-08-06T12:31:11Z sample=75, 66.73, P4, 1432, 9001, 15910
2026-08-06T12:31:12Z sample=75, 51.16, P2, 1582, 11001, 15910
2026-08-06T12:31:13Z sample=76, 54.49, P4, 1582, 11001, 15910
