ds4: Linux cuda backend set oom_score_adj=1000
ds4: CUDA backend initialized on NVIDIA GeForce RTX 5080 Laptop GPU (sm_120) dev=0
ds4: cuda SSD streaming total expert budget 10.00 GiB = 3.38 GiB prefill headroom + 6.62 GiB dynamic cache (1005 experts, 6.75 MiB each)
ds4: SSD streaming initial cuda model map restricted to token embedding (1 spans, 0.99 GiB tensor span)
ds4: CUDA host registration skipped: out of memory
ds4: CUDA preparing model tensor mappings
ds4: CUDA loading model tensors into device cache
ds4: CUDA startup model preparation covered 0.99 GiB of tensor spans in 0.531s
ds4: cuda backend initialized for graph diagnostics
ds4: memory: KV 0.07 GiB (raw 0.02 + compressed 0.05) + buffers 0.00 GiB + resident model 0.99 GiB + expert cache 6.62 GiB + prefill expert reserve 3.38 GiB = 11.06 GiB planned
ds4: memory detail: ctx=4096 prefill_cap=128 raw_kv_rows=256 compressed_kv_rows=1026 backend=cuda
0806 13:59:32 ds4-server: context buffers 76.50 MiB (ctx=4096, backend=cuda, prefill_chunk=128, raw_kv_rows=256, compressed_kv_rows=1026)
0806 13:59:32 ds4-server: listening on http://127.0.0.1:18080
0806 13:59:32 ds4-server: chat ctx=0..21:21 prompt start
ds4: DS4_CUDA_MMQ=0 - mmq prefill tier disabled
ds4: CUDA layer expert cache allocated 6.62 GiB (1005 prefill experts, 1005 decode experts across 43 layers)
ds4: CUDA loading model tensors 6.88 GiB cached
0806 13:59:44 ds4-server: chat ctx=0..21:21 prompt done 11.050s
0806 13:59:48 ds4-server: chat ctx=21..32:11 gen=11 decoding chunk=2.65 t/s avg=2.65 t/s 4.159s
0806 13:59:48 ds4-server: chat ctx=0..21:21 gen=11 finish=stop 15.212s
0806 13:59:48 ds4-server: live kv cache miss live=32 prompt=20 common=2 reason=token-mismatch
0806 13:59:48 ds4-server: chat ctx=0..20:20 prompt start
0806 13:59:54 ds4-server: chat ctx=0..20:20 prompt done 8.562s
0806 13:59:56 ds4-server: chat ctx=20..27:7 gen=7 decoding chunk=2.56 t/s avg=2.56 t/s 2.740s
0806 13:59:56 ds4-server: chat ctx=0..20:20 gen=7 finish=stop 11.306s
0806 13:59:56 ds4-server: live kv cache miss live=27 prompt=24 common=2 reason=token-mismatch
0806 13:59:56 ds4-server: chat ctx=0..24:24 prompt start
0806 14:00:02 ds4-server: chat ctx=0..24:24 prompt done 5.663s
0806 14:00:06 ds4-server: chat ctx=24..32:8 gen=8 decoding chunk=2.06 t/s avg=2.06 t/s 3.882s
0806 14:00:06 ds4-server: chat ctx=0..24:24 gen=8 finish=stop 9.549s
0806 14:00:06 ds4-server: live kv cache miss live=32 prompt=42 common=2 reason=token-mismatch
0806 14:00:06 ds4-server: chat ctx=0..42:42 prompt start
0806 14:00:15 ds4-server: chat ctx=0..42:42 prompt done 8.628s
0806 14:00:21 ds4-server: chat ctx=42..64:22 gen=22 decoding chunk=2.37 t/s avg=2.37 t/s 9.267s
0806 14:00:21 ds4-server: chat ctx=0..42:42 gen=22 finish=stop 17.899s
0806 14:00:21 ds4-server: live kv cache miss live=64 prompt=29 common=2 reason=token-mismatch
0806 14:00:21 ds4-server: chat ctx=0..29:29 prompt start
0806 14:00:29 ds4-server: chat ctx=0..29:29 prompt done 8.036s
0806 14:00:45 ds4-server: chat ctx=29..61:32 gen=32 decoding chunk=2.08 t/s avg=2.08 t/s 15.370s
0806 14:00:45 ds4-server: chat ctx=0..29:29 gen=32 finish=length 23.411s
0806 14:00:45 ds4-server: live kv cache miss live=61 prompt=29 common=2 reason=token-mismatch
0806 14:00:45 ds4-server: chat ctx=0..29:29 prompt start
0806 14:00:50 ds4-server: chat ctx=0..29:29 prompt done 7.541s
0806 14:01:05 ds4-server: chat ctx=29..61:32 gen=32 decoding chunk=2.13 t/s avg=2.13 t/s 15.018s
0806 14:01:05 ds4-server: chat ctx=0..29:29 gen=32 finish=length 22.563s
0806 14:01:05 ds4-server: live kv cache miss live=61 prompt=32 common=2 reason=token-mismatch
0806 14:01:05 ds4-server: chat ctx=0..32:32 prompt start
0806 14:01:13 ds4-server: chat ctx=0..32:32 prompt done 7.890s
0806 14:01:17 ds4-server: chat ctx=32..40:8 gen=8 decoding chunk=2.01 t/s avg=2.01 t/s 3.979s
0806 14:01:17 ds4-server: chat ctx=0..32:32 gen=8 finish=stop 11.874s
0806 14:01:17 ds4-server: live kv cache miss live=40 prompt=24 common=2 reason=token-mismatch
0806 14:01:17 ds4-server: chat ctx=0..24:24 prompt start
0806 14:01:21 ds4-server: chat ctx=0..24:24 prompt done 7.335s
0806 14:01:26 ds4-server: chat ctx=24..33:9 gen=9 decoding chunk=2.00 t/s avg=2.00 t/s 4.510s
0806 14:01:26 ds4-server: chat ctx=0..24:24 gen=9 finish=stop 11.848s
0806 14:01:26 ds4-server: live kv cache miss live=33 prompt=21 common=2 reason=token-mismatch
0806 14:01:26 ds4-server: chat ctx=0..21:21 prompt start
0806 14:01:33 ds4-server: chat ctx=0..21:21 prompt done 7.409s
0806 14:01:42 ds4-server: chat ctx=21..41:20 gen=20 decoding chunk=2.34 t/s avg=2.34 t/s 8.562s
0806 14:01:42 ds4-server: chat ctx=0..21:21 gen=20 finish=stop 15.975s
0806 14:01:42 ds4-server: live kv cache miss live=41 prompt=26 common=2 reason=token-mismatch
0806 14:01:42 ds4-server: chat ctx=0..26:26 prompt start
0806 14:01:47 ds4-server: chat ctx=0..26:26 prompt done 8.022s
0806 14:02:02 ds4-server: chat ctx=26..58:32 gen=32 decoding chunk=2.16 t/s avg=2.16 t/s 14.828s
0806 14:02:02 ds4-server: chat ctx=0..26:26 gen=32 finish=length 22.854s
0806 14:02:02 ds4-server: shutdown requested, draining requests
