2026-08-07T13:22:39Z temp_c=62
2026-08-07T13:22:45Z temp_c=62
2026-08-07T13:22:50Z temp_c=62
2026-08-07T13:22:55Z temp_c=62
2026-08-07T13:23:01Z temp_c=62
2026-08-07T13:23:06Z temp_c=62
2026-08-07T13:23:11Z temp_c=62
2026-08-07T13:23:16Z temp_c=62
2026-08-07T13:23:21Z temp_c=61
2026-08-07T13:23:26Z temp_c=61
2026-08-07T13:23:31Z temp_c=61
2026-08-07T13:23:37Z temp_c=61
2026-08-07T13:23:42Z temp_c=61
2026-08-07T13:23:47Z temp_c=61
2026-08-07T13:23:52Z temp_c=61
2026-08-07T13:23:57Z temp_c=61
2026-08-07T13:24:03Z temp_c=60
2026-08-07T13:24:04Z sample=61, 25.91, P0, 1605, 14001, 2775
2026-08-07T13:24:05Z sample=61, 27.53, P0, 1530, 14001, 8447
2026-08-07T13:24:07Z sample=61, 30.34, P0, 1597, 14001, 9221
2026-08-07T13:24:08Z sample=62, 30.63, P0, 1635, 14001, 9989
2026-08-07T13:24:09Z sample=62, 30.34, P0, 1687, 14001, 10757
2026-08-07T13:24:10Z sample=62, 30.69, P0, 1612, 14001, 11525
2026-08-07T13:24:11Z sample=62, 30.86, P0, 1657, 14001, 12549
2026-08-07T13:24:12Z sample=62, 30.89, P0, 1650, 14001, 13317
2026-08-07T13:24:13Z sample=62, 28.52, P0, 1687, 14001, 14085
2026-08-07T13:24:14Z sample=62, 31.55, P0, 1642, 14001, 14853
2026-08-07T13:24:15Z sample=62, 43.70, P0, 1897, 14001, 15879
2026-08-07T13:24:16Z sample=63, 60.74, P0, 1912, 14001, 15879
2026-08-07T13:24:17Z sample=64, 48.26, P0, 1920, 14001, 15879
2026-08-07T13:24:19Z sample=63, 31.50, P0, 1530, 14001, 15879
2026-08-07T13:24:20Z sample=63, 31.37, P0, 1560, 14001, 15879
2026-08-07T13:24:21Z sample=63, 30.84, P0, 1552, 14001, 15879
2026-08-07T13:24:22Z sample=63, 29.53, P0, 1560, 14001, 15879
2026-08-07T13:24:23Z sample=63, 28.92, P0, 1560, 14001, 15879
2026-08-07T13:24:24Z sample=63, 30.48, P0, 1530, 14001, 15879
2026-08-07T13:24:25Z sample=64, 45.35, P0, 1845, 14001, 15879
2026-08-07T13:24:26Z sample=64, 26.17, P0, 1920, 14001, 15899
2026-08-07T13:24:27Z sample=63, 33.08, P0, 1582, 14001, 15919
2026-08-07T13:24:28Z sample=64, 56.40, P0, 1635, 14001, 15919
2026-08-07T13:24:29Z sample=65, 32.47, P0, 1597, 14001, 15919
2026-08-07T13:24:30Z sample=64, 33.16, P0, 1552, 14001, 15919
2026-08-07T13:24:31Z sample=64, 44.68, P0, 1897, 14001, 15919
2026-08-07T13:24:32Z sample=65, 47.01, P0, 1875, 14001, 15919
2026-08-07T13:24:33Z sample=64, 25.70, P0, 1522, 14001, 15937
2026-08-07T13:24:34Z sample=64, 37.94, P0, 1867, 14001, 15915
2026-08-07T13:24:35Z sample=64, 26.57, P0, 1762, 14001, 15915
2026-08-07T13:24:36Z sample=65, 37.21, P0, 1702, 14001, 15915
2026-08-07T13:24:37Z sample=66, 33.10, P0, 1665, 14001, 15915
2026-08-07T13:24:38Z sample=65, 26.44, P0, 1762, 14001, 15915
2026-08-07T13:24:41Z sample=65, 53.06, P0, 1732, 14001, 15915
2026-08-07T13:24:42Z sample=66, 60.03, P0, 1882, 14001, 15915
2026-08-07T13:24:43Z sample=66, 54.53, P0, 1957, 14001, 15915
2026-08-07T13:24:44Z sample=66, 45.78, P0, 1897, 14001, 15915
2026-08-07T13:24:45Z sample=66, 54.03, P0, 1822, 14001, 15915
2026-08-07T13:24:46Z sample=67, 53.18, P0, 1935, 14001, 15915
2026-08-07T13:24:47Z sample=67, 51.46, P0, 1897, 14001, 15915
2026-08-07T13:24:48Z sample=66, 58.35, P0, 1815, 14001, 15915
2026-08-07T13:24:49Z sample=66, 35.07, P0, 1785, 14001, 15915
2026-08-07T13:24:50Z sample=66, 35.13, P0, 1672, 14001, 15915
2026-08-07T13:24:51Z sample=65, 35.02, P0, 1740, 14001, 15915
2026-08-07T13:24:52Z sample=66, 35.30, P0, 1657, 14001, 15915
2026-08-07T13:24:53Z sample=66, 46.55, P0, 1807, 14001, 15915
2026-08-07T13:24:54Z sample=67, 48.01, P0, 1897, 14001, 15915
2026-08-07T13:24:55Z sample=67, 50.17, P0, 1860, 14001, 15915
2026-08-07T13:24:56Z sample=67, 47.10, P0, 1822, 14001, 15915
2026-08-07T13:24:57Z sample=67, 46.75, P0, 1830, 14001, 15915
2026-08-07T13:24:58Z sample=67, 47.00, P0, 1815, 14001, 15915
2026-08-07T13:24:59Z sample=67, 48.87, P0, 1860, 14001, 15915
2026-08-07T13:25:01Z sample=67, 47.33, P0, 1837, 14001, 15915
2026-08-07T13:25:02Z sample=67, 48.46, P0, 1837, 14001, 15915
2026-08-07T13:25:03Z sample=66, 38.13, P0, 1762, 14001, 15915
2026-08-07T13:25:04Z sample=67, 63.91, P0, 1687, 14001, 15915
2026-08-07T13:25:05Z sample=66, 36.85, P0, 1732, 14001, 15915
2026-08-07T13:25:06Z sample=67, 35.75, P0, 1657, 14001, 15915
2026-08-07T13:25:07Z sample=67, 41.62, P0, 1845, 14001, 15915
2026-08-07T13:25:08Z sample=67, 48.45, P0, 1822, 14001, 15915
2026-08-07T13:25:09Z sample=68, 49.81, P0, 1807, 14001, 15915
2026-08-07T13:25:10Z sample=67, 49.35, P0, 1747, 14001, 15915
2026-08-07T13:25:11Z sample=68, 53.49, P0, 1807, 14001, 15915
2026-08-07T13:25:12Z sample=68, 48.96, P0, 1882, 14001, 15915
2026-08-07T13:25:14Z sample=68, 47.26, P0, 1867, 14001, 15915
2026-08-07T13:25:15Z sample=68, 46.47, P0, 1845, 14001, 15915
2026-08-07T13:25:16Z sample=68, 27.09, P0, 1912, 14001, 15915
2026-08-07T13:25:17Z sample=69, 37.97, P0, 1740, 14001, 15915
2026-08-07T13:25:18Z sample=67, 36.31, P0, 1642, 14001, 15915
2026-08-07T13:25:20Z sample=68, 31.56, P0, 1680, 14001, 15915
2026-08-07T13:25:21Z sample=67, 36.80, P0, 1635, 14001, 15915
2026-08-07T13:25:22Z sample=68, 42.30, P0, 1672, 14001, 15915
2026-08-07T13:25:23Z sample=69, 49.46, P0, 1860, 14001, 15915
2026-08-07T13:25:24Z sample=68, 26.80, P0, 1822, 14001, 15915
2026-08-07T13:25:25Z sample=68, 43.18, P0, 1665, 14001, 15915
2026-08-07T13:25:26Z sample=68, 39.45, P0, 1680, 14001, 15915
2026-08-07T13:25:27Z sample=68, 38.34, P0, 1687, 14001, 15915
2026-08-07T13:25:28Z sample=68, 42.64, P0, 1747, 14001, 15915
2026-08-07T13:25:29Z sample=69, 50.80, P0, 1837, 14001, 15915
2026-08-07T13:25:30Z sample=69, 64.49, P0, 1987, 14001, 15915
2026-08-07T13:25:31Z sample=69, 33.65, P0, 1732, 14001, 15915
2026-08-07T13:25:32Z sample=68, 35.44, P0, 1717, 14001, 15915
2026-08-07T13:25:33Z sample=68, 38.49, P0, 1635, 14001, 15915
2026-08-07T13:25:34Z sample=68, 35.82, P0, 1635, 14001, 15915
2026-08-07T13:25:35Z sample=69, 47.78, P0, 1845, 14001, 15915
2026-08-07T13:25:36Z sample=70, 50.18, P0, 1837, 14001, 15915
2026-08-07T13:25:37Z sample=70, 57.32, P0, 2025, 14001, 15915
2026-08-07T13:25:38Z sample=69, 54.13, P0, 1897, 14001, 15915
2026-08-07T13:25:39Z sample=69, 41.41, P0, 2010, 14001, 15915
2026-08-07T13:25:41Z sample=69, 49.15, P0, 1762, 14001, 15915
2026-08-07T13:25:42Z sample=69, 28.67, P0, 1657, 14001, 15915
2026-08-07T13:25:43Z sample=69, 28.23, P0, 1665, 14001, 15915
2026-08-07T13:25:44Z sample=69, 29.05, P0, 1650, 14001, 15915
2026-08-07T13:25:45Z sample=70, 29.84, P0, 1702, 14001, 15915
2026-08-07T13:25:47Z sample=69, 45.97, P0, 1875, 14001, 15915
2026-08-07T13:25:48Z sample=70, 50.75, P0, 1942, 14001, 15915
2026-08-07T13:25:49Z sample=70, 49.15, P0, 1957, 14001, 15915
2026-08-07T13:25:50Z sample=70, 49.18, P0, 1875, 14001, 15915
2026-08-07T13:25:51Z sample=70, 49.53, P0, 1912, 14001, 15915
2026-08-07T13:25:52Z sample=70, 50.36, P0, 1830, 14001, 15915
2026-08-07T13:25:53Z sample=70, 51.21, P0, 1860, 14001, 15915
