ds4: Linux cuda backend set oom_score_adj=1000
ds4: CUDA backend initialized on NVIDIA GeForce RTX 5080 Laptop GPU (sm_120) dev=0
ds4: cuda SSD streaming total expert budget 8.00 GiB = 3.38 GiB prefill headroom + 4.62 GiB dynamic cache (701 experts, 6.75 MiB each)
ds4: SSD streaming initial cuda model map restricted to token embedding (1 spans, 0.99 GiB tensor span)
ds4: CUDA host registration skipped: out of memory
ds4: CUDA preparing model tensor mappings
ds4: CUDA loading model tensors into device cache
ds4: CUDA startup model preparation covered 0.99 GiB of tensor spans in 0.411s
ds4: cuda backend initialized for graph diagnostics
ds4: memory: KV 1.70 GiB (raw 0.02 + compressed 1.68) + buffers 0.03 GiB + resident model 0.99 GiB + expert cache 4.62 GiB + prefill expert reserve 3.38 GiB = 10.71 GiB planned
ds4: memory detail: ctx=131072 prefill_cap=128 raw_kv_rows=256 compressed_kv_rows=32770 backend=cuda
0807 15:01:10 ds4-server: context buffers 1773.75 MiB (ctx=131072, backend=cuda, prefill_chunk=128, raw_kv_rows=256, compressed_kv_rows=32770)
ds4: CUDA lazy compressed KV enabled: initial_tokens=8 ctx=131072
0807 15:01:10 ds4-server: listening on http://127.0.0.1:18080
0807 15:01:11 ds4-server: chat ctx=0..21:21 prompt start
ds4: DS4_CUDA_MMQ=0 - mmq prefill tier disabled
ds4: CUDA layer expert cache allocated 4.62 GiB (701 experts across 43 layers)
ds4: CUDA lazy compressed KV grew layer=2 rows=4->8 required=5
ds4: CUDA lazy compressed KV grew layer=4 rows=4->8 required=5
ds4: CUDA lazy compressed KV grew layer=6 rows=4->8 required=5
ds4: CUDA lazy compressed KV grew layer=8 rows=4->8 required=5
ds4: CUDA lazy compressed KV grew layer=10 rows=4->8 required=5
ds4: CUDA lazy compressed KV grew layer=12 rows=4->8 required=5
ds4: CUDA lazy compressed KV grew layer=14 rows=4->8 required=5
ds4: CUDA lazy compressed KV grew layer=16 rows=4->8 required=5
ds4: CUDA lazy compressed KV grew layer=18 rows=4->8 required=5
ds4: CUDA lazy compressed KV grew layer=20 rows=4->8 required=5
ds4: CUDA lazy compressed KV grew layer=22 rows=4->8 required=5
ds4: CUDA lazy compressed KV grew layer=24 rows=4->8 required=5
ds4: CUDA lazy compressed KV grew layer=26 rows=4->8 required=5
ds4: CUDA lazy compressed KV grew layer=28 rows=4->8 required=5
ds4: CUDA lazy compressed KV grew layer=30 rows=4->8 required=5
ds4: CUDA lazy compressed KV grew layer=32 rows=4->8 required=5
ds4: CUDA lazy compressed KV grew layer=34 rows=4->8 required=5
ds4: CUDA lazy compressed KV grew layer=36 rows=4->8 required=5
ds4: CUDA lazy compressed KV grew layer=38 rows=4->8 required=5
ds4: CUDA lazy compressed KV grew layer=40 rows=4->8 required=5
ds4: CUDA loading model tensors 7.44 GiB cached
ds4: CUDA lazy compressed KV grew layer=42 rows=4->8 required=5
0807 15:01:21 ds4-server: chat ctx=0..21:21 prompt done 9.641s
0807 15:01:24 ds4-server: chat ctx=21..32:11 gen=11 decoding chunk=3.75 t/s avg=3.75 t/s 2.934s
0807 15:01:24 ds4-server: chat ctx=0..21:21 gen=11 finish=stop 12.578s
0807 15:01:24 ds4-server: live kv cache miss live=32 prompt=20 common=2 reason=token-mismatch
0807 15:01:24 ds4-server: chat ctx=0..20:20 prompt start
0807 15:01:30 ds4-server: chat ctx=0..20:20 prompt done 6.104s
0807 15:01:32 ds4-server: chat ctx=20..27:7 gen=7 decoding chunk=3.56 t/s avg=3.56 t/s 1.967s
0807 15:01:32 ds4-server: chat ctx=0..20:20 gen=7 finish=stop 8.073s
0807 15:01:32 ds4-server: live kv cache miss live=27 prompt=24 common=2 reason=token-mismatch
0807 15:01:32 ds4-server: chat ctx=0..24:24 prompt start
0807 15:01:37 ds4-server: chat ctx=0..24:24 prompt done 4.572s
0807 15:01:40 ds4-server: chat ctx=24..32:8 gen=8 decoding chunk=3.20 t/s avg=3.20 t/s 2.503s
0807 15:01:40 ds4-server: chat ctx=0..24:24 gen=8 finish=stop 7.077s
0807 15:01:40 ds4-server: live kv cache miss live=32 prompt=42 common=2 reason=token-mismatch
0807 15:01:40 ds4-server: chat ctx=0..42:42 prompt start
ds4: CUDA lazy compressed KV grew layer=2 rows=8->16 required=10
ds4: CUDA lazy compressed KV grew layer=4 rows=8->16 required=10
ds4: CUDA lazy compressed KV grew layer=6 rows=8->16 required=10
ds4: CUDA lazy compressed KV grew layer=8 rows=8->16 required=10
ds4: CUDA lazy compressed KV grew layer=10 rows=8->16 required=10
ds4: CUDA lazy compressed KV grew layer=12 rows=8->16 required=10
ds4: CUDA lazy compressed KV grew layer=14 rows=8->16 required=10
ds4: CUDA lazy compressed KV grew layer=16 rows=8->16 required=10
ds4: CUDA lazy compressed KV grew layer=18 rows=8->16 required=10
ds4: CUDA lazy compressed KV grew layer=20 rows=8->16 required=10
ds4: CUDA lazy compressed KV grew layer=22 rows=8->16 required=10
ds4: CUDA lazy compressed KV grew layer=24 rows=8->16 required=10
ds4: CUDA lazy compressed KV grew layer=26 rows=8->16 required=10
ds4: CUDA lazy compressed KV grew layer=28 rows=8->16 required=10
ds4: CUDA lazy compressed KV grew layer=30 rows=8->16 required=10
ds4: CUDA lazy compressed KV grew layer=32 rows=8->16 required=10
ds4: CUDA lazy compressed KV grew layer=34 rows=8->16 required=10
ds4: CUDA lazy compressed KV grew layer=36 rows=8->16 required=10
ds4: CUDA lazy compressed KV grew layer=38 rows=8->16 required=10
ds4: CUDA lazy compressed KV grew layer=40 rows=8->16 required=10
ds4: CUDA lazy compressed KV grew layer=42 rows=8->16 required=10
0807 15:01:46 ds4-server: chat ctx=0..42:42 prompt done 6.256s
0807 15:01:53 ds4-server: chat ctx=42..64:22 gen=22 decoding chunk=3.58 t/s avg=3.58 t/s 6.145s
0807 15:01:53 ds4-server: chat ctx=0..42:42 gen=22 finish=stop 12.404s
0807 15:01:53 ds4-server: live kv cache miss live=64 prompt=29 common=2 reason=token-mismatch
0807 15:01:53 ds4-server: chat ctx=0..29:29 prompt start
0807 15:01:58 ds4-server: chat ctx=0..29:29 prompt done 4.875s
0807 15:02:07 ds4-server: chat ctx=29..61:32 gen=32 decoding chunk=3.42 t/s avg=3.42 t/s 9.358s
0807 15:02:07 ds4-server: chat ctx=0..29:29 gen=32 finish=length 14.236s
0807 15:02:07 ds4-server: live kv cache miss live=61 prompt=29 common=2 reason=token-mismatch
0807 15:02:07 ds4-server: chat ctx=0..29:29 prompt start
0807 15:02:12 ds4-server: chat ctx=0..29:29 prompt done 4.313s
0807 15:02:21 ds4-server: chat ctx=29..61:32 gen=32 decoding chunk=3.78 t/s avg=3.78 t/s 8.460s
0807 15:02:21 ds4-server: chat ctx=0..29:29 gen=32 finish=length 12.775s
0807 15:02:21 ds4-server: live kv cache miss live=61 prompt=32 common=2 reason=token-mismatch
0807 15:02:21 ds4-server: chat ctx=0..32:32 prompt start
0807 15:02:26 ds4-server: chat ctx=0..32:32 prompt done 4.523s
0807 15:02:28 ds4-server: chat ctx=32..40:8 gen=8 decoding chunk=3.55 t/s avg=3.55 t/s 2.255s
0807 15:02:28 ds4-server: chat ctx=0..32:32 gen=8 finish=stop 6.782s
0807 15:02:28 ds4-server: live kv cache miss live=40 prompt=24 common=2 reason=token-mismatch
0807 15:02:28 ds4-server: chat ctx=0..24:24 prompt start
0807 15:02:32 ds4-server: chat ctx=0..24:24 prompt done 3.886s
0807 15:02:34 ds4-server: chat ctx=24..33:9 gen=9 decoding chunk=3.74 t/s avg=3.74 t/s 2.406s
0807 15:02:34 ds4-server: chat ctx=0..24:24 gen=9 finish=stop 6.295s
0807 15:02:34 ds4-server: live kv cache miss live=33 prompt=21 common=2 reason=token-mismatch
0807 15:02:34 ds4-server: chat ctx=0..21:21 prompt start
0807 15:02:39 ds4-server: chat ctx=0..21:21 prompt done 4.095s
0807 15:02:43 ds4-server: chat ctx=21..41:20 gen=20 decoding chunk=4.04 t/s avg=4.04 t/s 4.948s
0807 15:02:43 ds4-server: chat ctx=0..21:21 gen=20 finish=stop 9.045s
0807 15:02:43 ds4-server: live kv cache miss live=41 prompt=26 common=2 reason=token-mismatch
0807 15:02:43 ds4-server: chat ctx=0..26:26 prompt start
0807 15:02:48 ds4-server: chat ctx=0..26:26 prompt done 4.513s
0807 15:02:58 ds4-server: chat ctx=26..58:32 gen=32 decoding chunk=3.84 t/s avg=3.84 t/s 8.334s
0807 15:02:58 ds4-server: chat ctx=0..26:26 gen=32 finish=length 12.850s
0807 15:02:58 ds4-server: shutdown requested, draining requests
