2026-08-07T12:59:05Z temp_c=69
2026-08-07T12:59:10Z temp_c=68
2026-08-07T12:59:15Z temp_c=68
2026-08-07T12:59:20Z temp_c=68
2026-08-07T12:59:25Z temp_c=68
2026-08-07T12:59:30Z temp_c=68
2026-08-07T12:59:36Z temp_c=68
2026-08-07T12:59:41Z temp_c=68
2026-08-07T12:59:46Z temp_c=68
2026-08-07T12:59:51Z temp_c=68
2026-08-07T12:59:56Z temp_c=68
2026-08-07T13:00:01Z temp_c=68
2026-08-07T13:00:08Z temp_c=68
2026-08-07T13:00:13Z temp_c=68
2026-08-07T13:00:18Z temp_c=67
2026-08-07T13:00:23Z temp_c=67
2026-08-07T13:00:28Z temp_c=67
2026-08-07T13:00:33Z temp_c=67
2026-08-07T13:00:38Z temp_c=67
2026-08-07T13:00:44Z temp_c=67
2026-08-07T13:00:49Z temp_c=67
2026-08-07T13:00:54Z temp_c=66
2026-08-07T13:00:59Z temp_c=66
2026-08-07T13:01:04Z temp_c=66
2026-08-07T13:01:09Z temp_c=65
2026-08-07T13:01:11Z sample=65, 26.51, P0, 1537, 14001, 1433
2026-08-07T13:01:12Z sample=65, 28.76, P0, 1530, 14001, 7105
2026-08-07T13:01:13Z sample=65, 30.97, P0, 1612, 14001, 7879
2026-08-07T13:01:15Z sample=65, 31.65, P0, 1657, 14001, 8647
2026-08-07T13:01:16Z sample=66, 31.76, P0, 1687, 14001, 9415
2026-08-07T13:01:17Z sample=66, 31.43, P0, 1627, 14001, 10183
2026-08-07T13:01:18Z sample=66, 31.63, P0, 1665, 14001, 11207
2026-08-07T13:01:19Z sample=66, 31.78, P0, 1635, 14001, 11975
2026-08-07T13:01:20Z sample=66, 31.65, P0, 1635, 14001, 12743
2026-08-07T13:01:21Z sample=66, 26.73, P0, 1642, 14001, 13769
2026-08-07T13:01:22Z sample=67, 47.88, P0, 1590, 14001, 14539
2026-08-07T13:01:23Z sample=67, 52.40, P0, 1987, 14001, 14539
2026-08-07T13:01:24Z sample=67, 47.27, P0, 1860, 14001, 14539
2026-08-07T13:01:25Z sample=67, 33.83, P0, 1537, 14001, 14539
2026-08-07T13:01:26Z sample=67, 30.26, P0, 1567, 14001, 14539
2026-08-07T13:01:27Z sample=66, 31.84, P0, 1552, 14001, 14539
2026-08-07T13:01:28Z sample=67, 30.04, P0, 1560, 14001, 14539
2026-08-07T13:01:29Z sample=67, 26.72, P0, 1560, 14001, 14539
2026-08-07T13:01:30Z sample=67, 41.25, P0, 1560, 14001, 14539
2026-08-07T13:01:32Z sample=68, 48.49, P0, 1852, 14001, 14539
2026-08-07T13:01:33Z sample=68, 40.64, P0, 1942, 14001, 14559
2026-08-07T13:01:34Z sample=67, 35.60, P0, 1552, 14001, 14579
2026-08-07T13:01:35Z sample=68, 37.26, P0, 1537, 14001, 14579
2026-08-07T13:01:36Z sample=68, 34.25, P0, 1567, 14001, 14579
2026-08-07T13:01:37Z sample=67, 33.02, P0, 1612, 14001, 14579
2026-08-07T13:01:38Z sample=68, 49.08, P0, 1792, 14001, 14579
2026-08-07T13:01:39Z sample=68, 45.09, P0, 1875, 14001, 14579
2026-08-07T13:01:40Z sample=68, 26.86, P0, 1792, 14001, 14917
2026-08-07T13:01:41Z sample=67, 32.04, P0, 1567, 14001, 14959
2026-08-07T13:01:42Z sample=68, 27.74, P0, 1545, 14001, 14959
2026-08-07T13:01:43Z sample=68, 37.65, P0, 1582, 14001, 14959
2026-08-07T13:01:44Z sample=68, 27.29, P0, 1582, 14001, 14959
2026-08-07T13:01:45Z sample=68, 27.44, P0, 1545, 14001, 14959
2026-08-07T13:01:46Z sample=68, 40.71, P0, 1560, 14001, 14959
2026-08-07T13:01:48Z sample=69, 68.00, P0, 1867, 14001, 14959
2026-08-07T13:01:49Z sample=69, 44.57, P0, 1905, 14001, 14959
2026-08-07T13:01:51Z sample=69, 41.44, P0, 1867, 14001, 14959
2026-08-07T13:01:52Z sample=70, 47.06, P0, 1920, 14001, 14959
2026-08-07T13:01:53Z sample=69, 44.25, P0, 1815, 14001, 14959
2026-08-07T13:01:54Z sample=69, 29.64, P0, 1882, 14001, 14959
2026-08-07T13:01:55Z sample=69, 34.28, P0, 1590, 14001, 14959
2026-08-07T13:01:56Z sample=69, 36.84, P0, 1605, 14001, 14959
2026-08-07T13:01:57Z sample=69, 32.06, P0, 1590, 14001, 14959
2026-08-07T13:01:58Z sample=69, 35.30, P0, 1582, 14001, 14959
2026-08-07T13:01:59Z sample=70, 49.71, P0, 1860, 14001, 14959
2026-08-07T13:02:00Z sample=70, 52.97, P0, 1830, 14001, 14959
2026-08-07T13:02:01Z sample=70, 47.69, P0, 1912, 14001, 14959
2026-08-07T13:02:02Z sample=70, 56.61, P0, 1950, 14001, 14959
2026-08-07T13:02:03Z sample=70, 53.33, P0, 1912, 14001, 14959
2026-08-07T13:02:04Z sample=70, 53.35, P0, 1890, 14001, 14959
2026-08-07T13:02:05Z sample=71, 38.99, P0, 1882, 14001, 14959
2026-08-07T13:02:06Z sample=70, 48.79, P0, 1905, 14001, 14959
2026-08-07T13:02:07Z sample=70, 57.13, P0, 1875, 14001, 14959
2026-08-07T13:02:08Z sample=69, 36.79, P0, 1545, 14001, 14959
2026-08-07T13:02:09Z sample=69, 34.56, P0, 1612, 14001, 14959
2026-08-07T13:02:10Z sample=69, 27.62, P0, 1575, 14001, 14959
2026-08-07T13:02:11Z sample=69, 34.92, P0, 1575, 14001, 14959
2026-08-07T13:02:12Z sample=70, 53.25, P0, 1875, 14001, 14959
2026-08-07T13:02:14Z sample=71, 48.36, P0, 1935, 14001, 14959
2026-08-07T13:02:15Z sample=71, 45.81, P0, 1935, 14001, 14959
2026-08-07T13:02:16Z sample=71, 46.89, P0, 1987, 14001, 14959
2026-08-07T13:02:17Z sample=72, 52.41, P0, 1927, 14001, 14959
2026-08-07T13:02:18Z sample=72, 43.71, P0, 1905, 14001, 14959
2026-08-07T13:02:19Z sample=71, 43.04, P0, 1830, 14001, 14959
2026-08-07T13:02:20Z sample=72, 50.27, P0, 1912, 14001, 14959
2026-08-07T13:02:22Z sample=70, 34.10, P0, 1590, 14001, 14959
2026-08-07T13:02:23Z sample=70, 33.28, P0, 1605, 14001, 14959
2026-08-07T13:02:24Z sample=70, 28.71, P0, 1575, 14001, 14959
2026-08-07T13:02:25Z sample=70, 35.15, P0, 1582, 14001, 14959
2026-08-07T13:02:26Z sample=71, 36.88, P0, 1575, 14001, 14959
2026-08-07T13:02:27Z sample=72, 51.08, P0, 1852, 14001, 14959
2026-08-07T13:02:28Z sample=71, 28.46, P0, 1890, 14001, 14959
2026-08-07T13:02:29Z sample=70, 35.11, P0, 1575, 14001, 14959
2026-08-07T13:02:30Z sample=71, 29.98, P0, 1612, 14001, 14959
2026-08-07T13:02:32Z sample=71, 37.02, P0, 1590, 14001, 14959
2026-08-07T13:02:33Z sample=71, 40.06, P0, 1837, 14001, 14959
2026-08-07T13:02:34Z sample=72, 57.82, P0, 1890, 14001, 14959
2026-08-07T13:02:35Z sample=72, 27.91, P0, 1972, 14001, 14959
2026-08-07T13:02:36Z sample=71, 40.17, P0, 1582, 14001, 14959
2026-08-07T13:02:37Z sample=71, 34.03, P0, 1605, 14001, 14959
2026-08-07T13:02:38Z sample=71, 34.36, P0, 1605, 14001, 14959
2026-08-07T13:02:39Z sample=71, 48.23, P0, 1650, 14001, 14959
2026-08-07T13:02:40Z sample=72, 51.03, P0, 1897, 14001, 14959
2026-08-07T13:02:41Z sample=73, 67.00, P0, 1950, 14001, 14959
2026-08-07T13:02:42Z sample=73, 43.60, P0, 1942, 14001, 14959
2026-08-07T13:02:43Z sample=73, 54.99, P0, 1905, 14001, 14959
2026-08-07T13:02:44Z sample=71, 28.12, P0, 1605, 14001, 14959
2026-08-07T13:02:45Z sample=71, 37.33, P0, 1575, 14001, 14959
2026-08-07T13:02:46Z sample=71, 36.69, P0, 1605, 14001, 14959
2026-08-07T13:02:47Z sample=71, 35.00, P0, 1620, 14001, 14959
2026-08-07T13:02:48Z sample=71, 51.92, P0, 1627, 14001, 14959
2026-08-07T13:02:49Z sample=72, 39.16, P0, 1837, 14001, 14959
2026-08-07T13:02:50Z sample=72, 52.82, P0, 1897, 14001, 14959
2026-08-07T13:02:51Z sample=72, 45.28, P0, 1830, 14001, 14959
2026-08-07T13:02:53Z sample=72, 57.71, P0, 1830, 14001, 14959
2026-08-07T13:02:55Z sample=73, 53.63, P0, 1897, 14001, 14959
2026-08-07T13:02:56Z sample=73, 51.27, P0, 1807, 14001, 14959
2026-08-07T13:02:57Z sample=73, 57.08, P0, 1882, 14001, 14959
