ds4: Linux cuda backend set oom_score_adj=1000
ds4: CUDA backend initialized on NVIDIA GeForce RTX 5080 Laptop GPU (sm_120) dev=0
ds4: cuda SSD streaming total expert budget 10.00 GiB = 3.38 GiB prefill headroom + 6.62 GiB dynamic cache (1005 experts, 6.75 MiB each)
ds4: SSD streaming initial cuda model map restricted to token embedding (1 spans, 0.99 GiB tensor span)
ds4: CUDA host registration skipped: out of memory
ds4: CUDA preparing model tensor mappings
ds4: CUDA loading model tensors into device cache
ds4: CUDA startup model preparation covered 0.99 GiB of tensor spans in 0.471s
ds4: cuda backend initialized for graph diagnostics
ds4: memory: KV 0.07 GiB (raw 0.02 + compressed 0.05) + buffers 0.00 GiB + resident model 0.99 GiB + expert cache 6.62 GiB + prefill expert reserve 3.38 GiB = 11.06 GiB planned
ds4: memory detail: ctx=4096 prefill_cap=128 raw_kv_rows=256 compressed_kv_rows=1026 backend=cuda
0806 14:33:53 ds4-server: context buffers 76.50 MiB (ctx=4096, backend=cuda, prefill_chunk=128, raw_kv_rows=256, compressed_kv_rows=1026)
0806 14:33:53 ds4-server: listening on http://127.0.0.1:18080
0806 14:33:54 ds4-server: chat ctx=0..21:21 prompt start
ds4: DS4_CUDA_MMQ=0 - mmq prefill tier disabled
ds4: CUDA layer expert cache allocated 6.62 GiB (1005 prefill experts, 1005 decode experts across 43 layers)
0806 14:34:03 ds4-server: chat ctx=0..21:21 prompt done 8.989s
0806 14:34:06 ds4-server: chat ctx=21..32:11 gen=11 decoding chunk=3.15 t/s avg=3.15 t/s 3.493s
0806 14:34:06 ds4-server: chat ctx=0..21:21 gen=11 finish=stop 12.486s
0806 14:34:06 ds4-server: live kv cache miss live=32 prompt=20 common=2 reason=token-mismatch
0806 14:34:06 ds4-server: chat ctx=0..20:20 prompt start
ds4: CUDA prompt expert cache summary hits=1990 misses=2874 evictions=1187 SSD=18.94 GiB capacity=1005 resident=1005
0806 14:34:13 ds4-server: chat ctx=0..20:20 prompt done 6.899s
0806 14:34:15 ds4-server: chat ctx=20..27:7 gen=7 decoding chunk=3.02 t/s avg=3.02 t/s 2.316s
0806 14:34:15 ds4-server: chat ctx=0..20:20 gen=7 finish=stop 9.218s
0806 14:34:15 ds4-server: live kv cache miss live=27 prompt=24 common=2 reason=token-mismatch
0806 14:34:15 ds4-server: chat ctx=0..24:24 prompt start
ds4: CUDA prompt expert cache summary hits=1613 misses=2176 evictions=1260 SSD=14.34 GiB capacity=1005 resident=1005
0806 14:34:20 ds4-server: chat ctx=0..24:24 prompt done 4.864s
0806 14:34:20 ds4-server: chat ctx=24..32:8 gen=8 decoding chunk=2.65 t/s avg=2.65 t/s 3.023s
0806 14:34:20 ds4-server: chat ctx=0..24:24 gen=8 finish=stop 7.890s
0806 14:34:20 ds4-server: live kv cache miss live=32 prompt=42 common=2 reason=token-mismatch
0806 14:34:20 ds4-server: chat ctx=0..42:42 prompt start
ds4: CUDA prompt expert cache summary hits=1697 misses=2650 evictions=1526 SSD=17.47 GiB capacity=1005 resident=1005
0806 14:34:27 ds4-server: chat ctx=0..42:42 prompt done 6.770s
0806 14:34:39 ds4-server: chat ctx=42..64:22 gen=22 decoding chunk=1.93 t/s avg=1.93 t/s 11.376s
0806 14:34:39 ds4-server: chat ctx=0..42:42 gen=22 finish=stop 18.149s
0806 14:34:39 ds4-server: live kv cache miss live=64 prompt=29 common=2 reason=token-mismatch
0806 14:34:39 ds4-server: chat ctx=0..29:29 prompt start
ds4: CUDA prompt expert cache summary hits=4525 misses=4290 evictions=2613 SSD=28.28 GiB capacity=1005 resident=1005
0806 14:34:45 ds4-server: chat ctx=0..29:29 prompt done 6.176s
0806 14:34:53 ds4-server: chat ctx=29..61:32 gen=32 decoding chunk=2.89 t/s avg=2.89 t/s 11.079s
0806 14:34:53 ds4-server: chat ctx=0..29:29 gen=32 finish=length 17.257s
0806 14:34:53 ds4-server: live kv cache miss live=61 prompt=29 common=2 reason=token-mismatch
0806 14:34:53 ds4-server: chat ctx=0..29:29 prompt start
ds4: CUDA prompt expert cache summary hits=5961 misses=4978 evictions=3606 SSD=32.81 GiB capacity=1005 resident=1005
0806 14:34:58 ds4-server: chat ctx=0..29:29 prompt done 5.280s
0806 14:35:09 ds4-server: chat ctx=29..61:32 gen=32 decoding chunk=3.10 t/s avg=3.10 t/s 10.308s
0806 14:35:09 ds4-server: chat ctx=0..29:29 gen=32 finish=length 15.591s
0806 14:35:09 ds4-server: live kv cache miss live=61 prompt=32 common=2 reason=token-mismatch
0806 14:35:09 ds4-server: chat ctx=0..32:32 prompt start
ds4: CUDA prompt expert cache summary hits=5965 misses=4653 evictions=3575 SSD=30.67 GiB capacity=1005 resident=1005
0806 14:35:14 ds4-server: chat ctx=0..32:32 prompt done 5.591s
0806 14:35:17 ds4-server: chat ctx=32..40:8 gen=8 decoding chunk=3.01 t/s avg=3.01 t/s 2.658s
0806 14:35:17 ds4-server: chat ctx=0..32:32 gen=8 finish=stop 8.252s
0806 14:35:17 ds4-server: live kv cache miss live=40 prompt=24 common=2 reason=token-mismatch
0806 14:35:17 ds4-server: chat ctx=0..24:24 prompt start
ds4: CUDA prompt expert cache summary hits=1732 misses=2682 evictions=1708 SSD=17.68 GiB capacity=1005 resident=1005
0806 14:35:19 ds4-server: chat ctx=0..24:24 prompt done 4.849s
0806 14:35:22 ds4-server: chat ctx=24..33:9 gen=9 decoding chunk=2.95 t/s avg=2.95 t/s 3.047s
0806 14:35:22 ds4-server: chat ctx=0..24:24 gen=9 finish=stop 7.899s
0806 14:35:22 ds4-server: live kv cache miss live=33 prompt=21 common=2 reason=token-mismatch
0806 14:35:22 ds4-server: chat ctx=0..21:21 prompt start
ds4: CUDA prompt expert cache summary hits=2068 misses=2519 evictions=1503 SSD=16.60 GiB capacity=1005 resident=1005
0806 14:35:27 ds4-server: chat ctx=0..21:21 prompt done 5.078s
0806 14:35:33 ds4-server: chat ctx=21..41:20 gen=20 decoding chunk=3.41 t/s avg=3.41 t/s 5.869s
0806 14:35:33 ds4-server: chat ctx=0..21:21 gen=20 finish=stop 10.951s
0806 14:35:33 ds4-server: live kv cache miss live=41 prompt=26 common=2 reason=token-mismatch
0806 14:35:33 ds4-server: chat ctx=0..26:26 prompt start
ds4: CUDA prompt expert cache summary hits=4265 misses=3174 evictions=2205 SSD=20.92 GiB capacity=1005 resident=1005
0806 14:35:39 ds4-server: chat ctx=0..26:26 prompt done 5.908s
0806 14:35:49 ds4-server: chat ctx=26..58:32 gen=32 decoding chunk=3.10 t/s avg=3.10 t/s 10.311s
0806 14:35:49 ds4-server: chat ctx=0..26:26 gen=32 finish=length 16.222s
0806 14:35:49 ds4-server: shutdown requested, draining requests
