2026-08-06T12:33:52Z temp_c=70
2026-08-06T12:33:54Z sample=69, 31.09, P0, 1552, 14001, 1486
2026-08-06T12:33:55Z sample=69, 34.56, P0, 1537, 14001, 9462
2026-08-06T12:33:56Z sample=70, 36.05, P0, 1590, 14001, 10240
2026-08-06T12:33:57Z sample=70, 33.53, P0, 1702, 14001, 11264
2026-08-06T12:33:58Z sample=70, 34.55, P0, 1717, 14001, 12288
2026-08-06T12:33:59Z sample=70, 33.92, P0, 1717, 14001, 13056
2026-08-06T12:34:00Z sample=70, 34.27, P0, 1687, 14001, 14080
2026-08-06T12:34:01Z sample=70, 33.67, P0, 1680, 14001, 14848
2026-08-06T12:34:02Z sample=69, 34.39, P0, 1627, 14001, 15872
2026-08-06T12:34:03Z sample=71, 42.86, P0, 1657, 14001, 15874
2026-08-06T12:34:04Z sample=72, 56.04, P0, 2100, 9001, 15874
2026-08-06T12:34:05Z sample=71, 62.29, P0, 1417, 14001, 15874
2026-08-06T12:34:06Z sample=71, 22.41, P4, 1395, 9001, 15874
2026-08-06T12:34:08Z sample=71, 26.10, P4, 322, 9001, 15874
2026-08-06T12:34:09Z sample=70, 19.86, P4, 247, 9001, 15874
2026-08-06T12:34:10Z sample=70, 24.47, P4, 322, 9001, 15874
2026-08-06T12:34:11Z sample=69, 20.14, P4, 337, 9001, 15874
2026-08-06T12:34:12Z sample=69, 19.94, P4, 352, 9001, 15874
2026-08-06T12:34:13Z sample=70, 68.58, P0, 502, 810, 15874
2026-08-06T12:34:14Z sample=71, 57.72, P0, 1312, 9001, 15874
2026-08-06T12:34:15Z sample=73, 44.23, P0, 1425, 9001, 15874
2026-08-06T12:34:16Z sample=70, 24.47, P4, 300, 9001, 15914
2026-08-06T12:34:17Z sample=70, 28.83, P4, 382, 9001, 15914
2026-08-06T12:34:18Z sample=70, 25.64, P4, 382, 9001, 15914
2026-08-06T12:34:19Z sample=70, 29.14, P4, 360, 9001, 15914
2026-08-06T12:34:20Z sample=71, 34.26, P4, 412, 9001, 15914
2026-08-06T12:34:21Z sample=71, 47.70, P4, 1147, 9001, 15914
2026-08-06T12:34:20Z sample=71, 46.83, P4, 1012, 9001, 15914
2026-08-06T12:34:21Z sample=70, 40.12, P4, 862, 9001, 15932
2026-08-06T12:34:22Z sample=71, 36.08, P2, 1117, 9001, 15910
2026-08-06T12:34:23Z sample=71, 35.00, P4, 802, 9001, 15910
2026-08-06T12:34:24Z sample=71, 36.26, P4, 915, 9001, 15910
2026-08-06T12:34:25Z sample=71, 34.56, P4, 705, 9001, 15910
2026-08-06T12:34:26Z sample=70, 34.70, P4, 697, 9001, 15910
2026-08-06T12:34:27Z sample=70, 35.05, P4, 810, 9001, 15910
2026-08-06T12:34:28Z sample=71, 42.88, P4, 1440, 9001, 15910
2026-08-06T12:34:29Z sample=70, 28.10, P4, 720, 9001, 15910
2026-08-06T12:34:31Z sample=69, 32.81, P4, 885, 9001, 15910
2026-08-06T12:34:32Z sample=70, 30.53, P4, 585, 9001, 15910
2026-08-06T12:34:33Z sample=69, 27.65, P4, 495, 9001, 15910
2026-08-06T12:34:34Z sample=69, 27.63, P4, 442, 9001, 15910
2026-08-06T12:34:35Z sample=69, 35.62, P4, 510, 9001, 15910
2026-08-06T12:34:36Z sample=72, 53.43, P4, 1432, 11001, 15910
2026-08-06T12:34:37Z sample=71, 58.62, P4, 1657, 14001, 15910
2026-08-06T12:34:38Z sample=71, 50.52, P4, 877, 14001, 15910
2026-08-06T12:34:39Z sample=70, 45.56, P2, 1507, 9001, 15910
2026-08-06T12:34:40Z sample=70, 34.60, P4, 1012, 9001, 15910
2026-08-06T12:34:41Z sample=71, 34.74, P4, 450, 9001, 15910
2026-08-06T12:34:42Z sample=70, 32.96, P4, 532, 9001, 15910
2026-08-06T12:34:43Z sample=70, 32.23, P4, 562, 9001, 15910
2026-08-06T12:34:44Z sample=69, 31.10, P4, 682, 9001, 15910
2026-08-06T12:34:46Z sample=71, 45.26, P4, 1537, 9001, 15910
2026-08-06T12:34:47Z sample=72, 48.78, P4, 1432, 9001, 15910
2026-08-06T12:34:48Z sample=71, 48.88, P4, 1507, 9001, 15910
2026-08-06T12:34:49Z sample=71, 48.72, P4, 1515, 9001, 15910
2026-08-06T12:34:50Z sample=71, 48.00, P4, 1035, 9001, 15910
2026-08-06T12:34:51Z sample=71, 48.58, P4, 1335, 9001, 15910
2026-08-06T12:34:49Z sample=71, 47.79, P4, 1395, 9001, 15910
2026-08-06T12:34:50Z sample=71, 50.71, P4, 1515, 9001, 15910
2026-08-06T12:34:51Z sample=71, 49.38, P4, 1320, 9001, 15910
2026-08-06T12:34:53Z sample=71, 45.55, P4, 1057, 9001, 15910
2026-08-06T12:34:54Z sample=71, 47.55, P4, 1447, 11001, 15910
2026-08-06T12:34:55Z sample=70, 36.18, P4, 900, 9001, 15910
2026-08-06T12:34:56Z sample=70, 33.05, P4, 675, 9001, 15910
2026-08-06T12:34:57Z sample=71, 30.69, P4, 855, 9001, 15910
2026-08-06T12:34:58Z sample=70, 29.75, P4, 585, 9001, 15910
2026-08-06T12:34:59Z sample=70, 38.35, P4, 690, 9001, 15910
2026-08-06T12:35:00Z sample=71, 51.10, P4, 1597, 9001, 15910
2026-08-06T12:35:01Z sample=71, 51.15, P2, 1252, 11001, 15910
2026-08-06T12:35:02Z sample=71, 52.98, P4, 1537, 9001, 15910
2026-08-06T12:35:03Z sample=72, 39.37, P4, 1530, 11001, 15910
2026-08-06T12:35:04Z sample=71, 56.37, P4, 1612, 11001, 15910
2026-08-06T12:35:05Z sample=72, 54.55, P0, 1215, 14001, 15910
2026-08-06T12:35:06Z sample=71, 50.31, P2, 1267, 9001, 15910
2026-08-06T12:35:08Z sample=71, 51.02, P4, 1462, 9001, 15910
2026-08-06T12:35:09Z sample=72, 51.57, P0, 1485, 9001, 15910
2026-08-06T12:35:10Z sample=72, 41.82, P4, 915, 9001, 15910
2026-08-06T12:35:11Z sample=70, 34.44, P4, 825, 9001, 15910
2026-08-06T12:35:12Z sample=71, 30.57, P4, 622, 9001, 15910
2026-08-06T12:35:13Z sample=70, 30.95, P4, 660, 9001, 15910
2026-08-06T12:35:14Z sample=71, 30.39, P4, 600, 9001, 15910
2026-08-06T12:35:15Z sample=71, 40.28, P4, 1492, 11001, 15910
2026-08-06T12:35:16Z sample=71, 50.70, P4, 1222, 11001, 15910
2026-08-06T12:35:17Z sample=72, 56.78, P2, 1492, 11001, 15910
2026-08-06T12:35:18Z sample=70, 35.24, P2, 817, 11001, 15910
2026-08-06T12:35:19Z sample=71, 34.75, P4, 645, 9001, 15910
2026-08-06T12:35:20Z sample=70, 34.26, P4, 667, 9001, 15910
2026-08-06T12:35:19Z sample=70, 33.60, P4, 690, 9001, 15910
2026-08-06T12:35:20Z sample=70, 39.90, P4, 652, 9001, 15910
2026-08-06T12:35:21Z sample=72, 47.37, P4, 1575, 9001, 15910
2026-08-06T12:35:22Z sample=71, 50.66, P4, 1455, 9001, 15910
2026-08-06T12:35:23Z sample=71, 44.59, P4, 1365, 9001, 15910
2026-08-06T12:35:24Z sample=70, 33.85, P4, 660, 9001, 15910
2026-08-06T12:35:25Z sample=70, 32.72, P4, 645, 9001, 15910
2026-08-06T12:35:26Z sample=70, 34.47, P4, 697, 9001, 15910
2026-08-06T12:35:27Z sample=70, 29.23, P4, 675, 9001, 15910
2026-08-06T12:35:28Z sample=70, 61.04, P2, 817, 9001, 15910
2026-08-06T12:35:29Z sample=71, 63.36, P2, 1387, 9001, 15910
2026-08-06T12:35:30Z sample=73, 57.94, P0, 1837, 14001, 15910
2026-08-06T12:35:32Z sample=73, 63.55, P4, 1627, 14001, 15910
2026-08-06T12:35:33Z sample=72, 58.53, P4, 1425, 14001, 15910
2026-08-06T12:35:34Z sample=71, 46.18, P4, 562, 9001, 15910
2026-08-06T12:35:35Z sample=70, 35.85, P4, 1065, 9001, 15910
2026-08-06T12:35:36Z sample=71, 31.11, P4, 577, 9001, 15910
2026-08-06T12:35:37Z sample=70, 26.68, P4, 682, 9001, 15910
2026-08-06T12:35:38Z sample=70, 30.85, P4, 562, 9001, 15910
2026-08-06T12:35:39Z sample=70, 29.42, P4, 630, 9001, 15910
2026-08-06T12:35:40Z sample=71, 46.11, P4, 1485, 9001, 15910
2026-08-06T12:35:41Z sample=71, 45.93, P4, 1297, 9001, 15910
2026-08-06T12:35:42Z sample=72, 55.21, P2, 1552, 11001, 15910
2026-08-06T12:35:43Z sample=72, 52.30, P2, 1507, 9001, 15910
2026-08-06T12:35:44Z sample=71, 51.35, P2, 1237, 9001, 15910
2026-08-06T12:35:45Z sample=72, 56.67, P4, 1372, 11001, 15910
2026-08-06T12:35:47Z sample=72, 52.59, P0, 1312, 9001, 15910
2026-08-06T12:35:48Z sample=72, 53.71, P0, 1545, 9001, 15910
2026-08-06T12:35:49Z sample=71, 55.62, P4, 1125, 14001, 15910
