2026-08-07T12:47:07Z temp_c=66
2026-08-07T12:47:12Z temp_c=66
2026-08-07T12:47:18Z temp_c=65
2026-08-07T12:47:19Z sample=66, 27.30, P0, 1492, 14001, 3277
2026-08-07T12:47:20Z sample=66, 30.09, P0, 1575, 14001, 8179
2026-08-07T12:47:21Z sample=66, 34.47, P0, 1620, 14001, 8953
2026-08-07T12:47:22Z sample=66, 33.06, P0, 1702, 14001, 10233
2026-08-07T12:47:23Z sample=66, 34.90, P0, 1710, 14001, 11257
2026-08-07T12:47:24Z sample=66, 33.35, P0, 1732, 14001, 12281
2026-08-07T12:47:25Z sample=67, 33.26, P0, 1732, 14001, 13305
2026-08-07T12:47:26Z sample=67, 30.49, P0, 1680, 14001, 14073
2026-08-07T12:47:27Z sample=66, 49.06, P0, 1710, 14001, 15355
2026-08-07T12:47:28Z sample=67, 44.38, P0, 1815, 14001, 15355
2026-08-07T12:47:30Z sample=68, 52.98, P0, 1890, 14001, 15355
2026-08-07T12:47:31Z sample=68, 27.64, P0, 1762, 14001, 15355
2026-08-07T12:47:32Z sample=67, 27.72, P0, 1537, 14001, 15355
2026-08-07T12:47:33Z sample=67, 27.29, P0, 1560, 14001, 15355
2026-08-07T12:47:34Z sample=67, 26.21, P0, 1552, 14001, 15355
2026-08-07T12:47:35Z sample=67, 52.77, P0, 1560, 14001, 15355
2026-08-07T12:47:36Z sample=67, 26.44, P0, 1567, 14001, 15355
2026-08-07T12:47:37Z sample=67, 27.08, P0, 1560, 14001, 15355
2026-08-07T12:47:38Z sample=68, 45.12, P0, 1807, 14001, 15355
2026-08-07T12:47:39Z sample=68, 46.87, P0, 1897, 14001, 15355
2026-08-07T12:47:40Z sample=67, 31.88, P0, 1522, 14001, 15395
2026-08-07T12:47:41Z sample=67, 32.83, P0, 1567, 14001, 15395
2026-08-07T12:47:42Z sample=67, 52.83, P0, 1605, 14001, 15395
2026-08-07T12:47:43Z sample=68, 34.04, P0, 1567, 14001, 15395
2026-08-07T12:47:44Z sample=68, 48.81, P0, 1567, 14001, 15395
2026-08-07T12:47:45Z sample=69, 47.66, P0, 1792, 14001, 15395
2026-08-07T12:47:46Z sample=68, 42.19, P0, 1815, 14001, 15395
2026-08-07T12:47:47Z sample=68, 31.77, P0, 1560, 14001, 15775
2026-08-07T12:47:48Z sample=68, 27.41, P0, 1537, 14001, 15775
2026-08-07T12:47:49Z sample=69, 36.01, P0, 1590, 14001, 15775
2026-08-07T12:47:52Z sample=68, 32.86, P0, 1575, 14001, 15775
2026-08-07T12:47:53Z sample=68, 38.56, P0, 1575, 14001, 15775
2026-08-07T12:47:54Z sample=68, 26.87, P0, 1575, 14001, 15775
2026-08-07T12:47:55Z sample=69, 41.61, P0, 1830, 14001, 15775
2026-08-07T12:47:56Z sample=69, 48.55, P0, 1762, 14001, 15775
2026-08-07T12:47:57Z sample=69, 45.50, P0, 1747, 14001, 15775
2026-08-07T12:47:58Z sample=69, 46.16, P0, 1777, 14001, 15775
2026-08-07T12:47:59Z sample=69, 51.54, P0, 1837, 14001, 15775
2026-08-07T12:48:00Z sample=69, 39.77, P0, 1912, 14001, 15775
2026-08-07T12:48:01Z sample=69, 39.86, P0, 1755, 14001, 15775
2026-08-07T12:48:02Z sample=68, 32.65, P0, 1590, 14001, 15775
2026-08-07T12:48:03Z sample=69, 34.84, P0, 1575, 14001, 15775
2026-08-07T12:48:04Z sample=69, 34.67, P0, 1567, 14001, 15775
2026-08-07T12:48:05Z sample=70, 27.51, P0, 1612, 14001, 15775
2026-08-07T12:48:06Z sample=69, 33.92, P0, 1567, 14001, 15775
2026-08-07T12:48:07Z sample=69, 45.83, P0, 1830, 14001, 15775
2026-08-07T12:48:08Z sample=69, 48.09, P0, 1837, 14001, 15775
2026-08-07T12:48:09Z sample=70, 45.69, P0, 1845, 14001, 15775
2026-08-07T12:48:10Z sample=69, 38.91, P0, 1830, 14001, 15775
2026-08-07T12:48:11Z sample=70, 40.92, P0, 1920, 14001, 15775
2026-08-07T12:48:13Z sample=70, 40.71, P0, 1837, 14001, 15775
2026-08-07T12:48:14Z sample=70, 40.85, P0, 1800, 14001, 15775
2026-08-07T12:48:15Z sample=70, 41.84, P0, 1897, 14001, 15775
2026-08-07T12:48:16Z sample=70, 45.47, P0, 1800, 14001, 15775
2026-08-07T12:48:17Z sample=70, 45.24, P0, 1800, 14001, 15775
2026-08-07T12:48:18Z sample=70, 37.69, P0, 1897, 14001, 15775
2026-08-07T12:48:19Z sample=69, 28.16, P0, 1582, 14001, 15775
2026-08-07T12:48:20Z sample=69, 31.66, P0, 1605, 14001, 15775
2026-08-07T12:48:21Z sample=69, 34.16, P0, 1582, 14001, 15775
2026-08-07T12:48:22Z sample=69, 41.14, P0, 1575, 14001, 15775
2026-08-07T12:48:23Z sample=70, 54.42, P0, 1837, 14001, 15775
2026-08-07T12:48:25Z sample=71, 48.92, P0, 1815, 14001, 15775
2026-08-07T12:48:26Z sample=71, 45.44, P0, 1897, 14001, 15775
2026-08-07T12:48:27Z sample=70, 48.25, P0, 1740, 14001, 15775
2026-08-07T12:48:28Z sample=70, 46.14, P0, 1785, 14001, 15775
2026-08-07T12:48:29Z sample=71, 49.07, P0, 1830, 14001, 15775
2026-08-07T12:48:30Z sample=70, 48.50, P0, 1800, 14001, 15775
2026-08-07T12:48:31Z sample=71, 44.04, P0, 1815, 14001, 15775
2026-08-07T12:48:33Z sample=71, 52.37, P0, 1770, 14001, 15775
2026-08-07T12:48:34Z sample=71, 29.58, P0, 1860, 14001, 15775
2026-08-07T12:48:35Z sample=70, 35.86, P0, 1545, 14001, 15775
2026-08-07T12:48:36Z sample=70, 35.31, P0, 1575, 14001, 15775
2026-08-07T12:48:37Z sample=71, 35.28, P0, 1575, 14001, 15775
2026-08-07T12:48:38Z sample=70, 29.74, P0, 1567, 14001, 15775
2026-08-07T12:48:39Z sample=70, 28.24, P0, 1575, 14001, 15775
2026-08-07T12:48:40Z sample=71, 46.46, P0, 1860, 14001, 15775
2026-08-07T12:48:41Z sample=71, 51.81, P0, 1845, 14001, 15775
2026-08-07T12:48:42Z sample=70, 38.85, P0, 1545, 14001, 15775
2026-08-07T12:48:43Z sample=70, 34.89, P0, 1575, 14001, 15775
2026-08-07T12:48:44Z sample=70, 35.56, P0, 1530, 14001, 15775
2026-08-07T12:48:45Z sample=70, 32.42, P0, 1575, 14001, 15775
2026-08-07T12:48:46Z sample=70, 35.86, P0, 1567, 14001, 15775
2026-08-07T12:48:47Z sample=71, 51.03, P0, 1860, 14001, 15775
2026-08-07T12:48:48Z sample=71, 48.76, P0, 1845, 14001, 15775
2026-08-07T12:48:49Z sample=70, 32.46, P0, 1537, 14001, 15775
2026-08-07T12:48:50Z sample=70, 32.90, P0, 1567, 14001, 15775
2026-08-07T12:48:51Z sample=71, 27.62, P0, 1560, 14001, 15775
2026-08-07T12:48:52Z sample=70, 33.83, P0, 1560, 14001, 15775
2026-08-07T12:48:53Z sample=70, 35.21, P0, 1575, 14001, 15775
2026-08-07T12:48:54Z sample=71, 48.75, P0, 1860, 14001, 15775
2026-08-07T12:48:55Z sample=71, 51.70, P0, 1822, 14001, 15775
2026-08-07T12:48:56Z sample=72, 53.83, P0, 1927, 14001, 15775
2026-08-07T12:48:59Z sample=71, 53.15, P0, 1740, 14001, 15775
2026-08-07T12:49:00Z sample=71, 41.58, P0, 1882, 14001, 15775
2026-08-07T12:49:01Z sample=70, 38.58, P0, 1545, 14001, 15775
2026-08-07T12:49:02Z sample=71, 34.99, P0, 1567, 14001, 15775
2026-08-07T12:49:03Z sample=71, 35.42, P0, 1567, 14001, 15775
2026-08-07T12:49:04Z sample=71, 33.60, P0, 1575, 14001, 15775
2026-08-07T12:49:05Z sample=70, 34.90, P0, 1605, 14001, 15775
2026-08-07T12:49:06Z sample=71, 48.70, P0, 1845, 14001, 15775
2026-08-07T12:49:07Z sample=71, 50.15, P0, 1830, 14001, 15775
2026-08-07T12:49:08Z sample=72, 56.75, P0, 1860, 14001, 15775
2026-08-07T12:49:09Z sample=71, 46.10, P0, 1800, 14001, 15775
2026-08-07T12:49:10Z sample=71, 54.37, P0, 1830, 14001, 15775
2026-08-07T12:49:11Z sample=72, 42.79, P0, 1800, 14001, 15775
2026-08-07T12:49:12Z sample=71, 47.70, P0, 1770, 14001, 15775
2026-08-07T12:49:13Z sample=71, 43.55, P0, 1845, 14001, 15775
2026-08-07T12:49:14Z sample=72, 64.26, P0, 1987, 14001, 15775
