ds4: Linux cuda backend set oom_score_adj=1000
ds4: CUDA backend initialized on NVIDIA GeForce RTX 5080 Laptop GPU (sm_120) dev=0
ds4: cuda SSD streaming total expert budget 10.00 GiB = 3.38 GiB prefill headroom + 6.62 GiB dynamic cache (1005 experts, 6.75 MiB each)
ds4: SSD streaming initial cuda model map restricted to token embedding (1 spans, 0.99 GiB tensor span)
ds4: CUDA host registration skipped: out of memory
ds4: CUDA preparing model tensor mappings
ds4: CUDA loading model tensors into device cache
ds4: CUDA startup model preparation covered 0.99 GiB of tensor spans in 0.640s
ds4: cuda backend initialized for graph diagnostics
ds4: memory: KV 0.07 GiB (raw 0.02 + compressed 0.05) + buffers 0.00 GiB + resident model 0.99 GiB + expert cache 6.62 GiB + prefill expert reserve 3.38 GiB = 11.06 GiB planned
ds4: memory detail: ctx=4096 prefill_cap=128 raw_kv_rows=256 compressed_kv_rows=1026 backend=cuda
0806 13:49:25 ds4-server: context buffers 76.50 MiB (ctx=4096, backend=cuda, prefill_chunk=128, raw_kv_rows=256, compressed_kv_rows=1026)
0806 13:49:25 ds4-server: listening on http://127.0.0.1:18080
0806 13:49:26 ds4-server: chat ctx=0..21:21 prompt start
ds4: DS4_CUDA_MMQ=0 - mmq prefill tier disabled
ds4: CUDA layer expert cache allocated 6.62 GiB (1005 prefill experts, 1517 decode experts across 43 layers)
ds4: CUDA layer expert cache fill copy failed: invalid argument
ds4: gpu layer 8 ffn batch encode failed
ds4: gpu layer-major prefill layer 8 encode failed
0806 13:49:27 ds4-server: chat ctx=0..20:20 prompt start
ds4: CUDA layer expert cache fill copy failed: invalid argument
ds4: gpu layer 8 ffn batch encode failed
ds4: gpu layer-major prefill layer 8 encode failed
0806 13:49:28 ds4-server: chat ctx=0..24:24 prompt start
ds4: CUDA layer expert cache fill copy failed: invalid argument
ds4: gpu layer 8 ffn batch encode failed
ds4: gpu layer-major prefill layer 8 encode failed
0806 13:49:29 ds4-server: chat ctx=0..42:42 prompt start
ds4: CUDA layer expert cache fill copy failed: invalid argument
ds4: gpu layer 8 ffn batch encode failed
ds4: gpu layer-major prefill layer 8 encode failed
0806 13:49:31 ds4-server: chat ctx=0..29:29 prompt start
ds4: CUDA layer expert cache fill copy failed: invalid argument
ds4: gpu layer 8 ffn batch encode failed
ds4: gpu layer-major prefill layer 8 encode failed
0806 13:49:32 ds4-server: chat ctx=0..29:29 prompt start
ds4: CUDA layer expert cache fill copy failed: invalid argument
ds4: gpu layer 8 ffn batch encode failed
ds4: gpu layer-major prefill layer 8 encode failed
0806 13:49:33 ds4-server: chat ctx=0..32:32 prompt start
ds4: CUDA layer expert cache fill copy failed: invalid argument
ds4: gpu layer 8 ffn batch encode failed
ds4: gpu layer-major prefill layer 8 encode failed
0806 13:49:34 ds4-server: chat ctx=0..24:24 prompt start
ds4: CUDA layer expert cache fill copy failed: invalid argument
ds4: gpu layer 8 ffn batch encode failed
ds4: gpu layer-major prefill layer 8 encode failed
0806 13:49:35 ds4-server: chat ctx=0..21:21 prompt start
ds4: CUDA layer expert cache fill copy failed: invalid argument
ds4: gpu layer 8 ffn batch encode failed
ds4: gpu layer-major prefill layer 8 encode failed
0806 13:49:36 ds4-server: chat ctx=0..26:26 prompt start
ds4: CUDA layer expert cache fill copy failed: invalid argument
ds4: gpu layer 8 ffn batch encode failed
ds4: gpu layer-major prefill layer 8 encode failed
0806 13:49:37 ds4-server: shutdown requested, draining requests
