ds4: Linux cuda backend set oom_score_adj=1000
ds4: CUDA backend initialized on NVIDIA GeForce RTX 5080 Laptop GPU (sm_120) dev=0
ds4: cuda SSD streaming total expert budget 8.00 GiB = 3.38 GiB prefill headroom + 4.62 GiB dynamic cache (701 experts, 6.75 MiB each)
ds4: SSD streaming initial cuda model map restricted to token embedding (1 spans, 0.99 GiB tensor span)
ds4: CUDA host registration skipped: out of memory
ds4: CUDA preparing model tensor mappings
ds4: CUDA loading model tensors into device cache
ds4: CUDA startup model preparation covered 0.99 GiB of tensor spans in 0.423s
ds4: cuda backend initialized for graph diagnostics
ds4: memory: KV 1.78 GiB (raw 0.10 + compressed 1.68) + buffers 0.25 GiB + resident model 0.99 GiB + expert cache 4.62 GiB + prefill expert reserve 3.38 GiB = 11.02 GiB planned
ds4: memory detail: ctx=131072 prefill_cap=1024 raw_kv_rows=1280 compressed_kv_rows=32770 backend=cuda
0807 17:17:56 ds4-server: context buffers 2084.20 MiB (ctx=131072, backend=cuda, prefill_chunk=1024, raw_kv_rows=1280, compressed_kv_rows=32770)
ds4: CUDA lazy compressed KV enabled: initial_tokens=4096 ctx=131072
0807 17:17:56 ds4-server: listening on http://127.0.0.1:18080
0807 17:17:56 ds4-server: chat ctx=0..21:21 prompt start
ds4: DS4_CUDA_MMQ=0 - mmq prefill tier disabled
ds4: CUDA layer expert cache allocated 4.62 GiB (701 experts across 43 layers)
ds4: CUDA loading model tensors 7.54 GiB cached
0807 17:18:07 ds4-server: chat ctx=0..21:21 prompt done 9.573s
0807 17:18:10 ds4-server: chat ctx=21..32:11 gen=11 decoding chunk=3.71 t/s avg=3.71 t/s 2.965s
0807 17:18:10 ds4-server: chat ctx=0..21:21 gen=11 finish=stop 12.540s
0807 17:18:10 ds4-server: live kv cache miss live=32 prompt=20 common=2 reason=token-mismatch
0807 17:18:10 ds4-server: chat ctx=0..20:20 prompt start
0807 17:18:16 ds4-server: chat ctx=0..20:20 prompt done 6.118s
0807 17:18:18 ds4-server: chat ctx=20..27:7 gen=7 decoding chunk=3.42 t/s avg=3.42 t/s 2.049s
0807 17:18:18 ds4-server: chat ctx=0..20:20 gen=7 finish=stop 8.170s
0807 17:18:18 ds4-server: live kv cache miss live=27 prompt=24 common=2 reason=token-mismatch
0807 17:18:18 ds4-server: chat ctx=0..24:24 prompt start
0807 17:18:23 ds4-server: chat ctx=0..24:24 prompt done 4.624s
0807 17:18:25 ds4-server: chat ctx=24..32:8 gen=8 decoding chunk=3.02 t/s avg=3.02 t/s 2.646s
0807 17:18:25 ds4-server: chat ctx=0..24:24 gen=8 finish=stop 7.273s
0807 17:18:25 ds4-server: live kv cache miss live=32 prompt=42 common=2 reason=token-mismatch
0807 17:18:25 ds4-server: chat ctx=0..42:42 prompt start
0807 17:18:32 ds4-server: chat ctx=0..42:42 prompt done 6.982s
0807 17:18:40 ds4-server: chat ctx=42..64:22 gen=22 decoding chunk=3.72 t/s avg=3.72 t/s 5.917s
0807 17:18:40 ds4-server: chat ctx=0..42:42 gen=22 finish=stop 12.903s
0807 17:18:40 ds4-server: live kv cache miss live=64 prompt=29 common=2 reason=token-mismatch
0807 17:18:40 ds4-server: chat ctx=0..29:29 prompt start
0807 17:18:45 ds4-server: chat ctx=0..29:29 prompt done 5.507s
0807 17:18:54 ds4-server: chat ctx=29..61:32 gen=32 decoding chunk=3.50 t/s avg=3.50 t/s 9.141s
0807 17:18:54 ds4-server: chat ctx=0..29:29 gen=32 finish=length 14.650s
0807 17:18:54 ds4-server: live kv cache miss live=61 prompt=29 common=2 reason=token-mismatch
0807 17:18:54 ds4-server: chat ctx=0..29:29 prompt start
0807 17:18:59 ds4-server: chat ctx=0..29:29 prompt done 4.722s
0807 17:19:09 ds4-server: chat ctx=29..61:32 gen=32 decoding chunk=3.70 t/s avg=3.70 t/s 8.656s
0807 17:19:09 ds4-server: chat ctx=0..29:29 gen=32 finish=length 13.382s
0807 17:19:09 ds4-server: live kv cache miss live=61 prompt=32 common=2 reason=token-mismatch
0807 17:19:09 ds4-server: chat ctx=0..32:32 prompt start
0807 17:19:14 ds4-server: chat ctx=0..32:32 prompt done 4.861s
0807 17:19:16 ds4-server: chat ctx=32..40:8 gen=8 decoding chunk=3.51 t/s avg=3.51 t/s 2.280s
0807 17:19:16 ds4-server: chat ctx=0..32:32 gen=8 finish=stop 7.144s
0807 17:19:16 ds4-server: live kv cache miss live=40 prompt=24 common=2 reason=token-mismatch
0807 17:19:16 ds4-server: chat ctx=0..24:24 prompt start
0807 17:19:20 ds4-server: chat ctx=0..24:24 prompt done 4.264s
0807 17:19:23 ds4-server: chat ctx=24..33:9 gen=9 decoding chunk=3.94 t/s avg=3.94 t/s 2.284s
0807 17:19:23 ds4-server: chat ctx=0..24:24 gen=9 finish=stop 6.550s
0807 17:19:23 ds4-server: live kv cache miss live=33 prompt=21 common=2 reason=token-mismatch
0807 17:19:23 ds4-server: chat ctx=0..21:21 prompt start
0807 17:19:27 ds4-server: chat ctx=0..21:21 prompt done 4.338s
0807 17:19:32 ds4-server: chat ctx=21..41:20 gen=20 decoding chunk=4.18 t/s avg=4.18 t/s 4.787s
0807 17:19:32 ds4-server: chat ctx=0..21:21 gen=20 finish=stop 9.128s
0807 17:19:32 ds4-server: live kv cache miss live=41 prompt=26 common=2 reason=token-mismatch
0807 17:19:32 ds4-server: chat ctx=0..26:26 prompt start
0807 17:19:36 ds4-server: chat ctx=0..26:26 prompt done 4.452s
0807 17:19:46 ds4-server: chat ctx=26..58:32 gen=32 decoding chunk=3.82 t/s avg=3.82 t/s 8.372s
0807 17:19:46 ds4-server: chat ctx=0..26:26 gen=32 finish=length 12.827s
0807 17:19:46 ds4-server: shutdown requested, draining requests
