2026-08-07T15:15:34Z temp_c=64
2026-08-07T15:15:39Z temp_c=64
2026-08-07T15:15:44Z temp_c=64
2026-08-07T15:15:50Z temp_c=63
2026-08-07T15:15:55Z temp_c=64
2026-08-07T15:16:00Z temp_c=64
2026-08-07T15:16:05Z temp_c=64
2026-08-07T15:16:10Z temp_c=63
2026-08-07T15:16:15Z temp_c=63
2026-08-07T15:16:22Z temp_c=63
2026-08-07T15:16:27Z temp_c=63
2026-08-07T15:16:32Z temp_c=63
2026-08-07T15:16:37Z temp_c=63
2026-08-07T15:16:42Z temp_c=63
2026-08-07T15:16:47Z temp_c=63
2026-08-07T15:16:52Z temp_c=62
2026-08-07T15:16:58Z temp_c=62
2026-08-07T15:17:03Z temp_c=62
2026-08-07T15:17:08Z temp_c=62
2026-08-07T15:17:13Z temp_c=62
2026-08-07T15:17:18Z temp_c=62
2026-08-07T15:17:23Z temp_c=62
2026-08-07T15:17:30Z temp_c=62
2026-08-07T15:17:35Z temp_c=61
2026-08-07T15:17:40Z temp_c=61
2026-08-07T15:17:45Z temp_c=61
2026-08-07T15:17:50Z temp_c=61
2026-08-07T15:17:55Z temp_c=60
2026-08-07T15:17:56Z sample=61, 26.43, P0, 1515, 14001, 2775
2026-08-07T15:17:57Z sample=61, 28.01, P0, 1545, 14001, 8703
2026-08-07T15:17:58Z sample=61, 30.18, P0, 1612, 14001, 9221
2026-08-07T15:17:59Z sample=61, 30.49, P0, 1680, 14001, 10245
2026-08-07T15:18:00Z sample=62, 31.04, P0, 1627, 14001, 11269
2026-08-07T15:18:03Z sample=62, 26.30, P0, 1687, 14001, 11781
2026-08-07T15:18:04Z sample=62, 30.96, P0, 1612, 14001, 12805
2026-08-07T15:18:05Z sample=62, 30.55, P0, 1687, 14001, 13317
2026-08-07T15:18:06Z sample=62, 30.79, P0, 1612, 14001, 14341
2026-08-07T15:18:07Z sample=62, 31.09, P0, 1695, 14001, 15365
2026-08-07T15:18:08Z sample=63, 41.57, P0, 1920, 14001, 15879
2026-08-07T15:18:09Z sample=63, 49.62, P0, 1867, 14001, 15879
2026-08-07T15:18:10Z sample=64, 48.26, P0, 1912, 14001, 15879
2026-08-07T15:18:11Z sample=63, 30.12, P0, 1537, 14001, 15879
2026-08-07T15:18:12Z sample=63, 28.58, P0, 1560, 14001, 15879
2026-08-07T15:18:13Z sample=63, 26.84, P0, 1560, 14001, 15879
2026-08-07T15:18:14Z sample=63, 31.19, P0, 1560, 14001, 15879
2026-08-07T15:18:15Z sample=63, 25.18, P0, 1530, 14001, 15879
2026-08-07T15:18:16Z sample=63, 32.80, P0, 1567, 14001, 15879
2026-08-07T15:18:17Z sample=64, 38.39, P0, 1875, 14001, 15879
2026-08-07T15:18:18Z sample=65, 30.30, P0, 1965, 14001, 15899
2026-08-07T15:18:19Z sample=64, 26.15, P0, 1605, 14001, 15919
2026-08-07T15:18:20Z sample=64, 33.97, P0, 1575, 14001, 15919
2026-08-07T15:18:21Z sample=64, 32.23, P0, 1575, 14001, 15919
2026-08-07T15:18:23Z sample=64, 31.89, P0, 1605, 14001, 15919
2026-08-07T15:18:24Z sample=65, 41.13, P0, 1822, 14001, 15919
2026-08-07T15:18:25Z sample=65, 44.53, P0, 1837, 14001, 15919
2026-08-07T15:18:26Z sample=65, 26.27, P0, 1740, 14001, 15907
2026-08-07T15:18:27Z sample=64, 34.40, P0, 2002, 14001, 15915
2026-08-07T15:18:28Z sample=65, 34.74, P0, 1747, 14001, 15915
2026-08-07T15:18:29Z sample=65, 39.49, P0, 1695, 14001, 15915
2026-08-07T15:18:30Z sample=65, 38.94, P0, 1740, 14001, 15915
2026-08-07T15:18:31Z sample=65, 44.60, P0, 1695, 14001, 15915
2026-08-07T15:18:32Z sample=65, 45.10, P0, 1627, 14001, 15915
2026-08-07T15:18:33Z sample=66, 50.49, P0, 1695, 14001, 15915
2026-08-07T15:18:35Z sample=66, 48.40, P0, 1920, 14001, 15915
2026-08-07T15:18:36Z sample=66, 49.92, P0, 1920, 14001, 15915
2026-08-07T15:18:37Z sample=66, 47.17, P0, 1875, 14001, 15915
2026-08-07T15:18:38Z sample=67, 53.60, P0, 1965, 14001, 15915
2026-08-07T15:18:39Z sample=66, 46.59, P0, 1822, 14001, 15915
2026-08-07T15:18:41Z sample=66, 36.82, P0, 1522, 14001, 15915
2026-08-07T15:18:42Z sample=66, 26.50, P0, 1680, 14001, 15915
2026-08-07T15:18:43Z sample=67, 35.70, P0, 1740, 14001, 15915
2026-08-07T15:18:44Z sample=66, 26.67, P0, 1665, 14001, 15915
2026-08-07T15:18:45Z sample=67, 28.79, P0, 1687, 14001, 15915
2026-08-07T15:18:46Z sample=67, 46.21, P0, 1912, 14001, 15915
2026-08-07T15:18:47Z sample=67, 46.80, P0, 1867, 14001, 15915
2026-08-07T15:18:48Z sample=67, 46.01, P0, 1852, 14001, 15915
2026-08-07T15:18:49Z sample=67, 54.33, P0, 1875, 14001, 15915
2026-08-07T15:18:50Z sample=68, 43.13, P0, 1950, 14001, 15915
2026-08-07T15:18:51Z sample=67, 48.33, P0, 1912, 14001, 15915
2026-08-07T15:18:52Z sample=67, 52.43, P0, 1897, 14001, 15915
2026-08-07T15:18:53Z sample=67, 44.46, P0, 1800, 14001, 15915
2026-08-07T15:18:54Z sample=68, 49.53, P0, 1972, 14001, 15915
2026-08-07T15:18:55Z sample=67, 37.77, P0, 1755, 14001, 15915
2026-08-07T15:18:56Z sample=67, 36.50, P0, 1695, 14001, 15915
2026-08-07T15:18:57Z sample=67, 26.85, P0, 1672, 14001, 15915
2026-08-07T15:18:58Z sample=67, 35.38, P0, 1665, 14001, 15915
2026-08-07T15:18:59Z sample=68, 48.09, P0, 1837, 14001, 15915
2026-08-07T15:19:00Z sample=68, 57.72, P0, 1852, 14001, 15915
2026-08-07T15:19:01Z sample=68, 58.50, P0, 1882, 14001, 15915
2026-08-07T15:19:03Z sample=68, 51.60, P0, 1807, 14001, 15915
2026-08-07T15:19:04Z sample=68, 52.20, P0, 1837, 14001, 15915
2026-08-07T15:19:05Z sample=69, 49.89, P0, 1927, 14001, 15915
2026-08-07T15:19:06Z sample=68, 50.83, P0, 1882, 14001, 15915
2026-08-07T15:19:07Z sample=69, 48.69, P0, 1912, 14001, 15915
2026-08-07T15:19:09Z sample=69, 55.95, P0, 1957, 14001, 15915
2026-08-07T15:19:10Z sample=69, 38.80, P0, 1792, 14001, 15915
2026-08-07T15:19:11Z sample=68, 40.28, P0, 1732, 14001, 15915
2026-08-07T15:19:12Z sample=68, 36.86, P0, 1657, 14001, 15915
2026-08-07T15:19:13Z sample=69, 33.78, P0, 1635, 14001, 15915
2026-08-07T15:19:14Z sample=69, 48.96, P0, 1897, 14001, 15915
2026-08-07T15:19:15Z sample=69, 52.06, P0, 1860, 14001, 15915
2026-08-07T15:19:16Z sample=69, 26.48, P0, 1882, 14001, 15915
2026-08-07T15:19:17Z sample=68, 33.93, P0, 1665, 14001, 15915
2026-08-07T15:19:18Z sample=68, 28.37, P0, 1725, 14001, 15915
2026-08-07T15:19:19Z sample=68, 29.32, P0, 1702, 14001, 15915
2026-08-07T15:19:21Z sample=69, 49.06, P0, 1725, 14001, 15915
2026-08-07T15:19:22Z sample=69, 48.85, P0, 1905, 14001, 15915
2026-08-07T15:19:23Z sample=70, 62.41, P0, 1972, 14001, 15915
2026-08-07T15:19:24Z sample=69, 37.14, P0, 1740, 14001, 15915
2026-08-07T15:19:25Z sample=69, 35.42, P0, 1702, 14001, 15915
2026-08-07T15:19:26Z sample=68, 36.50, P0, 1710, 14001, 15915
2026-08-07T15:19:27Z sample=68, 35.67, P0, 1695, 14001, 15915
2026-08-07T15:19:28Z sample=69, 51.79, P0, 1875, 14001, 15915
2026-08-07T15:19:29Z sample=70, 57.32, P0, 1845, 14001, 15915
2026-08-07T15:19:30Z sample=70, 56.80, P0, 1987, 14001, 15915
2026-08-07T15:19:31Z sample=70, 30.28, P0, 1965, 14001, 15915
2026-08-07T15:19:32Z sample=69, 31.58, P0, 1642, 14001, 15915
2026-08-07T15:19:33Z sample=69, 38.97, P0, 1590, 14001, 15915
2026-08-07T15:19:34Z sample=69, 60.43, P0, 1740, 14001, 15915
2026-08-07T15:19:35Z sample=69, 38.47, P0, 1665, 14001, 15915
2026-08-07T15:19:36Z sample=69, 37.65, P0, 1725, 14001, 15915
2026-08-07T15:19:37Z sample=70, 53.68, P0, 1837, 14001, 15915
2026-08-07T15:19:38Z sample=70, 49.29, P0, 2010, 14001, 15915
2026-08-07T15:19:39Z sample=71, 49.97, P0, 1935, 14001, 15915
2026-08-07T15:19:40Z sample=70, 55.72, P0, 1882, 14001, 15915
2026-08-07T15:19:43Z sample=71, 53.23, P0, 1927, 14001, 15915
2026-08-07T15:19:44Z sample=70, 45.92, P0, 1890, 14001, 15915
2026-08-07T15:19:45Z sample=70, 50.58, P0, 1897, 14001, 15915
