2026-08-06T12:19:01Z temp_c=72
2026-08-06T12:19:02Z sample=72, 30.88, P0, 1560, 14001, 1486
2026-08-06T12:19:03Z sample=73, 43.75, P0, 1582, 14001, 9210
2026-08-06T12:19:04Z sample=73, 29.75, P0, 1575, 14001, 9984
2026-08-06T12:19:03Z sample=73, 35.85, P0, 1642, 14001, 10752
2026-08-06T12:19:04Z sample=74, 38.88, P0, 1642, 14001, 11520
2026-08-06T12:19:05Z sample=73, 33.88, P0, 1740, 14001, 12544
2026-08-06T12:19:06Z sample=73, 44.19, P4, 1672, 14001, 13312
2026-08-06T12:19:07Z sample=73, 25.62, P4, 532, 9001, 14080
2026-08-06T12:19:08Z sample=73, 36.63, P4, 517, 9001, 14848
2026-08-06T12:19:09Z sample=73, 28.10, P4, 562, 9001, 15616
2026-08-06T12:19:10Z sample=73, 59.33, P0, 412, 9001, 15874
2026-08-06T12:19:11Z sample=75, 58.56, P0, 1282, 9001, 15874
2026-08-06T12:19:13Z sample=75, 62.67, P0, 1470, 14001, 15874
2026-08-06T12:19:14Z sample=76, 52.22, P0, 1387, 14001, 15874
2026-08-06T12:19:15Z sample=75, 28.70, P4, 262, 9001, 15874
2026-08-06T12:19:16Z sample=74, 27.61, P4, 262, 9001, 15874
2026-08-06T12:19:17Z sample=74, 24.17, P4, 247, 9001, 15874
2026-08-06T12:19:18Z sample=74, 20.74, P4, 270, 9001, 15874
2026-08-06T12:19:19Z sample=74, 19.97, P5, 255, 9001, 15874
2026-08-06T12:19:20Z sample=75, 20.57, P5, 180, 810, 15874
2026-08-06T12:19:21Z sample=73, 16.09, P8, 547, 405, 15874
2026-08-06T12:19:22Z sample=74, 16.83, P8, 180, 405, 15874
2026-08-06T12:19:24Z sample=74, 16.30, P8, 180, 405, 15874
2026-08-06T12:19:25Z sample=73, 15.03, P8, 180, 405, 15874
2026-08-06T12:19:26Z sample=73, 14.74, P8, 780, 405, 15874
2026-08-06T12:19:27Z sample=74, 16.23, P8, 180, 405, 15874
2026-08-06T12:19:28Z sample=75, 73.65, P8, 180, 405, 15874
2026-08-06T12:19:29Z sample=74, 16.27, P8, 795, 810, 15874
2026-08-06T12:19:30Z sample=74, 21.96, P8, 180, 405, 15874
2026-08-06T12:19:31Z sample=74, 14.93, P8, 607, 405, 15874
2026-08-06T12:19:32Z sample=74, 14.16, P8, 675, 405, 15874
2026-08-06T12:19:33Z sample=73, 32.65, P0, 172, 405, 15874
2026-08-06T12:19:34Z sample=75, 46.44, P4, 1980, 14001, 15874
2026-08-06T12:19:33Z sample=75, 46.26, P4, 1327, 9001, 15874
2026-08-06T12:19:34Z sample=76, 23.99, P4, 1305, 11001, 15914
2026-08-06T12:19:35Z sample=74, 23.21, P4, 367, 9001, 15914
2026-08-06T12:19:36Z sample=74, 27.07, P4, 345, 9001, 15914
2026-08-06T12:19:37Z sample=74, 28.27, P4, 345, 9001, 15914
2026-08-06T12:19:38Z sample=74, 29.62, P4, 427, 9001, 15914
2026-08-06T12:19:39Z sample=74, 39.74, P4, 1057, 9001, 15914
2026-08-06T12:19:41Z sample=75, 44.69, P4, 1057, 9001, 15914
2026-08-06T12:19:42Z sample=75, 38.76, P4, 1222, 9001, 15914
2026-08-06T12:19:43Z sample=75, 24.97, P4, 1050, 9001, 15932
2026-08-06T12:19:44Z sample=74, 23.35, P4, 232, 9001, 15910
2026-08-06T12:19:45Z sample=74, 28.81, P4, 555, 9001, 15910
2026-08-06T12:19:46Z sample=75, 38.13, P4, 817, 9001, 15910
2026-08-06T12:19:47Z sample=75, 30.54, P4, 457, 9001, 15910
2026-08-06T12:19:48Z sample=75, 37.14, P4, 637, 9001, 15910
2026-08-06T12:19:49Z sample=75, 41.35, P4, 645, 9001, 15910
2026-08-06T12:19:50Z sample=74, 20.27, P5, 180, 810, 15910
2026-08-06T12:19:51Z sample=74, 28.19, P5, 1230, 14001, 15910
2026-08-06T12:19:53Z sample=74, 61.09, P5, 187, 810, 15910
2026-08-06T12:19:54Z sample=74, 32.65, P0, 810, 810, 15910
2026-08-06T12:19:55Z sample=75, 30.51, P4, 577, 810, 15910
2026-08-06T12:19:56Z sample=74, 27.52, P4, 885, 9001, 15910
2026-08-06T12:19:57Z sample=74, 30.70, P4, 1072, 9001, 15910
2026-08-06T12:19:58Z sample=74, 27.23, P4, 937, 9001, 15910
2026-08-06T12:19:59Z sample=74, 26.94, P4, 892, 9001, 15910
2026-08-06T12:20:00Z sample=74, 30.78, P4, 532, 9001, 15910
2026-08-06T12:20:01Z sample=74, 21.47, P4, 525, 9001, 15910
2026-08-06T12:20:02Z sample=74, 24.87, P4, 922, 9001, 15910
2026-08-06T12:20:03Z sample=74, 47.32, P4, 952, 9001, 15910
2026-08-06T12:20:02Z sample=75, 53.73, P4, 1312, 9001, 15910
2026-08-06T12:20:03Z sample=76, 43.93, P4, 1620, 11001, 15910
2026-08-06T12:20:04Z sample=76, 42.67, P4, 855, 9001, 15910
2026-08-06T12:20:05Z sample=75, 46.94, P0, 1267, 9001, 15910
2026-08-06T12:20:06Z sample=75, 24.31, P2, 1012, 9001, 15910
2026-08-06T12:20:07Z sample=74, 44.56, P4, 697, 9001, 15910
2026-08-06T12:20:08Z sample=75, 64.17, P4, 600, 9001, 15910
2026-08-06T12:20:09Z sample=74, 21.59, P4, 555, 9001, 15910
2026-08-06T12:20:11Z sample=74, 31.28, P4, 517, 9001, 15910
2026-08-06T12:20:12Z sample=74, 31.96, P4, 772, 9001, 15910
2026-08-06T12:20:13Z sample=76, 46.54, P4, 1117, 9001, 15910
2026-08-06T12:20:14Z sample=75, 44.24, P4, 1365, 9001, 15910
2026-08-06T12:20:15Z sample=75, 52.64, P4, 1410, 9001, 15910
2026-08-06T12:20:16Z sample=75, 37.93, P4, 1005, 9001, 15910
2026-08-06T12:20:17Z sample=75, 47.26, P4, 1417, 9001, 15910
2026-08-06T12:20:18Z sample=76, 48.18, P4, 1065, 9001, 15910
2026-08-06T12:20:19Z sample=76, 48.56, P4, 1155, 9001, 15910
2026-08-06T12:20:20Z sample=75, 34.95, P4, 1425, 9001, 15910
2026-08-06T12:20:21Z sample=76, 52.26, P4, 1155, 9001, 15910
2026-08-06T12:20:22Z sample=75, 39.05, P4, 1395, 9001, 15910
2026-08-06T12:20:24Z sample=76, 47.93, P4, 900, 9001, 15910
2026-08-06T12:20:25Z sample=76, 32.78, P4, 877, 9001, 15910
2026-08-06T12:20:26Z sample=76, 23.49, P2, 1402, 11001, 15910
2026-08-06T12:20:27Z sample=76, 52.69, P4, 885, 9001, 15910
2026-08-06T12:20:28Z sample=75, 30.22, P4, 727, 9001, 15910
2026-08-06T12:20:29Z sample=75, 30.87, P4, 577, 9001, 15910
2026-08-06T12:20:30Z sample=75, 33.70, P4, 622, 9001, 15910
2026-08-06T12:20:31Z sample=75, 31.15, P4, 570, 9001, 15910
2026-08-06T12:20:32Z sample=74, 28.19, P4, 420, 9001, 15910
2026-08-06T12:20:33Z sample=74, 28.53, P5, 742, 810, 15910
2026-08-06T12:20:32Z sample=75, 32.91, P4, 292, 14001, 15910
2026-08-06T12:20:33Z sample=76, 31.71, P4, 450, 9001, 15910
2026-08-06T12:20:34Z sample=74, 28.00, P4, 472, 9001, 15910
2026-08-06T12:20:35Z sample=74, 29.69, P4, 540, 9001, 15910
2026-08-06T12:20:36Z sample=73, 28.70, P4, 412, 9001, 15910
2026-08-06T12:20:37Z sample=73, 29.21, P4, 457, 9001, 15910
2026-08-06T12:20:38Z sample=73, 29.32, P4, 472, 9001, 15910
2026-08-06T12:20:39Z sample=73, 27.40, P4, 450, 9001, 15910
2026-08-06T12:20:40Z sample=73, 27.85, P4, 570, 9001, 15910
2026-08-06T12:20:42Z sample=73, 29.45, P4, 382, 9001, 15910
2026-08-06T12:20:43Z sample=73, 29.33, P4, 390, 9001, 15910
2026-08-06T12:20:44Z sample=72, 26.85, P4, 517, 9001, 15910
2026-08-06T12:20:45Z sample=72, 25.02, P4, 360, 9001, 15910
2026-08-06T12:20:46Z sample=73, 36.36, P4, 847, 9001, 15910
2026-08-06T12:20:47Z sample=74, 47.62, P4, 952, 9001, 15910
2026-08-06T12:20:48Z sample=74, 50.35, P4, 1537, 11001, 15910
2026-08-06T12:20:49Z sample=74, 34.57, P4, 795, 9001, 15910
2026-08-06T12:20:50Z sample=74, 44.18, P4, 1275, 9001, 15910
2026-08-06T12:20:51Z sample=74, 46.01, P4, 1635, 9001, 15910
2026-08-06T12:20:52Z sample=74, 45.92, P4, 1297, 9001, 15910
2026-08-06T12:20:53Z sample=74, 46.78, P4, 1312, 9001, 15910
2026-08-06T12:20:55Z sample=73, 32.46, P4, 502, 9001, 15910
2026-08-06T12:20:56Z sample=73, 30.57, P4, 697, 9001, 15910
2026-08-06T12:20:57Z sample=73, 27.92, P4, 525, 9001, 15910
2026-08-06T12:20:58Z sample=73, 30.89, P4, 555, 9001, 15910
2026-08-06T12:20:59Z sample=73, 29.94, P4, 600, 9001, 15910
2026-08-06T12:21:00Z sample=73, 32.40, P4, 532, 9001, 15910
2026-08-06T12:21:01Z sample=73, 43.78, P4, 855, 9001, 15910
2026-08-06T12:21:02Z sample=74, 47.68, P4, 1350, 9001, 15910
2026-08-06T12:21:03Z sample=74, 21.60, P4, 1447, 9001, 15910
2026-08-06T12:21:02Z sample=73, 49.24, P4, 720, 9001, 15910
2026-08-06T12:21:03Z sample=74, 29.95, P4, 600, 9001, 15910
2026-08-06T12:21:04Z sample=73, 31.52, P4, 592, 9001, 15910
2026-08-06T12:21:05Z sample=73, 28.07, P4, 697, 9001, 15910
2026-08-06T12:21:06Z sample=72, 21.87, P4, 360, 9001, 15910
2026-08-06T12:21:07Z sample=72, 27.84, P5, 802, 810, 15910
2026-08-06T12:21:08Z sample=72, 26.94, P5, 240, 810, 15910
2026-08-06T12:21:09Z sample=72, 30.77, P5, 720, 810, 15910
2026-08-06T12:21:10Z sample=73, 41.65, P4, 1312, 14001, 15910
2026-08-06T12:21:11Z sample=72, 28.69, P4, 900, 9001, 15910
2026-08-06T12:21:12Z sample=72, 24.38, P4, 330, 9001, 15910
2026-08-06T12:21:13Z sample=72, 28.97, P4, 562, 9001, 15910
2026-08-06T12:21:15Z sample=72, 27.03, P4, 360, 9001, 15910
2026-08-06T12:21:16Z sample=72, 26.26, P4, 1095, 9001, 15910
2026-08-06T12:21:17Z sample=73, 26.67, P4, 562, 9001, 15910
2026-08-06T12:21:18Z sample=72, 37.21, P4, 345, 9001, 15910
2026-08-06T12:21:19Z sample=73, 32.61, P4, 1027, 9001, 15910
2026-08-06T12:21:20Z sample=73, 31.44, P4, 285, 9001, 15910
2026-08-06T12:21:21Z sample=74, 32.11, P4, 405, 9001, 15910
2026-08-06T12:21:22Z sample=73, 20.64, P4, 720, 9001, 15910
2026-08-06T12:21:23Z sample=74, 34.85, P4, 570, 9001, 15910
2026-08-06T12:21:25Z sample=73, 37.88, P4, 525, 9001, 15910
2026-08-06T12:21:26Z sample=75, 44.89, P0, 697, 9001, 15910
2026-08-06T12:21:27Z sample=74, 49.86, P4, 1522, 14001, 15910
2026-08-06T12:21:28Z sample=75, 59.35, P4, 1747, 11001, 15910
2026-08-06T12:21:29Z sample=76, 59.04, P2, 1605, 11001, 15910
2026-08-06T12:21:30Z sample=76, 61.34, P0, 1552, 14001, 15910
2026-08-06T12:21:31Z sample=76, 55.67, P4, 1500, 14001, 15910
2026-08-06T12:21:32Z sample=76, 61.81, P0, 1597, 9001, 15910
2026-08-06T12:21:31Z sample=74, 45.85, P4, 1237, 9001, 15910
2026-08-06T12:21:32Z sample=74, 34.94, P4, 1027, 9001, 15910
2026-08-06T12:21:33Z sample=74, 34.20, P4, 630, 9001, 15910
2026-08-06T12:21:34Z sample=74, 32.12, P4, 600, 9001, 15910
2026-08-06T12:21:35Z sample=74, 35.77, P4, 780, 9001, 15910
2026-08-06T12:21:36Z sample=74, 52.23, P4, 637, 9001, 15910
2026-08-06T12:21:37Z sample=77, 56.27, P4, 1410, 9001, 15910
2026-08-06T12:21:38Z sample=76, 50.59, P4, 1462, 9001, 15910
2026-08-06T12:21:39Z sample=77, 57.14, P2, 1575, 9001, 15910
2026-08-06T12:21:40Z sample=77, 46.27, P4, 1597, 14001, 15910
2026-08-06T12:21:41Z sample=76, 45.94, P2, 877, 9001, 15910
2026-08-06T12:21:43Z sample=77, 66.01, P4, 1560, 9001, 15910
2026-08-06T12:21:44Z sample=77, 51.42, P4, 1395, 9001, 15910
2026-08-06T12:21:45Z sample=77, 64.34, P2, 1417, 9001, 15910
2026-08-06T12:21:46Z sample=77, 53.08, P4, 1552, 9001, 15910
2026-08-06T12:21:47Z sample=78, 57.60, P4, 1552, 11001, 15910
