ds4: Linux cuda backend set oom_score_adj=1000
ds4: CUDA backend initialized on NVIDIA GeForce RTX 5080 Laptop GPU (sm_120) dev=0
ds4: cuda SSD streaming total expert budget 7.00 GiB = 3.38 GiB prefill headroom + 3.62 GiB dynamic cache (549 experts, 6.75 MiB each)
ds4: SSD streaming initial cuda model map restricted to token embedding (1 spans, 0.99 GiB tensor span)
ds4: CUDA host registration skipped: out of memory
ds4: CUDA preparing model tensor mappings
ds4: CUDA loading model tensors into device cache
ds4: CUDA startup model preparation covered 0.99 GiB of tensor spans in 0.438s
ds4: cuda backend initialized for graph diagnostics
ds4: memory: KV 1.70 GiB (raw 0.02 + compressed 1.68) + buffers 0.03 GiB + resident model 0.99 GiB + expert cache 3.62 GiB + prefill expert reserve 3.38 GiB = 9.71 GiB planned
ds4: memory detail: ctx=131072 prefill_cap=128 raw_kv_rows=256 compressed_kv_rows=32770 backend=cuda
0807 14:24:36 ds4-server: context buffers 1773.75 MiB (ctx=131072, backend=cuda, prefill_chunk=128, raw_kv_rows=256, compressed_kv_rows=32770)
0807 14:24:36 ds4-server: listening on http://127.0.0.1:18080
0807 14:24:36 ds4-server: chat ctx=0..21:21 prompt start
ds4: DS4_CUDA_MMQ=0 - mmq prefill tier disabled
ds4: CUDA layer expert cache allocated 3.62 GiB (549 experts across 43 layers)
ds4: CUDA loading model tensors 7.49 GiB cached
0807 14:24:46 ds4-server: chat ctx=0..21:21 prompt done 9.612s
0807 14:24:49 ds4-server: chat ctx=21..32:11 gen=11 decoding chunk=3.34 t/s avg=3.34 t/s 3.296s
0807 14:24:49 ds4-server: chat ctx=0..21:21 gen=11 finish=stop 12.911s
0807 14:24:49 ds4-server: live kv cache miss live=32 prompt=20 common=2 reason=token-mismatch
0807 14:24:49 ds4-server: chat ctx=0..20:20 prompt start
0807 14:24:55 ds4-server: chat ctx=0..20:20 prompt done 6.264s
0807 14:24:58 ds4-server: chat ctx=20..27:7 gen=7 decoding chunk=3.01 t/s avg=3.01 t/s 2.322s
0807 14:24:58 ds4-server: chat ctx=0..20:20 gen=7 finish=stop 8.589s
0807 14:24:58 ds4-server: live kv cache miss live=27 prompt=24 common=2 reason=token-mismatch
0807 14:24:58 ds4-server: chat ctx=0..24:24 prompt start
0807 14:25:03 ds4-server: chat ctx=0..24:24 prompt done 4.678s
0807 14:25:06 ds4-server: chat ctx=24..32:8 gen=8 decoding chunk=3.00 t/s avg=3.00 t/s 2.663s
0807 14:25:06 ds4-server: chat ctx=0..24:24 gen=8 finish=stop 7.343s
0807 14:25:06 ds4-server: live kv cache miss live=32 prompt=42 common=2 reason=token-mismatch
0807 14:25:06 ds4-server: chat ctx=0..42:42 prompt start
0807 14:25:12 ds4-server: chat ctx=0..42:42 prompt done 6.309s
0807 14:25:19 ds4-server: chat ctx=42..64:22 gen=22 decoding chunk=3.34 t/s avg=3.34 t/s 6.596s
0807 14:25:19 ds4-server: chat ctx=0..42:42 gen=22 finish=stop 12.907s
0807 14:25:19 ds4-server: live kv cache miss live=64 prompt=29 common=2 reason=token-mismatch
0807 14:25:19 ds4-server: chat ctx=0..29:29 prompt start
0807 14:25:24 ds4-server: chat ctx=0..29:29 prompt done 5.064s
0807 14:25:35 ds4-server: chat ctx=29..61:32 gen=32 decoding chunk=3.20 t/s avg=3.20 t/s 9.989s
0807 14:25:35 ds4-server: chat ctx=0..29:29 gen=32 finish=length 15.056s
0807 14:25:35 ds4-server: live kv cache miss live=61 prompt=29 common=2 reason=token-mismatch
0807 14:25:35 ds4-server: chat ctx=0..29:29 prompt start
0807 14:25:40 ds4-server: chat ctx=0..29:29 prompt done 4.351s
0807 14:25:49 ds4-server: chat ctx=29..61:32 gen=32 decoding chunk=3.45 t/s avg=3.45 t/s 9.286s
0807 14:25:49 ds4-server: chat ctx=0..29:29 gen=32 finish=length 13.640s
0807 14:25:49 ds4-server: live kv cache miss live=61 prompt=32 common=2 reason=token-mismatch
0807 14:25:49 ds4-server: chat ctx=0..32:32 prompt start
0807 14:25:53 ds4-server: chat ctx=0..32:32 prompt done 4.599s
0807 14:25:56 ds4-server: chat ctx=32..40:8 gen=8 decoding chunk=3.19 t/s avg=3.19 t/s 2.507s
0807 14:25:56 ds4-server: chat ctx=0..32:32 gen=8 finish=stop 7.111s
0807 14:25:56 ds4-server: live kv cache miss live=40 prompt=24 common=2 reason=token-mismatch
0807 14:25:56 ds4-server: chat ctx=0..24:24 prompt start
0807 14:26:00 ds4-server: chat ctx=0..24:24 prompt done 4.012s
0807 14:26:03 ds4-server: chat ctx=24..33:9 gen=9 decoding chunk=3.49 t/s avg=3.49 t/s 2.576s
0807 14:26:03 ds4-server: chat ctx=0..24:24 gen=9 finish=stop 6.590s
0807 14:26:03 ds4-server: live kv cache miss live=33 prompt=21 common=2 reason=token-mismatch
0807 14:26:03 ds4-server: chat ctx=0..21:21 prompt start
0807 14:26:08 ds4-server: chat ctx=0..21:21 prompt done 4.160s
0807 14:26:13 ds4-server: chat ctx=21..41:20 gen=20 decoding chunk=3.67 t/s avg=3.67 t/s 5.454s
0807 14:26:13 ds4-server: chat ctx=0..21:21 gen=20 finish=stop 9.616s
0807 14:26:13 ds4-server: live kv cache miss live=41 prompt=26 common=2 reason=token-mismatch
0807 14:26:13 ds4-server: chat ctx=0..26:26 prompt start
0807 14:26:18 ds4-server: chat ctx=0..26:26 prompt done 4.742s
0807 14:26:27 ds4-server: chat ctx=26..58:32 gen=32 decoding chunk=3.47 t/s avg=3.47 t/s 9.220s
0807 14:26:27 ds4-server: chat ctx=0..26:26 gen=32 finish=length 13.966s
0807 14:26:27 ds4-server: shutdown requested, draining requests
