2026-08-07T12:24:35Z temp_c=58
2026-08-07T12:24:36Z sample=59, 26.11, P0, 1665, 14001, 3277
2026-08-07T12:24:37Z sample=59, 27.20, P0, 1492, 14001, 7923
2026-08-07T12:24:38Z sample=59, 29.55, P0, 1620, 14001, 8697
2026-08-07T12:24:39Z sample=59, 31.40, P0, 1635, 14001, 9465
2026-08-07T12:24:40Z sample=60, 30.18, P0, 1672, 14001, 10233
2026-08-07T12:24:41Z sample=60, 30.67, P0, 1650, 14001, 11065
2026-08-07T12:24:42Z sample=60, 30.27, P0, 1680, 14001, 12025
2026-08-07T12:24:43Z sample=60, 30.77, P0, 1680, 14001, 12793
2026-08-07T12:24:44Z sample=60, 30.14, P0, 1657, 14001, 13561
2026-08-07T12:24:46Z sample=60, 30.81, P0, 1642, 14001, 14585
2026-08-07T12:24:47Z sample=61, 46.75, P0, 1822, 14001, 15355
2026-08-07T12:24:48Z sample=62, 57.01, P0, 1927, 14001, 15355
2026-08-07T12:24:49Z sample=62, 44.19, P0, 1867, 14001, 15355
2026-08-07T12:24:50Z sample=61, 25.24, P0, 1545, 14001, 15355
2026-08-07T12:24:51Z sample=62, 33.41, P0, 1560, 14001, 15355
2026-08-07T12:24:52Z sample=61, 31.01, P0, 1552, 14001, 15355
2026-08-07T12:24:53Z sample=62, 25.03, P0, 1560, 14001, 15355
2026-08-07T12:24:54Z sample=61, 31.54, P0, 1560, 14001, 15355
2026-08-07T12:24:55Z sample=62, 29.13, P0, 1530, 14001, 15355
2026-08-07T12:24:56Z sample=62, 40.43, P0, 1800, 14001, 15355
2026-08-07T12:24:57Z sample=63, 48.85, P0, 1815, 14001, 15355
2026-08-07T12:24:58Z sample=63, 35.96, P0, 1830, 14001, 15395
2026-08-07T12:25:00Z sample=62, 31.96, P0, 1575, 14001, 15395
2026-08-07T12:25:01Z sample=62, 27.51, P0, 1590, 14001, 15395
2026-08-07T12:25:02Z sample=62, 27.58, P0, 1567, 14001, 15395
2026-08-07T12:25:03Z sample=63, 32.43, P0, 1575, 14001, 15395
2026-08-07T12:25:04Z sample=63, 41.84, P0, 1777, 14001, 15395
2026-08-07T12:25:05Z sample=64, 43.22, P0, 1852, 14001, 15395
2026-08-07T12:25:06Z sample=63, 26.19, P0, 1755, 14001, 15733
2026-08-07T12:25:07Z sample=63, 30.24, P0, 1605, 14001, 15775
2026-08-07T12:25:09Z sample=63, 30.51, P0, 1545, 14001, 15775
2026-08-07T12:25:10Z sample=63, 32.92, P0, 1582, 14001, 15775
2026-08-07T12:25:11Z sample=63, 32.71, P0, 1620, 14001, 15775
2026-08-07T12:25:12Z sample=63, 32.05, P0, 1582, 14001, 15775
2026-08-07T12:25:13Z sample=63, 34.21, P0, 1582, 14001, 15775
2026-08-07T12:25:14Z sample=64, 49.18, P0, 1882, 14001, 15775
2026-08-07T12:25:15Z sample=64, 43.10, P0, 1792, 14001, 15775
2026-08-07T12:25:16Z sample=64, 44.32, P0, 1845, 14001, 15775
2026-08-07T12:25:17Z sample=64, 51.52, P0, 1890, 14001, 15775
2026-08-07T12:25:18Z sample=64, 39.89, P0, 1920, 14001, 15775
2026-08-07T12:25:19Z sample=64, 64.47, P0, 1867, 14001, 15775
2026-08-07T12:25:20Z sample=63, 26.33, P0, 1597, 14001, 15775
2026-08-07T12:25:21Z sample=63, 32.87, P0, 1575, 14001, 15775
2026-08-07T12:25:22Z sample=63, 32.87, P0, 1620, 14001, 15775
2026-08-07T12:25:23Z sample=63, 33.03, P0, 1552, 14001, 15775
2026-08-07T12:25:24Z sample=64, 39.37, P0, 1575, 14001, 15775
2026-08-07T12:25:25Z sample=64, 44.56, P0, 1837, 14001, 15775
2026-08-07T12:25:26Z sample=65, 46.74, P0, 1815, 14001, 15775
2026-08-07T12:25:27Z sample=65, 45.63, P0, 1882, 14001, 15775
2026-08-07T12:25:28Z sample=65, 45.75, P0, 1897, 14001, 15775
2026-08-07T12:25:29Z sample=65, 43.41, P0, 1852, 14001, 15775
2026-08-07T12:25:30Z sample=65, 53.97, P0, 1807, 14001, 15775
2026-08-07T12:25:32Z sample=65, 47.15, P0, 1882, 14001, 15775
2026-08-07T12:25:34Z sample=65, 45.98, P0, 1815, 14001, 15775
2026-08-07T12:25:35Z sample=65, 43.60, P0, 1800, 14001, 15775
2026-08-07T12:25:36Z sample=65, 31.44, P0, 1545, 14001, 15775
2026-08-07T12:25:37Z sample=64, 32.88, P0, 1567, 14001, 15775
2026-08-07T12:25:38Z sample=64, 36.23, P0, 1575, 14001, 15775
2026-08-07T12:25:39Z sample=64, 33.57, P0, 1590, 14001, 15775
2026-08-07T12:25:40Z sample=65, 47.34, P0, 1890, 14001, 15775
2026-08-07T12:25:41Z sample=65, 54.60, P0, 1837, 14001, 15775
2026-08-07T12:25:42Z sample=65, 47.37, P0, 1822, 14001, 15775
2026-08-07T12:25:43Z sample=65, 43.38, P0, 1800, 14001, 15775
2026-08-07T12:25:44Z sample=66, 46.89, P0, 1897, 14001, 15775
2026-08-07T12:25:45Z sample=66, 49.13, P0, 1912, 14001, 15775
2026-08-07T12:25:46Z sample=66, 47.92, P0, 1747, 14001, 15775
2026-08-07T12:25:47Z sample=66, 44.09, P0, 1920, 14001, 15775
2026-08-07T12:25:48Z sample=67, 58.78, P0, 1897, 14001, 15775
2026-08-07T12:25:49Z sample=65, 51.98, P0, 1657, 14001, 15775
2026-08-07T12:25:50Z sample=65, 32.46, P0, 1582, 14001, 15775
2026-08-07T12:25:52Z sample=66, 33.97, P0, 1605, 14001, 15775
2026-08-07T12:25:53Z sample=65, 38.87, P0, 1612, 14001, 15775
2026-08-07T12:25:54Z sample=66, 42.64, P0, 1605, 14001, 15775
2026-08-07T12:25:55Z sample=66, 46.87, P0, 1830, 14001, 15775
2026-08-07T12:25:56Z sample=66, 37.23, P0, 1845, 14001, 15775
2026-08-07T12:25:57Z sample=66, 33.24, P0, 1537, 14001, 15775
2026-08-07T12:25:58Z sample=66, 30.74, P0, 1597, 14001, 15775
2026-08-07T12:25:59Z sample=66, 36.21, P0, 1597, 14001, 15775
2026-08-07T12:26:00Z sample=65, 39.80, P0, 1597, 14001, 15775
2026-08-07T12:26:01Z sample=66, 62.46, P0, 1785, 14001, 15775
2026-08-07T12:26:02Z sample=66, 48.02, P0, 1882, 14001, 15775
2026-08-07T12:26:03Z sample=68, 26.92, P0, 1912, 14001, 15775
2026-08-07T12:26:04Z sample=66, 27.66, P0, 1567, 14001, 15775
2026-08-07T12:26:05Z sample=66, 35.99, P0, 1560, 14001, 15775
2026-08-07T12:26:07Z sample=66, 35.58, P0, 1597, 14001, 15775
2026-08-07T12:26:08Z sample=66, 41.40, P0, 1747, 14001, 15775
2026-08-07T12:26:09Z sample=67, 49.94, P0, 1897, 14001, 15775
2026-08-07T12:26:11Z sample=67, 53.72, P0, 1912, 14001, 15775
2026-08-07T12:26:12Z sample=67, 54.89, P0, 1950, 14001, 15775
2026-08-07T12:26:13Z sample=67, 53.29, P0, 1920, 14001, 15775
2026-08-07T12:26:14Z sample=67, 26.48, P0, 1755, 14001, 15775
2026-08-07T12:26:15Z sample=66, 27.97, P0, 1575, 14001, 15775
2026-08-07T12:26:16Z sample=66, 28.86, P0, 1605, 14001, 15775
2026-08-07T12:26:17Z sample=66, 33.40, P0, 1597, 14001, 15775
2026-08-07T12:26:18Z sample=66, 32.27, P0, 1575, 14001, 15775
2026-08-07T12:26:19Z sample=66, 48.61, P0, 1882, 14001, 15775
2026-08-07T12:26:20Z sample=67, 46.69, P0, 1852, 14001, 15775
2026-08-07T12:26:21Z sample=67, 58.91, P0, 1912, 14001, 15775
2026-08-07T12:26:22Z sample=67, 45.01, P0, 1852, 14001, 15775
2026-08-07T12:26:23Z sample=67, 51.14, P0, 1852, 14001, 15775
2026-08-07T12:26:24Z sample=67, 44.06, P0, 1875, 14001, 15775
2026-08-07T12:26:25Z sample=67, 44.43, P0, 1867, 14001, 15775
2026-08-07T12:26:26Z sample=67, 44.94, P0, 1852, 14001, 15775
2026-08-07T12:26:27Z sample=68, 47.96, P0, 1950, 14001, 15775
