ds4: Linux cuda backend set oom_score_adj=1000
ds4: CUDA backend initialized on NVIDIA GeForce RTX 5080 Laptop GPU (sm_120) dev=0
ds4: cuda SSD streaming total expert budget 10.00 GiB = 3.38 GiB prefill headroom + 6.62 GiB dynamic cache (1005 experts, 6.75 MiB each)
ds4: SSD streaming initial cuda model map restricted to token embedding (1 spans, 0.99 GiB tensor span)
ds4: CUDA host registration skipped: out of memory
ds4: CUDA preparing model tensor mappings
ds4: CUDA loading model tensors into device cache
ds4: CUDA startup model preparation covered 0.99 GiB of tensor spans in 0.558s
ds4: cuda backend initialized for graph diagnostics
ds4: memory: KV 0.07 GiB (raw 0.02 + compressed 0.05) + buffers 0.00 GiB + resident model 0.99 GiB + expert cache 6.62 GiB + prefill expert reserve 3.38 GiB = 11.06 GiB planned
ds4: memory detail: ctx=4096 prefill_cap=128 raw_kv_rows=256 compressed_kv_rows=1026 backend=cuda
0806 15:55:54 ds4-server: context buffers 76.50 MiB (ctx=4096, backend=cuda, prefill_chunk=128, raw_kv_rows=256, compressed_kv_rows=1026)
0806 15:55:54 ds4-server: listening on http://127.0.0.1:18080
0806 15:55:54 ds4-server: chat ctx=0..21:21 prompt start
ds4: DS4_CUDA_MMQ=0 - mmq prefill tier disabled
ds4: CUDA layer expert cache allocated 6.62 GiB (1005 experts across 43 layers)
ds4: CUDA loading model tensors 6.89 GiB cached
0806 15:56:05 ds4-server: chat ctx=0..21:21 prompt done 11.508s
0806 15:56:09 ds4-server: chat ctx=21..32:11 gen=11 decoding chunk=2.97 t/s avg=2.97 t/s 3.701s
0806 15:56:09 ds4-server: chat ctx=0..21:21 gen=11 finish=stop 15.211s
0806 15:56:09 ds4-server: live kv cache miss live=32 prompt=20 common=2 reason=token-mismatch
0806 15:56:09 ds4-server: chat ctx=0..20:20 prompt start
0806 15:56:16 ds4-server: chat ctx=0..20:20 prompt done 7.139s
0806 15:56:19 ds4-server: chat ctx=20..27:7 gen=7 decoding chunk=2.71 t/s avg=2.71 t/s 2.579s
0806 15:56:19 ds4-server: chat ctx=0..20:20 gen=7 finish=stop 9.721s
0806 15:56:19 ds4-server: live kv cache miss live=27 prompt=24 common=2 reason=token-mismatch
0806 15:56:19 ds4-server: chat ctx=0..24:24 prompt start
0806 15:56:24 ds4-server: chat ctx=0..24:24 prompt done 4.988s
0806 15:56:27 ds4-server: chat ctx=24..32:8 gen=8 decoding chunk=2.43 t/s avg=2.43 t/s 3.291s
0806 15:56:27 ds4-server: chat ctx=0..24:24 gen=8 finish=stop 8.283s
0806 15:56:27 ds4-server: live kv cache miss live=32 prompt=42 common=2 reason=token-mismatch
0806 15:56:27 ds4-server: chat ctx=0..42:42 prompt start
0806 15:56:33 ds4-server: chat ctx=0..42:42 prompt done 7.759s
0806 15:56:40 ds4-server: chat ctx=42..64:22 gen=22 decoding chunk=3.13 t/s avg=3.13 t/s 7.037s
0806 15:56:40 ds4-server: chat ctx=0..42:42 gen=22 finish=stop 14.799s
0806 15:56:40 ds4-server: live kv cache miss live=64 prompt=29 common=2 reason=token-mismatch
0806 15:56:40 ds4-server: chat ctx=0..29:29 prompt start
0806 15:56:46 ds4-server: chat ctx=0..29:29 prompt done 5.799s
0806 15:56:57 ds4-server: chat ctx=29..61:32 gen=32 decoding chunk=2.81 t/s avg=2.81 t/s 11.399s
0806 15:56:57 ds4-server: chat ctx=0..29:29 gen=32 finish=length 17.201s
0806 15:56:57 ds4-server: live kv cache miss live=61 prompt=29 common=2 reason=token-mismatch
0806 15:56:57 ds4-server: chat ctx=0..29:29 prompt start
0806 15:57:00 ds4-server: chat ctx=0..29:29 prompt done 4.703s
0806 15:57:10 ds4-server: chat ctx=29..61:32 gen=32 decoding chunk=3.05 t/s avg=3.05 t/s 10.477s
0806 15:57:10 ds4-server: chat ctx=0..29:29 gen=32 finish=length 15.182s
0806 15:57:10 ds4-server: live kv cache miss live=61 prompt=32 common=2 reason=token-mismatch
0806 15:57:10 ds4-server: chat ctx=0..32:32 prompt start
0806 15:57:15 ds4-server: chat ctx=0..32:32 prompt done 5.220s
0806 15:57:18 ds4-server: chat ctx=32..40:8 gen=8 decoding chunk=2.78 t/s avg=2.78 t/s 2.874s
0806 15:57:18 ds4-server: chat ctx=0..32:32 gen=8 finish=stop 8.097s
0806 15:57:18 ds4-server: live kv cache miss live=40 prompt=24 common=2 reason=token-mismatch
0806 15:57:18 ds4-server: chat ctx=0..24:24 prompt start
0806 15:57:23 ds4-server: chat ctx=0..24:24 prompt done 4.490s
0806 15:57:26 ds4-server: chat ctx=24..33:9 gen=9 decoding chunk=2.91 t/s avg=2.91 t/s 3.097s
0806 15:57:26 ds4-server: chat ctx=0..24:24 gen=9 finish=stop 7.590s
0806 15:57:26 ds4-server: live kv cache miss live=33 prompt=21 common=2 reason=token-mismatch
0806 15:57:26 ds4-server: chat ctx=0..21:21 prompt start
0806 15:57:29 ds4-server: chat ctx=0..21:21 prompt done 4.717s
0806 15:57:34 ds4-server: chat ctx=21..41:20 gen=20 decoding chunk=3.40 t/s avg=3.40 t/s 5.891s
0806 15:57:34 ds4-server: chat ctx=0..21:21 gen=20 finish=stop 10.611s
0806 15:57:34 ds4-server: live kv cache miss live=41 prompt=26 common=2 reason=token-mismatch
0806 15:57:34 ds4-server: chat ctx=0..26:26 prompt start
0806 15:57:39 ds4-server: chat ctx=0..26:26 prompt done 4.815s
0806 15:57:49 ds4-server: chat ctx=26..58:32 gen=32 decoding chunk=3.13 t/s avg=3.13 t/s 10.223s
0806 15:57:49 ds4-server: chat ctx=0..26:26 gen=32 finish=length 15.041s
0806 15:57:50 ds4-server: shutdown requested, draining requests
