2026-08-06T13:55:52Z temp_c=66
2026-08-06T13:55:54Z sample=67, 21.93, P0, 1492, 14001, 1515
2026-08-06T13:55:55Z sample=67, 28.68, P0, 1530, 14001, 9231
2026-08-06T13:55:56Z sample=68, 33.02, P0, 1635, 14001, 9757
2026-08-06T13:55:57Z sample=68, 32.99, P0, 1642, 14001, 10525
2026-08-06T13:55:58Z sample=68, 33.09, P0, 1665, 14001, 11293
2026-08-06T13:55:59Z sample=68, 32.56, P0, 1635, 14001, 12061
2026-08-06T13:56:00Z sample=68, 28.48, P4, 562, 9001, 12829
2026-08-06T13:56:01Z sample=69, 26.20, P4, 435, 9001, 13597
2026-08-06T13:56:02Z sample=68, 24.87, P5, 495, 9001, 14621
2026-08-06T13:56:03Z sample=69, 32.97, P5, 742, 810, 15133
2026-08-06T13:56:04Z sample=69, 29.83, P5, 727, 810, 15645
2026-08-06T13:56:05Z sample=69, 34.22, P0, 180, 810, 15837
2026-08-06T13:56:06Z sample=72, 60.76, P4, 1185, 14001, 15839
2026-08-06T13:56:07Z sample=71, 57.52, P4, 1522, 14001, 15839
2026-08-06T13:56:09Z sample=71, 54.38, P4, 1455, 14001, 15839
2026-08-06T13:56:10Z sample=72, 25.94, P4, 217, 9001, 15839
2026-08-06T13:56:11Z sample=70, 26.72, P4, 352, 9001, 15839
2026-08-06T13:56:12Z sample=70, 25.27, P4, 367, 9001, 15839
2026-08-06T13:56:13Z sample=70, 22.01, P4, 345, 9001, 15839
2026-08-06T13:56:14Z sample=71, 25.69, P4, 337, 9001, 15839
2026-08-06T13:56:15Z sample=70, 23.81, P4, 255, 9001, 15839
2026-08-06T13:56:16Z sample=71, 44.09, P0, 682, 810, 15839
2026-08-06T13:56:17Z sample=73, 51.05, P0, 1245, 9001, 15839
2026-08-06T13:56:18Z sample=74, 64.76, P0, 1237, 9001, 15839
2026-08-06T13:56:19Z sample=74, 21.76, P4, 337, 9001, 15879
2026-08-06T13:56:20Z sample=72, 27.65, P4, 390, 9001, 15879
2026-08-06T13:56:22Z sample=72, 28.70, P4, 502, 9001, 15879
2026-08-06T13:56:23Z sample=72, 32.07, P4, 435, 9001, 15879
2026-08-06T13:56:24Z sample=72, 31.54, P4, 375, 9001, 15879
2026-08-06T13:56:25Z sample=74, 57.80, P4, 1117, 9001, 15879
2026-08-06T13:56:26Z sample=74, 36.53, P4, 1425, 9001, 15879
2026-08-06T13:56:27Z sample=74, 46.42, P4, 1267, 9001, 15879
2026-08-06T13:56:26Z sample=73, 24.28, P4, 1005, 11001, 15875
2026-08-06T13:56:27Z sample=74, 49.41, P4, 570, 11001, 15875
2026-08-06T13:56:28Z sample=73, 38.04, P4, 862, 9001, 15875
2026-08-06T13:56:30Z sample=74, 29.29, P4, 585, 9001, 15875
2026-08-06T13:56:31Z sample=75, 43.46, P4, 667, 9001, 15875
2026-08-06T13:56:32Z sample=73, 31.97, P4, 697, 9001, 15875
2026-08-06T13:56:33Z sample=74, 32.99, P4, 577, 9001, 15875
2026-08-06T13:56:34Z sample=75, 38.92, P4, 1402, 9001, 15875
2026-08-06T13:56:35Z sample=76, 52.79, P2, 1650, 11001, 15875
2026-08-06T13:56:36Z sample=77, 52.67, P2, 1350, 11001, 15875
2026-08-06T13:56:37Z sample=76, 64.19, P4, 1410, 9001, 15875
2026-08-06T13:56:38Z sample=77, 61.41, P2, 1620, 11001, 15875
2026-08-06T13:56:39Z sample=77, 57.63, P4, 1417, 9001, 15875
2026-08-06T13:56:40Z sample=77, 55.23, P4, 1425, 9001, 15875
2026-08-06T13:56:41Z sample=75, 37.04, P4, 892, 9001, 15875
2026-08-06T13:56:42Z sample=75, 33.67, P4, 825, 9001, 15875
2026-08-06T13:56:43Z sample=75, 31.89, P4, 405, 9001, 15875
2026-08-06T13:56:45Z sample=75, 31.90, P4, 405, 9001, 15875
2026-08-06T13:56:46Z sample=75, 35.33, P4, 600, 9001, 15875
2026-08-06T13:56:47Z sample=77, 51.55, P4, 1267, 9001, 15875
2026-08-06T13:56:48Z sample=77, 50.22, P4, 1395, 9001, 15875
2026-08-06T13:56:49Z sample=77, 50.96, P4, 1372, 9001, 15875
2026-08-06T13:56:50Z sample=77, 50.84, P4, 1342, 9001, 15875
2026-08-06T13:56:51Z sample=78, 52.29, P4, 1297, 9001, 15875
2026-08-06T13:56:52Z sample=78, 50.53, P4, 1342, 9001, 15875
2026-08-06T13:56:53Z sample=77, 52.68, P4, 1612, 9001, 15875
2026-08-06T13:56:54Z sample=78, 52.91, P4, 1590, 9001, 15875
2026-08-06T13:56:55Z sample=79, 56.43, P2, 1125, 11001, 15875
2026-08-06T13:56:57Z sample=79, 51.49, P4, 945, 9001, 15875
2026-08-06T13:56:58Z sample=79, 54.70, P4, 1455, 11001, 15875
2026-08-06T13:56:56Z sample=77, 35.27, P4, 637, 9001, 15875
2026-08-06T13:56:57Z sample=77, 31.12, P4, 457, 9001, 15875
2026-08-06T13:56:58Z sample=78, 32.55, P4, 405, 9001, 15875
2026-08-06T13:57:00Z sample=77, 32.91, P4, 450, 9001, 15875
2026-08-06T13:57:01Z sample=78, 49.62, P4, 1500, 9001, 15875
2026-08-06T13:57:02Z sample=79, 54.38, P4, 1515, 9001, 15875
2026-08-06T13:57:03Z sample=80, 57.09, P2, 1282, 9001, 15875
2026-08-06T13:57:04Z sample=79, 55.01, P2, 952, 9001, 15875
2026-08-06T13:57:05Z sample=79, 59.39, P2, 1567, 11001, 15875
2026-08-06T13:57:06Z sample=79, 58.88, P0, 1492, 9001, 15875
2026-08-06T13:57:07Z sample=80, 54.37, P4, 907, 14001, 15875
2026-08-06T13:57:08Z sample=80, 55.17, P0, 1252, 9001, 15875
2026-08-06T13:57:09Z sample=80, 55.64, P2, 765, 9001, 15875
2026-08-06T13:57:10Z sample=80, 59.76, P2, 1177, 11001, 15875
2026-08-06T13:57:11Z sample=79, 39.13, P4, 847, 9001, 15875
2026-08-06T13:57:12Z sample=78, 30.80, P4, 412, 9001, 15875
2026-08-06T13:57:13Z sample=78, 32.34, P4, 405, 9001, 15875
2026-08-06T13:57:14Z sample=78, 31.39, P4, 382, 9001, 15875
2026-08-06T13:57:15Z sample=79, 34.77, P4, 427, 9001, 15875
2026-08-06T13:57:17Z sample=80, 53.81, P4, 960, 9001, 15875
2026-08-06T13:57:18Z sample=80, 54.36, P4, 1440, 9001, 15875
2026-08-06T13:57:19Z sample=79, 47.37, P4, 1147, 9001, 15875
2026-08-06T13:57:20Z sample=79, 35.76, P4, 982, 9001, 15875
2026-08-06T13:57:21Z sample=79, 31.93, P4, 442, 9001, 15875
2026-08-06T13:57:22Z sample=79, 33.19, P4, 435, 9001, 15875
2026-08-06T13:57:23Z sample=79, 38.22, P4, 382, 9001, 15875
2026-08-06T13:57:24Z sample=80, 51.67, P4, 1177, 9001, 15875
2026-08-06T13:57:25Z sample=80, 56.03, P2, 1200, 9001, 15875
2026-08-06T13:57:26Z sample=80, 41.49, P4, 1575, 14001, 15875
2026-08-06T13:57:27Z sample=80, 34.62, P4, 630, 9001, 15875
2026-08-06T13:57:26Z sample=79, 32.88, P4, 450, 9001, 15875
2026-08-06T13:57:28Z sample=79, 33.54, P4, 457, 9001, 15875
2026-08-06T13:57:29Z sample=79, 34.17, P4, 465, 9001, 15875
2026-08-06T13:57:30Z sample=81, 51.90, P4, 1215, 9001, 15875
2026-08-06T13:57:31Z sample=82, 55.77, P4, 1425, 9001, 15875
2026-08-06T13:57:32Z sample=82, 62.53, P4, 1575, 11001, 15875
2026-08-06T13:57:33Z sample=82, 66.20, P4, 1282, 11001, 15875
2026-08-06T13:57:34Z sample=82, 66.52, P4, 1470, 14001, 15875
2026-08-06T13:57:35Z sample=83, 48.16, P4, 990, 9001, 15875
2026-08-06T13:57:36Z sample=80, 34.55, P4, 870, 9001, 15875
2026-08-06T13:57:37Z sample=81, 34.20, P4, 562, 9001, 15875
2026-08-06T13:57:38Z sample=80, 32.26, P4, 540, 9001, 15875
2026-08-06T13:57:39Z sample=81, 33.43, P4, 562, 9001, 15875
2026-08-06T13:57:40Z sample=82, 52.43, P4, 1245, 9001, 15875
2026-08-06T13:57:41Z sample=82, 54.51, P4, 1155, 9001, 15875
2026-08-06T13:57:42Z sample=82, 62.89, P4, 2032, 11001, 15875
2026-08-06T13:57:43Z sample=83, 60.24, P0, 1492, 11001, 15875
2026-08-06T13:57:45Z sample=82, 58.85, P0, 997, 14001, 15875
2026-08-06T13:57:46Z sample=83, 65.31, P0, 1590, 9001, 15875
2026-08-06T13:57:47Z sample=83, 60.60, P4, 1455, 14001, 15875
2026-08-06T13:57:48Z sample=83, 62.09, P4, 1522, 14001, 15875
2026-08-06T13:57:49Z sample=83, 63.91, P0, 1162, 9001, 15875
