ds4: Linux cuda backend set oom_score_adj=1000
ds4: CUDA backend initialized on NVIDIA GeForce RTX 5080 Laptop GPU (sm_120) dev=0
ds4: cuda SSD streaming total expert budget 8.00 GiB = 3.38 GiB prefill headroom + 4.62 GiB dynamic cache (701 experts, 6.75 MiB each)
ds4: SSD streaming initial cuda model map restricted to token embedding (1 spans, 0.99 GiB tensor span)
ds4: CUDA host registration skipped: out of memory
ds4: CUDA preparing model tensor mappings
ds4: CUDA loading model tensors into device cache
ds4: CUDA startup model preparation covered 0.99 GiB of tensor spans in 0.423s
ds4: cuda backend initialized for graph diagnostics
ds4: memory: KV 1.72 GiB (raw 0.04 + compressed 1.68) + buffers 0.06 GiB + resident model 0.99 GiB + expert cache 4.62 GiB + prefill expert reserve 3.38 GiB = 10.77 GiB planned
ds4: memory detail: ctx=131072 prefill_cap=256 raw_kv_rows=512 compressed_kv_rows=32770 backend=cuda
0807 15:08:16 ds4-server: context buffers 1827.31 MiB (ctx=131072, backend=cuda, prefill_chunk=256, raw_kv_rows=512, compressed_kv_rows=32770)
ds4: CUDA lazy compressed KV enabled: initial_tokens=4096 ctx=131072
0807 15:08:16 ds4-server: listening on http://127.0.0.1:18080
0807 15:08:17 ds4-server: chat ctx=0..276:276 prompt start
0807 15:08:17 ds4-server: chat ctx=0..276:276 prefill chunk 0/276 (0.0%) chunk=0.00 t/s avg=0.00 t/s 0.004s
ds4: DS4_CUDA_MMQ=0 - mmq prefill tier disabled
ds4: CUDA layer expert cache allocated 4.62 GiB (701 experts across 43 layers)
ds4: CUDA loading model tensors 6.41 GiB cached
0807 15:08:30 ds4-server: chat ctx=0..276:276 prefill chunk 256/276 (92.8%) chunk=22.14 t/s avg=22.13 t/s 11.567s
0807 15:08:35 ds4-server: chat ctx=0..276:276 prefill chunk 276/276 (100.0%) chunk=3.48 t/s avg=15.94 t/s 17.311s
0807 15:08:35 ds4-server: chat ctx=0..276:276 prompt done 17.312s
0807 15:08:36 ds4-server: chat ctx=276..277:1 gen=1 decoding chunk=3.08 t/s avg=3.08 t/s 0.324s
0807 15:08:36 ds4-server: chat ctx=0..276:276 gen=1 finish=length 17.639s
0807 15:08:36 ds4-server: shutdown requested, draining requests
