ds4: Linux cuda backend set oom_score_adj=1000
ds4: CUDA backend initialized on NVIDIA GeForce RTX 5080 Laptop GPU (sm_120) dev=0
ds4: cuda SSD streaming total expert budget 4.00 GiB = 3.38 GiB prefill headroom + 0.62 GiB dynamic cache (94 experts, 6.75 MiB each)
ds4: WARNING: SSD streaming expert cache (94 experts) is under twice the per-token routed working set (43 layers x 6 experts = 258); expect heavy thrashing below 3.40 GiB
ds4: SSD streaming initial cuda model map restricted to token embedding (1 spans, 0.99 GiB tensor span)
ds4: CUDA host registration skipped: out of memory
ds4: CUDA preparing model tensor mappings
ds4: CUDA loading model tensors into device cache
ds4: CUDA startup model preparation covered 0.99 GiB of tensor spans in 0.552s
ds4: cuda backend initialized for graph diagnostics
ds4: memory: KV 0.07 GiB (raw 0.02 + compressed 0.05) + buffers 0.00 GiB + resident model 0.99 GiB + expert cache 0.62 GiB + prefill expert reserve 3.38 GiB = 5.06 GiB planned
ds4: memory detail: ctx=4096 prefill_cap=128 raw_kv_rows=256 compressed_kv_rows=1026 backend=cuda
0806 22:29:39 ds4-server: context buffers 76.50 MiB (ctx=4096, backend=cuda, prefill_chunk=128, raw_kv_rows=256, compressed_kv_rows=1026)
0806 22:29:39 ds4-server: listening on http://127.0.0.1:18080
0806 22:29:40 ds4-server: chat ctx=0..21:21 prompt start
ds4: DS4_CUDA_MMQ=0 - mmq prefill tier disabled
ds4: CUDA layer expert cache allocated 0.62 GiB (94 experts across 43 layers)
0806 22:29:48 ds4-server: chat ctx=0..21:21 prompt done 8.507s
0806 22:29:54 ds4-server: chat ctx=21..32:11 gen=11 decoding chunk=1.99 t/s avg=1.99 t/s 5.530s
0806 22:29:54 ds4-server: chat ctx=0..21:21 gen=11 finish=stop 14.040s
0806 22:29:54 ds4-server: live kv cache miss live=32 prompt=20 common=2 reason=token-mismatch
0806 22:29:54 ds4-server: chat ctx=0..20:20 prompt start
0806 22:30:00 ds4-server: chat ctx=0..20:20 prompt done 6.797s
0806 22:30:04 ds4-server: chat ctx=20..27:7 gen=7 decoding chunk=1.94 t/s avg=1.94 t/s 3.602s
0806 22:30:04 ds4-server: chat ctx=0..20:20 gen=7 finish=stop 10.402s
0806 22:30:04 ds4-server: live kv cache miss live=27 prompt=24 common=2 reason=token-mismatch
0806 22:30:04 ds4-server: chat ctx=0..24:24 prompt start
0806 22:30:09 ds4-server: chat ctx=0..24:24 prompt done 5.138s
0806 22:30:13 ds4-server: chat ctx=24..32:8 gen=8 decoding chunk=1.94 t/s avg=1.94 t/s 4.127s
0806 22:30:13 ds4-server: chat ctx=0..24:24 gen=8 finish=stop 9.267s
0806 22:30:13 ds4-server: live kv cache miss live=32 prompt=42 common=2 reason=token-mismatch
0806 22:30:13 ds4-server: chat ctx=0..42:42 prompt start
0806 22:30:20 ds4-server: chat ctx=0..42:42 prompt done 6.942s
0806 22:30:31 ds4-server: chat ctx=42..64:22 gen=22 decoding chunk=1.99 t/s avg=1.99 t/s 11.072s
0806 22:30:31 ds4-server: chat ctx=0..42:42 gen=22 finish=stop 18.017s
0806 22:30:31 ds4-server: live kv cache miss live=64 prompt=29 common=2 reason=token-mismatch
0806 22:30:31 ds4-server: chat ctx=0..29:29 prompt start
0806 22:30:37 ds4-server: chat ctx=0..29:29 prompt done 5.519s
0806 22:30:53 ds4-server: chat ctx=29..61:32 gen=32 decoding chunk=2.04 t/s avg=2.04 t/s 15.692s
0806 22:30:53 ds4-server: chat ctx=0..29:29 gen=32 finish=length 21.213s
0806 22:30:53 ds4-server: live kv cache miss live=61 prompt=29 common=2 reason=token-mismatch
0806 22:30:53 ds4-server: chat ctx=0..29:29 prompt start
0806 22:30:57 ds4-server: chat ctx=0..29:29 prompt done 4.634s
0806 22:31:13 ds4-server: chat ctx=29..61:32 gen=32 decoding chunk=1.99 t/s avg=1.99 t/s 16.078s
0806 22:31:13 ds4-server: chat ctx=0..29:29 gen=32 finish=length 20.714s
0806 22:31:13 ds4-server: live kv cache miss live=61 prompt=32 common=2 reason=token-mismatch
0806 22:31:13 ds4-server: chat ctx=0..32:32 prompt start
0806 22:31:18 ds4-server: chat ctx=0..32:32 prompt done 4.806s
0806 22:31:22 ds4-server: chat ctx=32..40:8 gen=8 decoding chunk=1.99 t/s avg=1.99 t/s 4.021s
0806 22:31:22 ds4-server: chat ctx=0..32:32 gen=8 finish=stop 8.829s
0806 22:31:22 ds4-server: live kv cache miss live=40 prompt=24 common=2 reason=token-mismatch
0806 22:31:22 ds4-server: chat ctx=0..24:24 prompt start
0806 22:31:26 ds4-server: chat ctx=0..24:24 prompt done 4.346s
0806 22:31:31 ds4-server: chat ctx=24..33:9 gen=9 decoding chunk=2.04 t/s avg=2.04 t/s 4.403s
0806 22:31:31 ds4-server: chat ctx=0..24:24 gen=9 finish=stop 8.752s
0806 22:31:31 ds4-server: live kv cache miss live=33 prompt=21 common=2 reason=token-mismatch
0806 22:31:31 ds4-server: chat ctx=0..21:21 prompt start
0806 22:31:35 ds4-server: chat ctx=0..21:21 prompt done 4.537s
0806 22:31:45 ds4-server: chat ctx=21..41:20 gen=20 decoding chunk=2.10 t/s avg=2.10 t/s 9.504s
0806 22:31:45 ds4-server: chat ctx=0..21:21 gen=20 finish=stop 14.043s
0806 22:31:45 ds4-server: live kv cache miss live=41 prompt=26 common=2 reason=token-mismatch
0806 22:31:45 ds4-server: chat ctx=0..26:26 prompt start
0806 22:31:50 ds4-server: chat ctx=0..26:26 prompt done 5.088s
0806 22:32:05 ds4-server: chat ctx=26..58:32 gen=32 decoding chunk=2.11 t/s avg=2.11 t/s 15.169s
0806 22:32:05 ds4-server: chat ctx=0..26:26 gen=32 finish=length 20.259s
0806 22:32:05 ds4-server: shutdown requested, draining requests
