ds4: Linux cuda backend set oom_score_adj=1000
ds4: CUDA backend initialized on NVIDIA GeForce RTX 5080 Laptop GPU (sm_120) dev=0
ds4: cuda SSD streaming total expert budget 10.00 GiB = 3.38 GiB prefill headroom + 6.62 GiB dynamic cache (1005 experts, 6.75 MiB each)
ds4: SSD streaming initial cuda model map restricted to token embedding (1 spans, 0.99 GiB tensor span)
ds4: CUDA host registration skipped: out of memory
ds4: CUDA preparing model tensor mappings
ds4: CUDA loading model tensors into device cache
ds4: CUDA startup model preparation covered 0.99 GiB of tensor spans in 0.936s
ds4: cuda backend initialized for graph diagnostics
ds4: memory: KV 0.07 GiB (raw 0.02 + compressed 0.05) + buffers 0.00 GiB + resident model 0.99 GiB + expert cache 6.62 GiB + prefill expert reserve 3.38 GiB = 11.06 GiB planned
ds4: memory detail: ctx=4096 prefill_cap=128 raw_kv_rows=256 compressed_kv_rows=1026 backend=cuda
0806 15:48:18 ds4-server: context buffers 76.50 MiB (ctx=4096, backend=cuda, prefill_chunk=128, raw_kv_rows=256, compressed_kv_rows=1026)
0806 15:48:18 ds4-server: listening on http://127.0.0.1:18080
0806 15:48:19 ds4-server: chat ctx=0..21:21 prompt start
ds4: DS4_CUDA_MMQ=0 - mmq prefill tier disabled
ds4: CUDA layer expert cache allocated 6.62 GiB (1005 prefill experts, 1005 decode experts across 43 layers)
ds4: CUDA loading model tensors 6.86 GiB cached
0806 15:48:26 ds4-server: chat ctx=0..21:21 prompt done 10.491s
0806 15:48:30 ds4-server: chat ctx=21..32:11 gen=11 decoding chunk=2.87 t/s avg=2.87 t/s 3.832s
0806 15:48:30 ds4-server: chat ctx=0..21:21 gen=11 finish=stop 14.327s
0806 15:48:30 ds4-server: live kv cache miss live=32 prompt=20 common=2 reason=token-mismatch
0806 15:48:30 ds4-server: chat ctx=0..20:20 prompt start
0806 15:48:38 ds4-server: chat ctx=0..20:20 prompt done 7.264s
0806 15:48:40 ds4-server: chat ctx=20..27:7 gen=7 decoding chunk=2.75 t/s avg=2.75 t/s 2.542s
0806 15:48:40 ds4-server: chat ctx=0..20:20 gen=7 finish=stop 9.809s
0806 15:48:40 ds4-server: live kv cache miss live=27 prompt=24 common=2 reason=token-mismatch
0806 15:48:40 ds4-server: chat ctx=0..24:24 prompt start
0806 15:48:45 ds4-server: chat ctx=0..24:24 prompt done 5.206s
0806 15:48:49 ds4-server: chat ctx=24..32:8 gen=8 decoding chunk=2.39 t/s avg=2.39 t/s 3.352s
0806 15:48:49 ds4-server: chat ctx=0..24:24 gen=8 finish=stop 8.561s
0806 15:48:49 ds4-server: live kv cache miss live=32 prompt=42 common=2 reason=token-mismatch
0806 15:48:49 ds4-server: chat ctx=0..42:42 prompt start
0806 15:48:54 ds4-server: chat ctx=0..42:42 prompt done 8.304s
0806 15:49:02 ds4-server: chat ctx=42..64:22 gen=22 decoding chunk=2.91 t/s avg=2.91 t/s 7.553s
0806 15:49:02 ds4-server: chat ctx=0..42:42 gen=22 finish=stop 15.862s
0806 15:49:02 ds4-server: live kv cache miss live=64 prompt=29 common=2 reason=token-mismatch
0806 15:49:02 ds4-server: chat ctx=0..29:29 prompt start
0806 15:49:08 ds4-server: chat ctx=0..29:29 prompt done 6.048s
0806 15:49:20 ds4-server: chat ctx=29..61:32 gen=32 decoding chunk=2.70 t/s avg=2.70 t/s 11.866s
0806 15:49:20 ds4-server: chat ctx=0..29:29 gen=32 finish=length 17.920s
0806 15:49:20 ds4-server: live kv cache miss live=61 prompt=29 common=2 reason=token-mismatch
0806 15:49:20 ds4-server: chat ctx=0..29:29 prompt start
0806 15:49:23 ds4-server: chat ctx=0..29:29 prompt done 5.444s
0806 15:49:36 ds4-server: chat ctx=29..61:32 gen=32 decoding chunk=2.44 t/s avg=2.44 t/s 13.117s
0806 15:49:36 ds4-server: chat ctx=0..29:29 gen=32 finish=length 18.564s
0806 15:49:36 ds4-server: live kv cache miss live=61 prompt=32 common=2 reason=token-mismatch
0806 15:49:36 ds4-server: chat ctx=0..32:32 prompt start
0806 15:49:43 ds4-server: chat ctx=0..32:32 prompt done 6.709s
0806 15:49:46 ds4-server: chat ctx=32..40:8 gen=8 decoding chunk=2.45 t/s avg=2.45 t/s 3.260s
0806 15:49:46 ds4-server: chat ctx=0..32:32 gen=8 finish=stop 9.975s
0806 15:49:46 ds4-server: live kv cache miss live=40 prompt=24 common=2 reason=token-mismatch
0806 15:49:46 ds4-server: chat ctx=0..24:24 prompt start
0806 15:49:51 ds4-server: chat ctx=0..24:24 prompt done 5.318s
0806 15:49:52 ds4-server: chat ctx=24..33:9 gen=9 decoding chunk=2.69 t/s avg=2.69 t/s 3.352s
0806 15:49:52 ds4-server: chat ctx=0..24:24 gen=9 finish=stop 8.678s
0806 15:49:52 ds4-server: live kv cache miss live=33 prompt=21 common=2 reason=token-mismatch
0806 15:49:52 ds4-server: chat ctx=0..21:21 prompt start
0806 15:49:57 ds4-server: chat ctx=0..21:21 prompt done 5.364s
0806 15:50:04 ds4-server: chat ctx=21..41:20 gen=20 decoding chunk=3.14 t/s avg=3.14 t/s 6.372s
0806 15:50:04 ds4-server: chat ctx=0..21:21 gen=20 finish=stop 11.740s
0806 15:50:04 ds4-server: live kv cache miss live=41 prompt=26 common=2 reason=token-mismatch
0806 15:50:04 ds4-server: chat ctx=0..26:26 prompt start
0806 15:50:09 ds4-server: chat ctx=0..26:26 prompt done 5.721s
0806 15:50:21 ds4-server: chat ctx=26..58:32 gen=32 decoding chunk=2.85 t/s avg=2.85 t/s 11.246s
0806 15:50:21 ds4-server: chat ctx=0..26:26 gen=32 finish=length 16.971s
0806 15:50:21 ds4-server: shutdown requested, draining requests
