2026-08-06T13:48:16Z temp_c=57
2026-08-06T13:48:19Z sample=58, 24.59, P0, 1492, 14001, 1515
2026-08-06T13:48:20Z sample=58, 31.05, P0, 1522, 14001, 9239
2026-08-06T13:48:21Z sample=59, 31.02, P0, 1627, 14001, 9757
2026-08-06T13:48:22Z sample=59, 25.11, P0, 1717, 14001, 10717
2026-08-06T13:48:20Z sample=59, 38.05, P0, 1732, 14001, 11549
2026-08-06T13:48:21Z sample=60, 27.29, P4, 1717, 9001, 12317
2026-08-06T13:48:22Z sample=60, 25.98, P4, 607, 9001, 13341
2026-08-06T13:48:24Z sample=60, 23.58, P4, 577, 9001, 14109
2026-08-06T13:48:25Z sample=60, 23.02, P4, 585, 9001, 14877
2026-08-06T13:48:26Z sample=60, 22.56, P4, 502, 9001, 15837
2026-08-06T13:48:27Z sample=60, 45.22, P5, 562, 9001, 15839
2026-08-06T13:48:28Z sample=62, 37.40, P4, 1447, 11001, 15839
2026-08-06T13:48:29Z sample=63, 47.52, P2, 1582, 11001, 15839
2026-08-06T13:48:30Z sample=63, 48.20, P4, 1552, 14001, 15839
2026-08-06T13:48:31Z sample=63, 19.93, P4, 285, 9001, 15839
2026-08-06T13:48:32Z sample=62, 20.86, P4, 367, 9001, 15839
2026-08-06T13:48:33Z sample=61, 23.70, P4, 270, 9001, 15839
2026-08-06T13:48:34Z sample=62, 22.96, P4, 285, 9001, 15839
2026-08-06T13:48:35Z sample=62, 21.99, P4, 322, 9001, 15839
2026-08-06T13:48:37Z sample=62, 27.97, P4, 330, 9001, 15839
2026-08-06T13:48:38Z sample=62, 49.64, P2, 667, 810, 15839
2026-08-06T13:48:39Z sample=63, 52.01, P4, 1380, 9001, 15839
2026-08-06T13:48:40Z sample=65, 54.51, P4, 1410, 9001, 15839
2026-08-06T13:48:41Z sample=63, 19.26, P4, 300, 9001, 15879
2026-08-06T13:48:42Z sample=64, 25.70, P4, 352, 9001, 15879
2026-08-06T13:48:43Z sample=63, 21.57, P4, 397, 9001, 15879
2026-08-06T13:48:44Z sample=63, 25.93, P4, 435, 9001, 15879
2026-08-06T13:48:45Z sample=63, 28.43, P4, 367, 9001, 15879
2026-08-06T13:48:47Z sample=64, 42.52, P4, 1102, 9001, 15879
2026-08-06T13:48:48Z sample=64, 39.75, P4, 1455, 9001, 15879
2026-08-06T13:48:49Z sample=64, 46.90, P4, 1177, 9001, 15879
2026-08-06T13:48:50Z sample=64, 20.30, P4, 1620, 9001, 15875
2026-08-06T13:48:51Z sample=65, 29.88, P4, 405, 9001, 15875
2026-08-06T13:48:52Z sample=64, 32.92, P4, 855, 9001, 15875
2026-08-06T13:48:50Z sample=64, 19.12, P4, 405, 9001, 15875
2026-08-06T13:48:51Z sample=65, 25.62, P4, 892, 9001, 15875
2026-08-06T13:48:53Z sample=64, 19.67, P4, 540, 9001, 15875
2026-08-06T13:48:54Z sample=64, 29.34, P4, 652, 9001, 15875
2026-08-06T13:48:55Z sample=66, 33.37, P4, 585, 9001, 15875
2026-08-06T13:48:56Z sample=65, 53.82, P4, 1162, 9001, 15875
2026-08-06T13:48:57Z sample=66, 49.74, P4, 1590, 9001, 15875
2026-08-06T13:48:58Z sample=66, 60.75, P0, 1500, 9001, 15875
2026-08-06T13:48:59Z sample=66, 52.19, P0, 1447, 9001, 15875
2026-08-06T13:49:00Z sample=67, 68.51, P0, 1702, 14001, 15875
2026-08-06T13:49:01Z sample=67, 43.07, P4, 862, 9001, 15875
2026-08-06T13:49:02Z sample=67, 30.38, P4, 1162, 9001, 15875
2026-08-06T13:49:03Z sample=65, 34.29, P4, 937, 9001, 15875
2026-08-06T13:49:04Z sample=67, 27.12, P4, 517, 9001, 15875
2026-08-06T13:49:05Z sample=65, 29.49, P4, 420, 9001, 15875
2026-08-06T13:49:07Z sample=65, 27.77, P4, 435, 9001, 15875
2026-08-06T13:49:08Z sample=65, 28.00, P4, 577, 9001, 15875
2026-08-06T13:49:09Z sample=65, 41.37, P4, 1522, 9001, 15875
2026-08-06T13:49:10Z sample=66, 43.97, P4, 1080, 9001, 15875
2026-08-06T13:49:11Z sample=67, 46.02, P4, 1065, 9001, 15875
2026-08-06T13:49:12Z sample=67, 45.29, P4, 1042, 9001, 15875
2026-08-06T13:49:13Z sample=67, 46.41, P4, 1507, 9001, 15875
2026-08-06T13:49:14Z sample=67, 46.12, P4, 1432, 9001, 15875
2026-08-06T13:49:15Z sample=67, 51.92, P4, 1387, 9001, 15875
2026-08-06T13:49:16Z sample=68, 51.60, P2, 1297, 9001, 15875
2026-08-06T13:49:17Z sample=68, 54.01, P4, 1327, 11001, 15875
2026-08-06T13:49:19Z sample=68, 47.96, P4, 907, 11001, 15875
2026-08-06T13:49:20Z sample=68, 47.91, P4, 1380, 9001, 15875
2026-08-06T13:49:21Z sample=67, 36.94, P4, 772, 9001, 15875
2026-08-06T13:49:22Z sample=67, 29.51, P4, 502, 9001, 15875
2026-08-06T13:49:20Z sample=66, 19.59, P4, 442, 9001, 15875
2026-08-06T13:49:21Z sample=67, 19.45, P4, 405, 9001, 15875
2026-08-06T13:49:22Z sample=66, 26.37, P4, 412, 9001, 15875
2026-08-06T13:49:23Z sample=67, 41.78, P4, 1282, 9001, 15875
2026-08-06T13:49:25Z sample=69, 43.63, P4, 1372, 9001, 15875
2026-08-06T13:49:26Z sample=68, 50.38, P2, 1312, 9001, 15875
2026-08-06T13:49:27Z sample=70, 39.57, P4, 1455, 11001, 15875
2026-08-06T13:49:28Z sample=69, 45.26, P4, 1365, 9001, 15875
2026-08-06T13:49:29Z sample=68, 48.32, P4, 1447, 11001, 15875
2026-08-06T13:49:30Z sample=69, 48.95, P4, 1485, 9001, 15875
2026-08-06T13:49:31Z sample=69, 44.65, P2, 967, 9001, 15875
2026-08-06T13:49:32Z sample=70, 39.00, P4, 855, 9001, 15875
2026-08-06T13:49:33Z sample=70, 39.67, P2, 1417, 9001, 15875
2026-08-06T13:49:35Z sample=69, 47.50, P4, 937, 9001, 15875
2026-08-06T13:49:36Z sample=70, 50.85, P2, 1447, 11001, 15875
2026-08-06T13:49:37Z sample=70, 22.06, P4, 922, 9001, 15875
2026-08-06T13:49:38Z sample=69, 20.59, P4, 622, 9001, 15875
2026-08-06T13:49:39Z sample=69, 39.88, P4, 405, 9001, 15875
2026-08-06T13:49:40Z sample=68, 27.83, P4, 465, 9001, 15875
2026-08-06T13:49:41Z sample=68, 26.41, P4, 367, 9001, 15875
2026-08-06T13:49:42Z sample=68, 26.33, P4, 525, 9001, 15875
2026-08-06T13:49:43Z sample=69, 38.86, P4, 1095, 9001, 15875
2026-08-06T13:49:45Z sample=70, 32.15, P4, 1372, 9001, 15875
2026-08-06T13:49:46Z sample=70, 48.47, P4, 1065, 9001, 15875
2026-08-06T13:49:47Z sample=70, 19.86, P4, 285, 9001, 15875
2026-08-06T13:49:48Z sample=68, 27.06, P4, 457, 9001, 15875
2026-08-06T13:49:49Z sample=69, 35.41, P4, 360, 9001, 15875
2026-08-06T13:49:50Z sample=68, 27.31, P4, 465, 9001, 15875
2026-08-06T13:49:51Z sample=68, 28.21, P4, 412, 9001, 15875
2026-08-06T13:49:50Z sample=70, 57.12, P4, 1147, 9001, 15875
2026-08-06T13:49:51Z sample=69, 46.14, P4, 1237, 9001, 15875
2026-08-06T13:49:52Z sample=70, 52.57, P2, 1477, 9001, 15875
2026-08-06T13:49:53Z sample=71, 33.63, P4, 652, 9001, 15875
2026-08-06T13:49:54Z sample=69, 31.69, P4, 420, 9001, 15875
2026-08-06T13:49:55Z sample=69, 64.58, P4, 435, 9001, 15875
2026-08-06T13:49:56Z sample=69, 26.70, P4, 450, 9001, 15875
2026-08-06T13:49:57Z sample=69, 28.50, P4, 367, 9001, 15875
2026-08-06T13:49:58Z sample=71, 42.54, P4, 1200, 9001, 15875
2026-08-06T13:49:59Z sample=70, 53.91, P4, 1155, 9001, 15875
2026-08-06T13:50:00Z sample=71, 54.19, P2, 1455, 11001, 15875
2026-08-06T13:50:01Z sample=71, 64.29, P0, 2085, 11001, 15875
2026-08-06T13:50:03Z sample=72, 71.52, P0, 1560, 14001, 15875
2026-08-06T13:50:04Z sample=71, 51.48, P4, 1545, 9001, 15875
2026-08-06T13:50:05Z sample=70, 41.68, P4, 937, 9001, 15875
2026-08-06T13:50:06Z sample=69, 25.66, P4, 502, 9001, 15875
2026-08-06T13:50:07Z sample=70, 27.26, P4, 472, 9001, 15875
2026-08-06T13:50:08Z sample=69, 26.67, P4, 375, 9001, 15875
2026-08-06T13:50:09Z sample=69, 27.52, P4, 412, 9001, 15875
2026-08-06T13:50:10Z sample=71, 53.30, P4, 1530, 9001, 15875
2026-08-06T13:50:11Z sample=71, 40.63, P4, 1432, 9001, 15875
2026-08-06T13:50:12Z sample=71, 62.16, P4, 1650, 9001, 15875
2026-08-06T13:50:13Z sample=72, 43.41, P4, 1635, 11001, 15875
2026-08-06T13:50:15Z sample=72, 59.08, P4, 1215, 9001, 15875
2026-08-06T13:50:16Z sample=73, 58.68, P4, 1635, 11001, 15875
2026-08-06T13:50:17Z sample=72, 50.39, P4, 1507, 14001, 15875
2026-08-06T13:50:18Z sample=71, 64.51, P0, 1327, 14001, 15875
2026-08-06T13:50:19Z sample=72, 46.19, P0, 907, 9001, 15875
2026-08-06T13:50:20Z sample=71, 60.98, P0, 1410, 14001, 15875
