ds4: Linux cuda backend set oom_score_adj=1000
ds4: CUDA backend initialized on NVIDIA GeForce RTX 5080 Laptop GPU (sm_120) dev=0
ds4: cuda SSD streaming total expert budget 10.00 GiB = 3.38 GiB prefill headroom + 6.62 GiB dynamic cache (1005 experts, 6.75 MiB each)
ds4: SSD streaming initial cuda model map restricted to token embedding (1 spans, 0.99 GiB tensor span)
ds4: CUDA host registration skipped: out of memory
ds4: CUDA preparing model tensor mappings
ds4: CUDA loading model tensors into device cache
ds4: CUDA startup model preparation covered 0.99 GiB of tensor spans in 0.500s
ds4: cuda backend initialized for graph diagnostics
ds4: memory: KV 0.07 GiB (raw 0.02 + compressed 0.05) + buffers 0.00 GiB + resident model 0.99 GiB + expert cache 6.62 GiB + prefill expert reserve 3.38 GiB = 11.06 GiB planned
ds4: memory detail: ctx=4096 prefill_cap=128 raw_kv_rows=256 compressed_kv_rows=1026 backend=cuda
0806 14:36:21 ds4-server: context buffers 76.50 MiB (ctx=4096, backend=cuda, prefill_chunk=128, raw_kv_rows=256, compressed_kv_rows=1026)
0806 14:36:22 ds4-server: listening on http://127.0.0.1:18080
0806 14:36:22 ds4-server: chat ctx=0..21:21 prompt start
ds4: DS4_CUDA_MMQ=0 - mmq prefill tier disabled
ds4: CUDA layer expert cache allocated 6.62 GiB (1005 prefill experts, 1005 decode experts across 43 layers)
ds4: CUDA loading model tensors 7.99 GiB cached
0806 14:36:31 ds4-server: chat ctx=0..21:21 prompt done 9.368s
0806 14:36:35 ds4-server: chat ctx=21..32:11 gen=11 decoding chunk=3.10 t/s avg=3.10 t/s 3.548s
0806 14:36:35 ds4-server: chat ctx=0..21:21 gen=11 finish=stop 12.919s
0806 14:36:35 ds4-server: live kv cache miss live=32 prompt=20 common=2 reason=token-mismatch
0806 14:36:35 ds4-server: chat ctx=0..20:20 prompt start
ds4: CUDA prompt expert cache summary hits=1990 misses=2874 evictions=1187 SSD=18.94 GiB capacity=1005 resident=1005
0806 14:36:42 ds4-server: chat ctx=0..20:20 prompt done 6.981s
0806 14:36:44 ds4-server: chat ctx=20..27:7 gen=7 decoding chunk=3.05 t/s avg=3.05 t/s 2.294s
0806 14:36:44 ds4-server: chat ctx=0..20:20 gen=7 finish=stop 9.279s
0806 14:36:44 ds4-server: live kv cache miss live=27 prompt=24 common=2 reason=token-mismatch
0806 14:36:44 ds4-server: chat ctx=0..24:24 prompt start
ds4: CUDA prompt expert cache summary hits=1609 misses=2180 evictions=1264 SSD=14.37 GiB capacity=1005 resident=1005
0806 14:36:49 ds4-server: chat ctx=0..24:24 prompt done 4.625s
0806 14:36:49 ds4-server: chat ctx=24..32:8 gen=8 decoding chunk=2.64 t/s avg=2.64 t/s 3.032s
0806 14:36:49 ds4-server: chat ctx=0..24:24 gen=8 finish=stop 7.660s
0806 14:36:49 ds4-server: live kv cache miss live=32 prompt=42 common=2 reason=token-mismatch
0806 14:36:49 ds4-server: chat ctx=0..42:42 prompt start
ds4: CUDA prompt expert cache summary hits=1696 misses=2651 evictions=1529 SSD=17.47 GiB capacity=1005 resident=1005
0806 14:36:56 ds4-server: chat ctx=0..42:42 prompt done 6.836s
0806 14:37:03 ds4-server: chat ctx=42..64:22 gen=22 decoding chunk=3.20 t/s avg=3.20 t/s 6.872s
0806 14:37:03 ds4-server: chat ctx=0..42:42 gen=22 finish=stop 13.710s
0806 14:37:03 ds4-server: live kv cache miss live=64 prompt=29 common=2 reason=token-mismatch
0806 14:37:03 ds4-server: chat ctx=0..29:29 prompt start
ds4: CUDA prompt expert cache summary hits=4524 misses=4291 evictions=2614 SSD=28.29 GiB capacity=1005 resident=1005
0806 14:37:09 ds4-server: chat ctx=0..29:29 prompt done 6.199s
0806 14:37:17 ds4-server: chat ctx=29..61:32 gen=32 decoding chunk=2.89 t/s avg=2.89 t/s 11.086s
0806 14:37:17 ds4-server: chat ctx=0..29:29 gen=32 finish=length 17.287s
0806 14:37:17 ds4-server: live kv cache miss live=61 prompt=29 common=2 reason=token-mismatch
0806 14:37:17 ds4-server: chat ctx=0..29:29 prompt start
ds4: CUDA prompt expert cache summary hits=5961 misses=4978 evictions=3607 SSD=32.81 GiB capacity=1005 resident=1005
0806 14:37:23 ds4-server: chat ctx=0..29:29 prompt done 5.138s
0806 14:37:33 ds4-server: chat ctx=29..61:32 gen=32 decoding chunk=3.00 t/s avg=3.00 t/s 10.649s
0806 14:37:33 ds4-server: chat ctx=0..29:29 gen=32 finish=length 15.793s
0806 14:37:33 ds4-server: live kv cache miss live=61 prompt=32 common=2 reason=token-mismatch
0806 14:37:33 ds4-server: chat ctx=0..32:32 prompt start
ds4: CUDA prompt expert cache summary hits=5969 misses=4649 evictions=3568 SSD=30.65 GiB capacity=1005 resident=1005
0806 14:37:39 ds4-server: chat ctx=0..32:32 prompt done 6.042s
0806 14:37:42 ds4-server: chat ctx=32..40:8 gen=8 decoding chunk=2.61 t/s avg=2.61 t/s 3.070s
0806 14:37:42 ds4-server: chat ctx=0..32:32 gen=8 finish=stop 9.114s
0806 14:37:42 ds4-server: live kv cache miss live=40 prompt=24 common=2 reason=token-mismatch
0806 14:37:42 ds4-server: chat ctx=0..24:24 prompt start
ds4: CUDA prompt expert cache summary hits=1731 misses=2683 evictions=1711 SSD=17.69 GiB capacity=1005 resident=1005
0806 14:37:48 ds4-server: chat ctx=0..24:24 prompt done 5.478s
0806 14:37:48 ds4-server: chat ctx=24..33:9 gen=9 decoding chunk=3.08 t/s avg=3.08 t/s 2.922s
0806 14:37:48 ds4-server: chat ctx=0..24:24 gen=9 finish=stop 8.402s
0806 14:37:48 ds4-server: live kv cache miss live=33 prompt=21 common=2 reason=token-mismatch
0806 14:37:48 ds4-server: chat ctx=0..21:21 prompt start
ds4: CUDA prompt expert cache summary hits=2069 misses=2518 evictions=1504 SSD=16.60 GiB capacity=1005 resident=1005
0806 14:37:53 ds4-server: chat ctx=0..21:21 prompt done 4.736s
0806 14:37:59 ds4-server: chat ctx=21..41:20 gen=20 decoding chunk=3.37 t/s avg=3.37 t/s 5.936s
0806 14:37:59 ds4-server: chat ctx=0..21:21 gen=20 finish=stop 10.675s
0806 14:37:59 ds4-server: live kv cache miss live=41 prompt=26 common=2 reason=token-mismatch
0806 14:37:59 ds4-server: chat ctx=0..26:26 prompt start
ds4: CUDA prompt expert cache summary hits=4263 misses=3176 evictions=2206 SSD=20.94 GiB capacity=1005 resident=1005
0806 14:38:04 ds4-server: chat ctx=0..26:26 prompt done 5.249s
0806 14:38:14 ds4-server: chat ctx=26..58:32 gen=32 decoding chunk=3.15 t/s avg=3.15 t/s 10.158s
0806 14:38:14 ds4-server: chat ctx=0..26:26 gen=32 finish=length 15.411s
0806 14:38:14 ds4-server: shutdown requested, draining requests
