2026-08-06T12:36:21Z temp_c=66
2026-08-06T12:36:22Z sample=66, 26.77, P0, 1522, 14001, 1486
2026-08-06T12:36:23Z sample=66, 29.16, P0, 1522, 14001, 9210
2026-08-06T12:36:24Z sample=67, 30.93, P0, 1680, 14001, 9984
2026-08-06T12:36:25Z sample=66, 33.77, P0, 1612, 14001, 11008
2026-08-06T12:36:26Z sample=67, 33.72, P0, 1672, 14001, 12032
2026-08-06T12:36:27Z sample=67, 33.29, P0, 1680, 14001, 12800
2026-08-06T12:36:28Z sample=67, 33.34, P4, 1665, 14001, 13824
2026-08-06T12:36:29Z sample=67, 28.69, P4, 562, 9001, 14848
2026-08-06T12:36:30Z sample=66, 26.24, P4, 547, 9001, 15616
2026-08-06T12:36:32Z sample=67, 39.25, P4, 247, 9001, 15874
2026-08-06T12:36:33Z sample=68, 50.72, P4, 1522, 11001, 15874
2026-08-06T12:36:34Z sample=69, 55.55, P2, 1485, 9001, 15874
2026-08-06T12:36:35Z sample=68, 52.32, P4, 1492, 11001, 15874
2026-08-06T12:36:36Z sample=67, 24.52, P4, 315, 9001, 15874
2026-08-06T12:36:37Z sample=67, 19.86, P4, 322, 9001, 15874
2026-08-06T12:36:38Z sample=68, 20.00, P4, 322, 9001, 15874
2026-08-06T12:36:39Z sample=67, 25.63, P4, 367, 9001, 15874
2026-08-06T12:36:40Z sample=68, 19.62, P4, 262, 9001, 15874
2026-08-06T12:36:41Z sample=68, 33.17, P5, 870, 810, 15874
2026-08-06T12:36:42Z sample=69, 53.89, P2, 1282, 11001, 15874
2026-08-06T12:36:43Z sample=69, 57.99, P0, 1642, 14001, 15874
2026-08-06T12:36:45Z sample=69, 38.79, P4, 1447, 14001, 15914
2026-08-06T12:36:46Z sample=68, 33.05, P4, 292, 9001, 15914
2026-08-06T12:36:47Z sample=68, 28.25, P4, 435, 9001, 15914
2026-08-06T12:36:48Z sample=68, 27.09, P4, 442, 9001, 15914
2026-08-06T12:36:49Z sample=68, 30.05, P4, 450, 9001, 15914
2026-08-06T12:36:47Z sample=69, 46.28, P4, 1417, 9001, 15914
2026-08-06T12:36:48Z sample=69, 46.51, P4, 1410, 9001, 15914
2026-08-06T12:36:49Z sample=69, 44.77, P4, 1327, 9001, 15932
2026-08-06T12:36:51Z sample=68, 30.30, P4, 735, 11001, 15974
2026-08-06T12:36:52Z sample=68, 36.01, P4, 840, 9001, 15974
2026-08-06T12:36:53Z sample=69, 36.73, P4, 750, 9001, 15974
2026-08-06T12:36:54Z sample=68, 33.98, P4, 720, 9001, 15974
2026-08-06T12:36:55Z sample=68, 33.06, P4, 780, 9001, 15974
2026-08-06T12:36:56Z sample=68, 32.85, P4, 825, 9001, 15974
2026-08-06T12:36:57Z sample=69, 45.82, P2, 1417, 9001, 15974
2026-08-06T12:36:58Z sample=70, 54.29, P4, 1740, 11001, 15974
2026-08-06T12:36:59Z sample=69, 50.73, P2, 1515, 9001, 15974
2026-08-06T12:37:00Z sample=70, 52.55, P4, 1447, 11001, 15974
2026-08-06T12:37:01Z sample=71, 59.19, P4, 1740, 11001, 15974
2026-08-06T12:37:02Z sample=70, 50.25, P4, 1102, 9001, 15974
2026-08-06T12:37:03Z sample=69, 46.61, P4, 1312, 9001, 15974
2026-08-06T12:37:05Z sample=68, 32.09, P4, 937, 9001, 15974
2026-08-06T12:37:06Z sample=69, 31.51, P4, 712, 9001, 15974
2026-08-06T12:37:07Z sample=70, 32.36, P4, 592, 9001, 15974
2026-08-06T12:37:08Z sample=68, 30.80, P4, 615, 9001, 15974
2026-08-06T12:37:09Z sample=69, 32.75, P4, 810, 9001, 15974
2026-08-06T12:37:10Z sample=70, 45.79, P2, 1357, 11001, 15974
2026-08-06T12:37:11Z sample=70, 50.53, P2, 1357, 11001, 15974
2026-08-06T12:37:12Z sample=70, 50.70, P4, 1477, 11001, 15974
2026-08-06T12:37:13Z sample=71, 41.28, P2, 1410, 11001, 15974
2026-08-06T12:37:14Z sample=71, 48.36, P2, 1552, 9001, 15974
2026-08-06T12:37:15Z sample=70, 41.49, P2, 1470, 9001, 15974
2026-08-06T12:37:16Z sample=70, 42.37, P2, 1507, 9001, 15974
2026-08-06T12:37:18Z sample=71, 58.39, P4, 1395, 11001, 15974
2026-08-06T12:37:19Z sample=71, 51.81, P2, 1237, 11001, 15974
2026-08-06T12:37:17Z sample=70, 47.91, P4, 1230, 11001, 15974
2026-08-06T12:37:18Z sample=69, 44.71, P4, 630, 9001, 15974
2026-08-06T12:37:19Z sample=69, 32.56, P4, 757, 9001, 15974
2026-08-06T12:37:20Z sample=69, 31.46, P4, 607, 9001, 15974
2026-08-06T12:37:21Z sample=70, 30.00, P4, 720, 9001, 15974
2026-08-06T12:37:22Z sample=69, 32.77, P4, 772, 9001, 15974
2026-08-06T12:37:23Z sample=70, 42.99, P2, 1282, 11001, 15974
2026-08-06T12:37:24Z sample=71, 53.51, P4, 1432, 11001, 15974
2026-08-06T12:37:25Z sample=71, 54.12, P2, 1267, 9001, 15974
2026-08-06T12:37:26Z sample=70, 50.81, P4, 1410, 11001, 15974
2026-08-06T12:37:28Z sample=71, 52.92, P4, 1620, 11001, 15974
2026-08-06T12:37:29Z sample=71, 53.94, P2, 1567, 9001, 15974
2026-08-06T12:37:30Z sample=71, 53.09, P4, 1402, 11001, 15974
2026-08-06T12:37:31Z sample=71, 45.53, P2, 1320, 9001, 15974
2026-08-06T12:37:32Z sample=71, 48.49, P2, 1410, 11001, 15974
2026-08-06T12:37:33Z sample=71, 52.97, P2, 1432, 11001, 15974
2026-08-06T12:37:34Z sample=70, 43.06, P4, 622, 9001, 15974
2026-08-06T12:37:35Z sample=69, 32.77, P4, 607, 9001, 15974
2026-08-06T12:37:36Z sample=70, 20.26, P4, 735, 9001, 15974
2026-08-06T12:37:37Z sample=69, 27.72, P4, 555, 9001, 15974
2026-08-06T12:37:38Z sample=70, 29.62, P4, 630, 9001, 15974
2026-08-06T12:37:39Z sample=71, 54.34, P4, 555, 9001, 15974
2026-08-06T12:37:40Z sample=70, 47.35, P4, 1357, 9001, 15974
2026-08-06T12:37:42Z sample=72, 47.10, P4, 1230, 9001, 15974
2026-08-06T12:37:43Z sample=72, 45.62, P4, 1552, 9001, 15974
2026-08-06T12:37:44Z sample=70, 20.65, P4, 757, 9001, 15974
2026-08-06T12:37:45Z sample=70, 72.70, P4, 607, 9001, 15974
2026-08-06T12:37:46Z sample=69, 28.31, P4, 577, 9001, 15974
2026-08-06T12:37:47Z sample=71, 32.91, P4, 742, 9001, 15974
2026-08-06T12:37:48Z sample=71, 32.98, P4, 840, 9001, 15974
2026-08-06T12:37:46Z sample=70, 48.60, P4, 1432, 9001, 15974
2026-08-06T12:37:47Z sample=72, 54.84, P4, 997, 9001, 15974
2026-08-06T12:37:48Z sample=70, 55.27, P4, 637, 9001, 15974
2026-08-06T12:37:50Z sample=70, 34.68, P4, 840, 9001, 15974
2026-08-06T12:37:51Z sample=71, 32.19, P4, 690, 9001, 15974
2026-08-06T12:37:52Z sample=70, 33.14, P4, 697, 9001, 15974
2026-08-06T12:37:53Z sample=70, 32.60, P4, 585, 9001, 15974
2026-08-06T12:37:54Z sample=71, 43.27, P4, 1372, 9001, 15974
2026-08-06T12:37:55Z sample=71, 50.33, P4, 1110, 9001, 15974
2026-08-06T12:37:56Z sample=72, 56.78, P2, 1462, 9001, 15974
2026-08-06T12:37:57Z sample=72, 61.51, P4, 1192, 14001, 15974
2026-08-06T12:37:58Z sample=71, 62.04, P0, 1477, 14001, 15974
2026-08-06T12:37:59Z sample=71, 49.09, P4, 795, 9001, 15974
2026-08-06T12:38:00Z sample=70, 33.56, P4, 622, 9001, 15974
2026-08-06T12:38:01Z sample=70, 30.77, P4, 682, 9001, 15974
2026-08-06T12:38:02Z sample=70, 37.78, P4, 622, 9001, 15974
2026-08-06T12:38:03Z sample=70, 27.88, P4, 562, 9001, 15974
2026-08-06T12:38:04Z sample=71, 40.88, P4, 1372, 9001, 15974
2026-08-06T12:38:06Z sample=71, 47.62, P4, 1320, 9001, 15974
2026-08-06T12:38:07Z sample=72, 52.65, P2, 1732, 11001, 15974
2026-08-06T12:38:08Z sample=72, 56.14, P4, 1432, 11001, 15974
2026-08-06T12:38:09Z sample=71, 50.41, P4, 847, 9001, 15974
2026-08-06T12:38:10Z sample=72, 56.76, P4, 1635, 11001, 15974
2026-08-06T12:38:11Z sample=72, 54.99, P0, 1515, 9001, 15974
2026-08-06T12:38:12Z sample=72, 53.27, P4, 1552, 9001, 15974
2026-08-06T12:38:13Z sample=72, 57.11, P4, 1410, 14001, 15974
2026-08-06T12:38:14Z sample=73, 57.49, P0, 1665, 14001, 15974
