ds4: Linux cuda backend set oom_score_adj=1000
ds4: CUDA backend initialized on NVIDIA GeForce RTX 5080 Laptop GPU (sm_120) dev=0
ds4: cuda SSD streaming total expert budget 10.00 GiB = 3.38 GiB prefill headroom + 6.62 GiB dynamic cache (1005 experts, 6.75 MiB each)
ds4: SSD streaming initial cuda model map restricted to token embedding (1 spans, 0.99 GiB tensor span)
ds4: CUDA host registration skipped: out of memory
ds4: CUDA preparing model tensor mappings
ds4: CUDA loading model tensors into device cache
ds4: CUDA startup model preparation covered 0.99 GiB of tensor spans in 0.623s
ds4: cuda backend initialized for graph diagnostics
ds4: memory: KV 0.07 GiB (raw 0.02 + compressed 0.05) + buffers 0.00 GiB + resident model 0.99 GiB + expert cache 6.62 GiB + prefill expert reserve 3.38 GiB = 11.06 GiB planned
ds4: memory detail: ctx=4096 prefill_cap=128 raw_kv_rows=256 compressed_kv_rows=1026 backend=cuda
0806 14:13:59 ds4-server: context buffers 76.50 MiB (ctx=4096, backend=cuda, prefill_chunk=128, raw_kv_rows=256, compressed_kv_rows=1026)
0806 14:13:59 ds4-server: listening on http://127.0.0.1:18080
0806 14:13:59 ds4-server: chat ctx=0..21:21 prompt start
ds4: DS4_CUDA_MMQ=0 - mmq prefill tier disabled
ds4: CUDA layer expert cache allocated 6.62 GiB (1005 prefill experts, 1005 decode experts across 43 layers)
ds4: CUDA loading model tensors 7.49 GiB cached
0806 14:14:07 ds4-server: chat ctx=0..21:21 prompt done 10.083s
0806 14:14:11 ds4-server: chat ctx=21..32:11 gen=11 decoding chunk=2.88 t/s avg=2.88 t/s 3.826s
0806 14:14:11 ds4-server: chat ctx=0..21:21 gen=11 finish=stop 13.913s
0806 14:14:11 ds4-server: live kv cache miss live=32 prompt=20 common=2 reason=token-mismatch
0806 14:14:11 ds4-server: chat ctx=0..20:20 prompt start
ds4: CUDA prompt expert cache summary hits=1990 misses=2874 evictions=1187 SSD=18.94 GiB capacity=1005 resident=1005
0806 14:14:17 ds4-server: chat ctx=0..20:20 prompt done 6.577s
0806 14:14:19 ds4-server: chat ctx=20..27:7 gen=7 decoding chunk=3.06 t/s avg=3.06 t/s 2.287s
0806 14:14:19 ds4-server: chat ctx=0..20:20 gen=7 finish=stop 8.869s
0806 14:14:19 ds4-server: live kv cache miss live=27 prompt=24 common=2 reason=token-mismatch
0806 14:14:19 ds4-server: chat ctx=0..24:24 prompt start
ds4: CUDA prompt expert cache summary hits=1613 misses=2176 evictions=1260 SSD=14.34 GiB capacity=1005 resident=1005
0806 14:14:24 ds4-server: chat ctx=0..24:24 prompt done 5.066s
0806 14:14:28 ds4-server: chat ctx=24..32:8 gen=8 decoding chunk=2.51 t/s avg=2.51 t/s 3.189s
0806 14:14:28 ds4-server: chat ctx=0..24:24 gen=8 finish=stop 8.257s
0806 14:14:28 ds4-server: live kv cache miss live=32 prompt=42 common=2 reason=token-mismatch
0806 14:14:28 ds4-server: chat ctx=0..42:42 prompt start
ds4: CUDA prompt expert cache summary hits=1701 misses=2646 evictions=1524 SSD=17.44 GiB capacity=1005 resident=1005
0806 14:14:35 ds4-server: chat ctx=0..42:42 prompt done 7.689s
0806 14:14:40 ds4-server: chat ctx=42..64:22 gen=22 decoding chunk=3.09 t/s avg=3.09 t/s 7.120s
0806 14:14:40 ds4-server: chat ctx=0..42:42 gen=22 finish=stop 14.813s
0806 14:14:40 ds4-server: live kv cache miss live=64 prompt=29 common=2 reason=token-mismatch
0806 14:14:40 ds4-server: chat ctx=0..29:29 prompt start
ds4: CUDA prompt expert cache summary hits=4524 misses=4291 evictions=2613 SSD=28.29 GiB capacity=1005 resident=1005
0806 14:14:46 ds4-server: chat ctx=0..29:29 prompt done 6.236s
0806 14:14:58 ds4-server: chat ctx=29..61:32 gen=32 decoding chunk=2.59 t/s avg=2.59 t/s 12.340s
0806 14:14:58 ds4-server: chat ctx=0..29:29 gen=32 finish=length 18.585s
0806 14:14:59 ds4-server: shutdown requested, draining requests
